Steering angle: 6.19955865771912 (pred) 30.449999999999992 (actual)
Steering angle: 5.281530006850631 (pred)        29.849999999999998 (actual)
Steering angle: 4.9624987009085055 (pred)       29.14 (actual)
Steering angle: 4.245852201302319 (pred)        28.34 (actual)
Steering angle: 3.268333669980077 (pred)        27.93 (actual)
Steering angle: 2.415564488423298 (pred)        27.63 (actual)
Steering angle: 1.8379360306455543 (pred)       27.33 (actual)
Steering angle: 1.7488742058499962 (pred)       26.920000000000005 (actual)
Steering angle: 2.2775524053935507 (pred)       26.42 (actual)
Steering angle: 2.0650592438989306 (pred)       25.820000000000004 (actual)
Steering angle: 2.1059575628753207 (pred)       25.11 (actual)
Steering angle: 1.3326071529448054 (pred)       24.71 (actual)
Steering angle: 0.9047174659497802 (pred)       24.61 (actual)
Steering angle: 1.4146430609619476 (pred)       24.61 (actual)
Steering angle: 1.1229675164193693 (pred)       24.4 (actual)
Steering angle: 1.6351272236203658 (pred)       24.1 (actual)
Steering angle: 2.2592178297837093 (pred)       23.9 (actual)
Steering angle: 2.658314534167429 (pred)        23.7 (actual)
Steering angle: 2.42162158555663 (pred) 23.29 (actual)
Steering angle: 3.1956886317414677 (pred)       22.89 (actual)
Steering angle: 6.6377123047676765 (pred)       22.49 (actual)
Steering angle: 8.32245487629266 (pred) 22.29 (actual)
Steering angle: 7.7568972837690335 (pred)       21.98 (actual)
Steering angle: 9.845302754581303 (pred)        21.68 (actual)
Steering angle: 14.069790977933467 (pred)       21.68 (actual)
Steering angle: 12.702917299531236 (pred)       21.68 (actual)
Steering angle: 9.273175373849769 (pred)        21.68 (actual)
Steering angle: 11.046698024867048 (pred)       21.68 (actual)
Steering angle: 17.90733532442607 (pred)        21.68 (actual)
Steering angle: 13.810557124401157 (pred)       21.68 (actual)
Steering angle: 8.609024000657008 (pred)        21.68 (actual)
Steering angle: 7.4147167591824426 (pred)       21.68 (actual)
Steering angle: 4.678813197034373 (pred)        21.68 (actual)
Steering angle: 5.640646839257915 (pred)        21.68 (actual)
Steering angle: 8.810849260441715 (pred)        22.08 (actual)
Steering angle: 8.677074882905139 (pred)        22.39 (actual)
Steering angle: 9.642989990044585 (pred)        22.89 (actual)
Steering angle: 8.675466373355599 (pred)        23.5 (actual)
Steering angle: 10.3129717834676 (pred) 23.9 (actual)
Steering angle: 10.000138020423615 (pred)       24.200000000000003 (actual)
Steering angle: 11.590829313964345 (pred)       24.200000000000003 (actual)
Steering angle: 13.348836336508295 (pred)       24.200000000000003 (actual)
Steering angle: 16.48801518470825 (pred)        24.200000000000003 (actual)
Steering angle: 18.196373562175378 (pred)       24.4 (actual)
Steering angle: 16.92371636695795 (pred)        24.71 (actual)
Steering angle: 14.433598442753258 (pred)       24.91 (actual)
Steering angle: 17.25226895660307 (pred)        25.41 (actual)
Steering angle: 19.259412251765113 (pred)       25.61 (actual)
Steering angle: 21.01459157599268 (pred)        25.71 (actual)
Steering angle: 20.82251470370087 (pred)        25.820000000000004 (actual)
Steering angle: 18.02193565341513 (pred)        26.12 (actual)
Steering angle: 14.955904716131425 (pred)       26.520000000000003 (actual)
Steering angle: 9.79062282140712 (pred) 26.82 (actual)
Steering angle: 11.16713816559647 (pred)        27.03 (actual)
Steering angle: 8.166231374501544 (pred)        27.43 (actual)
Steering angle: 10.599958403144964 (pred)       27.73 (actual)
Steering angle: 13.712322782437095 (pred)       28.13 (actual)
Steering angle: 15.361804075485066 (pred)       28.44 (actual)
Steering angle: 17.141143486354256 (pred)       28.840000000000003 (actual)
Steering angle: 16.13756842367865 (pred)        29.04 (actual)
Steering angle: 16.9132952058318 (pred) 29.450000000000003 (actual)
Steering angle: 22.250206947793835 (pred)       29.95 (actual)
Steering angle: 22.64513360824585 (pred)        30.149999999999995 (actual)
Steering angle: 21.42141984107344 (pred)        30.25 (actual)
Steering angle: 22.846904226517196 (pred)       30.449999999999992 (actual)
Steering angle: 29.333429013346173 (pred)       30.549999999999994 (actual)
Steering angle: 25.127678560208288 (pred)       30.549999999999994 (actual)
Steering angle: 28.838332506074043 (pred)       30.66 (actual)
Steering angle: 26.548808700056163 (pred)       30.76 (actual)
Steering angle: 31.53157854864762 (pred)        30.76 (actual)
Steering angle: 28.086994621899713 (pred)       30.86 (actual)
Steering angle: 19.612690126205685 (pred)       30.76 (actual)
Steering angle: 16.463713371641344 (pred)       30.449999999999992 (actual)
Steering angle: 17.02945111040433 (pred)        30.149999999999995 (actual)
Steering angle: 16.837953096644686 (pred)       29.849999999999998 (actual)
Steering angle: 15.936596937540196 (pred)       0.0 (actual)
Steering angle: 10.756864070079436 (pred)       29.650000000000002 (actual)
Steering angle: 11.617654881929571 (pred)       29.55 (actual)
Steering angle: 9.787302495696846 (pred)        29.34 (actual)
Steering angle: 7.574963242394697 (pred)        28.939999999999998 (actual)
Steering angle: 6.063093612536381 (pred)        28.24 (actual)
Steering angle: 6.256938650049574 (pred)        27.530000000000005 (actual)
Steering angle: 5.7108065424122865 (pred)       26.520000000000003 (actual)
Steering angle: 4.9800219781109965 (pred)       25.11 (actual)
Steering angle: 5.07282375836396 (pred) 24.200000000000003 (actual)
Steering angle: 5.284400393849329 (pred)        22.99 (actual)
Steering angle: 4.713749614638988 (pred)        22.39 (actual)
Steering angle: 5.727077333675726 (pred)        22.179999999999996 (actual)
Steering angle: 3.1043924813136687 (pred)       21.98 (actual)
Steering angle: 1.5872327632214727 (pred)       20.469999999999995 (actual)
Steering angle: 1.6434271841224006 (pred)       18.55 (actual)
Steering angle: -0.4979475242812278 (pred)      17.34 (actual)
Steering angle: -0.1636409805080447 (pred)      15.929999999999998 (actual)
Steering angle: -0.9201416339212557 (pred)      14.82 (actual)
Steering angle: -2.0086570358368463 (pred)      14.02 (actual)
Steering angle: -1.8073487359949447 (pred)      13.01 (actual)
Steering angle: -1.4224666157693742 (pred)      11.699999999999998 (actual)
Steering angle: -0.8418372503467619 (pred)      11.089999999999998 (actual)
Steering angle: -0.5217297627235362 (pred)      10.99 (actual)
Steering angle: 0.4568800514011741 (pred)       10.99 (actual)
Steering angle: -0.14307872269214778 (pred)     10.99 (actual)
Steering angle: -0.19541408671201843 (pred)     10.99 (actual)
Steering angle: -0.04631550942680316 (pred)     10.99 (actual)
Steering angle: -0.2655666661925285 (pred)      10.79 (actual)
Steering angle: 0.5348844402607162 (pred)       10.08 (actual)
Steering angle: 0.45035988878645644 (pred)      9.28 (actual)
Steering angle: 0.37875480020983443 (pred)      9.08 (actual)
Steering angle: -0.581948445706071 (pred)       0.0 (actual)
Steering angle: -0.9059971659238056 (pred)      9.08 (actual)
Steering angle: -1.2895390749681728 (pred)      9.08 (actual)
Steering angle: -0.2978152175957586 (pred)      8.97 (actual)
Steering angle: -1.0450088044499017 (pred)      8.97 (actual)
Steering angle: -0.445234738948861 (pred)       8.97 (actual)
Steering angle: -0.20310656058431886 (pred)     8.87 (actual)
Steering angle: 0.964020049809887 (pred)        8.87 (actual)
Steering angle: 1.5220275085362998 (pred)       8.87 (actual)
Steering angle: 1.5052854342201292 (pred)       8.87 (actual)
Steering angle: 1.7091762926202358 (pred)       8.87 (actual)
Steering angle: 2.2529908316947735 (pred)       8.87 (actual)
Steering angle: 2.8940282044059766 (pred)       8.97 (actual)
Steering angle: 4.354110699647021 (pred)        9.28 (actual)
Steering angle: 4.0221058762632795 (pred)       9.48 (actual)
Steering angle: 3.7189180478746446 (pred)       9.68 (actual)
Steering angle: 3.936087327629785 (pred)        9.88 (actual)
Steering angle: 4.072104141648242 (pred)        9.88 (actual)
Steering angle: 5.642332615322439 (pred)        9.88 (actual)
Steering angle: 7.619000887068354 (pred)        9.88 (actual)
Steering angle: 11.532587437138002 (pred)       9.88 (actual)
Steering angle: 13.578804536994394 (pred)       9.88 (actual)
Steering angle: 14.036753352918115 (pred)       9.88 (actual)
Steering angle: 12.818479831419621 (pred)       9.88 (actual)
Steering angle: 12.052771229231587 (pred)       9.979999999999999 (actual)
Steering angle: 12.033807209001047 (pred)       9.979999999999999 (actual)
Steering angle: 15.45434630854957 (pred)        10.08 (actual)
Steering angle: 20.32213675265303 (pred)        10.08 (actual)
Steering angle: 17.611250039000602 (pred)       10.08 (actual)
Steering angle: 18.296128475003414 (pred)       10.08 (actual)
Steering angle: 19.361918023281373 (pred)       9.979999999999999 (actual)
Steering angle: 21.55110464284447 (pred)        10.08 (actual)
Steering angle: 18.77860962287853 (pred)        10.49 (actual)
Steering angle: 24.016022584106402 (pred)       10.99 (actual)
Steering angle: 22.493115795436168 (pred)       11.699999999999998 (actual)
Steering angle: 23.942693673177146 (pred)       12.2 (actual)
Steering angle: 27.52281416626749 (pred)        12.61 (actual)
Steering angle: 17.5426459114297 (pred) 12.61 (actual)
Steering angle: 12.868772221825719 (pred)       12.910000000000002 (actual)
Steering angle: 8.346963302581958 (pred)        13.11 (actual)
Steering angle: 6.110718814071587 (pred)        13.21 (actual)
Steering angle: 6.603362002771212 (pred)        13.41 (actual)
Steering angle: 8.956697704883583 (pred)        13.82 (actual)
Steering angle: 11.206190625949663 (pred)       13.82 (actual)
Steering angle: 12.799151249842131 (pred)       14.02 (actual)
Steering angle: 13.882537072969336 (pred)       14.32 (actual)
Steering angle: 21.92860919827108 (pred)        14.82 (actual)
Steering angle: 22.524840316583585 (pred)       15.030000000000001 (actual)
Steering angle: 25.242314747690493 (pred)       15.030000000000001 (actual)
Steering angle: 33.03682929831337 (pred)        15.030000000000001 (actual)
Steering angle: 35.42599531903798 (pred)        15.030000000000001 (actual)
Steering angle: 36.69817269346621 (pred)        15.030000000000001 (actual)
Steering angle: 46.00126258833335 (pred)        15.030000000000001 (actual)
Steering angle: 68.83168215328872 (pred)        15.030000000000001 (actual)
Steering angle: 68.79617199979383 (pred)        15.030000000000001 (actual)
Steering angle: 80.76992391674389 (pred)        15.030000000000001 (actual)
Steering angle: 75.27565144649392 (pred)        15.030000000000001 (actual)
Steering angle: 64.0974663036886 (pred) 15.030000000000001 (actual)
Steering angle: 61.29374195129007 (pred)        15.030000000000001 (actual)
Steering angle: 59.257730861600976 (pred)       15.030000000000001 (actual)
Steering angle: 52.46519993957709 (pred)        15.030000000000001 (actual)
Steering angle: 34.79092091491561 (pred)        15.030000000000001 (actual)
Steering angle: 35.54165774244298 (pred)        15.030000000000001 (actual)
Steering angle: 38.60275045295676 (pred)        15.030000000000001 (actual)
Steering angle: 32.942132140565725 (pred)       15.030000000000001 (actual)
Steering angle: 23.659322784891657 (pred)       15.030000000000001 (actual)
Steering angle: 22.175032178241384 (pred)       15.230000000000002 (actual)
Steering angle: 16.81855535940185 (pred)        15.43 (actual)
Steering angle: 15.237619283543186 (pred)       15.63 (actual)
Steering angle: 14.673725695856104 (pred)       15.929999999999998 (actual)
Steering angle: 13.68726452591961 (pred)        16.34 (actual)
Steering angle: 12.744805142163633 (pred)       16.74 (actual)
Steering angle: 12.192189050569887 (pred)       17.34 (actual)
Steering angle: 12.006782711776244 (pred)       17.850000000000005 (actual)
Steering angle: 11.955037198624229 (pred)       17.95 (actual)
Steering angle: 10.495161956935812 (pred)       17.95 (actual)
Steering angle: 10.720876657116284 (pred)       18.05 (actual)
Steering angle: 11.362206660744741 (pred)       18.05 (actual)
Steering angle: 8.574540083084907 (pred)        18.05 (actual)
Steering angle: 8.535340773664556 (pred)        18.05 (actual)
Steering angle: 8.539165679599764 (pred)        18.05 (actual)
Steering angle: 7.6757119477469695 (pred)       18.05 (actual)
Steering angle: 6.465083969250658 (pred)        17.95 (actual)
Steering angle: 6.065274150428907 (pred)        17.75 (actual)
Steering angle: 4.6744926754975165 (pred)       17.04 (actual)
Steering angle: 3.485858546458881 (pred)        16.03 (actual)
Steering angle: 2.8196670811384017 (pred)       15.230000000000002 (actual)
Steering angle: 2.845164817640294 (pred)        14.32 (actual)
Steering angle: 1.8529349126194907 (pred)       13.92 (actual)
Steering angle: -0.20775192965336056 (pred)     13.82 (actual)
Steering angle: -0.7255339630985483 (pred)      13.82 (actual)
Steering angle: -1.0197843822365156 (pred)      13.610000000000001 (actual)
Steering angle: -2.224836365049158 (pred)       13.31 (actual)
Steering angle: -0.8582057453318446 (pred)      12.910000000000002 (actual)
Steering angle: -0.2945213855489464 (pred)      12.5 (actual)
Steering angle: 2.0509969516149322 (pred)       12.5 (actual)
Steering angle: 3.0284700194905114 (pred)       12.5 (actual)
Steering angle: 4.308282691637174 (pred)        12.2 (actual)
Steering angle: 3.0866591757942 (pred)  11.8 (actual)
Steering angle: 3.316577217078581 (pred)        11.8 (actual)
Steering angle: 10.485343560003919 (pred)       11.8 (actual)
Steering angle: 15.229014952736263 (pred)       11.8 (actual)
Steering angle: 12.606000330303342 (pred)       11.8 (actual)
Steering angle: 13.080470520055679 (pred)       12.0 (actual)
Steering angle: 14.737499172136513 (pred)       12.100000000000001 (actual)
Steering angle: 16.17811584168643 (pred)        12.4 (actual)
Steering angle: 16.684313113907123 (pred)       12.4 (actual)
Steering angle: 15.703357930215308 (pred)       12.5 (actual)
Steering angle: 13.401615769545923 (pred)       12.4 (actual)
Steering angle: 13.748293973700967 (pred)       12.4 (actual)
Steering angle: 13.2888177567241 (pred) 12.4 (actual)
Steering angle: 13.848441622406279 (pred)       12.4 (actual)
Steering angle: 12.208654075337849 (pred)       12.4 (actual)
Steering angle: 12.437675440850255 (pred)       12.4 (actual)
Steering angle: 11.213653461391548 (pred)       12.5 (actual)
Steering angle: 11.589096153462455 (pred)       12.81 (actual)
Steering angle: 10.256736274709946 (pred)       13.51 (actual)
Steering angle: 10.316696797886195 (pred)       14.72 (actual)
Steering angle: 10.893922914833142 (pred)       15.53 (actual)
Steering angle: 5.598672338600425 (pred)        15.929999999999998 (actual)
Steering angle: 8.049082531178424 (pred)        15.929999999999998 (actual)
Steering angle: 7.075900102762082 (pred)        15.83 (actual)
Steering angle: 9.364250823790012 (pred)        15.730000000000002 (actual)
Steering angle: 7.147472374414177 (pred)        15.63 (actual)
Steering angle: 6.106445250085275 (pred)        15.63 (actual)
Steering angle: 6.6170249424321765 (pred)       15.53 (actual)
Steering angle: 5.021112823044616 (pred)        15.53 (actual)
Steering angle: 5.044253077065796 (pred)        15.43 (actual)
Steering angle: 5.832085088862325 (pred)        15.43 (actual)
Steering angle: 5.4374017538994925 (pred)       15.43 (actual)
Steering angle: 4.955046537637198 (pred)        15.43 (actual)
Steering angle: 3.4609640010380653 (pred)       15.43 (actual)
Steering angle: 2.4922308005357525 (pred)       15.33 (actual)
Steering angle: 1.8977204630072644 (pred)       15.230000000000002 (actual)
Steering angle: 1.2025719838136928 (pred)       15.230000000000002 (actual)
Steering angle: 0.6026314324516332 (pred)       15.230000000000002 (actual)
Steering angle: 0.036630304518778384 (pred)     15.030000000000001 (actual)
Steering angle: -0.5294289333828743 (pred)      14.52 (actual)
Steering angle: 0.2355276543053711 (pred)       13.92 (actual)
Steering angle: 0.5730984415324385 (pred)       13.11 (actual)
Steering angle: 0.6978531273831907 (pred)       11.899999999999999 (actual)
Steering angle: 0.4505391278913164 (pred)       10.99 (actual)
Steering angle: -0.8086963187202137 (pred)      10.389999999999999 (actual)
Steering angle: -0.3731131439966832 (pred)      10.18 (actual)
Steering angle: -0.5175668691461192 (pred)      9.48 (actual)
Steering angle: -0.029304926633939708 (pred)    9.08 (actual)
Steering angle: -1.3553050454955213 (pred)      9.08 (actual)
Steering angle: -2.041636604244253 (pred)       9.08 (actual)
Steering angle: -1.4534350136313292 (pred)      8.87 (actual)
Steering angle: -2.022560739666053 (pred)       8.87 (actual)
Steering angle: -0.7521202609994114 (pred)      0.0 (actual)
Steering angle: -1.024035001056085 (pred)       8.17 (actual)
Steering angle: -2.326194878228266 (pred)       6.55 (actual)
Steering angle: -1.119032900570619 (pred)       4.24 (actual)
Steering angle: -1.1483614127015362 (pred)      2.62 (actual)
Steering angle: -3.5638898291882803 (pred)      2.02 (actual)
Steering angle: -4.908844576770293 (pred)       1.51 (actual)
Steering angle: -6.09985240998892 (pred)        1.21 (actual)
Steering angle: -6.4710433093014945 (pred)      0.71 (actual)
Steering angle: -6.434483014221708 (pred)       0.0 (actual)
Steering angle: -7.685712198465515 (pred)       -0.4 (actual)
Steering angle: -8.531739556424668 (pred)       -1.01 (actual)
Steering angle: -6.506499248169853 (pred)       -1.92 (actual)
Steering angle: -4.586586006445337 (pred)       -2.22 (actual)
Steering angle: -4.295105549180927 (pred)       -2.52 (actual)
Steering angle: -3.2826947830402635 (pred)      -2.7200000000000006 (actual)
Steering angle: -2.880022261182631 (pred)       -2.92 (actual)
Steering angle: -2.078612687089763 (pred)       -2.92 (actual)
Steering angle: -1.3594469148968995 (pred)      -2.92 (actual)
Steering angle: -1.2585534949115866 (pred)      -2.92 (actual)
Steering angle: -2.878102551139034 (pred)       -3.03 (actual)
Steering angle: -1.9947422329502376 (pred)      -3.03 (actual)
Steering angle: -1.6902484510479554 (pred)      -3.13 (actual)
Steering angle: -1.4292658556447102 (pred)      -3.13 (actual)
Steering angle: -2.1012701321139877 (pred)      -3.23 (actual)
Steering angle: -2.7466493707032034 (pred)      -3.23 (actual)
Steering angle: -4.413623845432634 (pred)       -3.23 (actual)
Steering angle: -5.831422560512834 (pred)       -3.23 (actual)
Steering angle: -8.503389148727237 (pred)       -3.23 (actual)
Steering angle: -9.740800860280107 (pred)       -3.3299999999999996 (actual)
Steering angle: -9.369115626026353 (pred)       -3.3299999999999996 (actual)
Steering angle: -9.199703028947942 (pred)       -3.4300000000000006 (actual)
Steering angle: -8.152823713160808 (pred)       -3.53 (actual)
Steering angle: -7.728627984567997 (pred)       -3.53 (actual)
Steering angle: -7.607011343754042 (pred)       -3.53 (actual)
Steering angle: -7.452525271333048 (pred)       -3.3299999999999996 (actual)
Steering angle: -5.458581316742055 (pred)       -2.62 (actual)
Steering angle: -6.117730857028252 (pred)       -1.92 (actual)
Steering angle: -6.030916164469628 (pred)       -1.31 (actual)
Steering angle: -5.660100498674581 (pred)       -0.61 (actual)
Steering angle: -5.8512587105230205 (pred)      -0.5 (actual)
Steering angle: -6.73193049549977 (pred)        -0.5 (actual)
Steering angle: -6.188767812604146 (pred)       -0.5 (actual)
Steering angle: -5.110116591232229 (pred)       -0.5 (actual)
Steering angle: -4.9066226308559235 (pred)      -0.5 (actual)
Steering angle: -4.304576460238796 (pred)       -0.5 (actual)
Steering angle: -6.821274065598592 (pred)       -0.3 (actual)
Steering angle: -6.517702039069144 (pred)       -0.3 (actual)
Steering angle: -6.849307296386439 (pred)       -0.3 (actual)
Steering angle: -6.588575496991782 (pred)       -0.3 (actual)
Steering angle: -6.3382396724007055 (pred)      -0.3 (actual)
Steering angle: -5.441966881586 (pred)  -0.3 (actual)
Steering angle: -6.145874224616466 (pred)       -0.3 (actual)
Steering angle: -5.811679471830089 (pred)       -0.4 (actual)
Steering angle: -7.063050809385996 (pred)       -0.5 (actual)
Steering angle: -7.0169384947519475 (pred)      -0.5 (actual)
Steering angle: -6.551980624079322 (pred)       -0.61 (actual)
Steering angle: -6.54074069402642 (pred)        -0.71 (actual)
Steering angle: -5.160023929723867 (pred)       -0.91 (actual)
Steering angle: -4.139972316336074 (pred)       -1.11 (actual)
Steering angle: -3.6500065617910935 (pred)      -1.21 (actual)
Steering angle: -3.248843511740034 (pred)       -1.31 (actual)
Steering angle: -2.238908048843265 (pred)       -1.41 (actual)
Steering angle: -0.8490973679085152 (pred)      -1.41 (actual)
Steering angle: -1.8391957736605986 (pred)      -1.41 (actual)
Steering angle: -1.807485339778345 (pred)       -1.41 (actual)
Steering angle: -1.6895289333075767 (pred)      -1.51 (actual)
Steering angle: -2.149947609668199 (pred)       -2.52 (actual)
Steering angle: -2.556856556358532 (pred)       -3.03 (actual)
Steering angle: -2.54416627832406 (pred)        -3.13 (actual)
Steering angle: -3.865412372079901 (pred)       -3.4300000000000006 (actual)
Steering angle: -4.235685037835932 (pred)       -3.4300000000000006 (actual)
Steering angle: -7.147028412118126 (pred)       -3.4300000000000006 (actual)
Steering angle: -7.009244286651928 (pred)       -3.4300000000000006 (actual)
Steering angle: -6.507347045400581 (pred)       -4.13 (actual)
Steering angle: -5.496901239306766 (pred)       -4.44 (actual)
Steering angle: -5.744779476457107 (pred)       -4.54 (actual)
Steering angle: -5.651252842378476 (pred)       -4.74 (actual)
Steering angle: -5.978952939037817 (pred)       -5.75 (actual)
Steering angle: -5.016220273164771 (pred)       -6.76 (actual)
Steering angle: -4.821880900710399 (pred)       -7.760000000000002 (actual)
Steering angle: -4.1316855893255555 (pred)      -7.969999999999999 (actual)
Steering angle: -4.265509485733616 (pred)       -7.969999999999999 (actual)
Steering angle: -3.464655291397634 (pred)       -7.969999999999999 (actual)
Steering angle: -1.464224044477305 (pred)       -8.27 (actual)
Steering angle: -1.0941715456003014 (pred)      -8.77 (actual)
Steering angle: -1.7901322836965756 (pred)      -9.08 (actual)
Steering angle: -1.932811413641851 (pred)       -9.28 (actual)
Steering angle: -0.8450805763463131 (pred)      -9.380000000000003 (actual)
Steering angle: -1.0001781107805825 (pred)      -9.380000000000003 (actual)
Steering angle: -0.5369325898772209 (pred)      -9.380000000000003 (actual)
Steering angle: -0.11711721367756897 (pred)     -9.18 (actual)
Steering angle: -2.4223985195747186 (pred)      -8.87 (actual)
Steering angle: -4.104086075550003 (pred)       -8.67 (actual)
Steering angle: -4.984637905329456 (pred)       -8.570000000000002 (actual)
Steering angle: -5.371747841163214 (pred)       -8.570000000000002 (actual)
Steering angle: -4.9732502724357515 (pred)      -8.570000000000002 (actual)
Steering angle: -4.672270729583147 (pred)       -8.570000000000002 (actual)
Steering angle: -4.836871031504461 (pred)       0.0 (actual)
Steering angle: -4.619885739970088 (pred)       -8.570000000000002 (actual)
Steering angle: -4.350989730083148 (pred)       -8.570000000000002 (actual)
Steering angle: -4.006326004846434 (pred)       -8.570000000000002 (actual)
Steering angle: -3.764524501623289 (pred)       -8.570000000000002 (actual)
Steering angle: -4.576689489224812 (pred)       -8.570000000000002 (actual)
Steering angle: -5.16341682619407 (pred)        -8.570000000000002 (actual)
Steering angle: -4.693638122627886 (pred)       -8.570000000000002 (actual)
Steering angle: -4.3923700042828475 (pred)      -8.570000000000002 (actual)
Steering angle: -4.354458612407869 (pred)       -8.570000000000002 (actual)
Steering angle: -4.634036184383062 (pred)       -8.570000000000002 (actual)
Steering angle: -5.972613242827576 (pred)       -8.570000000000002 (actual)
Steering angle: -5.4956124679877485 (pred)      -8.570000000000002 (actual)
Steering angle: -5.740957131842838 (pred)       -8.570000000000002 (actual)
Steering angle: -5.6283674397907015 (pred)      -8.570000000000002 (actual)
Steering angle: -5.120407551877323 (pred)       -8.570000000000002 (actual)
Steering angle: -4.826763205306488 (pred)       -8.570000000000002 (actual)
Steering angle: -4.439897875622381 (pred)       -8.570000000000002 (actual)
Steering angle: -3.813858957998291 (pred)       -8.67 (actual)
Steering angle: -3.3845523269156055 (pred)      -8.97 (actual)
Steering angle: -4.208573455699212 (pred)       -9.18 (actual)
Steering angle: -4.322919360141689 (pred)       -9.380000000000003 (actual)
Steering angle: -4.587338607914508 (pred)       -9.58 (actual)
Steering angle: -5.35286535631589 (pred)        -9.78 (actual)
Steering angle: -5.518084644130737 (pred)       -10.08 (actual)
Steering angle: -6.367037457488771 (pred)       -10.49 (actual)
Steering angle: -5.734792886116901 (pred)       -11.089999999999998 (actual)
Steering angle: -5.646456342033834 (pred)       -11.8 (actual)
Steering angle: -6.113361670393559 (pred)       -12.910000000000002 (actual)
Steering angle: -6.704230663320784 (pred)       -14.02 (actual)
Steering angle: -7.936881306135332 (pred)       -14.420000000000002 (actual)
Steering angle: -8.887036605538622 (pred)       -14.62 (actual)
Steering angle: -9.176128631027643 (pred)       -14.62 (actual)
Steering angle: -8.937160802536408 (pred)       -14.62 (actual)
Steering angle: -8.741349524315897 (pred)       -14.82 (actual)
Steering angle: -7.795269286526165 (pred)       -15.230000000000002 (actual)
Steering angle: -7.165049439356381 (pred)       -15.33 (actual)
Steering angle: -7.457055394300059 (pred)       -15.53 (actual)
Steering angle: -8.113223130126721 (pred)       -15.53 (actual)
Steering angle: -12.489312524749197 (pred)      -15.730000000000002 (actual)
Steering angle: -12.581166616254821 (pred)      -16.03 (actual)
Steering angle: -10.509706844773353 (pred)      -16.24 (actual)
Steering angle: -10.453344977516055 (pred)      -16.24 (actual)
Steering angle: -9.113381390670028 (pred)       -16.34 (actual)
Steering angle: -8.668292113406148 (pred)       -16.34 (actual)
Steering angle: -9.813544936261682 (pred)       -17.04 (actual)
Steering angle: -10.132258638407402 (pred)      -17.55 (actual)
Steering angle: -10.45625463810248 (pred)       -18.05 (actual)
Steering angle: -7.512566049232045 (pred)       -19.060000000000002 (actual)
Steering angle: -6.284797284126763 (pred)       -19.97 (actual)
Steering angle: -5.794101126227415 (pred)       -20.469999999999995 (actual)
Steering angle: -12.486590694364947 (pred)      -20.57 (actual)
Steering angle: -14.203413383761012 (pred)      -20.57 (actual)
Steering angle: -4.923083813642478 (pred)       -20.57 (actual)
Steering angle: -4.235924521343706 (pred)       -20.57 (actual)
Steering angle: -4.669485293062251 (pred)       -20.57 (actual)
Steering angle: -4.650787650209341 (pred)       -20.27 (actual)
Steering angle: -4.967608963068145 (pred)       -20.07 (actual)
Steering angle: -5.153797358521754 (pred)       -19.76 (actual)
Steering angle: -4.638813474820663 (pred)       -19.76 (actual)
Steering angle: -3.314937117904132 (pred)       -19.76 (actual)
Steering angle: -4.160641749425002 (pred)       -19.76 (actual)
Steering angle: -4.976997058082327 (pred)       -19.46 (actual)
Steering angle: -6.817583202125846 (pred)       -19.060000000000002 (actual)
Steering angle: -6.9853817401260185 (pred)      -18.66 (actual)
Steering angle: -6.855094174160733 (pred)       -18.66 (actual)
Steering angle: -7.328775050177111 (pred)       -18.66 (actual)
Steering angle: -6.464360822972283 (pred)       -18.66 (actual)
Steering angle: -6.388409546288564 (pred)       -18.760000000000005 (actual)
Steering angle: -6.245726040753352 (pred)       -19.16 (actual)
Steering angle: -5.479532068247424 (pred)       -19.76 (actual)
Steering angle: -5.154026596745772 (pred)       -19.97 (actual)
Steering angle: -6.797700948338762 (pred)       -20.27 (actual)
Steering angle: -6.030143072432947 (pred)       -20.370000000000005 (actual)
Steering angle: -5.101804251012323 (pred)       -20.370000000000005 (actual)
Steering angle: -10.626322079567567 (pred)      -20.370000000000005 (actual)
Steering angle: -8.955784167082093 (pred)       -20.469999999999995 (actual)
Steering angle: -7.412242523155605 (pred)       -20.57 (actual)
Steering angle: -5.603585805934603 (pred)       -21.18 (actual)
Steering angle: -6.02997274459052 (pred)        -21.479999999999997 (actual)
Steering angle: -5.703535806040808 (pred)       -21.479999999999997 (actual)
Steering angle: -6.027132239669441 (pred)       -21.479999999999997 (actual)
Steering angle: -5.771535461870162 (pred)       -21.479999999999997 (actual)
Steering angle: -6.9634986677989446 (pred)      -21.58 (actual)
Steering angle: -8.193253310405407 (pred)       -21.479999999999997 (actual)
Steering angle: -7.771765751818505 (pred)       -21.479999999999997 (actual)
Steering angle: -7.989306423109765 (pred)       -21.479999999999997 (actual)
Steering angle: -6.909836432811093 (pred)       -21.479999999999997 (actual)
Steering angle: -8.815451100395011 (pred)       -21.479999999999997 (actual)
Steering angle: -8.220105345353666 (pred)       -21.479999999999997 (actual)
Steering angle: -8.405893320967182 (pred)       -21.38 (actual)
Steering angle: -9.326499514473705 (pred)       -21.38 (actual)
Steering angle: -9.208603619210114 (pred)       -21.38 (actual)
Steering angle: -10.275039474138287 (pred)      -21.28 (actual)
Steering angle: -11.747639358250437 (pred)      -21.079999999999995 (actual)
Steering angle: -12.005048697500708 (pred)      -20.97 (actual)
Steering angle: -11.969616237407621 (pred)      -20.77 (actual)
Steering angle: -10.636665547291905 (pred)      -20.370000000000005 (actual)
Steering angle: -9.508381475655622 (pred)       -19.76 (actual)
Steering angle: -9.728461269770833 (pred)       -19.66 (actual)
Steering angle: -10.162467711332722 (pred)      -19.56 (actual)
Steering angle: -10.522585166453412 (pred)      -19.56 (actual)
Steering angle: -10.562743263678502 (pred)      -19.56 (actual)
Steering angle: -10.645993024377203 (pred)      -19.56 (actual)
Steering angle: -10.104757735487992 (pred)      -19.56 (actual)
Steering angle: -10.349334856835101 (pred)      -19.56 (actual)
Steering angle: -10.501182768689178 (pred)      -19.56 (actual)
Steering angle: -10.513560779012533 (pred)      -19.46 (actual)
Steering angle: -10.080513125255385 (pred)      -19.46 (actual)
Steering angle: -9.14613214774024 (pred)        -19.46 (actual)
Steering angle: -9.274453472998207 (pred)       -19.46 (actual)
Steering angle: -9.802323789228996 (pred)       -19.36 (actual)
Steering angle: -10.364797551342363 (pred)      -19.36 (actual)
Steering angle: -11.74043436244972 (pred)       -19.36 (actual)
Steering angle: -12.079166495279102 (pred)      -19.87 (actual)
Steering angle: -12.427758006175395 (pred)      -20.97 (actual)
Steering angle: -12.760810836709911 (pred)      -22.29 (actual)
Steering angle: -12.527816008647852 (pred)      -24.200000000000003 (actual)
Steering angle: -12.664564079794323 (pred)      -25.61 (actual)
Steering angle: -12.878573543284686 (pred)      -27.43 (actual)
Steering angle: -11.33481077198382 (pred)       -29.14 (actual)
Steering angle: -10.888358018206874 (pred)      -30.449999999999992 (actual)
Steering angle: -10.775242401588647 (pred)      -31.26 (actual)
Steering angle: -10.751951456518904 (pred)      -32.06999999999999 (actual)
Steering angle: -13.098668705325531 (pred)      -33.58 (actual)
Steering angle: -14.590969416324937 (pred)      -35.5 (actual)
Steering angle: -16.940011490770306 (pred)      -37.00999999999999 (actual)
Steering angle: -19.9235012994817 (pred)        -38.52 (actual)
Steering angle: -23.887317914481265 (pred)      -39.13 (actual)
Steering angle: -29.6109600898913 (pred)        -39.830000000000005 (actual)
Steering angle: -26.65454002840796 (pred)       -40.24 (actual)
Steering angle: -27.784985854916552 (pred)      -41.34 (actual)
Steering angle: -29.87342376912738 (pred)       -42.66 (actual)
Steering angle: -26.833893965823325 (pred)      -44.07 (actual)
Steering angle: -15.684340976018701 (pred)      -45.68 (actual)
Steering angle: -13.838303060357042 (pred)      -46.89 (actual)
Steering angle: -12.270487777893974 (pred)      -47.39 (actual)
Steering angle: -15.455932619984305 (pred)      -48.2 (actual)
Steering angle: -21.105755818392133 (pred)      -49.41 (actual)
Steering angle: -30.061448631694077 (pred)      -51.23 (actual)
Steering angle: -27.059985180181794 (pred)      -52.13000000000001 (actual)
Steering angle: -36.07112376161861 (pred)       -52.13000000000001 (actual)
Steering angle: -37.28463664126561 (pred)       -52.24 (actual)
Steering angle: -38.69042276114305 (pred)       -52.44 (actual)
Steering angle: -42.04891556849753 (pred)       -53.040000000000006 (actual)
Steering angle: -39.76141691356855 (pred)       -53.34 (actual)
Steering angle: -37.910681535305216 (pred)      -53.55 (actual)
Steering angle: -38.10012707721928 (pred)       -54.15 (actual)
Steering angle: -41.80644043786749 (pred)       -54.86 (actual)
Steering angle: -48.427113555090095 (pred)      -55.76 (actual)
Steering angle: -46.33326783860391 (pred)       -56.57 (actual)
Steering angle: -50.240153119324134 (pred)      -56.97 (actual)
Steering angle: -51.38866991882929 (pred)       -57.480000000000004 (actual)
Steering angle: -52.325870910698 (pred) -58.290000000000006 (actual)
Steering angle: -55.78658432917089 (pred)       -58.99000000000001 (actual)
Steering angle: -56.896442257973774 (pred)      -59.60000000000001 (actual)
Steering angle: -56.39259627837486 (pred)       -60.29999999999999 (actual)
Steering angle: -57.8964604996391 (pred)        -61.31 (actual)
Steering angle: -60.445022645024295 (pred)      -62.019999999999996 (actual)
Steering angle: -59.461666649839216 (pred)      -62.52 (actual)
Steering angle: -60.34109448661338 (pred)       -63.230000000000004 (actual)
Steering angle: -54.8736578296124 (pred)        -63.629999999999995 (actual)
Steering angle: -51.545419345186495 (pred)      -63.93000000000001 (actual)
Steering angle: -48.93066242146012 (pred)       -64.03 (actual)
Steering angle: -45.49355413675879 (pred)       -64.13 (actual)
Steering angle: -45.26202779936828 (pred)       -64.24000000000001 (actual)
Steering angle: -46.08994917961138 (pred)       -64.44 (actual)
Steering angle: -48.73415104884968 (pred)       -64.44 (actual)
Steering angle: -48.51925963718274 (pred)       -64.44 (actual)
Steering angle: -48.68381938485586 (pred)       -64.44 (actual)
Steering angle: -44.41676798391711 (pred)       0.0 (actual)
Steering angle: -44.19417894905556 (pred)       -64.44 (actual)
Steering angle: -42.988001692577164 (pred)      -64.44 (actual)
Steering angle: -43.4574713300834 (pred)        -64.44 (actual)
Steering angle: -42.93968834948308 (pred)       -64.44 (actual)
Steering angle: -41.911143822749196 (pred)      -64.44 (actual)
Steering angle: -36.9983765829612 (pred)        -64.44 (actual)
Steering angle: -37.81455003783187 (pred)       -64.44 (actual)
Steering angle: -38.597337528039525 (pred)      -64.33999999999999 (actual)
Steering angle: -38.1651060818882 (pred)        -64.13 (actual)
Steering angle: -38.69818868622935 (pred)       -63.93000000000001 (actual)
Steering angle: -38.214549821289914 (pred)      -63.93000000000001 (actual)
Steering angle: -40.285268517246436 (pred)      -63.93000000000001 (actual)
Steering angle: -41.72799230015531 (pred)       -63.93000000000001 (actual)
Steering angle: -39.82016678571442 (pred)       -63.83 (actual)
Steering angle: -42.44737514429773 (pred)       -63.629999999999995 (actual)
Steering angle: -42.58007888968191 (pred)       -63.230000000000004 (actual)
Steering angle: -42.351052401527625 (pred)      -62.319999999999986 (actual)
Steering angle: -43.57583509330514 (pred)       -61.21 (actual)
Steering angle: -44.37724509428483 (pred)       -60.910000000000004 (actual)
Steering angle: -47.66602557587557 (pred)       -60.81 (actual)
Steering angle: -49.70019592958336 (pred)       -60.81 (actual)
Steering angle: -51.91742218323665 (pred)       -60.81 (actual)
Steering angle: -50.352338976441594 (pred)      -60.81 (actual)
Steering angle: -51.616446482365454 (pred)      -60.81 (actual)
Steering angle: -52.00574335939409 (pred)       -60.81 (actual)
Steering angle: -46.645503106321875 (pred)      -60.81 (actual)
Steering angle: -45.876727749196505 (pred)      -60.71 (actual)
Steering angle: -44.883027432513444 (pred)      -60.4 (actual)
Steering angle: -46.50370154896324 (pred)       -60.29999999999999 (actual)
Steering angle: -48.20587006749504 (pred)       -60.29999999999999 (actual)
Steering angle: -50.61676975015863 (pred)       -60.29999999999999 (actual)
Steering angle: -54.65458292707883 (pred)       -60.29999999999999 (actual)
Steering angle: -54.33781924394115 (pred)       -60.610000000000014 (actual)
Steering angle: -50.210332513407856 (pred)      -61.11 (actual)
Steering angle: -47.60070847684274 (pred)       -61.82 (actual)
Steering angle: -47.503402186832155 (pred)      -62.71999999999999 (actual)
Steering angle: -47.191877258787876 (pred)      -63.13 (actual)
Steering angle: -47.23362679008958 (pred)       -63.73000000000001 (actual)
Steering angle: -46.02499408060456 (pred)       -63.93000000000001 (actual)
Steering angle: -47.94701272814073 (pred)       -64.33999999999999 (actual)
Steering angle: -49.53812237076813 (pred)       -65.04000000000002 (actual)
Steering angle: -51.225506944841435 (pred)      -65.95 (actual)
Steering angle: -48.14001338351778 (pred)       -66.76 (actual)
Steering angle: -50.3135708227126 (pred)        -67.65999999999998 (actual)
Steering angle: -50.907366978586 (pred) -68.87 (actual)
Steering angle: -47.17407778581082 (pred)       -69.78000000000002 (actual)
Steering angle: -49.599170601569696 (pred)      -70.39 (actual)
Steering angle: -49.17174419349947 (pred)       -71.09 (actual)
Steering angle: -49.049968750787315 (pred)      -71.5 (actual)
Steering angle: -48.28001177093553 (pred)       -72.1 (actual)
Steering angle: -48.06461492527001 (pred)       -72.61 (actual)
Steering angle: -46.84077821469254 (pred)       -73.20999999999998 (actual)
Steering angle: -46.08212861301171 (pred)       -73.51 (actual)
Steering angle: -45.480494815065725 (pred)      -74.01999999999998 (actual)
Steering angle: -46.8042298724438 (pred)        -74.72000000000001 (actual)
Steering angle: -45.733426965315054 (pred)      -75.23 (actual)
Steering angle: -45.9212810731525 (pred)        -75.73000000000002 (actual)
Steering angle: -45.244429816971746 (pred)      -76.03 (actual)
Steering angle: -45.31623559571609 (pred)       -76.44 (actual)
Steering angle: -46.6764062972216 (pred)        -77.24 (actual)
Steering angle: -50.51918000729749 (pred)       -77.75 (actual)
Steering angle: -47.801034510104635 (pred)      -77.85 (actual)
Steering angle: -47.617988855442874 (pred)      -77.85 (actual)
Steering angle: -44.63608194307164 (pred)       -77.85 (actual)
Steering angle: -47.62842196940007 (pred)       -77.95 (actual)
Steering angle: -49.73210657338566 (pred)       -77.85 (actual)
Steering angle: -47.15918455832561 (pred)       -77.24 (actual)
Steering angle: -47.75616016725765 (pred)       -76.84 (actual)
Steering angle: -47.75764914849671 (pred)       -76.44 (actual)
Steering angle: -50.297581349865595 (pred)      -75.63 (actual)
Steering angle: -50.82011814212825 (pred)       -74.32 (actual)
Steering angle: -46.901949388899176 (pred)      -73.61 (actual)
Steering angle: -48.40485396858502 (pred)       -72.5 (actual)
Steering angle: -46.26054681451079 (pred)       -71.7 (actual)
Steering angle: -47.90263698910316 (pred)       -70.08 (actual)
Steering angle: -46.891178180578066 (pred)      -69.07999999999998 (actual)
Steering angle: -45.939237640480464 (pred)      -68.97 (actual)
Steering angle: -47.02189434091377 (pred)       -68.97 (actual)
Steering angle: -45.115626109603646 (pred)      -68.37 (actual)
Steering angle: -46.47623735831062 (pred)       -67.16 (actual)
Steering angle: -45.519215157470526 (pred)      -65.14 (actual)
Steering angle: -47.40569974584971 (pred)       -64.03 (actual)
Steering angle: -45.58268469033287 (pred)       -63.32999999999999 (actual)
Steering angle: -45.39639811090994 (pred)       -63.230000000000004 (actual)
Steering angle: -45.27352300774142 (pred)       -63.230000000000004 (actual)
Steering angle: -47.5137567536139 (pred)        -63.230000000000004 (actual)
Steering angle: -48.06534234041661 (pred)       -63.230000000000004 (actual)
Steering angle: -48.464973293659476 (pred)      -63.230000000000004 (actual)
Steering angle: -50.56539648231638 (pred)       -63.230000000000004 (actual)
Steering angle: -51.735657189044275 (pred)      -63.230000000000004 (actual)
Steering angle: -51.60877959502211 (pred)       -63.230000000000004 (actual)
Steering angle: -47.81498517148438 (pred)       -63.230000000000004 (actual)
Steering angle: -47.83680762588258 (pred)       -63.230000000000004 (actual)
Steering angle: -46.0068770038311 (pred)        -63.230000000000004 (actual)
Steering angle: -45.72798671964114 (pred)       -63.230000000000004 (actual)
Steering angle: -46.3872297481416 (pred)        -63.230000000000004 (actual)
Steering angle: -48.630711248964424 (pred)      -63.230000000000004 (actual)
Steering angle: -52.23412780976639 (pred)       -63.32999999999999 (actual)
Steering angle: -52.76271273453909 (pred)       -63.629999999999995 (actual)
Steering angle: -49.62279281081419 (pred)       -64.03 (actual)
Steering angle: -48.407183063092 (pred) -64.74 (actual)
Steering angle: -45.95821532108934 (pred)       -65.55 (actual)
Steering angle: -46.081708556377755 (pred)      -66.66 (actual)
Steering angle: -46.252675021492344 (pred)      -66.96 (actual)
Steering angle: -47.269987302136144 (pred)      -66.96 (actual)
Steering angle: -47.92519710393171 (pred)       -66.96 (actual)
Steering angle: -48.92797474202172 (pred)       -66.76 (actual)
Steering angle: -49.03116524000227 (pred)       -65.65000000000002 (actual)
Steering angle: -50.49124453359214 (pred)       -64.33999999999999 (actual)
Steering angle: -47.650159046433636 (pred)      -63.03 (actual)
Steering angle: -46.712937563997414 (pred)      -62.42 (actual)
Steering angle: -46.29710540204328 (pred)       -62.42 (actual)
Steering angle: -47.530521452931694 (pred)      -62.12 (actual)
Steering angle: -44.667036360390135 (pred)      -61.509999999999984 (actual)
Steering angle: -44.28921761626171 (pred)       -60.610000000000014 (actual)
Steering angle: -41.18553184608372 (pred)       -59.699999999999996 (actual)
Steering angle: -39.79236450069788 (pred)       -59.5 (actual)
Steering angle: -38.44924536645531 (pred)       -59.29 (actual)
Steering angle: -40.26380123268509 (pred)       -58.99000000000001 (actual)
Steering angle: -38.70427096968525 (pred)       -58.99000000000001 (actual)
Steering angle: -34.122409319711444 (pred)      -58.89 (actual)
Steering angle: -34.44038877652139 (pred)       -58.79000000000001 (actual)
Steering angle: -34.12025781012289 (pred)       -58.38999999999999 (actual)
Steering angle: -37.3510090045252 (pred)        -57.480000000000004 (actual)
Steering angle: -36.84070849616062 (pred)       -56.47 (actual)
Steering angle: -35.4828190778379 (pred)        -55.660000000000004 (actual)
Steering angle: -32.895259967386515 (pred)      -54.86 (actual)
Steering angle: -30.60537757643721 (pred)       -53.95 (actual)
Steering angle: -31.234513131076255 (pred)      -52.84 (actual)
Steering angle: -28.187092751733545 (pred)      -51.83 (actual)
Steering angle: -27.902227759567115 (pred)      -51.330000000000005 (actual)
Steering angle: -27.62811519270158 (pred)       -50.82 (actual)
Steering angle: -25.8576328296386 (pred)        -50.12 (actual)
Steering angle: -21.352171968173266 (pred)      -49.61 (actual)
Steering angle: -19.223796230338085 (pred)      -49.010000000000005 (actual)
Steering angle: -18.350927082714428 (pred)      -48.10000000000001 (actual)
Steering angle: -19.799311384897944 (pred)      -47.39 (actual)
Steering angle: -22.11240105109966 (pred)       0.0 (actual)
Steering angle: -21.64035643227632 (pred)       -45.78 (actual)
Steering angle: -18.58397996738443 (pred)       -44.57 (actual)
Steering angle: -18.079334855652625 (pred)      -42.55 (actual)
Steering angle: -16.53375354648524 (pred)       -41.14 (actual)
Steering angle: -15.156698617351461 (pred)      -40.24 (actual)
Steering angle: -14.622092880825392 (pred)      -38.62 (actual)
Steering angle: -13.714947282625673 (pred)      -37.82 (actual)
Steering angle: -13.520570344130865 (pred)      -36.61 (actual)
Steering angle: -12.956748473430068 (pred)      -35.39 (actual)
Steering angle: -13.096012615512041 (pred)      -34.08 (actual)
Steering angle: -13.304560488987335 (pred)      -33.08 (actual)
Steering angle: -14.157929446530604 (pred)      -31.87 (actual)
Steering angle: -14.840165453098267 (pred)      -31.06 (actual)
Steering angle: -14.877789550141282 (pred)      -30.25 (actual)
Steering angle: -14.405628818102056 (pred)      -29.75 (actual)
Steering angle: -13.37972757457697 (pred)       -29.24 (actual)
Steering angle: -13.462261872960113 (pred)      -28.740000000000002 (actual)
Steering angle: -12.867074066043324 (pred)      -28.24 (actual)
Steering angle: -12.022463972336949 (pred)      -27.63 (actual)
Steering angle: -11.772084605289914 (pred)      -27.130000000000003 (actual)
Steering angle: -11.061510143855868 (pred)      -26.12 (actual)
Steering angle: -10.263526336518584 (pred)      -25.01 (actual)
Steering angle: -9.87910450701005 (pred)        -23.9 (actual)
Steering angle: -8.631061606014054 (pred)       -22.49 (actual)
Steering angle: -7.688346943937847 (pred)       -21.38 (actual)
Steering angle: -7.663962314827255 (pred)       -20.370000000000005 (actual)
Steering angle: -7.149462520783589 (pred)       -18.55 (actual)
Steering angle: -7.251004808740053 (pred)       -17.65 (actual)
Steering angle: -6.372540882412509 (pred)       -16.24 (actual)
Steering angle: -5.438020312906201 (pred)       -15.13 (actual)
Steering angle: -4.704677842760741 (pred)       -14.32 (actual)
Steering angle: -4.755295094039237 (pred)       -13.610000000000001 (actual)
Steering angle: -4.505161613802322 (pred)       -12.709999999999999 (actual)
Steering angle: -3.810944601656811 (pred)       -11.8 (actual)
Steering angle: -3.5170889461085295 (pred)      -10.69 (actual)
Steering angle: -2.7766915308806817 (pred)      -9.08 (actual)
Steering angle: -2.574523267533593 (pred)       -8.07 (actual)
Steering angle: -2.3051809474730756 (pred)      -7.16 (actual)
Steering angle: -1.8749048564150714 (pred)      -5.949999999999999 (actual)
Steering angle: -1.4408924384376587 (pred)      -4.54 (actual)
Steering angle: -1.1601149943243647 (pred)      -3.7300000000000004 (actual)
Steering angle: -0.7559551987749621 (pred)      -2.82 (actual)
Steering angle: -0.5739897812191251 (pred)      -2.82 (actual)
Steering angle: 0.4957875303170642 (pred)       -2.82 (actual)
Steering angle: 0.5457322747665775 (pred)       -2.82 (actual)
Steering angle: 0.7235268479779167 (pred)       -3.03 (actual)
Steering angle: 0.7534290426382623 (pred)       -3.7300000000000004 (actual)
Steering angle: 0.8974710621272198 (pred)       -3.829999999999999 (actual)
Steering angle: 1.0521013155727252 (pred)       -3.829999999999999 (actual)
Steering angle: 1.2672950698321452 (pred)       -3.4300000000000006 (actual)
Steering angle: 1.4043719505541294 (pred)       -2.42 (actual)
Steering angle: 1.4903196359749848 (pred)       -1.11 (actual)
Steering angle: 1.1800032245269725 (pred)       0.5 (actual)
Steering angle: 0.9716522525988474 (pred)       1.6100000000000003 (actual)
Steering angle: 0.9317359867590582 (pred)       2.52 (actual)
Steering angle: 1.132534797177559 (pred)        2.92 (actual)
Steering angle: 1.8290426974593745 (pred)       3.03 (actual)
Steering angle: 2.0363278397118605 (pred)       3.4300000000000006 (actual)
Steering angle: 2.265160948135267 (pred)        4.03 (actual)
Steering angle: 2.228446973799156 (pred)        4.24 (actual)
Steering angle: 1.9539090142143742 (pred)       4.24 (actual)
Steering angle: 1.8137289864533828 (pred)       4.24 (actual)
Steering angle: 1.2473951002419015 (pred)       4.24 (actual)
Steering angle: 0.9415724196592286 (pred)       4.34 (actual)
Steering angle: 1.4458358945711611 (pred)       4.34 (actual)
Steering angle: 1.2466481550231372 (pred)       4.24 (actual)
Steering angle: 1.3525459692359536 (pred)       4.24 (actual)
Steering angle: 1.1062240547210236 (pred)       4.13 (actual)
Steering angle: 1.0563954768482533 (pred)       4.34 (actual)
Steering angle: 0.7639069263510321 (pred)       4.74 (actual)
Steering angle: 0.7956495901884316 (pred)       5.24 (actual)
Steering angle: 1.3502752515020418 (pred)       5.75 (actual)
Steering angle: 1.3827746789551376 (pred)       5.75 (actual)
Steering angle: 1.8774480346638434 (pred)       5.849999999999999 (actual)
Steering angle: 2.0870648327442423 (pred)       5.849999999999999 (actual)
Steering angle: 2.2831286145206318 (pred)       5.849999999999999 (actual)
Steering angle: 2.162001186005979 (pred)        5.55 (actual)
Steering angle: 2.4376964357682547 (pred)       5.24 (actual)
Steering angle: 2.7153263366129368 (pred)       4.84 (actual)
Steering angle: 2.6575785812843598 (pred)       4.84 (actual)
Steering angle: 2.823576297221176 (pred)        4.84 (actual)
Steering angle: 3.045362784855245 (pred)        4.74 (actual)
Steering angle: 3.3271324206671893 (pred)       4.74 (actual)
Steering angle: 3.202968759623055 (pred)        4.64 (actual)
Steering angle: 3.479504976426888 (pred)        4.84 (actual)
Steering angle: 3.4850749956950335 (pred)       5.24 (actual)
Steering angle: 3.388692061882868 (pred)        5.65 (actual)
Steering angle: 3.457784761422836 (pred)        5.849999999999999 (actual)
Steering angle: 3.4654653091445153 (pred)       6.45 (actual)
Steering angle: 3.268416272580352 (pred)        7.16 (actual)
Steering angle: 3.118210807778251 (pred)        7.659999999999998 (actual)
Steering angle: 3.2564028236039455 (pred)       7.969999999999999 (actual)
Steering angle: 3.2351767300976615 (pred)       8.570000000000002 (actual)
Steering angle: 3.215624886711677 (pred)        9.18 (actual)
Steering angle: 3.3472797711714346 (pred)       10.18 (actual)
Steering angle: 3.5012636112450215 (pred)       11.8 (actual)
Steering angle: 3.1204109824646413 (pred)       13.01 (actual)
Steering angle: 2.7953266348140033 (pred)       14.12 (actual)
Steering angle: 2.2278367390854976 (pred)       14.920000000000002 (actual)
Steering angle: 2.34768179958348 (pred) 15.83 (actual)
Steering angle: 2.2669863161909527 (pred)       0.0 (actual)
Steering angle: 2.477502778251089 (pred)        17.140000000000004 (actual)
Steering angle: 3.115680863020996 (pred)        18.05 (actual)
Steering angle: 6.364013818120571 (pred)        18.96 (actual)
Steering angle: 3.8964163082698815 (pred)       19.87 (actual)
Steering angle: 4.008456170093832 (pred)        20.67 (actual)
Steering angle: 6.022591871418674 (pred)        21.28 (actual)
Steering angle: 4.751902624455856 (pred)        21.98 (actual)
Steering angle: 5.074822442469834 (pred)        22.69 (actual)
Steering angle: 2.980127007762219 (pred)        22.789999999999996 (actual)
Steering angle: 2.2574868037159344 (pred)       22.89 (actual)
Steering angle: 2.2672966629113653 (pred)       22.99 (actual)
Steering angle: 4.81025634562986 (pred) 23.189999999999998 (actual)
Steering angle: 5.635335940291407 (pred)        23.5 (actual)
Steering angle: 8.038640025711121 (pred)        23.9 (actual)
Steering angle: 14.488791493888838 (pred)       24.810000000000002 (actual)
Steering angle: 18.47116573286333 (pred)        25.71 (actual)
Steering angle: 45.37195286387047 (pred)        26.42 (actual)
Steering angle: 44.83709099525053 (pred)        26.920000000000005 (actual)
Steering angle: 56.57282789509857 (pred)        27.23 (actual)
Steering angle: 56.97245543324684 (pred)        27.73 (actual)
Steering angle: 45.84756284144055 (pred)        28.44 (actual)
Steering angle: 33.01182056066737 (pred)        29.24 (actual)
Steering angle: 23.084476988870456 (pred)       29.95 (actual)
Steering angle: 21.487570223185013 (pred)       30.35 (actual)
Steering angle: 22.559221781318136 (pred)       30.449999999999992 (actual)
Steering angle: 21.84774146604542 (pred)        30.449999999999992 (actual)
Steering angle: 17.4742244914191 (pred) 30.449999999999992 (actual)
Steering angle: 17.0808431612668 (pred) 30.449999999999992 (actual)
Steering angle: 16.217881203034246 (pred)       30.449999999999992 (actual)
Steering angle: 14.69763306549844 (pred)        30.449999999999992 (actual)
Steering angle: 13.166021200731027 (pred)       30.449999999999992 (actual)
Steering angle: 10.213284318757617 (pred)       30.449999999999992 (actual)
Steering angle: 11.210597805511613 (pred)       30.449999999999992 (actual)
Steering angle: 12.821569638245405 (pred)       30.449999999999992 (actual)
Steering angle: 12.942791835634793 (pred)       30.35 (actual)
Steering angle: 12.89142795930265 (pred)        29.95 (actual)
Steering angle: 13.901827234732746 (pred)       29.450000000000003 (actual)
Steering angle: 12.79075182471031 (pred)        29.24 (actual)
Steering angle: 7.320968143955786 (pred)        29.14 (actual)
Steering angle: 7.076311194772752 (pred)        28.939999999999998 (actual)
Steering angle: 9.299729441795487 (pred)        28.54 (actual)
Steering angle: 10.93409723375751 (pred)        28.03 (actual)
Steering angle: 7.554091038064784 (pred)        27.33 (actual)
Steering angle: 7.145203470949263 (pred)        26.920000000000005 (actual)
Steering angle: 5.925036279503383 (pred)        26.62 (actual)
Steering angle: 4.463266514093934 (pred)        26.62 (actual)
Steering angle: 5.092414021564026 (pred)        26.62 (actual)
Steering angle: 6.843479010590303 (pred)        26.62 (actual)
Steering angle: 7.614743117894497 (pred)        26.520000000000003 (actual)
Steering angle: 6.739080849787128 (pred)        26.42 (actual)
Steering angle: 8.320602187480295 (pred)        26.12 (actual)
Steering angle: 9.652551401108957 (pred)        25.61 (actual)
Steering angle: 7.864151744305744 (pred)        24.91 (actual)
Steering angle: 10.059665680361213 (pred)       23.9 (actual)
Steering angle: 6.234162957375343 (pred)        23.39 (actual)
Steering angle: 3.8136540523231908 (pred)       23.189999999999998 (actual)
Steering angle: 3.444119260440933 (pred)        22.89 (actual)
Steering angle: 3.3210386112670687 (pred)       22.179999999999996 (actual)
Steering angle: 3.81909344422346 (pred) 21.28 (actual)
Steering angle: 3.6152741960879324 (pred)       19.66 (actual)
Steering angle: 4.095535105595971 (pred)        18.66 (actual)
Steering angle: 3.7700616506060536 (pred)       18.05 (actual)
Steering angle: 3.9138337175402373 (pred)       17.65 (actual)
Steering angle: 3.739079485644053 (pred)        17.55 (actual)
Steering angle: 3.6523480360159386 (pred)       17.34 (actual)
Steering angle: 4.145921837989978 (pred)        16.74 (actual)
Steering angle: 5.338755893037937 (pred)        16.24 (actual)
Steering angle: 5.5950715482473585 (pred)       16.24 (actual)
Steering angle: 5.852999128100905 (pred)        16.24 (actual)
Steering angle: 5.372501296406031 (pred)        16.24 (actual)
Steering angle: 4.881896919173655 (pred)        16.24 (actual)
Steering angle: 4.331925818335996 (pred)        16.03 (actual)
Steering angle: 4.04019179029865 (pred) 15.83 (actual)
Steering angle: 5.357489394383989 (pred)        15.63 (actual)
Steering angle: 5.53963687916989 (pred) 15.63 (actual)
Steering angle: 4.868949868715072 (pred)        15.33 (actual)
Steering angle: 3.9469614156752684 (pred)       14.52 (actual)
Steering angle: 3.1336180069985073 (pred)       13.41 (actual)
Steering angle: 2.713825402542826 (pred)        12.709999999999999 (actual)
Steering angle: 3.1207497171587915 (pred)       11.8 (actual)
Steering angle: 2.261983842954153 (pred)        11.290000000000001 (actual)
Steering angle: 2.5216889795391944 (pred)       10.69 (actual)
Steering angle: 2.3131904114919735 (pred)       9.78 (actual)
Steering angle: 1.8982568463005218 (pred)       8.87 (actual)
Steering angle: 2.239790850793489 (pred)        8.27 (actual)
Steering angle: 2.294553600011359 (pred)        7.87 (actual)
Steering angle: 2.6610308150229782 (pred)       7.460000000000001 (actual)
Steering angle: 2.517626937973741 (pred)        7.06 (actual)
Steering angle: 2.217271290213134 (pred)        6.45 (actual)
Steering angle: 2.211907030393735 (pred)        6.150000000000001 (actual)
Steering angle: 2.6077344220425456 (pred)       5.75 (actual)
Steering angle: 5.283968384384326 (pred)        5.139999999999999 (actual)
Steering angle: 5.9363184713517745 (pred)       4.84 (actual)
Steering angle: 3.6999711031170293 (pred)       4.64 (actual)
Steering angle: 2.8870870246619513 (pred)       4.64 (actual)
Steering angle: 2.4986898116130574 (pred)       4.44 (actual)
Steering angle: 12.977601040966116 (pred)       4.13 (actual)
Steering angle: 69.80087233613519 (pred)        4.03 (actual)
Steering angle: 57.81884222991107 (pred)        3.7300000000000004 (actual)
Steering angle: 56.883454653266995 (pred)       3.13 (actual)
Steering angle: -0.08191529914939595 (pred)     2.7200000000000006 (actual)
Steering angle: 3.138039914155856 (pred)        2.22 (actual)
Steering angle: 10.160632951766928 (pred)       1.71 (actual)
Steering angle: 22.836597471059648 (pred)       1.41 (actual)
Steering angle: 11.685907254758217 (pred)       1.21 (actual)
Steering angle: 1.5149774726523773 (pred)       1.21 (actual)
Steering angle: 1.6872382586146837 (pred)       1.21 (actual)
Steering angle: 0.7072929824246773 (pred)       0.0 (actual)
Steering angle: 0.3243025044340829 (pred)       0.91 (actual)
Steering angle: 1.4252597362530863 (pred)       0.61 (actual)
Steering angle: 1.1817737376258868 (pred)       0.4 (actual)
Steering angle: 1.6821500878481417 (pred)       0.4 (actual)
Steering angle: 2.4176297668735804 (pred)       0.4 (actual)
Steering angle: 1.4526487948248374 (pred)       1.41 (actual)
Steering angle: 1.069507412342268 (pred)        2.32 (actual)
Steering angle: 0.349519322725932 (pred)        3.23 (actual)
Steering angle: 0.3297196448586964 (pred)       3.9300000000000006 (actual)
Steering angle: 1.2508056057935593 (pred)       4.13 (actual)
Steering angle: 1.2870463760862354 (pred)       4.24 (actual)
Steering angle: 1.3076077000872068 (pred)       4.24 (actual)
Steering angle: 0.9072205168371783 (pred)       4.24 (actual)
Steering angle: 0.3943983346475437 (pred)       4.24 (actual)
Steering angle: 0.11423402007417734 (pred)      4.24 (actual)
Steering angle: 0.24326876659508143 (pred)      3.7300000000000004 (actual)
Steering angle: -0.14532414738178948 (pred)     3.23 (actual)
Steering angle: 0.14948287881268096 (pred)      2.52 (actual)
Steering angle: -0.08066110566305236 (pred)     2.12 (actual)
Steering angle: -1.9936905972614674 (pred)      1.71 (actual)
Steering angle: -3.680433773883031 (pred)       1.21 (actual)
Steering angle: -4.286767168864811 (pred)       0.71 (actual)
Steering angle: -4.175154620750809 (pred)       0.0 (actual)
Steering angle: -3.8660680702402224 (pred)      -0.3 (actual)
Steering angle: -3.0939247895238013 (pred)      -0.61 (actual)
Steering angle: -3.179546973742023 (pred)       -0.61 (actual)
Steering angle: -5.671897942918486 (pred)       0.0 (actual)
Steering angle: -5.189661401193021 (pred)       0.0 (actual)
Steering angle: -4.509554279212287 (pred)       -0.61 (actual)
Steering angle: -3.6428079692927233 (pred)      -0.61 (actual)
Steering angle: -3.7577391355697047 (pred)      -0.2 (actual)
Steering angle: -4.862531198442553 (pred)       0.1 (actual)
Steering angle: -4.96936602923213 (pred)        0.4 (actual)
Steering angle: -4.643077220410043 (pred)       0.5 (actual)
Steering angle: -4.637668137474216 (pred)       0.61 (actual)
Steering angle: -4.571187771848367 (pred)       0.71 (actual)
Steering angle: -4.292550204657696 (pred)       0.71 (actual)
Steering angle: -4.355102357737143 (pred)       0.71 (actual)
Steering angle: -5.082479938303065 (pred)       0.71 (actual)
Steering angle: -4.9950035711685965 (pred)      0.71 (actual)
Steering angle: -4.8511205136604 (pred) 1.01 (actual)
Steering angle: -4.791433198050951 (pred)       1.41 (actual)
Steering angle: -4.724525945601975 (pred)       1.82 (actual)
Steering angle: -4.191766494585926 (pred)       2.02 (actual)
Steering angle: -4.292812740053918 (pred)       2.02 (actual)
Steering angle: -4.192674482858715 (pred)       2.02 (actual)
Steering angle: -3.8163438661957065 (pred)      2.12 (actual)
Steering angle: -3.9114973659572696 (pred)      2.12 (actual)
Steering angle: -3.2081449757968667 (pred)      2.12 (actual)
Steering angle: -2.1827216320702707 (pred)      2.22 (actual)
Steering angle: -1.443564323063603 (pred)       2.22 (actual)
Steering angle: -1.6375509802803683 (pred)      2.32 (actual)
Steering angle: -1.8478261445637327 (pred)      2.32 (actual)
Steering angle: -1.5644694502651126 (pred)      2.32 (actual)
Steering angle: -2.792176636946158 (pred)       2.32 (actual)
Steering angle: -3.811882898894042 (pred)       2.32 (actual)
Steering angle: -4.984672483162129 (pred)       2.32 (actual)
Steering angle: -3.8810466750900603 (pred)      2.32 (actual)
Steering angle: -3.282246765319393 (pred)       2.42 (actual)
Steering angle: -2.9822665645197253 (pred)      2.42 (actual)
Steering angle: -2.0664596461221945 (pred)      2.42 (actual)
Steering angle: -1.7867564626992967 (pred)      2.62 (actual)
Steering angle: -0.49150596220281817 (pred)     2.92 (actual)
Steering angle: -0.7460159928721242 (pred)      3.23 (actual)
Steering angle: -1.2299997823646427 (pred)      4.03 (actual)
Steering angle: -0.134917513747842 (pred)       4.54 (actual)
Steering angle: 0.142413646361931 (pred)        5.24 (actual)
Steering angle: 1.3331013811642793 (pred)       5.75 (actual)
Steering angle: 1.4158022721301458 (pred)       6.050000000000001 (actual)
Steering angle: 1.6340516822695001 (pred)       6.150000000000001 (actual)
Steering angle: 2.0072286725266673 (pred)       6.25 (actual)
Steering angle: 2.080076482006261 (pred)        6.25 (actual)
Steering angle: 2.0260225783581918 (pred)       6.25 (actual)
Steering angle: 1.9053642984621548 (pred)       6.25 (actual)
Steering angle: 2.075789684528432 (pred)        5.949999999999999 (actual)
Steering angle: 2.230361561200875 (pred)        5.65 (actual)
Steering angle: 2.180146650753176 (pred)        5.65 (actual)
Steering angle: 2.232057369105742 (pred)        5.65 (actual)
Steering angle: 2.244280846399126 (pred)        5.65 (actual)
Steering angle: 2.2004476805137463 (pred)       5.55 (actual)
Steering angle: 2.1546860534048955 (pred)       5.340000000000001 (actual)
Steering angle: 2.366415941259767 (pred)        5.139999999999999 (actual)
Steering angle: 2.502306396778579 (pred)        4.94 (actual)
Steering angle: 2.5665411242713754 (pred)       4.64 (actual)
Steering angle: 2.8043123889973898 (pred)       4.54 (actual)
Steering angle: 2.89074138931132 (pred) 4.44 (actual)
Steering angle: 2.633901090196276 (pred)        4.44 (actual)
Steering angle: 1.737871091262223 (pred)        4.44 (actual)
Steering angle: 1.392778558211679 (pred)        4.44 (actual)
Steering angle: 2.243444575112623 (pred)        4.34 (actual)
Steering angle: 3.145691647016974 (pred)        4.13 (actual)
Steering angle: 3.042300725672964 (pred)        3.9300000000000006 (actual)
Steering angle: 2.962103205759613 (pred)        3.4300000000000006 (actual)
Steering angle: 2.7665115608096005 (pred)       2.42 (actual)
Steering angle: 2.866860700095428 (pred)        1.21 (actual)
Steering angle: 2.855466877342789 (pred)        0.3 (actual)
Steering angle: 2.5236763511442564 (pred)       -0.2 (actual)
Steering angle: 2.4557697566423435 (pred)       -0.2 (actual)
Steering angle: 2.8458158200455608 (pred)       -0.2 (actual)
Steering angle: 3.191292551236918 (pred)        -0.3 (actual)
Steering angle: 3.3183929801807466 (pred)       -0.81 (actual)
Steering angle: 3.247093916095453 (pred)        -1.82 (actual)
Steering angle: 3.878466144244265 (pred)        -2.52 (actual)
Steering angle: 3.884178743711334 (pred)        -3.23 (actual)
Steering angle: 3.3085250643773705 (pred)       -3.63 (actual)
Steering angle: 3.330417101327731 (pred)        -3.63 (actual)
Steering angle: 2.731898723416915 (pred)        -3.63 (actual)
Steering angle: 2.4701884994236516 (pred)       -3.63 (actual)
Steering angle: -0.3801925550301221 (pred)      -3.63 (actual)
Steering angle: -0.6687149000536817 (pred)      -3.63 (actual)
Steering angle: -2.665841189189371 (pred)       -3.7300000000000004 (actual)
Steering angle: -0.5765997138948634 (pred)      -3.7300000000000004 (actual)
Steering angle: 1.8961230525151276 (pred)       -3.7300000000000004 (actual)
Steering angle: 3.526952166156851 (pred)        -3.7300000000000004 (actual)
Steering angle: 3.407927795576328 (pred)        -3.7300000000000004 (actual)
Steering angle: 1.8945999203302148 (pred)       -3.7300000000000004 (actual)
Steering angle: 2.140504232810422 (pred)        -3.7300000000000004 (actual)
Steering angle: 1.530873670728524 (pred)        -3.7300000000000004 (actual)
Steering angle: -0.7842847423789122 (pred)      -3.829999999999999 (actual)
Steering angle: -1.5651267492510206 (pred)      -4.13 (actual)
Steering angle: -1.0451410326433648 (pred)      -4.24 (actual)
Steering angle: -1.0703892537971402 (pred)      -4.24 (actual)
Steering angle: -1.0186353096303669 (pred)      -4.24 (actual)
Steering angle: -0.7488222401256474 (pred)      -4.24 (actual)
Steering angle: -0.958186641371873 (pred)       -4.44 (actual)
Steering angle: -0.9706832195103519 (pred)      -4.74 (actual)
Steering angle: -1.7890781934085722 (pred)      -5.139999999999999 (actual)
Steering angle: -2.4244236706636277 (pred)      -5.849999999999999 (actual)
Steering angle: -3.1551017267025476 (pred)      -6.45 (actual)
Steering angle: -4.6581164431887645 (pred)      -6.96 (actual)
Steering angle: -3.788085239165248 (pred)       -6.96 (actual)
Steering angle: -4.403939490963203 (pred)       -6.45 (actual)
Steering angle: -3.8230737369622845 (pred)      -5.05 (actual)
Steering angle: -2.2838972242456697 (pred)      -5.949999999999999 (actual)
Steering angle: 0.5240716638352043 (pred)       -5.949999999999999 (actual)
Steering angle: 0.9165747810706282 (pred)       -5.949999999999999 (actual)
Steering angle: -0.19934826233373257 (pred)     -5.65 (actual)
Steering angle: 0.42388559531581105 (pred)      -5.340000000000001 (actual)
Steering angle: 0.6738322058459022 (pred)       -5.04 (actual)
Steering angle: 0.8156533999984007 (pred)       -4.44 (actual)
Steering angle: 0.8643423501359837 (pred)       -3.4300000000000006 (actual)
Steering angle: 0.4696522917056864 (pred)       -2.7200000000000006 (actual)
Steering angle: 0.6000291837387112 (pred)       -2.12 (actual)
Steering angle: 0.6622469243530912 (pred)       -1.51 (actual)
Steering angle: 0.8454553829770175 (pred)       -0.81 (actual)
Steering angle: 1.1397195158541777 (pred)       0.2 (actual)
Steering angle: 1.3049143643984003 (pred)       1.11 (actual)
Steering angle: 1.5210595426648619 (pred)       1.51 (actual)
Steering angle: 1.6490686002117136 (pred)       1.6100000000000003 (actual)
Steering angle: 1.573578361296971 (pred)        1.82 (actual)
Steering angle: 1.2726518591321394 (pred)       2.12 (actual)
Steering angle: 1.251139324567538 (pred)        2.42 (actual)
Steering angle: 1.1274263492869183 (pred)       2.7200000000000006 (actual)
Steering angle: 0.5525443746074603 (pred)       2.92 (actual)
Steering angle: 0.29564663253427953 (pred)      2.92 (actual)
Steering angle: 0.31095127219527985 (pred)      3.03 (actual)
Steering angle: 0.23111705964883536 (pred)      3.03 (actual)
Steering angle: 0.09335159047082944 (pred)      2.7200000000000006 (actual)
Steering angle: 0.28399526362516336 (pred)      2.32 (actual)
Steering angle: 0.5132938387683358 (pred)       2.02 (actual)
Steering angle: 0.4100153487413663 (pred)       1.92 (actual)
Steering angle: 0.43770456211062775 (pred)      1.82 (actual)
Steering angle: 0.5779264247802854 (pred)       1.51 (actual)
Steering angle: 0.49357801748141794 (pred)      1.11 (actual)
Steering angle: 1.0514533013752203 (pred)       0.5 (actual)
Steering angle: 1.2148640831638944 (pred)       0.0 (actual)
Steering angle: 0.8524149188544373 (pred)       -0.3 (actual)
Steering angle: 0.7098208994695224 (pred)       -0.3 (actual)
Steering angle: 0.8426627961018343 (pred)       -0.3 (actual)
Steering angle: 0.5166166190778412 (pred)       -0.5 (actual)
Steering angle: 0.5192239904326407 (pred)       -0.71 (actual)
Steering angle: 0.6302152047755826 (pred)       -0.81 (actual)
Steering angle: 0.1502128552802261 (pred)       -0.81 (actual)
Steering angle: 0.023686242267957968 (pred)     -0.81 (actual)
Steering angle: 0.2608367868727211 (pred)       -0.81 (actual)
Steering angle: -0.4847680873083064 (pred)      -0.81 (actual)
Steering angle: -0.5911186149970478 (pred)      -0.81 (actual)
Steering angle: -0.4636179262956859 (pred)      -0.81 (actual)
Steering angle: -1.67071154870078 (pred)        -0.81 (actual)
Steering angle: -1.8510431636628089 (pred)      -0.61 (actual)
Steering angle: -2.749973751838296 (pred)       -0.5 (actual)
Steering angle: -2.7440818599055135 (pred)      -0.2 (actual)
Steering angle: -2.688817518670471 (pred)       0.0 (actual)
Steering angle: -2.710524500183006 (pred)       0.0 (actual)
Steering angle: -2.4868825489722206 (pred)      0.0 (actual)
Steering angle: -2.0223268056869803 (pred)      0.0 (actual)
Steering angle: -1.7890918537869123 (pred)      0.0 (actual)
Steering angle: -2.2639754834274464 (pred)      0.1 (actual)
Steering angle: -1.7556080253196882 (pred)      0.1 (actual)
Steering angle: -2.6498596137485992 (pred)      0.2 (actual)
Steering angle: -3.1597528720839145 (pred)      0.3 (actual)
Steering angle: -3.6449880802984267 (pred)      0.5 (actual)
Steering angle: -3.5685862245728988 (pred)      0.71 (actual)
Steering angle: -3.368380573395131 (pred)       0.81 (actual)
Steering angle: -3.4205235181794778 (pred)      0.91 (actual)
Steering angle: -2.726523791426938 (pred)       1.01 (actual)
Steering angle: -0.8571121146518492 (pred)      1.01 (actual)
Steering angle: -0.6339699945500913 (pred)      1.11 (actual)
Steering angle: -0.08847568917708659 (pred)     1.11 (actual)
Steering angle: -1.3673176406982814 (pred)      0.81 (actual)
Steering angle: -1.4140778628081292 (pred)      0.71 (actual)
Steering angle: -0.6363587464905974 (pred)      0.71 (actual)
Steering angle: -0.7720071571806969 (pred)      0.71 (actual)
Steering angle: -0.41085290068833913 (pred)     0.71 (actual)
Steering angle: -0.148967199530345 (pred)       0.71 (actual)
Steering angle: -0.03587300729455322 (pred)     0.71 (actual)
Steering angle: 0.057897799376798974 (pred)     0.71 (actual)
Steering angle: 0.24494216294173454 (pred)      0.71 (actual)
Steering angle: 0.33164743907150607 (pred)      0.71 (actual)
Steering angle: 0.4056551800908123 (pred)       0.71 (actual)
Steering angle: 0.5591874272663853 (pred)       0.71 (actual)
Steering angle: 0.6263041744238098 (pred)       0.81 (actual)
Steering angle: 0.8889441045569878 (pred)       0.91 (actual)
Steering angle: 0.9705979488674324 (pred)       0.91 (actual)
Steering angle: 1.3718368780513026 (pred)       0.91 (actual)
Steering angle: 1.4199501179470475 (pred)       0.91 (actual)
Steering angle: 1.4298139783256039 (pred)       0.91 (actual)
Steering angle: 1.4291891227382534 (pred)       0.91 (actual)
Steering angle: 1.4691939675938412 (pred)       0.91 (actual)
Steering angle: 1.4973116152509622 (pred)       0.91 (actual)
Steering angle: 1.3764099031440378 (pred)       0.81 (actual)
Steering angle: 1.8436872633701167 (pred)       0.5 (actual)
Steering angle: 1.6881734609224466 (pred)       0.3 (actual)
Steering angle: 1.4914771395958906 (pred)       0.0 (actual)
Steering angle: 1.7976782553472646 (pred)       -0.1 (actual)
Steering angle: 1.5533715668026056 (pred)       -0.3 (actual)
Steering angle: 1.7075660755234052 (pred)       -0.4 (actual)
Steering angle: 1.5785677077639595 (pred)       -0.4 (actual)
Steering angle: 1.4222746234206733 (pred)       -0.5 (actual)
Steering angle: 1.6021704936579964 (pred)       -0.5 (actual)
Steering angle: 1.5778302607770096 (pred)       -0.61 (actual)
Steering angle: 1.5248547799658618 (pred)       -0.71 (actual)
Steering angle: 1.6325301509101742 (pred)       -0.81 (actual)
Steering angle: 1.4161411135460018 (pred)       -0.91 (actual)
Steering angle: 1.5820940063663902 (pred)       -1.11 (actual)
Steering angle: 1.4885286323085607 (pred)       -1.6100000000000003 (actual)
Steering angle: 1.7627933843265418 (pred)       -2.12 (actual)
Steering angle: 1.827164395437621 (pred)        -2.32 (actual)
Steering angle: 1.5085538931813918 (pred)       -2.52 (actual)
Steering angle: 1.3710224847144843 (pred)       -2.52 (actual)
Steering angle: 0.8238048038859878 (pred)       -2.52 (actual)
Steering angle: 0.8780966969379498 (pred)       -2.52 (actual)
Steering angle: 0.5578606630201103 (pred)       -2.62 (actual)
Steering angle: 0.4091009838466573 (pred)       -2.62 (actual)
Steering angle: -0.10108848058305478 (pred)     -2.62 (actual)
Steering angle: 0.10889879522885774 (pred)      -2.62 (actual)
Steering angle: 0.06564835653747095 (pred)      -2.62 (actual)
Steering angle: 0.3242751836774029 (pred)       -2.62 (actual)
Steering angle: 0.7214223493007593 (pred)       -2.62 (actual)
Steering angle: 1.2983326233594468 (pred)       -2.62 (actual)
Steering angle: 1.3748323428891762 (pred)       -2.62 (actual)
Steering angle: 1.3882423521074385 (pred)       -2.62 (actual)
Steering angle: 1.835126901905975 (pred)        -2.62 (actual)
Steering angle: 1.988808079221966 (pred)        -2.52 (actual)
Steering angle: 2.5777607772001794 (pred)       -2.32 (actual)
Steering angle: 2.7123880746093616 (pred)       -2.12 (actual)
Steering angle: 2.926147595864785 (pred)        -1.92 (actual)
Steering angle: 2.9748137609181837 (pred)       -1.6100000000000003 (actual)
Steering angle: 2.902957609528711 (pred)        -1.21 (actual)
Steering angle: 2.9130127152040273 (pred)       -0.81 (actual)
Steering angle: 2.8225882676690515 (pred)       -0.2 (actual)
Steering angle: 2.8185962355425906 (pred)       0.5 (actual)
Steering angle: 2.9074309565482457 (pred)       1.71 (actual)
Steering angle: 2.896074059505807 (pred)        2.42 (actual)
Steering angle: 3.0040561486325355 (pred)       2.92 (actual)
Steering angle: 4.029150362618501 (pred)        3.23 (actual)
Steering angle: 3.9256503716911824 (pred)       3.4300000000000006 (actual)
Steering angle: 4.096995485417884 (pred)        3.7300000000000004 (actual)
Steering angle: 3.817431146934208 (pred)        4.44 (actual)
Steering angle: 3.7892130741519465 (pred)       5.55 (actual)
Steering angle: 3.1574690275801918 (pred)       7.16 (actual)
Steering angle: 3.342391063272998 (pred)        8.469999999999999 (actual)
Steering angle: 3.472218872129777 (pred)        9.58 (actual)
Steering angle: 3.5676355476177974 (pred)       10.49 (actual)
Steering angle: 4.462918601333086 (pred)        10.79 (actual)
Steering angle: 5.858678003508946 (pred)        10.99 (actual)
Steering angle: 6.15861252741854 (pred) 11.089999999999998 (actual)
Steering angle: 6.228699232926156 (pred)        11.19 (actual)
Steering angle: 5.7805773516707895 (pred)       11.6 (actual)
Steering angle: 5.48095872401031 (pred) 12.0 (actual)
Steering angle: 5.02203660612986 (pred) 12.4 (actual)
Steering angle: 4.868764172947013 (pred)        12.61 (actual)
Steering angle: 5.2391969212617155 (pred)       12.81 (actual)
Steering angle: 5.439740239916575 (pred)        12.81 (actual)
Steering angle: 5.451678556812111 (pred)        12.81 (actual)
Steering angle: 5.760341635594157 (pred)        12.81 (actual)
Steering angle: 5.552977946166217 (pred)        12.709999999999999 (actual)
Steering angle: 5.5969754634785 (pred)  12.61 (actual)
Steering angle: 5.442435176430968 (pred)        12.4 (actual)
Steering angle: 4.830110851773441 (pred)        12.2 (actual)
Steering angle: 4.502992174967197 (pred)        11.5 (actual)
Steering angle: 4.479467722805204 (pred)        10.389999999999999 (actual)
Steering angle: 4.610880989323072 (pred)        9.68 (actual)
Steering angle: 4.590452320402387 (pred)        9.380000000000003 (actual)
Steering angle: 4.766186257557646 (pred)        8.77 (actual)
Steering angle: 4.853899119992126 (pred)        8.37 (actual)
Steering angle: 5.134423953827835 (pred)        7.969999999999999 (actual)
Steering angle: 5.897105501553085 (pred)        7.559999999999999 (actual)
Steering angle: 6.222429973041731 (pred)        7.06 (actual)
Steering angle: 6.309286927395844 (pred)        6.25 (actual)
Steering angle: 6.570614233908763 (pred)        5.340000000000001 (actual)
Steering angle: 6.646208206321526 (pred)        4.64 (actual)
Steering angle: 7.594893734392794 (pred)        4.13 (actual)
Steering angle: 7.480798839402316 (pred)        3.7300000000000004 (actual)
Steering angle: 7.379343209470946 (pred)        3.23 (actual)
Steering angle: 6.6095574112352375 (pred)       2.7200000000000006 (actual)
Steering angle: 5.49646752229447 (pred) 2.32 (actual)
Steering angle: 5.087997023605143 (pred)        2.02 (actual)
Steering angle: 4.989065575458916 (pred)        1.41 (actual)
Steering angle: 4.649091201974239 (pred)        0.81 (actual)
Steering angle: 3.9765288777054306 (pred)       -0.1 (actual)
Steering angle: 3.7347243862745234 (pred)       -0.81 (actual)
Steering angle: 3.548947509718408 (pred)        -1.51 (actual)
Steering angle: 3.674386495146631 (pred)        -1.71 (actual)
Steering angle: 3.8097232784558486 (pred)       -1.71 (actual)
Steering angle: 3.749234269392569 (pred)        -1.71 (actual)
Steering angle: 3.8204364301690132 (pred)       -1.71 (actual)
Steering angle: 4.092949025221475 (pred)        -1.71 (actual)
Steering angle: 3.5952578998383866 (pred)       -1.71 (actual)
Steering angle: 3.1289664347303168 (pred)       -1.6100000000000003 (actual)
Steering angle: 2.9645966516934905 (pred)       -1.6100000000000003 (actual)
Steering angle: 2.903757381991837 (pred)        -1.6100000000000003 (actual)
Steering angle: 2.7635690299377944 (pred)       -1.6100000000000003 (actual)
Steering angle: 2.304079579469411 (pred)        -1.41 (actual)
Steering angle: 0.8240575208852783 (pred)       -1.41 (actual)
Steering angle: 0.4886321601095353 (pred)       -1.21 (actual)
Steering angle: 0.39895487123673556 (pred)      -1.11 (actual)
Steering angle: 0.06994113043082396 (pred)      -0.71 (actual)
Steering angle: -0.2474898235021493 (pred)      -0.3 (actual)
Steering angle: 0.2685745107482729 (pred)       0.0 (actual)
Steering angle: 0.8958626592993876 (pred)       0.1 (actual)
Steering angle: -1.1987927547685602 (pred)      0.1 (actual)
Steering angle: -2.3345778682173988 (pred)      0.1 (actual)
Steering angle: -5.836417563230229 (pred)       0.1 (actual)
Steering angle: -7.07777498968925 (pred)        0.1 (actual)
Steering angle: -11.846414992706222 (pred)      0.2 (actual)
Steering angle: -7.834467742172868 (pred)       0.0 (actual)
Steering angle: -9.451430504582408 (pred)       -0.1 (actual)
Steering angle: -8.576488394545652 (pred)       -0.1 (actual)
Steering angle: -10.04788189649565 (pred)       -0.2 (actual)
Steering angle: -9.755571998133906 (pred)       -0.3 (actual)
Steering angle: -10.724483850771698 (pred)      -0.5 (actual)
Steering angle: -9.356024714708377 (pred)       -1.31 (actual)
Steering angle: -8.318009276916628 (pred)       -2.32 (actual)
Steering angle: -8.148663274182624 (pred)       -3.13 (actual)
Steering angle: -5.913547901319421 (pred)       -3.9300000000000006 (actual)
Steering angle: -5.871345016211558 (pred)       -4.34 (actual)
Steering angle: -7.3518909716493726 (pred)      -4.64 (actual)
Steering angle: -6.629982238174514 (pred)       -4.94 (actual)
Steering angle: -6.2452013968477305 (pred)      -5.139999999999999 (actual)
Steering angle: -5.8700404500800865 (pred)      -5.55 (actual)
Steering angle: -2.1437445172413585 (pred)      -5.949999999999999 (actual)
Steering angle: -1.6023108327010989 (pred)      -6.050000000000001 (actual)
Steering angle: -2.0985049727171905 (pred)      -6.050000000000001 (actual)
Steering angle: -2.7499148414567043 (pred)      -6.150000000000001 (actual)
Steering angle: -2.863750189258722 (pred)       -6.25 (actual)
Steering angle: -3.818161550288576 (pred)       -6.25 (actual)
Steering angle: -2.3632638089578064 (pred)      -6.45 (actual)
Steering angle: -1.9334617757168833 (pred)      -6.55 (actual)
Steering angle: -1.3730976882834047 (pred)      -6.659999999999999 (actual)
Steering angle: -0.5339436350633999 (pred)      -6.860000000000001 (actual)
Steering angle: -1.300591494984017 (pred)       -7.06 (actual)
Steering angle: -2.172195883672458 (pred)       -7.36 (actual)
Steering angle: -1.4306547319237501 (pred)      -7.559999999999999 (actual)
Steering angle: -1.130422774620144 (pred)       -7.659999999999998 (actual)
Steering angle: -0.6987675189583262 (pred)      -7.659999999999998 (actual)
Steering angle: -0.15693630940424416 (pred)     -7.659999999999998 (actual)
Steering angle: -1.743213259688525 (pred)       -7.659999999999998 (actual)
Steering angle: -0.8773428681691625 (pred)      -7.659999999999998 (actual)
Steering angle: -0.6002921460217566 (pred)      -7.659999999999998 (actual)
Steering angle: -0.19621663393949493 (pred)     -7.659999999999998 (actual)
Steering angle: -0.6201316044048223 (pred)      -7.659999999999998 (actual)
Steering angle: -1.1764468304035114 (pred)      -7.760000000000002 (actual)
Steering angle: -0.8409015677913231 (pred)      -7.87 (actual)
Steering angle: -1.343248801115097 (pred)       -7.969999999999999 (actual)
Steering angle: -1.7238003679634677 (pred)      -8.17 (actual)
Steering angle: -3.1380996783110935 (pred)      -8.27 (actual)
Steering angle: -2.890488885755441 (pred)       -8.37 (actual)
Steering angle: -3.1086013719462775 (pred)      -8.37 (actual)
Steering angle: -3.559549243970737 (pred)       -8.469999999999999 (actual)
Steering angle: -3.5868887836710055 (pred)      -8.570000000000002 (actual)
Steering angle: -3.821487425527549 (pred)       -8.67 (actual)
Steering angle: -4.46909479989007 (pred)        -8.77 (actual)
Steering angle: -3.7524585455676385 (pred)      -8.77 (actual)
Steering angle: -4.082294783889901 (pred)       -8.87 (actual)
Steering angle: -4.523816567972919 (pred)       -8.97 (actual)
Steering angle: -4.649390876524073 (pred)       -8.97 (actual)
Steering angle: -5.23360513076559 (pred)        -8.97 (actual)
Steering angle: -5.196681128112502 (pred)       -8.97 (actual)
Steering angle: -5.596765008274699 (pred)       -9.08 (actual)
Steering angle: -6.031392570164236 (pred)       -9.28 (actual)
Steering angle: -6.02985663137463 (pred)        -9.380000000000003 (actual)
Steering angle: -5.785610774202266 (pred)       -9.58 (actual)
Steering angle: -6.330696582236072 (pred)       -9.58 (actual)
Steering angle: -6.971761916034191 (pred)       -9.78 (actual)
Steering angle: -7.199729724867121 (pred)       -9.88 (actual)
Steering angle: -7.63779500634329 (pred)        -10.08 (actual)
Steering angle: -7.464847786369397 (pred)       -10.08 (actual)
Steering angle: -7.675857943040478 (pred)       -10.08 (actual)
Steering angle: -7.938490669458516 (pred)       -10.08 (actual)
Steering angle: -9.501628979887418 (pred)       -9.88 (actual)
Steering angle: -9.209734869291399 (pred)       -9.78 (actual)
Steering angle: -8.814506826742257 (pred)       -9.58 (actual)
Steering angle: -8.837539932170833 (pred)       -9.48 (actual)
Steering angle: -8.014010363564054 (pred)       -9.48 (actual)
Steering angle: -8.01061319822562 (pred)        -9.380000000000003 (actual)
Steering angle: -7.446231252012881 (pred)       -9.380000000000003 (actual)
Steering angle: -6.534313912904262 (pred)       -9.28 (actual)
Steering angle: -6.606753618580947 (pred)       -9.28 (actual)
Steering angle: -6.29094103928519 (pred)        -9.28 (actual)
Steering angle: -5.984516555003616 (pred)       -9.28 (actual)
Steering angle: -5.99053437854922 (pred)        -9.28 (actual)
Steering angle: -5.692804725081071 (pred)       -9.28 (actual)
Steering angle: -5.694353043588548 (pred)       -9.28 (actual)
Steering angle: -5.283477464537731 (pred)       -9.28 (actual)
Steering angle: -4.6378965219245885 (pred)      -9.08 (actual)
Steering angle: -4.125321133679574 (pred)       -8.97 (actual)
Steering angle: -3.756260399614397 (pred)       -8.87 (actual)
Steering angle: -3.5583125528441415 (pred)      -8.87 (actual)
Steering angle: -3.469585620761326 (pred)       -8.87 (actual)
Steering angle: -3.1383735262081287 (pred)      -8.87 (actual)
Steering angle: -2.591864050619198 (pred)       -8.87 (actual)
Steering angle: -1.9183457133099988 (pred)      -8.87 (actual)
Steering angle: -1.645777196083708 (pred)       -8.87 (actual)
Steering angle: -1.5480825457857827 (pred)      -8.87 (actual)
Steering angle: -1.6434066935548906 (pred)      -8.87 (actual)
Steering angle: -1.0057092833478234 (pred)      -8.87 (actual)
Steering angle: -0.5452276945416428 (pred)      -8.77 (actual)
Steering angle: -0.11503059088613007 (pred)     -8.77 (actual)
Steering angle: 0.25787251145336204 (pred)      -8.87 (actual)
Steering angle: 0.6907277993358394 (pred)       -8.87 (actual)
Steering angle: 0.4306499371933566 (pred)       -8.87 (actual)
Steering angle: 0.6131871696487705 (pred)       -8.87 (actual)
Steering angle: 1.0408631997888214 (pred)       -8.87 (actual)
Steering angle: 0.7607942277193575 (pred)       -8.87 (actual)
Steering angle: 1.4068134230172917 (pred)       -8.87 (actual)
Steering angle: 1.5635142909983688 (pred)       -8.87 (actual)
Steering angle: 1.6460323676822315 (pred)       -8.97 (actual)
Steering angle: 1.5844704853107314 (pred)       -8.97 (actual)
Steering angle: 1.7365194608585008 (pred)       0.0 (actual)
Steering angle: 1.9129808131603654 (pred)       -9.380000000000003 (actual)
Steering angle: 1.8325999453564819 (pred)       -9.68 (actual)
Steering angle: 2.244660348784885 (pred)        -9.88 (actual)
Steering angle: 1.9404595179649728 (pred)       -10.08 (actual)
Steering angle: 1.6939838174720119 (pred)       -10.08 (actual)
Steering angle: 1.7052455187528934 (pred)       -10.08 (actual)
Steering angle: 1.5664746443950404 (pred)       -10.08 (actual)
Steering angle: 1.2303173861610481 (pred)       -10.08 (actual)
Steering angle: 1.2888612854147548 (pred)       -10.08 (actual)
Steering angle: 1.226579992024582 (pred)        -10.08 (actual)
Steering angle: 1.1019112171469836 (pred)       -10.08 (actual)
Steering angle: 1.2938159473273643 (pred)       -10.08 (actual)
Steering angle: 1.5167743460126195 (pred)       -10.08 (actual)
Steering angle: 1.5487133777886568 (pred)       -10.08 (actual)
Steering angle: 1.5698037212851867 (pred)       -10.08 (actual)
Steering angle: 1.5270357447452116 (pred)       -10.08 (actual)
Steering angle: 1.6411881627351057 (pred)       -10.08 (actual)
Steering angle: 1.4221149677488243 (pred)       -10.08 (actual)
Steering angle: 0.7871515542004663 (pred)       -10.08 (actual)
Steering angle: 0.5925213117369862 (pred)       -9.88 (actual)
Steering angle: 0.029389450224918616 (pred)     -9.78 (actual)
Steering angle: -0.24204704318772183 (pred)     -9.78 (actual)
Steering angle: -0.6752767908553599 (pred)      -9.78 (actual)
Steering angle: -0.4814572064689956 (pred)      -9.78 (actual)
Steering angle: -0.16631413245424523 (pred)     -9.78 (actual)
Steering angle: 0.07652713366790215 (pred)      -9.78 (actual)
Steering angle: 0.045965462231840004 (pred)     -9.78 (actual)
Steering angle: -0.54149590329473 (pred)        -9.78 (actual)
Steering angle: -0.5331948755756373 (pred)      -9.78 (actual)
Steering angle: -0.19444505362352288 (pred)     -9.78 (actual)
Steering angle: -0.35373779163163466 (pred)     -9.78 (actual)
Steering angle: 0.04751079253155539 (pred)      -9.78 (actual)
Steering angle: -0.24330547886187023 (pred)     -9.68 (actual)
Steering angle: -0.22749025587998503 (pred)     -9.68 (actual)
Steering angle: -0.01532523695021611 (pred)     -9.68 (actual)
Steering angle: 0.4523175383964585 (pred)       -9.88 (actual)
Steering angle: 0.9524248431984383 (pred)       -10.08 (actual)
Steering angle: 0.9813768411513588 (pred)       -10.08 (actual)
Steering angle: 0.9781156392660892 (pred)       -10.08 (actual)
Steering angle: 1.122519391976793 (pred)        -10.08 (actual)
Steering angle: 1.0845632837070918 (pred)       -10.18 (actual)
Steering angle: 1.828275795281629 (pred)        -10.389999999999999 (actual)
Steering angle: 1.8304452341167543 (pred)       -10.79 (actual)
Steering angle: 1.8901906063341485 (pred)       -11.39 (actual)
Steering angle: 1.9809702237059648 (pred)       -11.8 (actual)
Steering angle: 1.9903038906501986 (pred)       -12.4 (actual)
Steering angle: 2.1976895647495307 (pred)       -12.709999999999999 (actual)
Steering angle: 2.1144816389594965 (pred)       -13.01 (actual)
Steering angle: 2.1520688102923113 (pred)       -13.41 (actual)
Steering angle: 1.868655660211333 (pred)        -13.610000000000001 (actual)
Steering angle: 1.8295741715541662 (pred)       -13.71 (actual)
Steering angle: 1.7050129721559957 (pred)       -13.92 (actual)
Steering angle: 1.6607453422063794 (pred)       -13.92 (actual)
Steering angle: 1.4217222318715486 (pred)       -14.22 (actual)
Steering angle: 0.8867090318728069 (pred)       -14.82 (actual)
Steering angle: 1.0021783957120443 (pred)       -15.83 (actual)
Steering angle: 0.0015282548267903531 (pred)    -16.64 (actual)
Steering angle: 0.19579999240012416 (pred)      -16.939999999999998 (actual)
Steering angle: 1.397561611621392 (pred)        -16.939999999999998 (actual)
Steering angle: 1.6551807657452289 (pred)       -16.939999999999998 (actual)
Steering angle: 1.9670396260069005 (pred)       -16.939999999999998 (actual)
Steering angle: 1.4944648137492422 (pred)       -17.140000000000004 (actual)
Steering angle: 1.8947019462809418 (pred)       -17.75 (actual)
Steering angle: 1.2463732399090441 (pred)       -17.95 (actual)
Steering angle: 1.5040510909710607 (pred)       -17.95 (actual)
Steering angle: 0.7748475553800702 (pred)       -17.95 (actual)
Steering angle: 0.8747134054212663 (pred)       -17.95 (actual)
Steering angle: 1.4665809933494882 (pred)       -17.95 (actual)
Steering angle: 1.0270502094095284 (pred)       -18.05 (actual)
Steering angle: 1.4667951838129916 (pred)       -18.05 (actual)
Steering angle: 0.7063068738632567 (pred)       -18.05 (actual)
Steering angle: -0.08655214382218836 (pred)     -18.05 (actual)
Steering angle: -2.145944051597514 (pred)       -17.95 (actual)
Steering angle: -2.161722002023655 (pred)       -17.75 (actual)
Steering angle: -2.2000502488814164 (pred)      -17.239999999999995 (actual)
Steering angle: -2.499608045169601 (pred)       -16.64 (actual)
Steering angle: -2.72613212276672 (pred)        -15.929999999999998 (actual)
Steering angle: -2.598500433171511 (pred)       -15.33 (actual)
Steering angle: -2.576578087256709 (pred)       -14.72 (actual)
Steering angle: -2.493462155577059 (pred)       -14.12 (actual)
Steering angle: -2.9383631757519413 (pred)      -13.21 (actual)
Steering angle: -3.9411924671475465 (pred)      -12.100000000000001 (actual)
Steering angle: -3.965454152853078 (pred)       -11.19 (actual)
Steering angle: -4.0398814435782375 (pred)      -10.08 (actual)
Steering angle: -4.234911518912428 (pred)       -8.97 (actual)
Steering angle: -3.837982759259953 (pred)       -7.760000000000002 (actual)
Steering angle: -3.983751802752719 (pred)       -6.96 (actual)
Steering angle: -3.6820354532433988 (pred)      -6.659999999999999 (actual)
Steering angle: -3.1530746546229347 (pred)      -5.949999999999999 (actual)
Steering angle: -3.162928269717736 (pred)       -5.139999999999999 (actual)
Steering angle: -3.74559207101766 (pred)        -3.829999999999999 (actual)
Steering angle: -4.013814026610884 (pred)       -2.82 (actual)
Steering angle: -4.0289958295885295 (pred)      -2.02 (actual)
Steering angle: -3.836699110582814 (pred)       -1.21 (actual)
Steering angle: -4.343525613980794 (pred)       -0.81 (actual)
Steering angle: -4.33463441522873 (pred)        -0.4 (actual)
Steering angle: -4.483183772600514 (pred)       -0.1 (actual)
Steering angle: -4.709594725189505 (pred)       0.2 (actual)
Steering angle: -4.498729283151463 (pred)       0.71 (actual)
Steering angle: -5.1114181691559395 (pred)      1.21 (actual)
Steering angle: -5.661066116668492 (pred)       1.82 (actual)
Steering angle: -5.5755683699592105 (pred)      2.42 (actual)
Steering angle: -5.5767832898578265 (pred)      3.03 (actual)
Steering angle: -6.038101950363304 (pred)       3.4300000000000006 (actual)
Steering angle: -5.967500846233821 (pred)       3.4300000000000006 (actual)
Steering angle: -6.137298068339868 (pred)       3.53 (actual)
Steering angle: -6.136073756931144 (pred)       3.7300000000000004 (actual)
Steering angle: -6.196912813189386 (pred)       4.03 (actual)
Steering angle: -6.377448800217986 (pred)       4.44 (actual)
Steering angle: -5.9533854065403435 (pred)      4.94 (actual)
Steering angle: -6.159076553395278 (pred)       5.139999999999999 (actual)
Steering angle: -6.156665496618263 (pred)       5.24 (actual)
Steering angle: -6.2978800845951 (pred) 5.24 (actual)
Steering angle: -6.452354204185047 (pred)       5.24 (actual)
Steering angle: -6.60413594858154 (pred)        5.24 (actual)
Steering angle: -6.367175341932641 (pred)       5.139999999999999 (actual)
Steering angle: -6.492733001897693 (pred)       4.44 (actual)
Steering angle: -6.536916214978036 (pred)       3.03 (actual)
Steering angle: -6.809661036462278 (pred)       2.42 (actual)
Steering angle: -6.990602565972847 (pred)       2.12 (actual)
Steering angle: -6.717519223237867 (pred)       1.71 (actual)
Steering angle: -6.65884832515428 (pred)        1.21 (actual)
Steering angle: -6.87080318236494 (pred)        0.81 (actual)
Steering angle: -6.843747095515226 (pred)       -0.1 (actual)
Steering angle: -7.111982284599967 (pred)       -0.91 (actual)
Steering angle: -6.804357394571762 (pred)       -1.71 (actual)
Steering angle: -7.059131134576055 (pred)       -1.92 (actual)
Steering angle: -6.806203680081782 (pred)       -1.92 (actual)
Steering angle: -6.652449718562448 (pred)       -1.92 (actual)
Steering angle: -6.549747579107551 (pred)       -1.92 (actual)
Steering angle: -6.537920252786028 (pred)       -1.92 (actual)
Steering angle: -6.479751373606438 (pred)       -1.92 (actual)
Steering angle: -6.52834987709837 (pred)        -2.12 (actual)
Steering angle: -6.620451989848231 (pred)       -2.22 (actual)
Steering angle: -7.007255420942984 (pred)       -2.22 (actual)
Steering angle: -6.8658709320105435 (pred)      -1.82 (actual)
Steering angle: -6.46527820275518 (pred)        -1.82 (actual)
Steering angle: -6.546384564714966 (pred)       -1.82 (actual)
Steering angle: -6.719683539431115 (pred)       -1.71 (actual)
Steering angle: -6.396651877069477 (pred)       -1.21 (actual)
Steering angle: -6.231889785042198 (pred)       -0.91 (actual)
Steering angle: -5.257410474457201 (pred)       -0.91 (actual)
Steering angle: -5.34951386786753 (pred)        -0.81 (actual)
Steering angle: -4.968886208442937 (pred)       -0.81 (actual)
Steering angle: -4.163545860482727 (pred)       -0.61 (actual)
Steering angle: -4.325189117380249 (pred)       -0.5 (actual)
Steering angle: -3.789731314755221 (pred)       -0.4 (actual)
Steering angle: -3.82564060742974 (pred)        0.0 (actual)
Steering angle: -3.1313213558900905 (pred)      0.61 (actual)
Steering angle: -3.1555051347504013 (pred)      1.11 (actual)
Steering angle: -1.9359712299066283 (pred)      1.31 (actual)
Steering angle: -1.7206872958058228 (pred)      1.31 (actual)
Steering angle: -1.448525708443677 (pred)       1.31 (actual)
Steering angle: -1.0311471489727724 (pred)      1.31 (actual)
Steering angle: -0.35829945086270404 (pred)     1.31 (actual)
Steering angle: -0.4437440768429322 (pred)      1.31 (actual)
Steering angle: -0.46925614073382566 (pred)     1.31 (actual)
Steering angle: 0.3776056475624062 (pred)       1.41 (actual)
Steering angle: 0.6894096261868798 (pred)       1.51 (actual)
Steering angle: 0.8559220609106802 (pred)       1.71 (actual)
Steering angle: 0.5190190847575402 (pred)       2.12 (actual)
Steering angle: 0.25965089527807766 (pred)      2.82 (actual)
Steering angle: 0.7944680208228723 (pred)       3.13 (actual)
Steering angle: 0.5568592398939101 (pred)       3.4300000000000006 (actual)
Steering angle: 0.4455651493499604 (pred)       3.53 (actual)
Steering angle: 0.6892764374980646 (pred)       3.53 (actual)
Steering angle: 0.34082201063284634 (pred)      3.53 (actual)
Steering angle: 0.7345067505946824 (pred)       3.53 (actual)
Steering angle: 2.0614731811412623 (pred)       3.53 (actual)
Steering angle: 2.864671624466439 (pred)        3.53 (actual)
Steering angle: 2.0329027132865103 (pred)       3.53 (actual)
Steering angle: 1.0759007895705173 (pred)       3.13 (actual)
Steering angle: -0.5754326053204375 (pred)      2.92 (actual)
Steering angle: 0.15423582336115038 (pred)      2.92 (actual)
Steering angle: 0.8753289228593607 (pred)       2.92 (actual)
Steering angle: 0.5843756708215113 (pred)       2.82 (actual)
Steering angle: 1.015060772816923 (pred)        0.0 (actual)
Steering angle: 0.8269286015750636 (pred)       2.42 (actual)
Steering angle: 0.5804125602773172 (pred)       2.22 (actual)
Steering angle: 0.21765395638194687 (pred)      2.12 (actual)
Steering angle: 0.8101271899904786 (pred)       2.02 (actual)
Steering angle: 1.0064826955496216 (pred)       1.71 (actual)
Steering angle: 0.9725708063205083 (pred)       1.6100000000000003 (actual)
Steering angle: 1.06087992292519 (pred) 1.21 (actual)
Steering angle: 1.0667055406786818 (pred)       0.91 (actual)
Steering angle: 1.3376967110935227 (pred)       0.5 (actual)
Steering angle: 1.2742840609003607 (pred)       0.2 (actual)
Steering angle: 1.2767298022317544 (pred)       0.1 (actual)
Steering angle: 1.0174161208635195 (pred)       0.0 (actual)
Steering angle: 1.1053772179856478 (pred)       -0.1 (actual)
Steering angle: 1.0845120572883167 (pred)       -0.2 (actual)
Steering angle: 1.3180385728885797 (pred)       -0.4 (actual)
Steering angle: 1.3585796943157193 (pred)       -0.61 (actual)
Steering angle: 1.65106472299665 (pred) -0.71 (actual)
Steering angle: 1.5601561858042496 (pred)       -0.91 (actual)
Steering angle: 1.3130702505976302 (pred)       -1.11 (actual)
Steering angle: 1.2655971274931623 (pred)       -1.41 (actual)
Steering angle: 1.2327682501343191 (pred)       -1.92 (actual)
Steering angle: 1.5886590988192417 (pred)       -2.22 (actual)
Steering angle: 1.7640515265159993 (pred)       -2.62 (actual)
Steering angle: 1.8869770023296575 (pred)       -3.3299999999999996 (actual)
Steering angle: 2.010186998210929 (pred)        -4.24 (actual)
Steering angle: 2.416424878815308 (pred)        -5.139999999999999 (actual)
Steering angle: 3.8572024846975457 (pred)       -5.45 (actual)
Steering angle: 3.773340568294483 (pred)        -5.45 (actual)
Steering angle: 4.268559165198027 (pred)        -5.45 (actual)
Steering angle: 4.884325051423594 (pred)        -5.55 (actual)
Steering angle: 4.863050719706297 (pred)        -5.75 (actual)
Steering angle: 5.084548204961109 (pred)        -5.75 (actual)
Steering angle: 5.82429312367981 (pred) -5.949999999999999 (actual)
Steering angle: 5.81137638218567 (pred) -6.150000000000001 (actual)
Steering angle: 5.530919423354837 (pred)        -6.25 (actual)
Steering angle: 4.852867761427454 (pred)        0.0 (actual)
Steering angle: 4.5007655332977725 (pred)       -6.25 (actual)
Steering angle: 5.586336590072559 (pred)        -6.25 (actual)
Steering angle: 7.664217593147484 (pred)        -6.45 (actual)
Steering angle: 7.790313984283321 (pred)        -6.45 (actual)
Steering angle: 8.355092935241567 (pred)        -6.45 (actual)
Steering angle: 7.1735180201535504 (pred)       -6.150000000000001 (actual)
Steering angle: 5.954609717949069 (pred)        -6.150000000000001 (actual)
Steering angle: 4.767881425132278 (pred)        -6.050000000000001 (actual)
Steering angle: 6.249073687220304 (pred)        -5.949999999999999 (actual)
Steering angle: 6.756764636435114 (pred)        -5.849999999999999 (actual)
Steering angle: 6.111785177355755 (pred)        -5.75 (actual)
Steering angle: 4.399849915197658 (pred)        -5.45 (actual)
Steering angle: 6.452638937696072 (pred)        -5.340000000000001 (actual)
Steering angle: 8.81438729843178 (pred) -5.04 (actual)
Steering angle: 11.945486032843611 (pred)       -4.74 (actual)
Steering angle: 10.946151663868937 (pred)       -4.24 (actual)
Steering angle: 6.255518397589034 (pred)        -3.63 (actual)
Steering angle: 7.962612336286062 (pred)        -2.52 (actual)
Steering angle: 8.78797068804311 (pred) -1.82 (actual)
Steering angle: 7.966835954514069 (pred)        -1.51 (actual)
Steering angle: 7.371246873983543 (pred)        -1.51 (actual)
Steering angle: 6.245473750640884 (pred)        -1.41 (actual)
Steering angle: 6.034192947723941 (pred)        -1.41 (actual)
Steering angle: 7.2199351319793115 (pred)       -1.41 (actual)
Steering angle: 6.863207158234239 (pred)        -1.01 (actual)
Steering angle: 7.542988565568928 (pred)        -0.3 (actual)
Steering angle: 6.2115413708442615 (pred)       0.1 (actual)
Steering angle: 5.201157463339799 (pred)        0.81 (actual)
Steering angle: 5.293724882726866 (pred)        1.41 (actual)
Steering angle: 4.408910588018503 (pred)        1.6100000000000003 (actual)
Steering angle: 7.473645070020374 (pred)        1.71 (actual)
Steering angle: 4.993242663023202 (pred)        1.82 (actual)
Steering angle: 3.8251018762589553 (pred)       2.22 (actual)
Steering angle: 3.6009978200621364 (pred)       2.42 (actual)
Steering angle: 2.406820779068624 (pred)        2.92 (actual)
Steering angle: 3.901575235527357 (pred)        3.4300000000000006 (actual)
Steering angle: 2.559237731057928 (pred)        3.9300000000000006 (actual)
Steering angle: -0.2005435454384848 (pred)      4.24 (actual)
Steering angle: -0.796231010041529 (pred)       4.64 (actual)
Steering angle: -2.5237873417182692 (pred)      4.84 (actual)
Steering angle: -2.76628338980264 (pred)        4.94 (actual)
Steering angle: -2.091029971000846 (pred)       5.04 (actual)
Steering angle: 2.749116136210636 (pred)        5.340000000000001 (actual)
Steering angle: 3.149279844208758 (pred)        6.35 (actual)
Steering angle: 1.5589611161429089 (pred)       7.969999999999999 (actual)
Steering angle: 3.964786074974886 (pred)        9.28 (actual)
Steering angle: 8.180387795330041 (pred)        10.69 (actual)
Steering angle: 9.424722757380366 (pred)        11.8 (actual)
Steering angle: 8.562231228426898 (pred)        12.910000000000002 (actual)
Steering angle: 9.48777564870334 (pred) 13.41 (actual)
Steering angle: 13.666530632920391 (pred)       14.32 (actual)
Steering angle: 47.167776936301486 (pred)       15.53 (actual)
Steering angle: 39.77768300907694 (pred)        16.54 (actual)
Steering angle: 21.192806579363943 (pred)       17.34 (actual)
Steering angle: 7.84049879920999 (pred) 17.65 (actual)
Steering angle: 4.873606350181729 (pred)        17.850000000000005 (actual)
Steering angle: 2.3615449491644904 (pred)       17.850000000000005 (actual)
Steering angle: 0.8623446265254607 (pred)       17.850000000000005 (actual)
Steering angle: 0.08456797386829966 (pred)      18.05 (actual)
Steering angle: -1.9494279832320227 (pred)      18.45 (actual)
Steering angle: -2.765909650388993 (pred)       19.060000000000002 (actual)
Steering angle: -2.203131304527327 (pred)       20.07 (actual)
Steering angle: 0.8947835427713785 (pred)       21.28 (actual)
Steering angle: 0.17126088362041375 (pred)      22.179999999999996 (actual)
Steering angle: 3.255274988617247 (pred)        23.09 (actual)
Steering angle: 4.276298623301297 (pred)        24.1 (actual)
Steering angle: 3.7801178234984283 (pred)       24.810000000000002 (actual)
Steering angle: 2.942009002664847 (pred)        25.11 (actual)
Steering angle: 2.777790551006819 (pred)        25.31 (actual)
Steering angle: 2.691597832549489 (pred)        25.71 (actual)
Steering angle: 1.5320175139710897 (pred)       26.520000000000003 (actual)
Steering angle: 0.7232322960699599 (pred)       27.23 (actual)
Steering angle: -0.3235904572131091 (pred)      27.93 (actual)
Steering angle: 0.08574788904741935 (pred)      28.44 (actual)
Steering angle: -1.2821557471970948 (pred)      28.64 (actual)
Steering angle: -2.0568903376515952 (pred)      28.64 (actual)
Steering angle: -3.293439951265163 (pred)       28.64 (actual)
Steering angle: -4.61617950857171 (pred)        28.64 (actual)
Steering angle: -4.883767964119415 (pred)       28.54 (actual)
Steering angle: -3.5534396397581607 (pred)      28.54 (actual)
Steering angle: -4.786357086837162 (pred)       28.54 (actual)
Steering angle: -5.3299432414613275 (pred)      28.44 (actual)
Steering angle: -4.267057804241093 (pred)       28.34 (actual)
Steering angle: -4.42537219769188 (pred)        28.34 (actual)
Steering angle: -2.7436705544514317 (pred)      0.0 (actual)
Steering angle: 10.463673931088406 (pred)       28.34 (actual)
Steering angle: 10.227088131070213 (pred)       0.0 (actual)
Steering angle: -7.626082085690364 (pred)       28.34 (actual)
Steering angle: -0.5351858223578431 (pred)      28.34 (actual)
Steering angle: 6.660150329964814 (pred)        28.34 (actual)
Steering angle: 3.5545339641292437 (pred)       28.34 (actual)
Steering angle: 4.461533780478866 (pred)        28.34 (actual)
Steering angle: 4.965228215255572 (pred)        28.34 (actual)
Steering angle: 6.535901931886289 (pred)        28.34 (actual)
Steering angle: 4.752558322616177 (pred)        28.34 (actual)
Steering angle: 26.17686391861395 (pred)        28.34 (actual)
Steering angle: 76.57869444578145 (pred)        28.44 (actual)
Steering angle: 92.19161213364933 (pred)        28.44 (actual)
Steering angle: 73.93301384058785 (pred)        28.44 (actual)
Steering angle: -7.061286486146017 (pred)       28.44 (actual)
Steering angle: -21.587763975667222 (pred)      28.44 (actual)
Steering angle: -19.818847433471472 (pred)      28.54 (actual)
Steering angle: -21.424568558280818 (pred)      28.44 (actual)
Steering angle: -19.04788300071711 (pred)       28.54 (actual)
Steering angle: -6.502620554494933 (pred)       28.740000000000002 (actual)
Steering angle: 21.541332349689476 (pred)       28.740000000000002 (actual)
Steering angle: 30.021905251494285 (pred)       28.740000000000002 (actual)
Steering angle: 29.401857263545946 (pred)       28.740000000000002 (actual)
Steering angle: 30.5372088734259 (pred) 28.54 (actual)
Steering angle: 22.369246899743402 (pred)       28.54 (actual)
Steering angle: 46.85738240456484 (pred)        28.54 (actual)
Steering angle: 46.23256352948125 (pred)        28.13 (actual)
Steering angle: 27.514836505316918 (pred)       26.42 (actual)
Steering angle: 24.433582783920546 (pred)       24.3 (actual)
Steering angle: 9.905178754166572 (pred)        22.08 (actual)
Steering angle: 8.152340477277031 (pred)        21.38 (actual)
Steering angle: 9.739491171506756 (pred)        21.079999999999995 (actual)
Steering angle: 10.265107525311443 (pred)       20.77 (actual)
Steering angle: 10.06712595448216 (pred)        20.17 (actual)
Steering angle: 9.89463806472995 (pred) 19.16 (actual)
Steering angle: 9.4683557133457 (pred)  18.149999999999995 (actual)
Steering angle: 8.887234681024552 (pred)        17.239999999999995 (actual)
Steering angle: 6.200198561066985 (pred)        16.74 (actual)
Steering angle: 4.359986369880525 (pred)        15.83 (actual)
Steering angle: 3.0609535454094456 (pred)       15.13 (actual)
Steering angle: 3.086113187547422 (pred)        13.610000000000001 (actual)
Steering angle: 4.108208094714106 (pred)        11.899999999999999 (actual)
Steering angle: 3.524561813390758 (pred)        10.389999999999999 (actual)
Steering angle: 3.518707487498411 (pred)        9.58 (actual)
Steering angle: 3.1687238986719035 (pred)       8.87 (actual)
Steering angle: 2.8631700500660937 (pred)       0.0 (actual)
Steering angle: 1.389616714234492 (pred)        8.469999999999999 (actual)
Steering angle: 2.269800994459233 (pred)        7.87 (actual)
Steering angle: 4.793927070871652 (pred)        6.96 (actual)
Steering angle: 4.403857955579986 (pred)        5.45 (actual)
Steering angle: 2.8581338527702673 (pred)       3.9300000000000006 (actual)
Steering angle: 5.948137686823658 (pred)        2.12 (actual)
Steering angle: 8.335853146123286 (pred)        0.5 (actual)
Steering angle: 10.5302640066278 (pred) -1.51 (actual)
Steering angle: 20.05435235605351 (pred)        -2.92 (actual)
Steering angle: 16.8861913076579 (pred) -3.63 (actual)
Steering angle: 4.196700452487614 (pred)        -3.829999999999999 (actual)
Steering angle: 5.587794408573534 (pred)        -4.24 (actual)
Steering angle: 10.429812414504422 (pred)       -4.54 (actual)
Steering angle: 6.50304487999712 (pred) -5.139999999999999 (actual)
Steering angle: 4.90764502479731 (pred) -5.949999999999999 (actual)
Steering angle: 2.9461952682958303 (pred)       -6.659999999999999 (actual)
Steering angle: 3.6404558228973 (pred)  -7.659999999999998 (actual)
Steering angle: 4.0955278485199775 (pred)       -8.37 (actual)
Steering angle: 4.3784236117713276 (pred)       -8.87 (actual)
Steering angle: 5.26424023674039 (pred) -9.28 (actual)
Steering angle: 6.068842924270239 (pred)        -9.58 (actual)
Steering angle: 5.958288201703943 (pred)        -10.29 (actual)
Steering angle: 6.255873567425875 (pred)        -11.19 (actual)
Steering angle: 6.169428558856078 (pred)        -12.2 (actual)
Steering angle: 6.3320374337475105 (pred)       -13.21 (actual)
Steering angle: 7.468396069643219 (pred)        -14.52 (actual)
Steering angle: 7.350197938508855 (pred)        -16.03 (actual)
Steering angle: 7.561459958405581 (pred)        -18.05 (actual)
Steering angle: 8.342483552260077 (pred)        -19.66 (actual)
Steering angle: 8.464216306289922 (pred)        -21.28 (actual)
Steering angle: 8.322524885731653 (pred)        -22.99 (actual)
Steering angle: 7.39808097968523 (pred) -24.4 (actual)
Steering angle: 7.007796713434709 (pred)        -25.61 (actual)
Steering angle: 6.109255872928735 (pred)        -26.42 (actual)
Steering angle: 5.174071067525643 (pred)        -27.43 (actual)
Steering angle: 4.3256083202405575 (pred)       -28.939999999999998 (actual)
Steering angle: 4.761981422349856 (pred)        -30.449999999999992 (actual)
Steering angle: 5.993349270260911 (pred)        -31.66 (actual)
Steering angle: 3.2553202386204987 (pred)       0.0 (actual)
Steering angle: -4.900624870991006 (pred)       -33.38 (actual)
Steering angle: 7.728507602483876 (pred)        -33.38 (actual)
Steering angle: 32.676342159203855 (pred)       -31.66 (actual)
Steering angle: 50.26614540421061 (pred)        -27.830000000000002 (actual)
Steering angle: 46.5135062855168 (pred) -22.59 (actual)
Steering angle: 39.99463372277864 (pred)        -19.060000000000002 (actual)
Steering angle: 36.0373928724025 (pred) -12.910000000000002 (actual)
Steering angle: 25.28573938288614 (pred)        -8.37 (actual)
Steering angle: 41.391178596709054 (pred)       -3.63 (actual)
Steering angle: 85.23929918127675 (pred)        0.0 (actual)
Steering angle: 126.12229804335851 (pred)       2.82 (actual)
Steering angle: 130.0985199894381 (pred)        5.949999999999999 (actual)
Steering angle: 130.56152485289493 (pred)       10.79 (actual)
Steering angle: 129.5162327023162 (pred)        16.44 (actual)
Steering angle: 132.65398062588503 (pred)       22.49 (actual)
Steering angle: 132.3502557738729 (pred)        28.13 (actual)
Steering angle: 130.50109133911866 (pred)       31.159999999999993 (actual)
Steering angle: 132.03578020410717 (pred)       37.10999999999999 (actual)
Steering angle: 127.59679928138087 (pred)       42.76 (actual)
Steering angle: 115.90538689415162 (pred)       48.0 (actual)
Steering angle: 110.47761314566091 (pred)       50.92 (actual)
Steering angle: 101.46244646016108 (pred)       55.36000000000001 (actual)
Steering angle: 83.03769015516069 (pred)        59.5 (actual)
Steering angle: 79.0808249651889 (pred) 62.22 (actual)
Steering angle: 81.92244320710267 (pred)        64.54 (actual)
Steering angle: 73.26347088681901 (pred)        67.75999999999999 (actual)
Steering angle: 54.12948481387742 (pred)        69.78000000000002 (actual)
Steering angle: 56.87479397339942 (pred)        71.6 (actual)
Steering angle: 74.22548937103696 (pred)        72.71 (actual)
Steering angle: 14.34073177570318 (pred)        73.31 (actual)
Steering angle: -2.921581187517808 (pred)       73.40999999999998 (actual)
Steering angle: -2.7738621250170037 (pred)      0.0 (actual)
Steering angle: -4.502329646617706 (pred)       73.01 (actual)
Steering angle: -5.909866002469961 (pred)       71.0 (actual)
Steering angle: -3.3953260965576546 (pred)      70.79000000000002 (actual)
Steering angle: 4.495309919698225 (pred)        69.48 (actual)
Steering angle: 3.88078029771243 (pred) 68.17 (actual)
Steering angle: 4.791338002289394 (pred)        66.55 (actual)
Steering angle: 9.789789538328378 (pred)        65.45 (actual)
Steering angle: 11.160337858504075 (pred)       62.620000000000005 (actual)
Steering angle: 4.292022572544313 (pred)        59.38999999999999 (actual)
Steering angle: 4.765040920211199 (pred)        54.35 (actual)
Steering angle: 6.638995953444815 (pred)        51.43 (actual)
Steering angle: 5.053871264077643 (pred)        49.41 (actual)
Steering angle: 3.3796683147722235 (pred)       46.59 (actual)
Steering angle: 3.3338949482757365 (pred)       44.47 (actual)
Steering angle: 4.032751579858391 (pred)        42.25 (actual)
Steering angle: 4.629049292515306 (pred)        39.53 (actual)
Steering angle: 5.105722645161795 (pred)        37.61 (actual)
Steering angle: 7.2976780526596885 (pred)       35.70000000000001 (actual)
Steering angle: 8.589166079418842 (pred)        34.49 (actual)
Steering angle: 8.020445255535853 (pred)        33.58 (actual)
Steering angle: 7.944310844405013 (pred)        32.87 (actual)
Steering angle: 8.407462556928992 (pred)        32.57 (actual)
Steering angle: 7.64140049245141 (pred) 32.37 (actual)
Steering angle: 6.795137066079069 (pred)        31.87 (actual)
Steering angle: 6.85938609428044 (pred) 31.359999999999996 (actual)
Steering angle: 6.22776691210445 (pred) 30.76 (actual)
Steering angle: 5.864689423752204 (pred)        29.849999999999998 (actual)
Steering angle: 5.649513705461061 (pred)        29.14 (actual)
Steering angle: 5.231964604704318 (pred)        28.24 (actual)
Steering angle: 4.602064068878232 (pred)        26.920000000000005 (actual)
Steering angle: 4.172098964870875 (pred)        25.210000000000004 (actual)
Steering angle: 3.6293802442713012 (pred)       24.0 (actual)
Steering angle: 3.549594456698855 (pred)        21.68 (actual)
Steering angle: 2.870561168521694 (pred)        19.87 (actual)
Steering angle: 2.7524691187628774 (pred)       18.66 (actual)
Steering angle: 3.153411681769793 (pred)        18.05 (actual)
Steering angle: 3.24186839449357 (pred) 17.34 (actual)
Steering angle: 3.220587872917337 (pred)        16.939999999999998 (actual)
Steering angle: 3.112354347451788 (pred)        16.54 (actual)
Steering angle: 2.8050073607454387 (pred)       16.24 (actual)
Steering angle: 2.36879946383669 (pred) 15.53 (actual)
Steering angle: 2.495497338506311 (pred)        14.82 (actual)
Steering angle: 2.5009004450266143 (pred)       13.82 (actual)
Steering angle: 2.332644070908639 (pred)        0.0 (actual)
Steering angle: 2.1847115649962716 (pred)       11.8 (actual)
Steering angle: 2.004218266649984 (pred)        10.49 (actual)
Steering angle: 2.2557337929767685 (pred)       8.67 (actual)
Steering angle: 2.0797285692454137 (pred)       7.659999999999998 (actual)
Steering angle: 2.283149531974965 (pred)        6.150000000000001 (actual)
Steering angle: 2.194464861687638 (pred)        0.0 (actual)
Steering angle: 2.4260268441278767 (pred)       4.64 (actual)
Steering angle: 2.766557664586498 (pred)        4.54 (actual)
Steering angle: 2.9679707651434772 (pred)       4.54 (actual)
Steering angle: 3.126718235276325 (pred)        4.54 (actual)
Steering angle: 3.073008829294518 (pred)        4.64 (actual)
Steering angle: 3.4641818739107877 (pred)       4.64 (actual)
Steering angle: 3.4000784141161025 (pred)       4.64 (actual)
Steering angle: 3.1835426344064808 (pred)       4.74 (actual)
Steering angle: 3.0303626222208395 (pred)       5.04 (actual)
Steering angle: 2.9704266450369197 (pred)       5.65 (actual)
Steering angle: 2.7860791990080407 (pred)       6.55 (actual)
Steering angle: 2.875784769132873 (pred)        7.26 (actual)
Steering angle: 2.7311384379849275 (pred)       7.969999999999999 (actual)
Steering angle: 3.0469599819039703 (pred)       8.97 (actual)
Steering angle: 3.2149062227449448 (pred)       0.0 (actual)
Steering angle: 3.4018841453779247 (pred)       12.300000000000002 (actual)
Steering angle: 3.6991113530552537 (pred)       14.02 (actual)
Steering angle: 3.3833623798961425 (pred)       15.33 (actual)
Steering angle: 3.2981327181117845 (pred)       16.24 (actual)
Steering angle: 3.3747211233790186 (pred)       16.44 (actual)
Steering angle: 3.454938920416468 (pred)        16.64 (actual)
Steering angle: 3.5173205322100753 (pred)       17.140000000000004 (actual)
Steering angle: 3.556380036195851 (pred)        17.55 (actual)
Steering angle: 3.2477526024635357 (pred)       17.850000000000005 (actual)
Steering angle: 3.080558322761498 (pred)        18.149999999999995 (actual)
Steering angle: 3.1958324926008608 (pred)       18.25 (actual)
Steering angle: 2.9501800433462977 (pred)       18.25 (actual)
Steering angle: 2.7240297051628253 (pred)       18.25 (actual)
Steering angle: 2.4391659936568653 (pred)       18.35 (actual)
Steering angle: 1.8377362476123313 (pred)       18.55 (actual)
Steering angle: 1.70735092456455 (pred) 18.760000000000005 (actual)
Steering angle: 1.7916708905288268 (pred)       19.16 (actual)
Steering angle: 1.9213334941850562 (pred)       19.66 (actual)
Steering angle: 1.5891695487379944 (pred)       20.07 (actual)
Steering angle: 0.8055212946123628 (pred)       0.0 (actual)
Steering angle: -0.10705720547389305 (pred)     20.77 (actual)
Steering angle: -1.3901783905720198 (pred)      21.18 (actual)
Steering angle: -1.2201023046487653 (pred)      21.58 (actual)
Steering angle: -1.5268214475600024 (pred)      21.58 (actual)
Steering angle: -1.782541595651164 (pred)       21.38 (actual)
Steering angle: -1.4169187946160313 (pred)      21.28 (actual)
Steering angle: -1.996777842766313 (pred)       21.079999999999995 (actual)
Steering angle: -1.9290746598356194 (pred)      20.869999999999997 (actual)
Steering angle: -1.814803674030602 (pred)       20.869999999999997 (actual)
Steering angle: -2.0253611172257586 (pred)      21.18 (actual)
Steering angle: -2.211611197825309 (pred)       21.68 (actual)
Steering angle: -2.5355918295947553 (pred)      21.88 (actual)
Steering angle: -2.3557128213869456 (pred)      21.98 (actual)
Steering angle: -1.8098402609381183 (pred)      21.98 (actual)
Steering angle: -1.2788826992024833 (pred)      21.98 (actual)
Steering angle: -1.1777341076186472 (pred)      21.98 (actual)
Steering angle: -0.8501747768892318 (pred)      21.98 (actual)
Steering angle: -0.5099027032062773 (pred)      22.39 (actual)
Steering angle: -0.5516351056742024 (pred)      22.99 (actual)
Steering angle: -0.3331645948408951 (pred)      23.189999999999998 (actual)
Steering angle: -0.2639590370970632 (pred)      23.189999999999998 (actual)
Steering angle: 0.14657663332084056 (pred)      23.189999999999998 (actual)
Steering angle: 0.22280219812863075 (pred)      23.5 (actual)
Steering angle: 0.34945102083423185 (pred)      23.7 (actual)
Steering angle: 0.03875278580335985 (pred)      23.799999999999997 (actual)
Steering angle: -0.20939800524333363 (pred)     23.799999999999997 (actual)
Steering angle: -0.36951536853180544 (pred)     23.799999999999997 (actual)
Steering angle: -0.23721895321816908 (pred)     23.799999999999997 (actual)
Steering angle: -1.134057822640766 (pred)       23.799999999999997 (actual)
Steering angle: -1.56199990999333 (pred)        23.9 (actual)
Steering angle: -1.870454561283985 (pred)       24.3 (actual)
Steering angle: -1.37375327972202 (pred)        25.11 (actual)
Steering angle: -1.0516138108207156 (pred)      26.920000000000005 (actual)
Steering angle: -0.9350134103436065 (pred)      26.62 (actual)
Steering angle: -0.3937170232778349 (pred)      27.33 (actual)
Steering angle: 0.13818149039746186 (pred)      27.530000000000005 (actual)
Steering angle: 0.47892155210048126 (pred)      27.43 (actual)
Steering angle: 1.4053050184277767 (pred)       27.03 (actual)
Steering angle: 1.4067246305580814 (pred)       26.32 (actual)
Steering angle: 1.6787327521073139 (pred)       25.92 (actual)
Steering angle: 1.5203305266926688 (pred)       25.820000000000004 (actual)
Steering angle: 1.2861286761382207 (pred)       26.42 (actual)
Steering angle: 1.0624055097093357 (pred)       27.33 (actual)
Steering angle: 0.64168357263971 (pred) 28.34 (actual)
Steering angle: 0.4486924688553271 (pred)       29.75 (actual)
Steering angle: -0.012954307534575434 (pred)    30.449999999999992 (actual)
Steering angle: -0.03618890354366631 (pred)     31.560000000000006 (actual)
Steering angle: -0.1892387552688939 (pred)      32.06999999999999 (actual)
Steering angle: -0.8246388873775227 (pred)      32.27 (actual)
Steering angle: -1.8042587157257486 (pred)      32.27 (actual)
Steering angle: -1.5902852174502338 (pred)      32.57 (actual)
Steering angle: -1.8210364350916501 (pred)      33.48 (actual)
Steering angle: -1.8255106358848316 (pred)      35.70000000000001 (actual)
Steering angle: -1.8855085116581047 (pred)      38.32 (actual)
Steering angle: -2.479747562610496 (pred)       42.05 (actual)
Steering angle: -2.571671450111701 (pred)       45.279999999999994 (actual)
Steering angle: -3.0085685557963866 (pred)      47.8 (actual)
Steering angle: -2.884809796903987 (pred)       51.93 (actual)
Steering angle: -3.0825708806891243 (pred)      55.660000000000004 (actual)
Steering angle: -2.8797006019614058 (pred)      58.180000000000014 (actual)
Steering angle: -2.7488542411446484 (pred)      60.1 (actual)
Steering angle: -3.0566187231640147 (pred)      0.0 (actual)
Steering angle: -3.021098537828775 (pred)       59.19 (actual)
Steering angle: -2.646503429545184 (pred)       57.18 (actual)
Steering angle: -2.590698436148653 (pred)       54.15 (actual)
Steering angle: -1.8795685949577208 (pred)      51.93 (actual)
Steering angle: -1.9073010839786766 (pred)      50.22 (actual)
Steering angle: -1.6185088397611958 (pred)      0.0 (actual)
Steering angle: -1.6894606314158767 (pred)      46.89 (actual)
Steering angle: -1.895780048952746 (pred)       43.76 (actual)
Steering angle: -1.693778058023265 (pred)       39.33 (actual)
Steering angle: -1.39076909521352 (pred)        35.09000000000001 (actual)
Steering angle: -1.6751467960713513 (pred)      30.66 (actual)
Steering angle: -1.5479921525009859 (pred)      26.12 (actual)
Steering angle: -1.6003842924683322 (pred)      20.370000000000005 (actual)
Steering angle: -1.5513758709044925 (pred)      14.52 (actual)
Steering angle: -1.4728269879020532 (pred)      11.39 (actual)
Steering angle: -1.3510537863457175 (pred)      6.76 (actual)
Steering angle: -1.6960220953307317 (pred)      3.7300000000000004 (actual)
Steering angle: -1.905918397558572 (pred)       0.5 (actual)
Steering angle: -1.7736516775595694 (pred)      -0.5 (actual)
Steering angle: -1.6510079470491743 (pred)      -1.51 (actual)
Steering angle: -1.7580312483711618 (pred)      -1.92 (actual)
Steering angle: -2.25150996130535 (pred)        -2.12 (actual)
Steering angle: -2.132398505812909 (pred)       -2.52 (actual)
Steering angle: -1.849664532667524 (pred)       -3.4300000000000006 (actual)
Steering angle: -1.678312695473358 (pred)       -4.24 (actual)
Steering angle: -1.7738650142494266 (pred)      -5.45 (actual)
Steering angle: -1.6901034162497983 (pred)      -5.75 (actual)
Steering angle: -1.5845285419186765 (pred)      -5.45 (actual)
Steering angle: -1.2338780491527406 (pred)      -2.03 (actual)
Steering angle: -1.062626637083715 (pred)       0.0 (actual)
Steering angle: -0.8885863733992084 (pred)      4.64 (actual)
Steering angle: -1.3027145098771273 (pred)      8.97 (actual)
Steering angle: -1.6869809525820447 (pred)      12.0 (actual)
Steering angle: -1.7499359801008159 (pred)      12.81 (actual)
Steering angle: -1.6579306639380995 (pred)      13.01 (actual)
Steering angle: -1.1979322576548443 (pred)      13.01 (actual)
Steering angle: -1.2219812470007534 (pred)      13.01 (actual)
Steering angle: -1.5814247545494347 (pred)      13.01 (actual)
Steering angle: -1.5027382005465375 (pred)      13.01 (actual)
Steering angle: -1.4190409557354955 (pred)      13.01 (actual)
Steering angle: -1.183653640473227 (pred)       13.01 (actual)
Steering angle: -1.0518093249857072 (pred)      13.01 (actual)
Steering angle: -0.8786601341836229 (pred)      13.11 (actual)
Steering angle: -1.2057955129368214 (pred)      13.11 (actual)
Steering angle: -0.743525641867714 (pred)       13.01 (actual)
Steering angle: -0.8523124660168871 (pred)      13.01 (actual)
Steering angle: -0.9766156656913311 (pred)      13.11 (actual)
Steering angle: -1.1429438987509526 (pred)      13.01 (actual)
Steering angle: -1.0726182433440914 (pred)      13.01 (actual)
Steering angle: -1.23168673236793 (pred)        12.61 (actual)
Steering angle: -1.4538660626009805 (pred)      12.5 (actual)
Steering angle: -1.307740888776022 (pred)       12.5 (actual)
Steering angle: -1.3955231203192606 (pred)      12.2 (actual)
Steering angle: -1.434905030578202 (pred)       11.899999999999999 (actual)
Steering angle: -1.4037803921389829 (pred)      11.6 (actual)
Steering angle: -1.3398752212736396 (pred)      11.089999999999998 (actual)
Steering angle: -0.8895647446369598 (pred)      10.389999999999999 (actual)
Steering angle: -0.9364186150436308 (pred)      0.0 (actual)
Steering angle: -0.887398027205332 (pred)       8.87 (actual)
Steering angle: -0.8454724050890896 (pred)      8.37 (actual)
Steering angle: -0.822489192057967 (pred)       8.27 (actual)
Steering angle: -1.062569434249416 (pred)       8.27 (actual)
Steering angle: -1.0796485357124446 (pred)      8.27 (actual)
Steering angle: -1.2386005913552753 (pred)      8.27 (actual)
Steering angle: -1.5116363362094773 (pred)      8.27 (actual)
Steering angle: -1.210275583423821 (pred)       8.27 (actual)
Steering angle: -1.3415996305956561 (pred)      8.27 (actual)
Steering angle: -0.8195421255136651 (pred)      8.27 (actual)
Steering angle: -0.9076678942278141 (pred)      8.27 (actual)
Steering angle: -0.8492553160330718 (pred)      8.27 (actual)
Steering angle: -0.5745703472985763 (pred)      8.27 (actual)
Steering angle: -0.39206158285817955 (pred)     8.27 (actual)
Steering angle: -0.5204380565576104 (pred)      8.27 (actual)
Steering angle: -0.0012584623545748494 (pred)   8.27 (actual)
Steering angle: -0.007314278827437405 (pred)    8.27 (actual)
Steering angle: 0.09961315972233202 (pred)      8.27 (actual)
Steering angle: -0.1674155004579098 (pred)      8.27 (actual)
Steering angle: -0.03899013487701779 (pred)     8.27 (actual)
Steering angle: -0.14106126890626847 (pred)     8.27 (actual)
Steering angle: -0.3565927840242736 (pred)      8.27 (actual)
Steering angle: -1.0043194465734318 (pred)      0.0 (actual)
Steering angle: -0.9826787392401867 (pred)      8.27 (actual)
Steering angle: -0.8205529401499742 (pred)      8.27 (actual)
Steering angle: -0.9175735895150368 (pred)      8.27 (actual)
Steering angle: -0.7642117235427439 (pred)      8.27 (actual)
Steering angle: -0.6249398974979526 (pred)      8.27 (actual)
Steering angle: -0.46893939071106633 (pred)     8.27 (actual)
Steering angle: -0.3829818068519996 (pred)      8.27 (actual)
Steering angle: -0.5592514602898542 (pred)      8.27 (actual)
Steering angle: -0.5053539039407546 (pred)      8.27 (actual)
Steering angle: -0.4164578446347015 (pred)      8.27 (actual)
Steering angle: -0.3806296871370029 (pred)      8.27 (actual)
Steering angle: -0.3680605649190192 (pred)      8.27 (actual)
Steering angle: -0.3236305845744829 (pred)      8.27 (actual)
Steering angle: -0.2690935784447674 (pred)      8.27 (actual)
Steering angle: 0.03360026184823148 (pred)      8.27 (actual)
Steering angle: 0.2478390169234662 (pred)       8.27 (actual)
Steering angle: 0.19696025744516685 (pred)      8.27 (actual)
Steering angle: 0.41044308933813833 (pred)      8.27 (actual)
Steering angle: 0.4445312294643497 (pred)       8.27 (actual)
Steering angle: 0.5072304450543627 (pred)       8.27 (actual)
Steering angle: 0.49806961391264176 (pred)      8.27 (actual)
Steering angle: 0.5682756342873219 (pred)       8.27 (actual)
Steering angle: 0.5494247390649099 (pred)       0.0 (actual)
Steering angle: 0.44574614936296575 (pred)      8.27 (actual)
Steering angle: 0.5009143343410992 (pred)       8.27 (actual)
Steering angle: 0.45764754054830137 (pred)      8.27 (actual)
Steering angle: 0.5668703228655918 (pred)       8.27 (actual)
Steering angle: 0.3688058826317704 (pred)       8.27 (actual)
Steering angle: 0.36120481590047177 (pred)      8.27 (actual)
Steering angle: 0.3664460789539574 (pred)       8.27 (actual)
Steering angle: 0.326313114690579 (pred)        8.27 (actual)
Steering angle: 0.17095267133411693 (pred)      8.27 (actual)
Steering angle: 0.20355820684318596 (pred)      8.27 (actual)
Steering angle: 0.1769034603082773 (pred)       8.27 (actual)
Steering angle: 0.17766417262708747 (pred)      8.27 (actual)
Steering angle: 0.10318876375283369 (pred)      8.27 (actual)
Steering angle: 0.195307365006237 (pred)        8.27 (actual)
Steering angle: 0.4151746495248118 (pred)       8.27 (actual)
Steering angle: 0.42825854389063234 (pred)      8.27 (actual)
Steering angle: 0.4529997035398135 (pred)       8.27 (actual)
Steering angle: 0.517909232378266 (pred)        8.27 (actual)
Steering angle: 0.45293652428999087 (pred)      8.27 (actual)
Steering angle: 0.47764430672568886 (pred)      8.27 (actual)
Steering angle: 0.28346080132260987 (pred)      8.27 (actual)
Steering angle: 0.22501858117408668 (pred)      8.27 (actual)
Steering angle: 0.23066029074809077 (pred)      8.27 (actual)
Steering angle: 0.006729443879755063 (pred)     8.27 (actual)
Steering angle: 0.17269095447788516 (pred)      8.27 (actual)
Steering angle: 0.16477050970182236 (pred)      8.27 (actual)
Steering angle: 0.34650125956685907 (pred)      8.27 (actual)
Steering angle: 0.1553926866518213 (pred)       8.27 (actual)
Steering angle: 0.2475777621877132 (pred)       8.27 (actual)
Steering angle: 0.33655575708338004 (pred)      8.27 (actual)
Steering angle: 0.3511662520895513 (pred)       8.27 (actual)
Steering angle: 0.3643176479342786 (pred)       8.27 (actual)
Steering angle: 0.37140047406230253 (pred)      8.27 (actual)
Steering angle: 0.3947304259155091 (pred)       8.27 (actual)
Steering angle: 0.3632231101197841 (pred)       8.27 (actual)
Steering angle: 0.06674289435196548 (pred)      8.27 (actual)
Steering angle: 0.24539893184247913 (pred)      8.27 (actual)
Steering angle: -0.015804203965763253 (pred)    8.27 (actual)
Steering angle: 0.0918036988501753 (pred)       8.27 (actual)
Steering angle: 0.1411048113622273 (pred)       8.27 (actual)
Steering angle: 0.12961047010295532 (pred)      8.27 (actual)
Steering angle: 0.16391162675390647 (pred)      8.27 (actual)
Steering angle: 0.29920089222362495 (pred)      8.27 (actual)
Steering angle: 0.165258014453832 (pred)        8.27 (actual)
Steering angle: 0.27036570117768227 (pred)      8.27 (actual)
Steering angle: 0.43332649089392894 (pred)      8.27 (actual)
Steering angle: 0.47803106618744085 (pred)      0.0 (actual)
Steering angle: 0.4071117179313175 (pred)       8.27 (actual)
Steering angle: 0.3251485674370918 (pred)       8.27 (actual)
Steering angle: 0.353894885982545 (pred)        8.27 (actual)
Steering angle: 0.3349259031926857 (pred)       8.27 (actual)
Steering angle: 0.2600837585167272 (pred)       8.27 (actual)
Steering angle: 0.149493124096436 (pred)        8.27 (actual)
Steering angle: 0.2797921626450932 (pred)       8.27 (actual)
Steering angle: 0.09069293933640198 (pred)      8.27 (actual)
Steering angle: 0.07664666197837737 (pred)      8.27 (actual)
Steering angle: 0.10179369761485858 (pred)      8.27 (actual)
Steering angle: 0.25379318097157194 (pred)      8.27 (actual)
Steering angle: 0.16697068438821272 (pred)      8.27 (actual)
Steering angle: 0.4764524920763745 (pred)       8.27 (actual)
Steering angle: 0.37508362689180547 (pred)      8.27 (actual)
Steering angle: 0.5206899197832546 (pred)       8.27 (actual)
Steering angle: 0.41125758939666235 (pred)      8.27 (actual)
Steering angle: 0.44103251842286356 (pred)      0.0 (actual)
Steering angle: 0.35593708586395234 (pred)      8.27 (actual)
Steering angle: 0.23399000796847197 (pred)      8.27 (actual)
Steering angle: 0.21509435633069782 (pred)      8.27 (actual)
Steering angle: 0.1825716502055284 (pred)       8.27 (actual)
Steering angle: 0.2212124715993103 (pred)       8.27 (actual)
Steering angle: 0.2767467787293402 (pred)       8.27 (actual)
Steering angle: 0.2863661930408041 (pred)       8.27 (actual)
Steering angle: 0.17969103126328875 (pred)      8.27 (actual)
Steering angle: 0.25709472366162683 (pred)      8.27 (actual)
Steering angle: 0.2785584597262597 (pred)       8.27 (actual)
Steering angle: 0.33149802868341205 (pred)      8.27 (actual)
Steering angle: 0.447061787871413 (pred)        8.27 (actual)
Steering angle: 0.40591558105291903 (pred)      8.27 (actual)
Steering angle: 0.4535623403726933 (pred)       8.27 (actual)
Steering angle: 0.39610841658055923 (pred)      8.27 (actual)
Steering angle: 0.31756030731048696 (pred)      8.27 (actual)
Steering angle: 0.32142699479350756 (pred)      8.27 (actual)
Steering angle: 0.28525116465879946 (pred)      8.27 (actual)
Steering angle: 0.08388410117765213 (pred)      8.27 (actual)
Steering angle: 0.34872533991534443 (pred)      8.27 (actual)
Steering angle: 0.07607719495632756 (pred)      8.27 (actual)
Steering angle: 0.1632354380260752 (pred)       8.27 (actual)
Steering angle: 0.1980069839354713 (pred)       8.27 (actual)
Steering angle: 0.2971569581144986 (pred)       8.27 (actual)
Steering angle: 0.3794344040322507 (pred)       8.27 (actual)
Steering angle: 0.253333877430315 (pred)        8.27 (actual)
Steering angle: 0.37134668632258866 (pred)      8.27 (actual)
Steering angle: 0.3198697383431711 (pred)       8.27 (actual)
Steering angle: 0.34077078421407125 (pred)      8.27 (actual)
Steering angle: 0.43560174430033655 (pred)      8.27 (actual)
Steering angle: 0.3533416406597739 (pred)       8.27 (actual)
Steering angle: 0.12555163018867524 (pred)      8.27 (actual)
Steering angle: 0.18943683075482426 (pred)      8.27 (actual)
Steering angle: 0.07561701096099795 (pred)      8.27 (actual)
Steering angle: 0.03769496025565412 (pred)      8.27 (actual)
Steering angle: 0.1025783155957638 (pred)       8.27 (actual)
Steering angle: 0.12189919987022416 (pred)      8.27 (actual)
Steering angle: 0.29199250800874915 (pred)      8.27 (actual)
Steering angle: 0.4209144897072819 (pred)       8.27 (actual)
Steering angle: 0.4206933623329028 (pred)       8.27 (actual)
Steering angle: 0.35493475560325294 (pred)      8.27 (actual)
Steering angle: 0.4615594780345733 (pred)       8.27 (actual)
Steering angle: 0.4289364401657561 (pred)       8.27 (actual)
Steering angle: 0.4404442950610227 (pred)       8.27 (actual)
Steering angle: 0.30111673360538704 (pred)      8.27 (actual)
Steering angle: 0.23957707602911596 (pred)      8.27 (actual)
Steering angle: 0.20237743789042 (pred) 8.27 (actual)
Steering angle: 0.32406771668136375 (pred)      8.27 (actual)
Steering angle: -0.04985696251145477 (pred)     8.27 (actual)
Steering angle: 0.28133834671845487 (pred)      8.27 (actual)
Steering angle: 0.17768210187365877 (pred)      8.27 (actual)
Steering angle: 0.20507280129163627 (pred)      8.27 (actual)
Steering angle: 0.1843056644810654 (pred)       8.27 (actual)
Steering angle: 0.3356037994678095 (pred)       8.27 (actual)
Steering angle: 0.37470796648745475 (pred)      8.27 (actual)
Steering angle: 0.4343808746666232 (pred)       8.27 (actual)
Steering angle: 0.47367602017876437 (pred)      8.27 (actual)
Steering angle: 0.4961324548701498 (pred)       8.27 (actual)
Steering angle: 0.3576514366651991 (pred)       8.27 (actual)
Steering angle: 0.34633562747948626 (pred)      8.27 (actual)
Steering angle: 0.2136591628313489 (pred)       8.27 (actual)
Steering angle: 0.3100864261720534 (pred)       8.27 (actual)
Steering angle: 0.20636540125184796 (pred)      8.27 (actual)
Steering angle: 0.17166471855509075 (pred)      8.27 (actual)
Steering angle: 0.09709282658870393 (pred)      8.27 (actual)
Steering angle: 0.2160702196083634 (pred)       8.27 (actual)
Steering angle: 0.2507076696944451 (pred)       8.27 (actual)
Steering angle: 0.18583050421327074 (pred)      8.27 (actual)
Steering angle: 0.4293317373639706 (pred)       8.27 (actual)
Steering angle: 0.36018885194185885 (pred)      8.27 (actual)
Steering angle: 0.4429816569768295 (pred)       8.27 (actual)
Steering angle: 0.4159643901475945 (pred)       8.27 (actual)
Steering angle: 0.36916446756319604 (pred)      8.27 (actual)
Steering angle: 0.452068236491753 (pred)        8.27 (actual)
Steering angle: 0.3691747128469511 (pred)       8.27 (actual)
Steering angle: 0.3096638082171589 (pred)       8.27 (actual)
Steering angle: 0.2735519844254932 (pred)       8.27 (actual)
Steering angle: 0.15645136597317327 (pred)      8.27 (actual)
Steering angle: 0.15849870183667136 (pred)      8.27 (actual)
Steering angle: 0.15665797919556615 (pred)      8.27 (actual)
Steering angle: 0.15697729053926424 (pred)      8.27 (actual)
Steering angle: 0.18411783427889006 (pred)      8.27 (actual)
Steering angle: 0.21711865364596034 (pred)      8.27 (actual)
Steering angle: 0.4153846778417897 (pred)       8.27 (actual)
Steering angle: 0.3805084512792352 (pred)       8.27 (actual)
Steering angle: 0.3165571232761414 (pred)       8.27 (actual)
Steering angle: 0.4163716134964301 (pred)       8.27 (actual)
Steering angle: 0.3109803004992524 (pred)       8.27 (actual)
Steering angle: 0.31704804312273605 (pred)      8.27 (actual)
Steering angle: 0.4614484874605606 (pred)       8.27 (actual)
Steering angle: 0.47139820545141803 (pred)      8.27 (actual)
Steering angle: 0.22713081717491312 (pred)      8.27 (actual)
Steering angle: 0.12141425643915324 (pred)      8.27 (actual)
Steering angle: 0.11606877963997202 (pred)      0.0 (actual)
Steering angle: 0.2826531581336823 (pred)       8.27 (actual)
Steering angle: 0.12932274838416855 (pred)      8.27 (actual)
Steering angle: 0.3281444324813622 (pred)       8.27 (actual)
Steering angle: 0.19075932613286797 (pred)      8.27 (actual)
Steering angle: 0.3290144278268926 (pred)       8.27 (actual)
Steering angle: 0.386488201856302 (pred)        8.27 (actual)
Steering angle: 0.3784850077376189 (pred)       8.27 (actual)
Steering angle: 0.41335443079142986 (pred)      8.27 (actual)
Steering angle: 0.435215011519011 (pred)        8.27 (actual)
Steering angle: 0.5375703587909709 (pred)       8.27 (actual)
Steering angle: 0.435997041498551 (pred)        8.27 (actual)
Steering angle: 0.3914238139444296 (pred)       8.27 (actual)
Steering angle: 0.32042554498688086 (pred)      8.27 (actual)
Steering angle: 0.26534383127085687 (pred)      8.27 (actual)
Steering angle: 0.2902662043764549 (pred)       8.27 (actual)
Steering angle: 0.3022710355751192 (pred)       8.27 (actual)
Steering angle: 0.18415625409297137 (pred)      8.27 (actual)
Steering angle: 0.08951473170457477 (pred)      8.27 (actual)
Steering angle: 0.25063339138722124 (pred)      0.0 (actual)
Steering angle: 0.30876478456765594 (pred)      8.27 (actual)
Steering angle: 0.3311650569613739 (pred)       8.27 (actual)
Steering angle: 0.4543878861277657 (pred)       8.27 (actual)
Steering angle: 0.42364397737392184 (pred)      8.27 (actual)
Steering angle: 0.46526650984574486 (pred)      8.27 (actual)
Steering angle: 0.42448064886682196 (pred)      8.27 (actual)
Steering angle: 0.5499148051378583 (pred)       8.27 (actual)
Steering angle: 0.41635795311809004 (pred)      8.27 (actual)
Steering angle: 0.3232130892614659 (pred)       8.27 (actual)
Steering angle: 0.29438990440742363 (pred)      8.27 (actual)
Steering angle: 0.2921914372683258 (pred)       8.27 (actual)
Steering angle: 0.36002151230719354 (pred)      8.27 (actual)
Steering angle: 0.18292511249507656 (pred)      8.27 (actual)
Steering angle: 0.22994482843253192 (pred)      8.27 (actual)
Steering angle: 0.20026009258792926 (pred)      0.0 (actual)
Steering angle: 0.3567934208311427 (pred)       8.27 (actual)
Steering angle: 0.2900015345461169 (pred)       8.27 (actual)
Steering angle: 0.5019644759259887 (pred)       8.27 (actual)
Steering angle: 0.5726340420297306 (pred)       8.27 (actual)
Steering angle: 0.42365593020496933 (pred)      8.27 (actual)
Steering angle: 0.49366766371427434 (pred)      8.27 (actual)
Steering angle: 0.5396057018027818 (pred)       8.27 (actual)
Steering angle: 0.33598543628768396 (pred)      8.27 (actual)
Steering angle: 0.24763154992742706 (pred)      8.27 (actual)
Steering angle: 0.1980880924318652 (pred)       8.27 (actual)
Steering angle: 0.3220101221938974 (pred)       8.27 (actual)
Steering angle: 0.3463749010672138 (pred)       8.27 (actual)
Steering angle: 0.29218546085280206 (pred)      8.27 (actual)
Steering angle: 0.38450747367742477 (pred)      8.27 (actual)
Steering angle: 0.3473704011387432 (pred)       8.27 (actual)
Steering angle: 0.40472373972317827 (pred)      8.27 (actual)
Steering angle: 0.4415097778911182 (pred)       8.27 (actual)
Steering angle: 0.38816498661711374 (pred)      8.27 (actual)
Steering angle: 0.4594472953945998 (pred)       8.27 (actual)
Steering angle: 0.5505022014064793 (pred)       8.27 (actual)
Steering angle: 0.34568251732053024 (pred)      8.27 (actual)
Steering angle: 0.3951607278332199 (pred)       8.27 (actual)
Steering angle: 0.4812190036216914 (pred)       8.27 (actual)
Steering angle: 0.2341658853395998 (pred)       8.27 (actual)
Steering angle: 0.3193403986824951 (pred)       8.27 (actual)
Steering angle: 0.08148328968439264 (pred)      8.27 (actual)
Steering angle: 0.12129728944961678 (pred)      8.27 (actual)
Steering angle: 0.2604858859041117 (pred)       8.27 (actual)
Steering angle: 0.2816149693798404 (pred)       8.27 (actual)
Steering angle: 0.21505337519567774 (pred)      8.27 (actual)
Steering angle: 0.19313536485017294 (pred)      8.27 (actual)
Steering angle: 0.21370526660824649 (pred)      8.27 (actual)
Steering angle: 0.34849396725721027 (pred)      8.27 (actual)
Steering angle: 0.3944171176677612 (pred)       8.27 (actual)
Steering angle: 0.3849616812572306 (pred)       8.27 (actual)
Steering angle: 0.4239700922263635 (pred)       8.27 (actual)
Steering angle: 0.3805229654312215 (pred)       8.27 (actual)
Steering angle: 0.4280288787797907 (pred)       8.27 (actual)
Steering angle: 0.2076648447414429 (pred)       8.27 (actual)
Steering angle: 0.27882569087753645 (pred)      8.27 (actual)
Steering angle: 0.3542440794038619 (pred)       8.27 (actual)
Steering angle: 0.31907829017309586 (pred)      8.27 (actual)
Steering angle: 0.3352332617053363 (pred)       8.27 (actual)
Steering angle: 0.24642431399162731 (pred)      8.27 (actual)
Steering angle: 0.07779840262717076 (pred)      8.27 (actual)
Steering angle: 0.24101312330211114 (pred)      8.27 (actual)
Steering angle: 0.18883833542880188 (pred)      8.27 (actual)
Steering angle: 0.38808643944165855 (pred)      8.27 (actual)
Steering angle: 0.41956555402663087 (pred)      8.27 (actual)
Steering angle: 0.5393862819756952 (pred)       8.27 (actual)
Steering angle: 0.4030648842089379 (pred)       8.27 (actual)
Steering angle: 0.45256257143293266 (pred)      8.27 (actual)
Steering angle: 0.43610034810974746 (pred)      8.27 (actual)
Steering angle: 0.37919705495859274 (pred)      8.27 (actual)
Steering angle: 0.32353325437881025 (pred)      8.27 (actual)
Steering angle: 0.14189796707959504 (pred)      8.27 (actual)
Steering angle: 0.29797828836219264 (pred)      8.27 (actual)
Steering angle: 0.3656119687819961 (pred)       8.27 (actual)
Steering angle: 0.20387751818688404 (pred)      8.27 (actual)
Steering angle: 0.26408622268992826 (pred)      8.27 (actual)
Steering angle: 0.3397761645966146 (pred)       8.27 (actual)
Steering angle: 0.5151225685577537 (pred)       8.27 (actual)
Steering angle: 0.35648008590296837 (pred)      8.27 (actual)
Steering angle: 0.4720743941792493 (pred)       8.27 (actual)
Steering angle: 0.45406345214219007 (pred)      8.27 (actual)
Steering angle: 0.4044923670650441 (pred)       8.27 (actual)
Steering angle: 0.3112705835389779 (pred)       8.27 (actual)
Steering angle: 0.4366476170169947 (pred)       8.27 (actual)
Steering angle: 0.2692523803429702 (pred)       8.27 (actual)
Steering angle: 0.1793776963351144 (pred)       8.27 (actual)
Steering angle: 0.19599038392323828 (pred)      8.27 (actual)
Steering angle: 0.17773503583972636 (pred)      8.27 (actual)
Steering angle: 0.16700825042864778 (pred)      8.27 (actual)
Steering angle: 0.1395355754004169 (pred)       8.27 (actual)
Steering angle: 0.27344697026700426 (pred)      8.27 (actual)
Steering angle: 0.2167259177686846 (pred)       8.27 (actual)
Steering angle: 0.43426646899802546 (pred)      8.27 (actual)
Steering angle: 0.5219995551957517 (pred)       8.27 (actual)
Steering angle: 0.43809473666696475 (pred)      8.27 (actual)
Steering angle: 0.48447780426858084 (pred)      8.27 (actual)
Steering angle: 0.41298218548166415 (pred)      8.27 (actual)
Steering angle: 0.5459013219485352 (pred)       8.27 (actual)
Steering angle: 0.4920523239755663 (pred)       8.27 (actual)
Steering angle: 0.4269446129294776 (pred)       8.27 (actual)
Steering angle: 0.31303960253401125 (pred)      8.27 (actual)
Steering angle: 0.24503010162729846 (pred)      0.0 (actual)
Steering angle: 0.29081432705734844 (pred)      8.27 (actual)
Steering angle: 0.05079184465410026 (pred)      8.27 (actual)
Steering angle: 0.1816709323489462 (pred)       8.27 (actual)
Steering angle: 0.1903708591238235 (pred)       8.27 (actual)
Steering angle: 0.3169601044371721 (pred)       8.27 (actual)
Steering angle: 0.22668087846333854 (pred)      8.27 (actual)
Steering angle: 0.42105877745349846 (pred)      8.27 (actual)
Steering angle: 0.36279198110885347 (pred)      8.27 (actual)
Steering angle: 0.46088841194861957 (pred)      8.27 (actual)
Steering angle: 0.4641625805211415 (pred)       8.27 (actual)
Steering angle: 0.4296220204036961 (pred)       8.27 (actual)
Steering angle: 0.4551656739195009 (pred)       8.27 (actual)
Steering angle: 0.39073311106461206 (pred)      8.27 (actual)
Steering angle: 0.37426741928598894 (pred)      8.27 (actual)
Steering angle: 0.22221907072824093 (pred)      8.27 (actual)
Steering angle: 0.10581325727130449 (pred)      8.27 (actual)
Steering angle: 0.22146177350401577 (pred)      8.27 (actual)
Steering angle: 0.15514765361534708 (pred)      8.27 (actual)
Steering angle: 0.13863142910903645 (pred)      8.27 (actual)
Steering angle: 0.04523548576429489 (pred)      8.27 (actual)
Steering angle: 0.023412180927511208 (pred)     8.27 (actual)
Steering angle: 0.18856512786200139 (pred)      8.27 (actual)
Steering angle: 0.2904369591057052 (pred)       8.27 (actual)
Steering angle: 0.35894490373927024 (pred)      8.27 (actual)
Steering angle: 0.46130676103528284 (pred)      8.27 (actual)
Steering angle: 0.4612683412212015 (pred)       8.27 (actual)
Steering angle: 0.46413269844352273 (pred)      8.27 (actual)
Steering angle: 0.5029744367886514 (pred)       8.27 (actual)
Steering angle: 0.39222892249284486 (pred)      8.27 (actual)
Steering angle: 0.3700190949830939 (pred)       8.27 (actual)
Steering angle: 0.20655835409590084 (pred)      8.27 (actual)
Steering angle: 0.2531332406234459 (pred)       8.27 (actual)
Steering angle: 0.12157988852652606 (pred)      0.0 (actual)
Steering angle: 0.3225804429895935 (pred)       8.27 (actual)
Steering angle: 0.4060555999309043 (pred)       8.27 (actual)
Steering angle: 0.345305149368887 (pred)        8.27 (actual)
Steering angle: 0.20752141076887262 (pred)      8.27 (actual)
Steering angle: 0.36342460070029947 (pred)      8.27 (actual)
Steering angle: 0.4335945491384255 (pred)       8.27 (actual)
Steering angle: 0.45849789909996796 (pred)      8.27 (actual)
Steering angle: 0.41334760060225983 (pred)      8.27 (actual)
Steering angle: 0.4875060860309824 (pred)       8.27 (actual)
Steering angle: 0.44360064287036194 (pred)      8.27 (actual)
Steering angle: 0.36067291491885706 (pred)      8.27 (actual)
Steering angle: 0.44387897307903995 (pred)      8.27 (actual)
Steering angle: 0.2597456641528116 (pred)       8.27 (actual)
Steering angle: 0.21871605079788387 (pred)      8.27 (actual)
Steering angle: 0.24703732346963594 (pred)      8.27 (actual)
Steering angle: 0.26893989918844213 (pred)      8.27 (actual)
Steering angle: 0.02031212881797167 (pred)      8.27 (actual)
Steering angle: 0.21466234686569452 (pred)      8.27 (actual)
Steering angle: 0.2369995333910824 (pred)       8.27 (actual)
Steering angle: 0.1910624157772873 (pred)       8.27 (actual)
Steering angle: 0.28487891934903375 (pred)      8.27 (actual)
Steering angle: 0.48603503403849085 (pred)      0.0 (actual)
Steering angle: 0.3837237094701658 (pred)       8.27 (actual)
Steering angle: 0.7545960978518352 (pred)       8.27 (actual)
Steering angle: 0.7066355767170636 (pred)       8.27 (actual)
Steering angle: 0.7227021026356376 (pred)       8.27 (actual)
Steering angle: 0.5891029087791007 (pred)       8.27 (actual)
Steering angle: 0.5770590441165467 (pred)       8.27 (actual)
Steering angle: 0.46603661367466376 (pred)      8.27 (actual)
Steering angle: 0.3683678967512433 (pred)       8.27 (actual)
Steering angle: 0.34139147765489614 (pred)      8.27 (actual)
Steering angle: 0.37029742519177195 (pred)      8.27 (actual)
Steering angle: 0.33748378235642906 (pred)      8.27 (actual)
Steering angle: 0.3371627901458649 (pred)       8.27 (actual)
Steering angle: 0.25378549700875563 (pred)      8.27 (actual)
Steering angle: 0.20471336258656436 (pred)      8.27 (actual)
Steering angle: 0.265418963351727 (pred)        8.27 (actual)
Steering angle: 0.17469305367834514 (pred)      8.27 (actual)
Steering angle: 0.4451032578073383 (pred)       8.27 (actual)
Steering angle: 0.4233775999962913 (pred)       8.27 (actual)
Steering angle: 0.34204205317333986 (pred)      8.27 (actual)
Steering angle: 0.5737737764866235 (pred)       8.27 (actual)
Steering angle: 0.26238126339879025 (pred)      8.27 (actual)
Steering angle: 0.27946687488587135 (pred)      8.27 (actual)
Steering angle: 0.24578483753058486 (pred)      8.27 (actual)
Steering angle: 0.40294535589846264 (pred)      8.27 (actual)
Steering angle: 0.6580353656778378 (pred)       8.27 (actual)
Steering angle: 0.6181842000785753 (pred)       8.17 (actual)
Steering angle: 0.3731097289020982 (pred)       8.17 (actual)
Steering angle: 0.4668605052432966 (pred)       8.07 (actual)
Steering angle: 0.25994203209144945 (pred)      8.07 (actual)
Steering angle: 0.17852050759427782 (pred)      7.87 (actual)
Steering angle: -0.09583351046048283 (pred)     7.659999999999998 (actual)
Steering angle: -0.3672921686373928 (pred)      7.460000000000001 (actual)
Steering angle: -0.37053135917084484 (pred)     7.460000000000001 (actual)
Steering angle: -0.48681026050928733 (pred)     7.460000000000001 (actual)
Steering angle: -1.4291507029241721 (pred)      7.460000000000001 (actual)
Steering angle: -1.1085221999333212 (pred)      7.460000000000001 (actual)
Steering angle: -1.1218594249482405 (pred)      7.460000000000001 (actual)
Steering angle: -1.3755681890505393 (pred)      7.460000000000001 (actual)
Steering angle: -0.929221730092553 (pred)       7.460000000000001 (actual)
Steering angle: -1.2298026673740643 (pred)      7.460000000000001 (actual)
Steering angle: -1.4666356348628482 (pred)      7.460000000000001 (actual)
Steering angle: -1.944559339014273 (pred)       7.659999999999998 (actual)
Steering angle: -1.888492450551754 (pred)       7.760000000000002 (actual)
Steering angle: -2.674031439777863 (pred)       7.760000000000002 (actual)
Steering angle: -3.0762286231579443 (pred)      7.760000000000002 (actual)
Steering angle: -3.0956302023821887 (pred)      7.760000000000002 (actual)
Steering angle: -3.083062440865954 (pred)       7.760000000000002 (actual)
Steering angle: -3.2760739818569937 (pred)      7.760000000000002 (actual)
Steering angle: -4.016634894738099 (pred)       7.760000000000002 (actual)
Steering angle: -3.709488117951796 (pred)       7.760000000000002 (actual)
Steering angle: -4.115380647116266 (pred)       7.760000000000002 (actual)
Steering angle: -4.006637205340493 (pred)       7.760000000000002 (actual)
Steering angle: -4.095568829654998 (pred)       7.760000000000002 (actual)
Steering angle: -4.142515281141434 (pred)       7.760000000000002 (actual)
Steering angle: -4.221095753768784 (pred)       7.760000000000002 (actual)
Steering angle: -4.377785842857578 (pred)       7.760000000000002 (actual)
Steering angle: -4.042507224427284 (pred)       7.760000000000002 (actual)
Steering angle: -3.666029331810297 (pred)       7.760000000000002 (actual)
Steering angle: -3.674971756981136 (pred)       7.760000000000002 (actual)
Steering angle: -3.4447745317144314 (pred)      7.760000000000002 (actual)
Steering angle: -3.389265370886326 (pred)       7.760000000000002 (actual)
Steering angle: -2.7276108587220276 (pred)      7.760000000000002 (actual)
Steering angle: -2.636804560923766 (pred)       7.760000000000002 (actual)
Steering angle: -2.502098289452305 (pred)       7.760000000000002 (actual)
Steering angle: -2.42428194423835 (pred)        7.760000000000002 (actual)
Steering angle: -2.7131705581561514 (pred)      7.760000000000002 (actual)
Steering angle: -2.7964770948023276 (pred)      7.969999999999999 (actual)
Steering angle: -2.7310837964715677 (pred)      8.17 (actual)
Steering angle: -2.443110214459136 (pred)       8.17 (actual)
Steering angle: -2.5933871828041104 (pred)      8.27 (actual)
Steering angle: -2.815463099704259 (pred)       8.37 (actual)
Steering angle: -3.1115259735715126 (pred)      8.37 (actual)
Steering angle: -3.6308060462605414 (pred)      8.469999999999999 (actual)
Steering angle: -3.7454648587443686 (pred)      8.67 (actual)
Steering angle: -4.506067894527819 (pred)       8.87 (actual)
Steering angle: -3.161304605685977 (pred)       9.28 (actual)
Steering angle: -2.7931930544720207 (pred)      9.88 (actual)
Steering angle: -3.0316394407088088 (pred)      10.29 (actual)
Steering angle: -2.840578559056042 (pred)       10.99 (actual)
Steering angle: -2.822768627351822 (pred)       11.5 (actual)
Steering angle: -1.53628808974964 (pred)        12.0 (actual)
Steering angle: -0.3743459664614441 (pred)      12.4 (actual)
Steering angle: -0.4685389708709743 (pred)      12.61 (actual)
Steering angle: -0.4589529604534201 (pred)      12.61 (actual)
Steering angle: -0.749347310918092 (pred)       12.61 (actual)
Steering angle: -0.6066329628099086 (pred)      12.4 (actual)
Steering angle: -0.5344891430625018 (pred)      11.8 (actual)
Steering angle: -0.15818280558755826 (pred)     11.39 (actual)
Steering angle: -0.2780573212763364 (pred)      11.39 (actual)
Steering angle: -1.1353486216721926 (pred)      11.39 (actual)
Steering angle: -1.3785047435068218 (pred)      11.39 (actual)
Steering angle: -1.6054598700735923 (pred)      11.39 (actual)
Steering angle: -1.5441695944433058 (pred)      11.39 (actual)
Steering angle: -0.894195346089964 (pred)       11.6 (actual)
Steering angle: -1.1713614344013197 (pred)      12.100000000000001 (actual)
Steering angle: -1.3474684706399895 (pred)      12.4 (actual)
Steering angle: -1.2831689630717837 (pred)      13.01 (actual)
Steering angle: -0.9990008636441073 (pred)      14.920000000000002 (actual)
Steering angle: -0.6556312458116992 (pred)      14.72 (actual)
Steering angle: -0.6836477212917395 (pred)      15.33 (actual)
Steering angle: -0.2652951661730205 (pred)      15.33 (actual)
Steering angle: -0.2861066458523436 (pred)      15.33 (actual)
Steering angle: -0.6656508131589904 (pred)      15.33 (actual)
Steering angle: -0.6810651627335341 (pred)      14.93 (actual)
Steering angle: -0.5662846875051161 (pred)      14.52 (actual)
Steering angle: -0.5531897741231736 (pred)      13.82 (actual)
Steering angle: -0.05526391101316611 (pred)     13.21 (actual)
Steering angle: 0.27442878327976716 (pred)      12.4 (actual)
Steering angle: 0.19699526216466318 (pred)      11.089999999999998 (actual)
Steering angle: 1.0939121051335468 (pred)       10.08 (actual)
Steering angle: 1.1301684567952668 (pred)       9.380000000000003 (actual)
Steering angle: 1.9410782904150936 (pred)       9.28 (actual)
Steering angle: 2.376429425469829 (pred)        9.28 (actual)
Steering angle: 2.567442282354994 (pred)        9.380000000000003 (actual)
Steering angle: 2.61978586394621 (pred) 9.48 (actual)
Steering angle: 2.653204485451201 (pred)        9.68 (actual)
Steering angle: 2.5947568491761097 (pred)       10.18 (actual)
Steering angle: 2.111133565605721 (pred)        10.49 (actual)
Steering angle: 1.8414102490555635 (pred)       11.19 (actual)
Steering angle: 1.1977896774559202 (pred)       11.699999999999998 (actual)
Steering angle: 0.15918257452731888 (pred)      11.899999999999999 (actual)
Steering angle: -0.024559652708073348 (pred)    11.899999999999999 (actual)
Steering angle: -2.107347079484595 (pred)       11.899999999999999 (actual)
Steering angle: -1.5260899769885763 (pred)      12.0 (actual)
Steering angle: -0.4684664001110429 (pred)      12.0 (actual)
Steering angle: -1.7361259779292848 (pred)      12.0 (actual)
Steering angle: -1.5028440684786726 (pred)      11.899999999999999 (actual)
Steering angle: -0.6383616461038508 (pred)      11.699999999999998 (actual)
Steering angle: 0.0033245945785037065 (pred)    10.99 (actual)
Steering angle: 0.23031707374229762 (pred)      10.389999999999999 (actual)
Steering angle: -0.9417141460845063 (pred)      9.68 (actual)
Steering angle: -3.636520353274903 (pred)       9.18 (actual)
Steering angle: -3.8377437026390027 (pred)      8.37 (actual)
Steering angle: -4.25701273040612 (pred)        7.559999999999999 (actual)
Steering angle: -4.592620905463867 (pred)       6.96 (actual)
Steering angle: -4.915281176289384 (pred)       6.860000000000001 (actual)
Steering angle: -5.065130404037586 (pred)       6.76 (actual)
Steering angle: -6.342187521740972 (pred)       6.35 (actual)
Steering angle: -6.090571036680519 (pred)       5.340000000000001 (actual)
Steering angle: -5.683274476754788 (pred)       3.7300000000000004 (actual)
Steering angle: -5.574364122231173 (pred)       1.11 (actual)
Steering angle: -5.600887454325624 (pred)       -1.11 (actual)
Steering angle: -6.733365262112296 (pred)       -2.7200000000000006 (actual)
Steering angle: -7.937294532580117 (pred)       -4.44 (actual)
Steering angle: -8.712455262805804 (pred)       -7.26 (actual)
Steering angle: -17.90397145625984 (pred)       -10.389999999999999 (actual)
Steering angle: -24.016386291679705 (pred)      -12.300000000000002 (actual)
Steering angle: -43.18924297118783 (pred)       -14.420000000000002 (actual)
Steering angle: -40.599327445472795 (pred)      -16.74 (actual)
Steering angle: -46.23436328432754 (pred)       -18.66 (actual)
Steering angle: -49.31264758098225 (pred)       -21.28 (actual)
Steering angle: -54.96205413785071 (pred)       -24.200000000000003 (actual)
Steering angle: -46.77844249323242 (pred)       -26.920000000000005 (actual)
Steering angle: -35.42479662083864 (pred)       -29.849999999999998 (actual)
Steering angle: -52.056921966844996 (pred)      -33.38 (actual)
Steering angle: -55.80266942466627 (pred)       -36.0 (actual)
Steering angle: -54.51815672859699 (pred)       -39.63 (actual)
Steering angle: -47.89199896947086 (pred)       -43.56 (actual)
Steering angle: -50.66295890442085 (pred)       -46.79 (actual)
Steering angle: -49.68153926786547 (pred)       -51.53 (actual)
Steering angle: -45.430477339773724 (pred)      -54.35 (actual)
Steering angle: -41.55573834438217 (pred)       -57.879999999999995 (actual)
Steering angle: -31.66075791642007 (pred)       -61.41 (actual)
Steering angle: -23.900177453141108 (pred)      -64.33999999999999 (actual)
Steering angle: -13.653740249925896 (pred)      -68.26999999999998 (actual)
Steering angle: -11.888517132523829 (pred)      -71.29 (actual)
Steering angle: -10.147691450837046 (pred)      -74.82 (actual)
Steering angle: 15.876199282257065 (pred)       -77.75 (actual)
Steering angle: 29.92768962208313 (pred)        -79.36 (actual)
Steering angle: 46.53822132502849 (pred)        -82.18 (actual)
Steering angle: 46.7901767582265 (pred) -85.21 (actual)
Steering angle: 61.82847746141037 (pred)        -87.53 (actual)
Steering angle: 84.80944805605117 (pred)        -90.24999999999999 (actual)
Steering angle: 73.00262596241622 (pred)        -92.77 (actual)
Steering angle: 57.71309041099176 (pred)        -94.88999999999999 (actual)
Steering angle: 69.41860030866792 (pred)        -98.02000000000001 (actual)
Steering angle: 73.89484674350581 (pred)        -99.73 (actual)
Steering angle: 65.22468657336167 (pred)        -103.26 (actual)
Steering angle: 66.31229174584864 (pred)        -104.97 (actual)
Steering angle: 64.55824452547601 (pred)        -107.8 (actual)
Steering angle: 55.27919689648732 (pred)        -111.43 (actual)
Steering angle: 28.116325161743042 (pred)       -114.66 (actual)
Steering angle: 35.8805512384915 (pred) -118.28999999999999 (actual)
Steering angle: 32.9605873117031 (pred) -123.03 (actual)
Steering angle: 45.48447681535184 (pred)        -126.24999999999999 (actual)
Steering angle: 74.92778308187602 (pred)        -128.77 (actual)
Steering angle: 72.44011890313064 (pred)        -130.79 (actual)
Steering angle: 64.91040907908187 (pred)        -132.0 (actual)
Steering angle: 77.48646756761117 (pred)        -133.41 (actual)
Steering angle: 64.52401161735591 (pred)        -134.62 (actual)
Steering angle: 58.427036424554856 (pred)       -136.34 (actual)
Steering angle: 55.249700724556625 (pred)       -138.05 (actual)
Steering angle: 78.82114117294502 (pred)        -140.07 (actual)
Steering angle: 71.94581128270765 (pred)        -142.18 (actual)
Steering angle: 76.46269734310712 (pred)        -143.09 (actual)
Steering angle: 82.89731610733858 (pred)        -144.1 (actual)
Steering angle: 79.45336397308891 (pred)        -144.3 (actual)
Steering angle: 86.05356018317983 (pred)        -144.3 (actual)
Steering angle: 64.0077517689405 (pred) -144.3 (actual)
Steering angle: 63.152133971613 (pred)  -144.61 (actual)
Steering angle: 39.09836263951123 (pred)        -145.21 (actual)
Steering angle: 10.494396121975123 (pred)       -145.61 (actual)
Steering angle: 7.666596206525941 (pred)        -146.22 (actual)
Steering angle: 3.6838266703532345 (pred)       -147.62999999999997 (actual)
Steering angle: 1.4115878319688364 (pred)       -149.45 (actual)
Steering angle: 12.086718976953843 (pred)       -150.95999999999998 (actual)
Steering angle: 24.049604916708063 (pred)       -152.97 (actual)
Steering angle: 26.90498940489399 (pred)        -154.39 (actual)
Steering angle: 14.545999450829573 (pred)       -155.8 (actual)
Steering angle: 25.716116432677815 (pred)       -156.71 (actual)
Steering angle: 15.74707114090339 (pred)        -157.50999999999996 (actual)
Steering angle: 16.599347268179457 (pred)       -157.91999999999996 (actual)
Steering angle: 8.34710673655453 (pred) -158.12 (actual)
Steering angle: 13.077409741533867 (pred)       -158.12 (actual)
Steering angle: 15.246766614389125 (pred)       -158.12 (actual)
Steering angle: 12.190379050439834 (pred)       -158.31999999999996 (actual)
Steering angle: 3.837018848813335 (pred)        -158.82 (actual)
Steering angle: 4.263204296888737 (pred)        -159.53 (actual)
Steering angle: -0.5743475123769046 (pred)      -159.93 (actual)
Steering angle: -0.12087040262649099 (pred)     -159.93 (actual)
Steering angle: 0.1486794778115582 (pred)       -159.93 (actual)
Steering angle: 1.8957049168718758 (pred)       -159.93 (actual)
Steering angle: 1.461543622114898 (pred)        -159.93 (actual)
Steering angle: -5.595073682681474 (pred)       -159.93 (actual)
Steering angle: -4.56686853097198 (pred)        -159.93 (actual)
Steering angle: -11.990146932279032 (pred)      -159.63 (actual)
Steering angle: -21.48901310064718 (pred)       -158.62 (actual)
Steering angle: -17.35866281330436 (pred)       -156.71 (actual)
Steering angle: -12.665815711959727 (pred)      -155.5 (actual)
Steering angle: -7.444096817897252 (pred)       -154.29 (actual)
Steering angle: -9.149725681017312 (pred)       -153.48 (actual)
Steering angle: -6.1289259639647256 (pred)      -152.57 (actual)
Steering angle: -1.2121664786068567 (pred)      -151.97000000000003 (actual)
Steering angle: 2.120978429520648 (pred)        -150.86 (actual)
Steering angle: 2.9230603503599393 (pred)       -149.55 (actual)
Steering angle: -0.1545986771608073 (pred)      -147.43 (actual)
Steering angle: -13.239093125792762 (pred)      -145.11 (actual)
Steering angle: 26.488665469319617 (pred)       -142.49 (actual)
Steering angle: -21.368262186310524 (pred)      -140.97 (actual)
Steering angle: -12.30096664329151 (pred)       -139.06 (actual)
Steering angle: -13.18829871648267 (pred)       -136.83999999999997 (actual)
Steering angle: -14.86079603948629 (pred)       -135.03 (actual)
Steering angle: -13.707453711332523 (pred)      -132.1 (actual)
Steering angle: -17.18804810293203 (pred)       -128.57 (actual)
Steering angle: 111.68939798744789 (pred)       -126.35000000000001 (actual)
Steering angle: 40.91061673199071 (pred)        -122.32000000000001 (actual)
Steering angle: -1.003137076795079 (pred)       -117.98000000000002 (actual)
Steering angle: 0.39390826857459527 (pred)      -113.45 (actual)
Steering angle: 3.9305612777044217 (pred)       -108.0 (actual)
Steering angle: 13.961701526770723 (pred)       -104.47 (actual)
Steering angle: 2.756587936275807 (pred)        -98.82 (actual)
Steering angle: 3.2204534035680528 (pred)       -94.39 (actual)
Steering angle: 2.6743778584348292 (pred)       -88.74 (actual)
Steering angle: 5.171237819680558 (pred)        -86.62 (actual)
Steering angle: -11.722001389427149 (pred)      -83.8 (actual)
Steering angle: -5.833614624349585 (pred)       -82.08 (actual)
Steering angle: -7.119534766274708 (pred)       -79.87 (actual)
Steering angle: -5.8703025585894855 (pred)      0.0 (actual)
Steering angle: -6.6026725805518645 (pred)      -71.7 (actual)
Steering angle: -6.837135045511831 (pred)       -67.45999999999998 (actual)
Steering angle: -7.790282394658409 (pred)       -64.64 (actual)
Steering angle: -8.887908308431445 (pred)       -61.70999999999999 (actual)
Steering angle: -9.200861599785906 (pred)       -58.58999999999999 (actual)
Steering angle: -9.591790038252524 (pred)       -54.96 (actual)
Steering angle: -9.343842218550014 (pred)       -51.83 (actual)
Steering angle: -8.886486775310436 (pred)       -48.2 (actual)
Steering angle: -8.296874110303671 (pred)       -46.69 (actual)
Steering angle: -5.400267296042602 (pred)       -45.98 (actual)
Steering angle: -4.404923465090508 (pred)       -45.08 (actual)
Steering angle: -4.288387204358573 (pred)       -44.27 (actual)
Steering angle: -3.751283326143573 (pred)       -41.85 (actual)
Steering angle: -4.592601268670003 (pred)       -40.44 (actual)
Steering angle: -4.910329716027948 (pred)       -38.02 (actual)
Steering angle: -4.109250125449356 (pred)       -36.0 (actual)
Steering angle: -6.39192282484289 (pred)        -35.19 (actual)
Steering angle: -5.951209137516048 (pred)       -35.09000000000001 (actual)
Steering angle: -6.5117516636415935 (pred)      -35.09000000000001 (actual)
Steering angle: -6.0310216055149395 (pred)      -34.39 (actual)
Steering angle: -4.40941687579073 (pred)        -32.67 (actual)
Steering angle: -4.058339176036551 (pred)       -31.460000000000004 (actual)
Steering angle: -1.12760820307357 (pred)        -30.76 (actual)
Steering angle: -0.32253433921269586 (pred)     -30.76 (actual)
Steering angle: -2.230768811230137 (pred)       -30.25 (actual)
Steering angle: -1.6260103084605737 (pred)      -28.939999999999998 (actual)
Steering angle: -1.790530035494023 (pred)       -27.130000000000003 (actual)
Steering angle: -1.6395049479915207 (pred)      -25.41 (actual)
Steering angle: -0.9795498722700862 (pred)      -25.51 (actual)
Steering angle: -1.300916676021533 (pred)       -25.71 (actual)
Steering angle: -1.2954472953219396 (pred)      -25.71 (actual)
Steering angle: 0.6554024344745037 (pred)       -25.11 (actual)
Steering angle: 1.5185942712613105 (pred)       -22.69 (actual)
Steering angle: 2.699127902666017 (pred)        -19.26 (actual)
Steering angle: 3.8917158574604436 (pred)       -16.54 (actual)
Steering angle: 4.123851789234374 (pred)        -13.119999999999997 (actual)
Steering angle: 5.285005292477698 (pred)        -12.5 (actual)
Steering angle: 5.365779963375915 (pred)        -11.8 (actual)
Steering angle: 4.83198445804014 (pred) -11.19 (actual)
Steering angle: 4.427237266222116 (pred)        -10.08 (actual)
Steering angle: 4.706962541038111 (pred)        -7.760000000000002 (actual)
Steering angle: 5.1437983884636775 (pred)       -5.139999999999999 (actual)
Steering angle: 5.119709165034689 (pred)        -5.139999999999999 (actual)
Steering angle: 4.155366282064813 (pred)        -5.139999999999999 (actual)
Steering angle: 3.6701065278579716 (pred)       -5.139999999999999 (actual)
Steering angle: 4.08976359574731 (pred) -5.04 (actual)
Steering angle: 4.762693042684007 (pred)        -5.139999999999999 (actual)
Steering angle: 5.023117056679192 (pred)        -4.94 (actual)
Steering angle: 5.288291040355298 (pred)        -4.54 (actual)
Steering angle: 6.1774156113167615 (pred)       -4.03 (actual)
Steering angle: 6.6241543792652005 (pred)       -3.9300000000000006 (actual)
Steering angle: 7.171266619048385 (pred)        -3.9300000000000006 (actual)
Steering angle: 6.796109514262149 (pred)        -3.7300000000000004 (actual)
Steering angle: 6.40972742046182 (pred) -3.3299999999999996 (actual)
Steering angle: 6.102300179032723 (pred)        -2.82 (actual)
Steering angle: 6.1968039570494895 (pred)       -2.82 (actual)
Steering angle: 7.25517122413376 (pred) -2.82 (actual)
Steering angle: 7.55458622677961 (pred) -2.82 (actual)
Steering angle: 8.457384409572617 (pred)        -2.82 (actual)
Steering angle: 8.927200679179236 (pred)        -2.82 (actual)
Steering angle: 8.825774931325485 (pred)        -2.82 (actual)
Steering angle: 9.289847011840124 (pred)        -2.82 (actual)
Steering angle: 9.528781543159157 (pred)        -2.82 (actual)
Steering angle: 10.216870168071873 (pred)       -2.82 (actual)
Steering angle: 10.107209773400026 (pred)       -2.82 (actual)
Steering angle: 10.332289265987688 (pred)       -2.82 (actual)
Steering angle: 10.64197345805065 (pred)        -2.82 (actual)
Steering angle: 10.988211968777875 (pred)       -2.82 (actual)
Steering angle: 10.919286822315986 (pred)       -2.82 (actual)
Steering angle: 10.782626689855077 (pred)       -2.82 (actual)
Steering angle: 10.489945399957215 (pred)       -2.82 (actual)
Steering angle: 9.769835140668185 (pred)        -2.7200000000000006 (actual)
Steering angle: 9.390102236024864 (pred)        -2.02 (actual)
Steering angle: 8.74728410493099 (pred) -0.3 (actual)
Steering angle: 8.253082352440133 (pred)        1.41 (actual)
Steering angle: 8.249090960643908 (pred)        3.13 (actual)
Steering angle: 7.4703033999689445 (pred)       4.13 (actual)
Steering angle: 7.221848438720561 (pred)        4.74 (actual)
Steering angle: 6.651075142991983 (pred)        5.45 (actual)
Steering angle: 6.620294468610497 (pred)        5.849999999999999 (actual)
Steering angle: 6.405258342310517 (pred)        5.849999999999999 (actual)
Steering angle: 6.2760482386868 (pred)  5.849999999999999 (actual)
Steering angle: 6.121803784207695 (pred)        5.949999999999999 (actual)
Steering angle: 5.7133123680640345 (pred)       0.0 (actual)
Steering angle: 5.443764928885005 (pred)        6.45 (actual)
Steering angle: 5.051739391282953 (pred)        6.860000000000001 (actual)
Steering angle: 4.965031420430111 (pred)        6.860000000000001 (actual)
Steering angle: 5.158889264547998 (pred)        6.860000000000001 (actual)
Steering angle: 5.376040615056567 (pred)        6.860000000000001 (actual)
Steering angle: 5.486933858873601 (pred)        6.96 (actual)
Steering angle: 5.249804631929568 (pred)        7.36 (actual)
Steering angle: 5.259011300043922 (pred)        7.87 (actual)
Steering angle: 5.075859350563207 (pred)        8.570000000000002 (actual)
Steering angle: 5.221270662898194 (pred)        9.08 (actual)
Steering angle: 5.294444613910656 (pred)        9.48 (actual)
Steering angle: 5.4908125525485225 (pred)       9.48 (actual)
Steering angle: 5.6367941856792045 (pred)       9.48 (actual)
Steering angle: 5.54357021435817 (pred) 9.58 (actual)
Steering angle: 5.775397933845804 (pred)        9.08 (actual)
Steering angle: 5.9531702555814885 (pred)       8.570000000000002 (actual)
Steering angle: 5.936513985516766 (pred)        7.760000000000002 (actual)
Steering angle: 6.3577543766330775 (pred)       7.36 (actual)
Steering angle: 6.003523263916469 (pred)        7.36 (actual)
Steering angle: 5.602592867184012 (pred)        7.36 (actual)
Steering angle: 5.999220671626183 (pred)        7.36 (actual)
Steering angle: 5.947590417916411 (pred)        7.36 (actual)
Steering angle: 5.868136107962122 (pred)        7.26 (actual)
Steering angle: 6.275483894306628 (pred)        7.26 (actual)
Steering angle: 6.35908626352123 (pred) 7.26 (actual)
Steering angle: 3.9386588938522946 (pred)       7.26 (actual)
Steering angle: 5.041674253767293 (pred)        7.26 (actual)
Steering angle: 5.080693843835107 (pred)        7.26 (actual)
Steering angle: 6.503131111135391 (pred)        7.26 (actual)
Steering angle: 7.5066536667317525 (pred)       7.16 (actual)
Steering angle: 5.559181892366704 (pred)        7.460000000000001 (actual)
Steering angle: 4.859914809103615 (pred)        8.570000000000002 (actual)
Steering angle: 4.8620688800131076 (pred)       0.0 (actual)
Steering angle: 4.584688494516543 (pred)        12.0 (actual)
Steering angle: 3.6598313620253338 (pred)       12.61 (actual)
Steering angle: 2.9171159513479124 (pred)       12.81 (actual)
Steering angle: 2.544313127391215 (pred)        13.01 (actual)
Steering angle: 1.5422847823974997 (pred)       13.11 (actual)
Steering angle: 2.7324831314777738 (pred)       13.11 (actual)
Steering angle: 2.7155436220059075 (pred)       13.11 (actual)
Steering angle: 9.961439022359968 (pred)        13.21 (actual)
Steering angle: 22.895437843212015 (pred)       13.31 (actual)
Steering angle: 21.15043550084777 (pred)        13.31 (actual)
Steering angle: 7.1893367382713 (pred)  13.31 (actual)
Steering angle: 3.604550799091012 (pred)        13.31 (actual)
Steering angle: 36.290410400016455 (pred)       13.31 (actual)
Steering angle: 55.00410078238131 (pred)        13.31 (actual)
Steering angle: 61.861453614723196 (pred)       13.31 (actual)
Steering angle: 70.68266341836217 (pred)        13.31 (actual)
Steering angle: 83.99925101670425 (pred)        13.31 (actual)
Steering angle: 82.2679141753219 (pred) 13.31 (actual)
Steering angle: 79.10549560847099 (pred)        13.31 (actual)
Steering angle: 84.29299696233899 (pred)        13.31 (actual)
Steering angle: 88.73739422507713 (pred)        13.31 (actual)
Steering angle: 98.62401108640054 (pred)        13.21 (actual)
Steering angle: 100.19425791620813 (pred)       12.2 (actual)
Steering angle: 105.61911517392325 (pred)       10.18 (actual)
Steering angle: 105.32943319084467 (pred)       8.37 (actual)
Steering angle: 102.97725264447567 (pred)       7.16 (actual)
Steering angle: 106.41498247639147 (pred)       6.96 (actual)
Steering angle: 110.4346102746465 (pred)        6.76 (actual)
Steering angle: 108.93702982741868 (pred)       6.150000000000001 (actual)
Steering angle: 90.94002094937952 (pred)        6.050000000000001 (actual)
Steering angle: 13.68909843171176 (pred)        6.050000000000001 (actual)
Steering angle: 4.81356941426414 (pred) 6.050000000000001 (actual)
Steering angle: 5.004911614333346 (pred)        5.65 (actual)
Steering angle: 10.160744796114587 (pred)       4.94 (actual)
Steering angle: 9.58883683521014 (pred) 4.84 (actual)
Steering angle: 13.949111780583097 (pred)       4.74 (actual)
Steering angle: 12.31891979552489 (pred)        4.74 (actual)
Steering angle: 10.872913252946184 (pred)       4.74 (actual)
Steering angle: 11.032895066328098 (pred)       4.74 (actual)
Steering angle: 11.396887800029127 (pred)       4.44 (actual)
Steering angle: 13.257048839347078 (pred)       3.9300000000000006 (actual)
Steering angle: 12.410021712448165 (pred)       3.63 (actual)
Steering angle: 12.133893386003828 (pred)       3.4300000000000006 (actual)
Steering angle: 12.179193761900292 (pred)       2.92 (actual)
Steering angle: 12.228455647515363 (pred)       1.92 (actual)
Steering angle: 11.615583627063765 (pred)       1.21 (actual)
Steering angle: 11.212316451861518 (pred)       0.91 (actual)
Steering angle: 11.213303414196584 (pred)       0.3 (actual)
Steering angle: 11.393222549765769 (pred)       -0.4 (actual)
Steering angle: 11.463139781204603 (pred)       -0.91 (actual)
Steering angle: 11.362388514531393 (pred)       -1.41 (actual)
Steering angle: 11.243938520171385 (pred)       -1.92 (actual)
Steering angle: 11.853369832828589 (pred)       -1.92 (actual)
Steering angle: 12.479261047611876 (pred)       -1.92 (actual)
Steering angle: 12.872125844708194 (pred)       -1.92 (actual)
Steering angle: 13.423937681527171 (pred)       -1.92 (actual)
Steering angle: 13.303695616283681 (pred)       -1.92 (actual)
Steering angle: 12.113542837371776 (pred)       -1.82 (actual)
Steering angle: 11.021878824970514 (pred)       -1.71 (actual)
Steering angle: 10.54225611126305 (pred)        -1.41 (actual)
Steering angle: 10.284227786119247 (pred)       -0.91 (actual)
Steering angle: 9.985276382563312 (pred)        -0.3 (actual)
Steering angle: 10.998937073322088 (pred)       0.2 (actual)
Steering angle: 11.058852346495087 (pred)       0.4 (actual)
Steering angle: 10.842621363977177 (pred)       0.4 (actual)
Steering angle: 9.822109993480877 (pred)        0.5 (actual)
Steering angle: 8.357254690113876 (pred)        0.91 (actual)
Steering angle: 7.155136700436577 (pred)        1.6100000000000003 (actual)
Steering angle: 5.242472850742383 (pred)        2.02 (actual)
Steering angle: 5.500516543811818 (pred)        2.12 (actual)
Steering angle: 5.776936860843173 (pred)        2.42 (actual)
Steering angle: 6.330981315747097 (pred)        3.03 (actual)
Steering angle: 6.125710225526119 (pred)        3.7300000000000004 (actual)
Steering angle: 7.189175375052159 (pred)        4.03 (actual)
Steering angle: 7.002610892307376 (pred)        4.13 (actual)
Steering angle: 8.355254298460707 (pred)        4.13 (actual)
Steering angle: 8.225629260844913 (pred)        4.13 (actual)
Steering angle: 7.944296330253027 (pred)        4.34 (actual)
Steering angle: 8.672816259957635 (pred)        4.64 (actual)
Steering angle: 8.870953217590534 (pred)        4.84 (actual)
Steering angle: 8.310325314100364 (pred)        4.84 (actual)
Steering angle: 9.088386313402367 (pred)        4.84 (actual)
Steering angle: 9.160322719514587 (pred)        0.0 (actual)
Steering angle: 9.264562505306383 (pred)        4.84 (actual)
Steering angle: 6.076782592293556 (pred)        4.84 (actual)
Steering angle: 6.958092146184056 (pred)        4.84 (actual)
Steering angle: 3.8418601722744046 (pred)       4.84 (actual)
Steering angle: 4.678782034296285 (pred)        4.84 (actual)
Steering angle: 6.660188749778896 (pred)        4.94 (actual)
Steering angle: 14.077287964321203 (pred)       5.139999999999999 (actual)
Steering angle: 15.155491381415661 (pred)       5.65 (actual)
Steering angle: 16.99729970243379 (pred)        5.949999999999999 (actual)
Steering angle: 18.34602471443765 (pred)        6.050000000000001 (actual)
Steering angle: 17.149237260520724 (pred)       6.050000000000001 (actual)
Steering angle: 14.590052463428863 (pred)       6.050000000000001 (actual)
Steering angle: 15.06039295005428 (pred)        6.050000000000001 (actual)
Steering angle: 14.663741666836838 (pred)       6.050000000000001 (actual)
Steering angle: 13.368114545440656 (pred)       6.050000000000001 (actual)
Steering angle: 13.17591472974379 (pred)        6.050000000000001 (actual)
Steering angle: 15.11561161439925 (pred)        6.050000000000001 (actual)
Steering angle: 16.83833046459633 (pred)        6.050000000000001 (actual)
Steering angle: 12.176956874947113 (pred)       6.050000000000001 (actual)
Steering angle: 13.840370046354616 (pred)       6.050000000000001 (actual)
Steering angle: 15.558610853777106 (pred)       6.050000000000001 (actual)
Steering angle: 15.200766997876382 (pred)       6.050000000000001 (actual)
Steering angle: 15.139054531178026 (pred)       6.050000000000001 (actual)
Steering angle: 13.31807060316562 (pred)        6.050000000000001 (actual)
Steering angle: 6.650474513231845 (pred)        6.150000000000001 (actual)
Steering angle: 2.94990448790197 (pred) 6.150000000000001 (actual)
Steering angle: 10.809396762533297 (pred)       6.35 (actual)
Steering angle: 5.322397589975756 (pred)        6.76 (actual)
Steering angle: 2.9173355846184106 (pred)       7.460000000000001 (actual)
Steering angle: 0.9111647376394492 (pred)       8.07 (actual)
Steering angle: 7.087570334732695 (pred)        8.570000000000002 (actual)
Steering angle: 9.354291554206487 (pred)        8.97 (actual)
Steering angle: 9.512939773152958 (pred)        9.380000000000003 (actual)
Steering angle: 11.034995349497878 (pred)       9.979999999999999 (actual)
Steering angle: 10.166407876710172 (pred)       10.389999999999999 (actual)
Steering angle: 20.307771157281202 (pred)       10.389999999999999 (actual)
Steering angle: 24.796525376036683 (pred)       10.389999999999999 (actual)
Steering angle: 35.620594238680816 (pred)       10.49 (actual)
Steering angle: 56.853234481284275 (pred)       10.29 (actual)
Steering angle: 26.97170498515938 (pred)        9.78 (actual)
Steering angle: 14.417636290662939 (pred)       9.18 (actual)
Steering angle: 19.382893534222482 (pred)       8.77 (actual)
Steering angle: 12.877662566804135 (pred)       8.27 (actual)
Steering angle: 19.209375993452895 (pred)       7.26 (actual)
Steering angle: 13.27991887400922 (pred)        6.860000000000001 (actual)
Steering angle: 12.553760482210144 (pred)       6.150000000000001 (actual)
Steering angle: 15.702985684905542 (pred)       6.050000000000001 (actual)
Steering angle: 5.710363860776705 (pred)        5.949999999999999 (actual)
Steering angle: 7.568641048544204 (pred)        5.949999999999999 (actual)
Steering angle: 10.84106066575183 (pred)        5.949999999999999 (actual)
Steering angle: 7.552205052080214 (pred)        5.949999999999999 (actual)
Steering angle: 6.32295285526457 (pred) 5.949999999999999 (actual)
Steering angle: 5.364517232153109 (pred)        5.949999999999999 (actual)
Steering angle: 10.326820845783447 (pred)       5.949999999999999 (actual)
Steering angle: 11.358197339701944 (pred)       5.949999999999999 (actual)
Steering angle: 20.28161665540193 (pred)        5.75 (actual)
Steering angle: 26.300539861462664 (pred)       5.139999999999999 (actual)
Steering angle: 35.141289128769756 (pred)       4.94 (actual)
Steering angle: 27.100894598215586 (pred)       4.54 (actual)
Steering angle: 29.263443480015635 (pred)       4.13 (actual)
Steering angle: 29.17162866209774 (pred)        4.03 (actual)
Steering angle: 19.471866993445655 (pred)       3.7300000000000004 (actual)
Steering angle: 14.727545878968511 (pred)       3.3299999999999996 (actual)
Steering angle: 25.949338364529776 (pred)       2.62 (actual)
Steering angle: 27.914505024600214 (pred)       2.12 (actual)
Steering angle: 35.70732739585622 (pred)        1.71 (actual)
Steering angle: 33.555271392168606 (pred)       1.71 (actual)
Steering angle: 19.935626592805765 (pred)       1.71 (actual)
Steering angle: 16.286280424930048 (pred)       1.71 (actual)
Steering angle: 13.45025866926746 (pred)        1.82 (actual)
Steering angle: 10.961622896112663 (pred)       2.02 (actual)
Steering angle: 13.263709981335134 (pred)       2.12 (actual)
Steering angle: 12.315691677368411 (pred)       2.12 (actual)
Steering angle: 11.870514461418967 (pred)       2.22 (actual)
Steering angle: 12.176595728694748 (pred)       2.42 (actual)
Steering angle: 11.612090839076949 (pred)       2.62 (actual)
Steering angle: 13.71018749454782 (pred)        2.82 (actual)
Steering angle: 16.074839966341255 (pred)       3.03 (actual)
Steering angle: 11.464933559635378 (pred)       3.23 (actual)
Steering angle: 10.957955084528365 (pred)       3.23 (actual)
Steering angle: 8.10565698807364 (pred) 3.23 (actual)
Steering angle: 11.003582455731344 (pred)       3.23 (actual)
Steering angle: 7.453417464793381 (pred)        3.3299999999999996 (actual)
Steering angle: 3.372771958144626 (pred)        3.53 (actual)
Steering angle: 11.145061286651694 (pred)       3.7300000000000004 (actual)
Steering angle: 7.08197982489704 (pred) 3.9300000000000006 (actual)
Steering angle: 5.811418217094336 (pred)        4.03 (actual)
Steering angle: 6.537838717402811 (pred)        4.13 (actual)
Steering angle: 6.52676698075822 (pred) 4.13 (actual)
Steering angle: 7.645426888967133 (pred)        4.13 (actual)
Steering angle: 9.053275725973917 (pred)        4.13 (actual)
Steering angle: 8.690541454627464 (pred)        4.24 (actual)
Steering angle: 8.022991208548975 (pred)        4.34 (actual)
Steering angle: 7.709777516232408 (pred)        4.34 (actual)
Steering angle: 7.646152596566447 (pred)        4.34 (actual)
Steering angle: 6.566880254866882 (pred)        4.34 (actual)
Steering angle: 7.63565630335943 (pred) 4.34 (actual)
Steering angle: 55.29876538845941 (pred)        4.34 (actual)
Steering angle: 36.121096840681005 (pred)       4.44 (actual)
Steering angle: 37.64692353522142 (pred)        4.74 (actual)
Steering angle: 53.41846895146826 (pred)        5.139999999999999 (actual)
Steering angle: 49.746286046102604 (pred)       5.949999999999999 (actual)
Steering angle: 62.14755657867669 (pred)        6.45 (actual)
Steering angle: 85.56065275153668 (pred)        6.659999999999999 (actual)
Steering angle: 77.58142768764185 (pred)        6.659999999999999 (actual)
Steering angle: 77.52938164616636 (pred)        6.659999999999999 (actual)
Steering angle: 75.63019290593095 (pred)        6.659999999999999 (actual)
Steering angle: 95.77948318390035 (pred)        6.659999999999999 (actual)
Steering angle: 111.43000789333831 (pred)       6.659999999999999 (actual)
Steering angle: 113.37294399520765 (pred)       6.860000000000001 (actual)
Steering angle: 105.04800890647263 (pred)       7.36 (actual)
Steering angle: 89.56151118995251 (pred)        7.760000000000002 (actual)
Steering angle: 74.84587545334922 (pred)        8.07 (actual)
Steering angle: 64.14456045801585 (pred)        8.37 (actual)
Steering angle: 99.70977210781162 (pred)        8.67 (actual)
Steering angle: 111.61133575542381 (pred)       8.67 (actual)
Steering angle: 13.220509034834803 (pred)       8.67 (actual)
Steering angle: 12.257296975059388 (pred)       8.77 (actual)
Steering angle: 12.237082176437088 (pred)       8.87 (actual)
Steering angle: 13.18297116893006 (pred)        8.87 (actual)
Steering angle: 48.993459180689214 (pred)       8.87 (actual)
Steering angle: 28.813846277899547 (pred)       8.87 (actual)
Steering angle: 25.092651642597172 (pred)       8.87 (actual)
Steering angle: 19.50112069366082 (pred)        8.87 (actual)
Steering angle: 14.355735993762405 (pred)       8.87 (actual)
Steering angle: 12.978885970303725 (pred)       8.87 (actual)
Steering angle: 18.906757632086308 (pred)       8.87 (actual)
Steering angle: 19.317094906853164 (pred)       8.87 (actual)
Steering angle: 15.515189633676043 (pred)       8.87 (actual)
Steering angle: 9.39402532592939 (pred) 8.87 (actual)
Steering angle: 9.696411460864194 (pred)        8.87 (actual)
Steering angle: 7.588720097156748 (pred)        8.87 (actual)
Steering angle: 9.892794767427693 (pred)        8.87 (actual)
Steering angle: 8.438681644077828 (pred)        8.87 (actual)
Steering angle: 9.016116081794461 (pred)        8.67 (actual)
Steering angle: 10.323570529512166 (pred)       8.37 (actual)
Steering angle: 10.838623995765426 (pred)       7.659999999999998 (actual)
Steering angle: 11.200200550047562 (pred)       7.06 (actual)
Steering angle: 10.751409310253534 (pred)       6.659999999999999 (actual)
Steering angle: 9.09206607781771 (pred) 6.45 (actual)
Steering angle: 10.866772059108696 (pred)       6.45 (actual)
Steering angle: 9.860553713224295 (pred)        6.45 (actual)
Steering angle: 10.676246493532128 (pred)       6.45 (actual)
Steering angle: 11.19216995513092 (pred)        6.45 (actual)
Steering angle: 12.750752529383421 (pred)       6.45 (actual)
Steering angle: 10.293685890572421 (pred)       6.45 (actual)
Steering angle: 10.273226058913648 (pred)       6.45 (actual)
Steering angle: 10.829287980943665 (pred)       6.45 (actual)
Steering angle: 11.807095301201752 (pred)       6.45 (actual)
Steering angle: 9.627991748400884 (pred)        6.45 (actual)
Steering angle: 10.53108619064914 (pred)        6.45 (actual)
Steering angle: 12.180900455419149 (pred)       6.45 (actual)
Steering angle: 14.353733040788299 (pred)       6.35 (actual)
Steering angle: 11.1944179411415 (pred) 6.25 (actual)
Steering angle: 8.528879414709724 (pred)        6.25 (actual)
Steering angle: 7.786327715128972 (pred)        6.150000000000001 (actual)
Steering angle: 10.562067074950672 (pred)       6.150000000000001 (actual)
Steering angle: 5.117875686129364 (pred)        6.150000000000001 (actual)
Steering angle: 1.2720781232418583 (pred)       6.150000000000001 (actual)
Steering angle: 1.4954158108694606 (pred)       6.150000000000001 (actual)
Steering angle: 0.6402501400485064 (pred)       6.150000000000001 (actual)
Steering angle: 0.9372449612114966 (pred)       6.150000000000001 (actual)
Steering angle: 2.1206904943584495 (pred)       6.150000000000001 (actual)
Steering angle: 3.886862581168326 (pred)        6.150000000000001 (actual)
Steering angle: 5.509934520903619 (pred)        6.050000000000001 (actual)
Steering angle: 5.299013156691748 (pred)        6.050000000000001 (actual)
Steering angle: 3.5652588552300446 (pred)       6.050000000000001 (actual)
Steering angle: 3.732884077180028 (pred)        6.050000000000001 (actual)
Steering angle: 3.47472533811176 (pred) 6.150000000000001 (actual)
Steering angle: 3.8210511471943147 (pred)       6.55 (actual)
Steering angle: 3.7392997592447856 (pred)       6.860000000000001 (actual)
Steering angle: 3.847962946297811 (pred)        7.36 (actual)
Steering angle: 4.981701350873173 (pred)        7.559999999999999 (actual)
Steering angle: 5.3495206980567 (pred)  7.760000000000002 (actual)
Steering angle: 3.0865069906417557 (pred)       7.760000000000002 (actual)
Steering angle: 3.3388261314130743 (pred)       7.969999999999999 (actual)
Steering angle: 0.4107487403034964 (pred)       8.27 (actual)
Steering angle: 1.4998443347725676 (pred)       8.37 (actual)
Steering angle: 2.364423660456239 (pred)        8.469999999999999 (actual)
Steering angle: 3.3822074375961755 (pred)       8.27 (actual)
Steering angle: 3.372188190414002 (pred)        8.27 (actual)
Steering angle: 3.496290379755606 (pred)        8.27 (actual)
Steering angle: 3.692467713426947 (pred)        8.27 (actual)
Steering angle: 3.67772688453759 (pred) 8.37 (actual)
Steering angle: 4.261698240176749 (pred)        8.37 (actual)
Steering angle: 3.555721990158003 (pred)        8.37 (actual)
Steering angle: 2.2977249422203605 (pred)       8.37 (actual)
Steering angle: 4.676407262899236 (pred)        8.37 (actual)
Steering angle: 4.7590730424239 (pred)  8.469999999999999 (actual)
Steering angle: 3.349432561420458 (pred)        8.67 (actual)
Steering angle: 2.513710464814973 (pred)        8.77 (actual)
Steering angle: 1.9647696553249292 (pred)       8.87 (actual)
Steering angle: 0.5617802844691985 (pred)       8.87 (actual)
Steering angle: -0.2864592543682455 (pred)      8.87 (actual)
Steering angle: 0.9082791961585304 (pred)       8.87 (actual)
Steering angle: -0.7795038234033148 (pred)      8.97 (actual)
Steering angle: 0.8525199330129263 (pred)       9.28 (actual)
Steering angle: -0.15997487647104036 (pred)     9.58 (actual)
Steering angle: 2.667969860332888 (pred)        9.68 (actual)
Steering angle: -0.17276181769052404 (pred)     9.68 (actual)
Steering angle: 1.3652458522239461 (pred)       9.68 (actual)
Steering angle: 4.20667893197818 (pred) 9.68 (actual)
Steering angle: 3.0395355662761667 (pred)       9.68 (actual)
Steering angle: 4.726554511785469 (pred)        9.68 (actual)
Steering angle: 2.220550848231798 (pred)        9.68 (actual)
Steering angle: 3.969122818211021 (pred)        9.68 (actual)
Steering angle: 4.9765291901241815 (pred)       9.88 (actual)
Steering angle: 3.183977632079246 (pred)        9.979999999999999 (actual)
Steering angle: 2.736604083424819 (pred)        9.979999999999999 (actual)
Steering angle: 2.740183956323552 (pred)        10.0 (actual)
Steering angle: 3.2222079084110997 (pred)       9.979999999999999 (actual)
Steering angle: 2.9776694203214835 (pred)       9.979999999999999 (actual)
Steering angle: 3.0921655889257 (pred)  9.979999999999999 (actual)
Steering angle: 2.66026220529794 (pred) 9.979999999999999 (actual)
Steering angle: 2.8944175251886675 (pred)       9.979999999999999 (actual)
Steering angle: 0.8998196867063522 (pred)       9.979999999999999 (actual)
Steering angle: 2.676898838568799 (pred)        9.979999999999999 (actual)
Steering angle: 2.9507676530583304 (pred)       9.979999999999999 (actual)
Steering angle: 3.1764274982820315 (pred)       9.979999999999999 (actual)
Steering angle: 3.386189864769116 (pred)        9.979999999999999 (actual)
Steering angle: 3.9073027760332355 (pred)       0.0 (actual)
Steering angle: 1.6334182889456874 (pred)       9.979999999999999 (actual)
Steering angle: 2.981188461847921 (pred)        10.08 (actual)
Steering angle: 4.508976701340598 (pred)        9.979999999999999 (actual)
Steering angle: 4.742361703958995 (pred)        9.979999999999999 (actual)
Steering angle: 2.216575037804616 (pred)        9.979999999999999 (actual)
Steering angle: 0.581802450412562 (pred)        9.979999999999999 (actual)
Steering angle: 1.1661539487677137 (pred)       9.88 (actual)
Steering angle: 2.723081589528663 (pred)        9.68 (actual)
Steering angle: 2.5725649242325037 (pred)       9.48 (actual)
Steering angle: 3.177211475932702 (pred)        8.97 (actual)
Steering angle: 2.541096748622374 (pred)        8.469999999999999 (actual)
Steering angle: 2.6729561118704086 (pred)       8.07 (actual)
Steering angle: 3.225767077298911 (pred)        7.659999999999998 (actual)
Steering angle: 4.061134004067555 (pred)        7.659999999999998 (actual)
Steering angle: 4.322618404931385 (pred)        7.559999999999999 (actual)
Steering angle: 4.902292290922135 (pred)        7.559999999999999 (actual)
Steering angle: 4.639566076289833 (pred)        7.559999999999999 (actual)
Steering angle: 4.737714187115624 (pred)        7.460000000000001 (actual)
Steering angle: 5.130365967687202 (pred)        7.460000000000001 (actual)
Steering angle: 5.066355996106781 (pred)        7.460000000000001 (actual)
Steering angle: 5.1825767874764255 (pred)       7.559999999999999 (actual)
Steering angle: 4.384379109840756 (pred)        8.27 (actual)
Steering angle: 4.587089306009802 (pred)        9.48 (actual)
Steering angle: 5.590582406415368 (pred)        10.49 (actual)
Steering angle: 4.497884474128497 (pred)        10.69 (actual)
Steering angle: 3.894599477950658 (pred)        10.69 (actual)
Steering angle: 3.801133888687734 (pred)        10.69 (actual)
Steering angle: 3.9815746799547775 (pred)       10.69 (actual)
Steering angle: 2.9347655870500486 (pred)       10.69 (actual)
Steering angle: 5.366568850225052 (pred)        10.69 (actual)
Steering angle: 6.3386119177104705 (pred)       10.69 (actual)
Steering angle: 6.852537548977033 (pred)        10.69 (actual)
Steering angle: 7.530952064704073 (pred)        10.69 (actual)
Steering angle: 8.06465365493876 (pred) 10.69 (actual)
Steering angle: 8.654485739772612 (pred)        10.59 (actual)
Steering angle: 7.614230853706746 (pred)        10.389999999999999 (actual)
Steering angle: 7.142666482559426 (pred)        10.08 (actual)
Steering angle: 8.591404673919314 (pred)        9.380000000000003 (actual)
Steering angle: 9.999731624167998 (pred)        8.570000000000002 (actual)
Steering angle: 9.941278011477383 (pred)        7.460000000000001 (actual)
Steering angle: 9.66647644927932 (pred) 6.860000000000001 (actual)
Steering angle: 9.355919700549888 (pred)        6.45 (actual)
Steering angle: 10.024120522146822 (pred)       6.45 (actual)
Steering angle: 9.930915760732827 (pred)        6.45 (actual)
Steering angle: 9.304947706321377 (pred)        6.25 (actual)
Steering angle: 8.29064497778062 (pred) 5.55 (actual)
Steering angle: 7.533766102642118 (pred)        4.64 (actual)
Steering angle: 9.326581476743746 (pred)        0.0 (actual)
Steering angle: 8.638519318814062 (pred)        3.03 (actual)
Steering angle: 8.782089041394084 (pred)        2.52 (actual)
Steering angle: 8.809973288680661 (pred)        2.42 (actual)
Steering angle: 8.829936224077315 (pred)        2.32 (actual)
Steering angle: 8.715666305489355 (pred)        2.12 (actual)
Steering angle: 7.857538413641879 (pred)        1.6100000000000003 (actual)
Steering angle: 7.5404784710489485 (pred)       1.01 (actual)
Steering angle: 7.610819174216324 (pred)        0.3 (actual)
Steering angle: 7.486237377528938 (pred)        -0.1 (actual)
Steering angle: 7.3227704601230235 (pred)       -0.4 (actual)
Steering angle: 8.031740680875762 (pred)        -0.5 (actual)
Steering angle: 9.106565715652001 (pred)        -0.61 (actual)
Steering angle: 8.758574407629022 (pred)        -0.71 (actual)
Steering angle: 7.606314664458701 (pred)        -0.81 (actual)
Steering angle: 8.329984306078954 (pred)        -0.81 (actual)
Steering angle: 7.833836803448288 (pred)        -0.81 (actual)
Steering angle: 7.8732000374087185 (pred)       -0.81 (actual)
Steering angle: 8.524398810614196 (pred)        -0.81 (actual)
Steering angle: 8.834560262145414 (pred)        -0.81 (actual)
Steering angle: 9.069413755435363 (pred)        -0.81 (actual)
Steering angle: 9.560735729417415 (pred)        -0.71 (actual)
Steering angle: 9.298721135119264 (pred)        -0.61 (actual)
Steering angle: 9.124659740537012 (pred)        -0.61 (actual)
Steering angle: 9.586296004838895 (pred)        -0.5 (actual)
Steering angle: 9.53412189731646 (pred) -0.3 (actual)
Steering angle: 10.000950812934846 (pred)       0.0 (actual)
Steering angle: 10.346085394337468 (pred)       0.2 (actual)
Steering angle: 11.231876406097141 (pred)       0.4 (actual)
Steering angle: 11.458837615801142 (pred)       1.01 (actual)
Steering angle: 11.635085524691444 (pred)       1.71 (actual)
Steering angle: 11.584219398395065 (pred)       2.02 (actual)
Steering angle: 11.569455944504083 (pred)       2.12 (actual)
Steering angle: 12.03994242642301 (pred)        2.32 (actual)
Steering angle: 13.636809918520727 (pred)       3.03 (actual)
Steering angle: 13.760769314219996 (pred)       3.7300000000000004 (actual)
Steering angle: 13.499443715254369 (pred)       4.34 (actual)
Steering angle: 12.78725306030797 (pred)        4.84 (actual)
Steering angle: 13.311696329122706 (pred)       5.139999999999999 (actual)
Steering angle: 13.56452175766625 (pred)        5.55 (actual)
Steering angle: 13.669950850147275 (pred)       5.55 (actual)
Steering angle: 13.619219620087005 (pred)       5.65 (actual)
Steering angle: 13.044308937268692 (pred)       0.0 (actual)
Steering angle: 13.503873946704768 (pred)       5.65 (actual)
Steering angle: 13.881782337066051 (pred)       0.0 (actual)
Steering angle: 13.363797865885209 (pred)       5.75 (actual)
Steering angle: 13.573091083753678 (pred)       5.849999999999999 (actual)
Steering angle: 13.683075058637455 (pred)       5.849999999999999 (actual)
Steering angle: 13.953139884646113 (pred)       5.849999999999999 (actual)
Steering angle: 14.097984291279987 (pred)       5.849999999999999 (actual)
Steering angle: 14.808500696106087 (pred)       5.75 (actual)
Steering angle: 16.067079163896828 (pred)       5.65 (actual)
Steering angle: 16.95640052968375 (pred)        5.65 (actual)
Steering angle: 18.830020456761215 (pred)       5.65 (actual)
Steering angle: 18.484388979096476 (pred)       5.65 (actual)
Steering angle: 20.52746248438737 (pred)        5.55 (actual)
Steering angle: 21.457030739858595 (pred)       5.340000000000001 (actual)
Steering angle: 21.248464083363086 (pred)       4.94 (actual)
Steering angle: 19.72076762453738 (pred)        4.44 (actual)
Steering angle: 16.965850096400466 (pred)       4.34 (actual)
Steering angle: 16.194132635290114 (pred)       4.34 (actual)
Steering angle: 14.466975869679818 (pred)       4.34 (actual)
Steering angle: 14.368597239969539 (pred)       4.34 (actual)
Steering angle: 14.576035207704704 (pred)       4.34 (actual)
Steering angle: 16.676699160529854 (pred)       4.44 (actual)
Steering angle: 15.375174170785366 (pred)       4.54 (actual)
Steering angle: 14.365245324634355 (pred)       4.54 (actual)
Steering angle: 14.589919274740048 (pred)       4.54 (actual)
Steering angle: 14.138418157392817 (pred)       4.64 (actual)
Steering angle: 12.866131499937861 (pred)       4.64 (actual)
Steering angle: 13.563968512343479 (pred)       4.64 (actual)
Steering angle: 13.99926415211121 (pred)        4.64 (actual)
Steering angle: 15.062920120047185 (pred)       4.74 (actual)
Steering angle: 16.04596704917232 (pred)        4.74 (actual)
Steering angle: 15.147498352539452 (pred)       4.74 (actual)
Steering angle: 12.492003619282182 (pred)       4.74 (actual)
Steering angle: 12.02262277423515 (pred)        4.74 (actual)
Steering angle: 12.298829647854943 (pred)       4.74 (actual)
Steering angle: 12.616888505613987 (pred)       4.84 (actual)
Steering angle: 11.88609753801035 (pred)        5.55 (actual)
Steering angle: 11.270101559787118 (pred)       6.659999999999999 (actual)
Steering angle: 10.46736991720303 (pred)        8.07 (actual)
Steering angle: 8.508206993413035 (pred)        8.87 (actual)
Steering angle: 8.231229162190678 (pred)        9.380000000000003 (actual)
Steering angle: 7.541923056058406 (pred)        9.78 (actual)
Steering angle: 7.478256301483778 (pred)        9.979999999999999 (actual)
Steering angle: 8.461645593841057 (pred)        9.979999999999999 (actual)
Steering angle: 6.283602427908835 (pred)        9.979999999999999 (actual)
Steering angle: 5.179406725927893 (pred)        9.979999999999999 (actual)
Steering angle: 4.939769538897996 (pred)        9.979999999999999 (actual)
Steering angle: 4.564580844486848 (pred)        9.979999999999999 (actual)
Steering angle: 3.731122315260988 (pred)        9.979999999999999 (actual)
Steering angle: 3.5092135245520932 (pred)       9.979999999999999 (actual)
Steering angle: 2.9245495450424133 (pred)       9.78 (actual)
Steering angle: 6.06016004628786 (pred) 9.68 (actual)
Steering angle: 10.133298534708537 (pred)       9.68 (actual)
Steering angle: 8.496848388823304 (pred)        9.68 (actual)
Steering angle: 7.786016941521737 (pred)        9.68 (actual)
Steering angle: 18.62422685706873 (pred)        9.48 (actual)
Steering angle: 28.68183238162154 (pred)        9.48 (actual)
Steering angle: 30.2937228747987 (pred) 9.380000000000003 (actual)
Steering angle: 34.23469079947728 (pred)        9.28 (actual)
Steering angle: 25.269637211917836 (pred)       9.18 (actual)
Steering angle: 8.063952706775188 (pred)        8.77 (actual)
Steering angle: 28.48969745272179 (pred)        8.67 (actual)
Steering angle: 87.03366500831997 (pred)        8.67 (actual)
Steering angle: 110.42125725481912 (pred)       8.570000000000002 (actual)
Steering angle: 18.148678351201177 (pred)       8.27 (actual)
Steering angle: 81.14914967984133 (pred)        7.969999999999999 (actual)
Steering angle: 82.43769901771009 (pred)        7.969999999999999 (actual)
Steering angle: 28.717899195533793 (pred)       7.87 (actual)
Steering angle: 17.536725844966593 (pred)       7.659999999999998 (actual)
Steering angle: 12.70656803564261 (pred)        7.16 (actual)
Steering angle: 15.104452792842741 (pred)       6.55 (actual)
Steering angle: 13.424656558937315 (pred)       5.55 (actual)
Steering angle: 10.235511461864132 (pred)       5.24 (actual)
Steering angle: 5.949871274212372 (pred)        5.04 (actual)
Steering angle: 6.71573056744897 (pred) 4.94 (actual)
Steering angle: 8.31234192745281 (pred) 4.74 (actual)
Steering angle: 7.061085422452325 (pred)        4.44 (actual)
Steering angle: 3.6119888750971563 (pred)       4.03 (actual)
Steering angle: 3.8993934169743607 (pred)       3.829999999999999 (actual)
Steering angle: 3.42070003588084 (pred) 3.829999999999999 (actual)
Steering angle: 2.37940952238207 (pred) 3.7300000000000004 (actual)
Steering angle: 10.665519681440623 (pred)       3.53 (actual)
Steering angle: 4.658137787529921 (pred)        2.92 (actual)
Steering angle: 5.272423230252889 (pred)        2.42 (actual)
Steering angle: 6.3767141279953865 (pred)       1.92 (actual)
Steering angle: 5.503307102974591 (pred)        1.82 (actual)
Steering angle: 3.9166319606658266 (pred)       1.82 (actual)
Steering angle: 3.916260569129707 (pred)        1.82 (actual)
Steering angle: 3.2112830208336645 (pred)       1.82 (actual)
Steering angle: 2.627160333815708 (pred)        1.71 (actual)
Steering angle: 2.631362180815735 (pred)        1.6100000000000003 (actual)
Steering angle: 2.018620147401779 (pred)        1.6100000000000003 (actual)
Steering angle: 3.1800571034956584 (pred)       1.6100000000000003 (actual)
Steering angle: 1.723086293030084 (pred)        1.41 (actual)
Steering angle: 1.282474951819087 (pred)        1.21 (actual)
Steering angle: 0.8508355443305777 (pred)       1.01 (actual)
Steering angle: 0.022099077059576255 (pred)     0.81 (actual)
Steering angle: 0.09096700067684874 (pred)      0.61 (actual)
Steering angle: 5.784260531180719 (pred)        0.0 (actual)
Steering angle: 4.065089110483815 (pred)        0.4 (actual)
Steering angle: 10.627732513631175 (pred)       0.4 (actual)
Steering angle: 14.927438195218105 (pred)       0.4 (actual)
Steering angle: 30.609581557871355 (pred)       0.3 (actual)
Steering angle: 14.89162239075785 (pred)        0.3 (actual)
Steering angle: 14.9138870999048 (pred) 0.3 (actual)
Steering angle: 16.488460854551594 (pred)       0.3 (actual)
Steering angle: 14.818320800585274 (pred)       0.3 (actual)
Steering angle: 16.890740213645127 (pred)       0.3 (actual)
Steering angle: 21.880953260884606 (pred)       0.3 (actual)
Steering angle: 22.46466464244848 (pred)        0.3 (actual)
Steering angle: 29.84938491834352 (pred)        0.3 (actual)
Steering angle: 27.965625575443173 (pred)       0.3 (actual)
Steering angle: 10.032417494441095 (pred)       0.3 (actual)
Steering angle: 65.8594297133093 (pred) 0.3 (actual)
Steering angle: 50.6690275274984 (pred) 0.3 (actual)
Steering angle: 39.90283939542825 (pred)        0.1 (actual)
Steering angle: 16.890316741916585 (pred)       0.0 (actual)
Steering angle: 11.144131527150927 (pred)       -0.1 (actual)
Steering angle: 14.890343437835766 (pred)       -0.1 (actual)
Steering angle: 6.427154221242285 (pred)        -0.2 (actual)
Steering angle: 4.189996194930424 (pred)        -0.2 (actual)
Steering angle: 2.930573771890365 (pred)        -0.5 (actual)
Steering angle: 2.2185899436097696 (pred)       -0.81 (actual)
Steering angle: 2.025397402605724 (pred)        -1.01 (actual)
Steering angle: 1.5965772090579906 (pred)       -1.11 (actual)
Steering angle: 0.8603605632932778 (pred)       -1.31 (actual)
Steering angle: 0.7087580046407921 (pred)       -2.02 (actual)
Steering angle: -1.1659866091330484 (pred)      -2.7200000000000006 (actual)
Steering angle: -0.567268181384745 (pred)       -3.3299999999999996 (actual)
Steering angle: -0.909312155548789 (pred)       -3.4300000000000006 (actual)
Steering angle: -0.41750457112500594 (pred)     -3.4300000000000006 (actual)
Steering angle: -0.03749090835419999 (pred)     -3.3299999999999996 (actual)
Steering angle: 0.3037727967384493 (pred)       -3.3299999999999996 (actual)
Steering angle: 0.33556196455914317 (pred)      -3.3299999999999996 (actual)
Steering angle: -0.6265953112371816 (pred)      -3.3299999999999996 (actual)
Steering angle: -0.18402135785686363 (pred)     -3.3299999999999996 (actual)
Steering angle: -0.9685976639359707 (pred)      -2.92 (actual)
Steering angle: -1.327526986306197 (pred)       -2.62 (actual)
Steering angle: -1.6573706951478642 (pred)      -2.62 (actual)
Steering angle: -0.23976490623129132 (pred)     -2.62 (actual)
Steering angle: 0.7447960036924834 (pred)       -2.62 (actual)
Steering angle: 2.1337286851537693 (pred)       -2.62 (actual)
Steering angle: -1.3642846098199726 (pred)      -2.62 (actual)
Steering angle: -7.0296102032096135 (pred)      -2.42 (actual)
Steering angle: -9.185217905265638 (pred)       -2.12 (actual)
Steering angle: 14.417914620871617 (pred)       -2.02 (actual)
Steering angle: 9.067730967578601 (pred)        -2.02 (actual)
Steering angle: 9.367192074001348 (pred)        -2.02 (actual)
Steering angle: 9.580379353470372 (pred)        -2.02 (actual)
Steering angle: 14.675812318647543 (pred)       -2.02 (actual)
Steering angle: 10.824928612705905 (pred)       -2.02 (actual)
Steering angle: 3.653099783711463 (pred)        -2.02 (actual)
Steering angle: 3.6048927354363363 (pred)       -2.02 (actual)
Steering angle: 7.347990079859649 (pred)        -1.92 (actual)
Steering angle: 9.53950152506149 (pred) -1.82 (actual)
Steering angle: 4.204911193643616 (pred)        -1.6100000000000003 (actual)
Steering angle: 3.2910077635904034 (pred)       -1.6100000000000003 (actual)
Steering angle: 3.141851159712723 (pred)        -1.6100000000000003 (actual)
Steering angle: 4.5062625549191635 (pred)       -1.41 (actual)
Steering angle: 6.62820083946161 (pred) -0.91 (actual)
Steering angle: 7.312844487711702 (pred)        -0.4 (actual)
Steering angle: 17.05675137651687 (pred)        -0.1 (actual)
Steering angle: 17.014052448920538 (pred)       0.2 (actual)
Steering angle: 19.080171012471055 (pred)       0.3 (actual)
Steering angle: 15.192108025556099 (pred)       0.3 (actual)
Steering angle: 7.6173010237386665 (pred)       0.4 (actual)
Steering angle: 4.621192440535676 (pred)        0.4 (actual)
Steering angle: 3.04937445377557 (pred) 0.4 (actual)
Steering angle: 2.4564482932477016 (pred)       0.4 (actual)
Steering angle: 0.721590542709071 (pred)        0.4 (actual)
Steering angle: 0.25087586310275667 (pred)      0.4 (actual)
Steering angle: -0.5651261166671526 (pred)      0.5 (actual)
Steering angle: 0.3217420372689744 (pred)       0.0 (actual)
Steering angle: 2.5438271167430866 (pred)       1.01 (actual)
Steering angle: 53.42793217856331 (pred)        1.11 (actual)
Steering angle: 62.476245772105216 (pred)       1.21 (actual)
Steering angle: 53.14647032815084 (pred)        1.21 (actual)
Steering angle: 19.998805842628382 (pred)       1.21 (actual)
Steering angle: 10.337600591841019 (pred)       1.01 (actual)
Steering angle: 0.9008586225121346 (pred)       0.81 (actual)
Steering angle: -0.4739039777423135 (pred)      0.81 (actual)
Steering angle: -0.8130768178557192 (pred)      0.81 (actual)
Steering angle: -0.33806776353046514 (pred)     0.61 (actual)
Steering angle: 0.11477958143413211 (pred)      0.4 (actual)
Steering angle: -0.6045498084739076 (pred)      0.3 (actual)
Steering angle: -1.2320503332195274 (pred)      0.2 (actual)
Steering angle: -3.185528938794485 (pred)       0.2 (actual)
Steering angle: -1.999319526911204 (pred)       0.2 (actual)
Steering angle: -3.225392057224795 (pred)       0.2 (actual)
Steering angle: -6.343067335483434 (pred)       0.2 (actual)
Steering angle: -10.260192350429971 (pred)      0.2 (actual)
Steering angle: -8.446388658782542 (pred)       0.2 (actual)
Steering angle: -6.317437050622962 (pred)       0.2 (actual)
Steering angle: -6.272994290354158 (pred)       0.1 (actual)
Steering angle: -5.582825445952349 (pred)       0.0 (actual)
Steering angle: -4.804527524463512 (pred)       -0.1 (actual)
Steering angle: -3.5826305876103257 (pred)      -0.1 (actual)
Steering angle: -2.758888856252455 (pred)       -0.1 (actual)
Steering angle: -2.6467730085739882 (pred)      -0.1 (actual)
Steering angle: -0.04985440119051601 (pred)     -0.1 (actual)
Steering angle: 0.6194152883156172 (pred)       -0.2 (actual)
Steering angle: -1.7245762347644988 (pred)      -0.2 (actual)
Steering angle: -2.0956542225123562 (pred)      -0.2 (actual)
Steering angle: -1.7126994962931987 (pred)      -0.4 (actual)
Steering angle: -2.264495218134602 (pred)       -0.91 (actual)
Steering angle: -2.2564104085914227 (pred)      -1.11 (actual)
Steering angle: -2.0731519508483376 (pred)      -0.91 (actual)
Steering angle: -3.0224054518377748 (pred)      -0.71 (actual)
Steering angle: -2.70832902125167 (pred)        -0.71 (actual)
Steering angle: -2.0462565868875315 (pred)      -0.81 (actual)
Steering angle: -1.6136791489660562 (pred)      -0.81 (actual)
Steering angle: -1.638906559387204 (pred)       -0.5 (actual)
Steering angle: -1.463234734264711 (pred)       -0.1 (actual)
Steering angle: -0.8348264346897141 (pred)      0.0 (actual)
Steering angle: -1.8249960238195535 (pred)      0.0 (actual)
Steering angle: -3.616302139558019 (pred)       0.3 (actual)
Steering angle: -4.949604157529167 (pred)       0.91 (actual)
Steering angle: -2.76759307857599 (pred)        1.51 (actual)
Steering angle: -2.2628617357059113 (pred)      2.7200000000000006 (actual)
Steering angle: -1.9378574293346096 (pred)      3.4300000000000006 (actual)
Steering angle: -2.091836573653142 (pred)       3.63 (actual)
Steering angle: -2.228331287470089 (pred)       3.63 (actual)
Steering angle: -2.223649192794045 (pred)       3.63 (actual)
Steering angle: -2.5330616713940888 (pred)      3.829999999999999 (actual)
Steering angle: -2.5368342836934628 (pred)      4.03 (actual)
Steering angle: -3.135263869145069 (pred)       4.03 (actual)
Steering angle: -4.407191087894952 (pred)       4.13 (actual)
Steering angle: -4.352026638176521 (pred)       4.34 (actual)
Steering angle: -4.08744602718456 (pred)        4.34 (actual)
Steering angle: -4.047631146965263 (pred)       0.0 (actual)
Steering angle: -4.186138418709836 (pred)       4.34 (actual)
Steering angle: -4.864228073564478 (pred)       4.64 (actual)
Steering angle: -4.725950893817569 (pred)       4.74 (actual)
Steering angle: -4.51141209066653 (pred)        4.74 (actual)
Steering angle: -3.945156965073916 (pred)       4.74 (actual)
Steering angle: -3.7979655346864947 (pred)      4.74 (actual)
Steering angle: -4.491157591569681 (pred)       4.74 (actual)
Steering angle: -4.240490075917036 (pred)       4.44 (actual)
Steering angle: -4.375383323817026 (pred)       3.9300000000000006 (actual)
Steering angle: -5.419080625224579 (pred)       3.53 (actual)
Steering angle: -5.569476694993206 (pred)       3.4300000000000006 (actual)
Steering angle: -3.187723990838998 (pred)       3.4300000000000006 (actual)
Steering angle: 41.85191583736143 (pred)        3.4300000000000006 (actual)
Steering angle: 35.94035295976955 (pred)        3.13 (actual)
Steering angle: 18.363564640226244 (pred)       0.0 (actual)
Steering angle: 3.6122616557771337 (pred)       2.22 (actual)
Steering angle: -4.499330766685247 (pred)       1.71 (actual)
Steering angle: -5.141370256213738 (pred)       1.31 (actual)
Steering angle: -5.094301715095888 (pred)       1.21 (actual)
Steering angle: -4.5540644875991445 (pred)      1.21 (actual)
Steering angle: -4.381142880834639 (pred)       1.11 (actual)
Steering angle: -4.160666508860743 (pred)       0.91 (actual)
Steering angle: -4.278305418256811 (pred)       0.4 (actual)
Steering angle: -4.197906407762945 (pred)       0.0 (actual)
Steering angle: -4.339709672668873 (pred)       -0.1 (actual)
Steering angle: -3.7137014908960473 (pred)      -0.1 (actual)
Steering angle: -3.379051249869395 (pred)       -0.3 (actual)
Steering angle: -3.408905366401286 (pred)       -0.5 (actual)
Steering angle: -3.521422060806668 (pred)       -0.91 (actual)
Steering angle: -3.6731536460014436 (pred)      -1.01 (actual)
Steering angle: -4.133121209711728 (pred)       -1.11 (actual)
Steering angle: -4.587513204625166 (pred)       -1.21 (actual)
Steering angle: -4.945440303456398 (pred)       -1.51 (actual)
Steering angle: -5.6169802337838215 (pred)      -1.6100000000000003 (actual)
Steering angle: -6.142092434250395 (pred)       -1.6100000000000003 (actual)
Steering angle: -5.559201102273745 (pred)       -1.6100000000000003 (actual)
Steering angle: -4.846473423703853 (pred)       -1.71 (actual)
Steering angle: -3.645851245454787 (pred)       -1.71 (actual)
Steering angle: -3.255838906110596 (pred)       -1.82 (actual)
Steering angle: -2.5526000678451446 (pred)      -1.82 (actual)
Steering angle: 0.13616573081866185 (pred)      -1.82 (actual)
Steering angle: 2.191114653899747 (pred)        -1.82 (actual)
Steering angle: 1.6784629596350984 (pred)       -1.82 (actual)
Steering angle: 0.32435970726838176 (pred)      -2.02 (actual)
Steering angle: -1.0049495315243653 (pred)      -2.02 (actual)
Steering angle: 0.5132255368766356 (pred)       -2.02 (actual)
Steering angle: 2.9748363859198093 (pred)       -2.02 (actual)
Steering angle: -0.2767775145806053 (pred)      -2.02 (actual)
Steering angle: -2.0695878727620607 (pred)      -2.02 (actual)
Steering angle: -2.2883522151318103 (pred)      -2.02 (actual)
Steering angle: -0.6016111729443625 (pred)      -2.02 (actual)
Steering angle: 1.6470485717646826 (pred)       -2.02 (actual)
Steering angle: 1.0400486997302973 (pred)       -2.02 (actual)
Steering angle: 0.023684534720665465 (pred)     -2.02 (actual)
Steering angle: -0.2805827570415222 (pred)      -2.02 (actual)
Steering angle: -1.6483704268124915 (pred)      -2.02 (actual)
Steering angle: -2.4573541470863747 (pred)      -2.02 (actual)
Steering angle: -3.452792746913203 (pred)       -2.02 (actual)
Steering angle: -3.978122019329336 (pred)       0.0 (actual)
Steering angle: -6.314849262701173 (pred)       -2.02 (actual)
Steering angle: -6.1450789344649825 (pred)      -2.02 (actual)
Steering angle: -3.029123583216717 (pred)       -2.02 (actual)
Steering angle: -4.3123833664601205 (pred)      -2.02 (actual)
Steering angle: -4.783718499383422 (pred)       -2.02 (actual)
Steering angle: -5.351098471754973 (pred)       -2.02 (actual)
Steering angle: -4.367389014280349 (pred)       -1.51 (actual)
Steering angle: -4.990057660435861 (pred)       -1.01 (actual)
Steering angle: -7.359128410848647 (pred)       -0.71 (actual)
Steering angle: -6.319978734767853 (pred)       -0.71 (actual)
Steering angle: -7.792152158943701 (pred)       -0.71 (actual)
Steering angle: -7.460332177554372 (pred)       -0.71 (actual)
Steering angle: -7.487039924756415 (pred)       -0.71 (actual)
Steering angle: -7.477273608016943 (pred)       -0.51 (actual)
Steering angle: -6.814010159416283 (pred)       -0.5 (actual)
Steering angle: -6.802541844913009 (pred)       -0.5 (actual)
Steering angle: -6.059237116976262 (pred)       -0.5 (actual)
Steering angle: -5.618497816440033 (pred)       -0.5 (actual)
Steering angle: -5.905650921978417 (pred)       -0.3 (actual)
Steering angle: -5.192441288185216 (pred)       -0.1 (actual)
Steering angle: -6.920204233084349 (pred)       -0.1 (actual)
Steering angle: -6.972221246255874 (pred)       -0.1 (actual)
Steering angle: -3.2661031863292447 (pred)      0.0 (actual)
Steering angle: -1.91570328387485 (pred)        0.4 (actual)
Steering angle: -0.6678124613095937 (pred)      0.61 (actual)
Steering angle: -4.331757198040862 (pred)       0.61 (actual)
Steering angle: -4.711408567300966 (pred)       0.5 (actual)
Steering angle: -4.781026977963614 (pred)       0.3 (actual)
Steering angle: -1.1875652044335285 (pred)      0.61 (actual)
Steering angle: -1.688086376010529 (pred)       1.41 (actual)
Steering angle: 1.6847534571389742 (pred)       1.51 (actual)
Steering angle: 1.7879501449784623 (pred)       0.91 (actual)
Steering angle: 1.5291185255552424 (pred)       0.81 (actual)
Steering angle: 2.1091611350394683 (pred)       0.81 (actual)
Steering angle: 1.243854074044073 (pred)        0.91 (actual)
Steering angle: 0.6743367860708369 (pred)       0.91 (actual)
Steering angle: 0.5294699145178945 (pred)       0.71 (actual)
Steering angle: 0.29661481184912886 (pred)      -0.4 (actual)
Steering angle: 1.0169901945357458 (pred)       -1.31 (actual)
Steering angle: 1.7008522130126944 (pred)       -1.31 (actual)
Steering angle: 4.765093427290443 (pred)        -1.31 (actual)
Steering angle: 5.715649573420649 (pred)        -1.31 (actual)
Steering angle: 4.249815845455042 (pred)        -1.31 (actual)
Steering angle: 3.390996610397513 (pred)        -0.71 (actual)
Steering angle: 4.04485979770953 (pred) -0.1 (actual)
Steering angle: 4.519487935586424 (pred)        0.1 (actual)
Steering angle: 5.031662050217701 (pred)        0.1 (actual)
Steering angle: 6.782639527445238 (pred)        0.1 (actual)
Steering angle: 8.728035778076249 (pred)        0.2 (actual)
Steering angle: 9.41926458245988 (pred) 0.71 (actual)
Steering angle: 7.777067686161727 (pred)        1.01 (actual)
Steering angle: 8.476063269405309 (pred)        1.41 (actual)
Steering angle: 9.57512693799863 (pred) 1.82 (actual)
Steering angle: 6.843940048359279 (pred)        0.0 (actual)
Steering angle: 5.358767920419251 (pred)        2.52 (actual)
Steering angle: 3.2083253354796373 (pred)       3.03 (actual)
Steering angle: 5.501473624069266 (pred)        3.3299999999999996 (actual)
Steering angle: 4.340356833092731 (pred)        3.53 (actual)
Steering angle: 4.7542398298124695 (pred)       3.53 (actual)
Steering angle: 2.5372255254668574 (pred)       3.63 (actual)
Steering angle: 1.5704678504602647 (pred)       3.7300000000000004 (actual)
Steering angle: 1.376262200303236 (pred)        3.829999999999999 (actual)
Steering angle: 1.6830331032417774 (pred)       3.829999999999999 (actual)
Steering angle: 1.3497921223399691 (pred)       3.829999999999999 (actual)
Steering angle: -0.3556331424458868 (pred)      3.829999999999999 (actual)
Steering angle: -0.7824987012718068 (pred)      3.9300000000000006 (actual)
Steering angle: -1.926507362481341 (pred)       4.03 (actual)
Steering angle: -1.6894981974563117 (pred)      0.0 (actual)
Steering angle: -1.4250173712592566 (pred)      4.03 (actual)
Steering angle: -2.0344559409924536 (pred)      4.03 (actual)
Steering angle: -1.9699885601810536 (pred)      4.03 (actual)
Steering angle: -2.2021831888931644 (pred)      4.03 (actual)
Steering angle: -1.7523174749653287 (pred)      3.7300000000000004 (actual)
Steering angle: -2.2393287458074553 (pred)      3.13 (actual)
Steering angle: -2.9777027174936874 (pred)      3.03 (actual)
Steering angle: -4.631486389388531 (pred)       3.03 (actual)
Steering angle: -5.1561465167094145 (pred)      2.92 (actual)
Steering angle: -6.0448740829253715 (pred)      2.62 (actual)
Steering angle: -6.597364242906295 (pred)       2.02 (actual)
Steering angle: -7.094213547474179 (pred)       1.41 (actual)
Steering angle: -6.338757059230334 (pred)       0.71 (actual)
Steering angle: -6.319987272504315 (pred)       0.1 (actual)
Steering angle: -6.196880796677652 (pred)       -0.3 (actual)
Steering angle: -5.4621919254920535 (pred)      -0.4 (actual)
Steering angle: -5.382662910343718 (pred)       -0.5 (actual)
Steering angle: -5.4091175136596465 (pred)      -0.61 (actual)
Steering angle: -5.083819509154034 (pred)       -1.01 (actual)
Steering angle: -4.486884027583368 (pred)       -1.41 (actual)
Steering angle: -3.936734914940467 (pred)       0.0 (actual)
Steering angle: -3.8579913715466825 (pred)      -1.82 (actual)
Steering angle: -4.18838555094677 (pred)        -1.82 (actual)
Steering angle: -4.991812165278907 (pred)       -1.82 (actual)
Steering angle: -5.01932971678442 (pred)        -1.92 (actual)
Steering angle: -5.247747464328925 (pred)       -1.92 (actual)
Steering angle: -4.977105487335401 (pred)       -1.92 (actual)
Steering angle: -4.035698806485251 (pred)       -1.92 (actual)
Steering angle: -4.05199947982631 (pred)        -1.92 (actual)
Steering angle: -3.941318825647192 (pred)       -1.92 (actual)
Steering angle: -4.363118865388621 (pred)       -2.02 (actual)
Steering angle: -4.440310675180344 (pred)       -2.12 (actual)
Steering angle: -4.266800391486748 (pred)       -2.12 (actual)
Steering angle: -3.674698976301159 (pred)       -2.12 (actual)
Steering angle: -4.069166733418314 (pred)       -2.12 (actual)
Steering angle: -3.25784015153741 (pred)        -2.12 (actual)
Steering angle: -1.8849390446360548 (pred)      -2.12 (actual)
Steering angle: -1.4206893792029958 (pred)      -2.12 (actual)
Steering angle: -1.3363248035657023 (pred)      -2.12 (actual)
Steering angle: -0.8972661564521195 (pred)      -2.12 (actual)
Steering angle: 0.5893274512480648 (pred)       -2.12 (actual)
Steering angle: 0.07943423293338882 (pred)      -2.32 (actual)
Steering angle: 0.6349534884297202 (pred)       -2.62 (actual)
Steering angle: 1.5686539016270975 (pred)       -2.62 (actual)
Steering angle: 1.687456397781301 (pred)        -2.62 (actual)
Steering angle: 1.0579986503125023 (pred)       -2.62 (actual)
Steering angle: 0.9867876316344782 (pred)       -2.62 (actual)
Steering angle: 1.2762193523130017 (pred)       -2.62 (actual)
Steering angle: 1.5547647119498766 (pred)       -2.62 (actual)
Steering angle: 1.0928731693277642 (pred)       0.0 (actual)
Steering angle: 0.13270881466520235 (pred)      -2.62 (actual)
Steering angle: 0.5671973181721062 (pred)       -2.62 (actual)
Steering angle: -0.7640674357965274 (pred)      -2.62 (actual)
Steering angle: 0.12106164792325133 (pred)      -2.62 (actual)
Steering angle: -0.3107241684053769 (pred)      -2.62 (actual)
Steering angle: -0.41618036819966975 (pred)     -2.62 (actual)
Steering angle: -0.04087953262111926 (pred)     -2.62 (actual)
Steering angle: 0.6780155899908292 (pred)       -2.62 (actual)
Steering angle: 1.1692622184485986 (pred)       -2.62 (actual)
Steering angle: 0.7609785894660949 (pred)       -2.52 (actual)
Steering angle: 0.2189072960946442 (pred)       -2.42 (actual)
Steering angle: -1.9540618396970533 (pred)      -2.22 (actual)
Steering angle: -1.2300595465198803 (pred)      -2.12 (actual)
Steering angle: 7.34060323027228 (pred) -2.02 (actual)
Steering angle: 6.011024092285612 (pred)        0.0 (actual)
Steering angle: 22.745815719253716 (pred)       -2.02 (actual)
Steering angle: 46.81095419368168 (pred)        -1.82 (actual)
Steering angle: 80.32494392250672 (pred)        -1.71 (actual)
Steering angle: 80.50721435069768 (pred)        -1.6100000000000003 (actual)
Steering angle: 73.26228243390342 (pred)        -1.6100000000000003 (actual)
Steering angle: 55.472197551864376 (pred)       -1.6100000000000003 (actual)
Steering angle: 27.89331607024754 (pred)        -1.31 (actual)
Steering angle: 23.594538440614084 (pred)       -0.91 (actual)
Steering angle: 12.240528860647006 (pred)       -0.2 (actual)
Steering angle: 5.13887126075116 (pred) 0.5 (actual)
Steering angle: 15.091181735285405 (pred)       0.91 (actual)
Steering angle: 16.085305523697006 (pred)       1.51 (actual)
Steering angle: 27.85476648257199 (pred)        2.12 (actual)
Steering angle: 34.42646202080373 (pred)        2.7200000000000006 (actual)
Steering angle: 50.68676552877292 (pred)        3.23 (actual)
Steering angle: 57.51157933990888 (pred)        3.23 (actual)
Steering angle: 57.90846114201081 (pred)        3.23 (actual)
Steering angle: 41.20459831915181 (pred)        0.0 (actual)
Steering angle: 13.131299934085266 (pred)       3.23 (actual)
Steering angle: 7.32322210638189 (pred) 3.23 (actual)
Steering angle: 5.188226634580495 (pred)        3.23 (actual)
Steering angle: 4.109125474497004 (pred)        3.23 (actual)
Steering angle: 3.826309112194755 (pred)        3.23 (actual)
Steering angle: 3.504327591418007 (pred)        3.23 (actual)
Steering angle: 3.740063032884535 (pred)        3.23 (actual)
Steering angle: 2.1986067310890163 (pred)       3.23 (actual)
Steering angle: 2.595603365746368 (pred)        3.4300000000000006 (actual)
Steering angle: 1.9983372603311915 (pred)       3.4300000000000006 (actual)
Steering angle: 1.023824972739107 (pred)        3.4300000000000006 (actual)
Steering angle: 0.39285556566876706 (pred)      3.4300000000000006 (actual)
Steering angle: 1.2665233651776395 (pred)       3.3299999999999996 (actual)
Steering angle: 2.0829261649940376 (pred)       3.03 (actual)
Steering angle: -0.4465469623627233 (pred)      2.82 (actual)
Steering angle: -0.5514259311308707 (pred)      2.42 (actual)
Steering angle: -0.9087717168307117 (pred)      2.22 (actual)
Steering angle: -1.757415891015626 (pred)       0.0 (actual)
Steering angle: -1.4625449918802453 (pred)      1.82 (actual)
Steering angle: -0.6421847377700597 (pred)      1.71 (actual)
Steering angle: -1.1748093992717066 (pred)      1.51 (actual)
Steering angle: -1.794008309328852 (pred)       1.51 (actual)
Steering angle: -2.1793906341894203 (pred)      1.31 (actual)
Steering angle: -1.919654334866291 (pred)       1.01 (actual)
Steering angle: -2.314477261820286 (pred)       0.71 (actual)
Steering angle: -1.9949940961758819 (pred)      0.4 (actual)
Steering angle: -1.7087362790272989 (pred)      0.2 (actual)
Steering angle: 0.9064180763314076 (pred)       0.2 (actual)
Steering angle: -0.6872616384146166 (pred)      0.2 (actual)
Steering angle: -0.22808192101683739 (pred)     0.2 (actual)
Steering angle: 0.9692763072630349 (pred)       0.2 (actual)
Steering angle: 2.097466570519937 (pred)        0.2 (actual)
Steering angle: 0.6276693051233132 (pred)       0.1 (actual)
Steering angle: 1.206292302477234 (pred)        0.0 (actual)
Steering angle: 0.7367700511700425 (pred)       -0.3 (actual)
Steering angle: 0.35442422564322096 (pred)      -0.5 (actual)
Steering angle: 0.48979499981573 (pred) -0.5 (actual)
Steering angle: 2.0483553759534296 (pred)       -0.5 (actual)
Steering angle: 1.9925486750096058 (pred)       -0.5 (actual)
Steering angle: 2.92654438716688 (pred) -0.61 (actual)
Steering angle: 2.554864275555004 (pred)        -0.61 (actual)
Steering angle: 2.354631090177145 (pred)        -0.61 (actual)
Steering angle: 1.6634491366223525 (pred)       -0.61 (actual)
Steering angle: 1.9505037380262997 (pred)       -0.61 (actual)
Steering angle: 2.531061279740921 (pred)        -0.61 (actual)
Steering angle: 3.123986586495143 (pred)        -0.61 (actual)
Steering angle: 3.047406078634137 (pred)        -0.61 (actual)
Steering angle: 3.4254854371680805 (pred)       -0.61 (actual)
Steering angle: 2.9854152817271014 (pred)       -0.61 (actual)
Steering angle: 3.829652062906653 (pred)        -0.61 (actual)
Steering angle: 4.658809707389521 (pred)        -0.5 (actual)
Steering angle: 5.264227430135696 (pred)        -0.5 (actual)
Steering angle: 4.298845077751509 (pred)        -0.4 (actual)
Steering angle: 4.200643179186004 (pred)        -0.2 (actual)
Steering angle: 3.7030826811707933 (pred)       -0.1 (actual)
Steering angle: 3.540868676590752 (pred)        -0.1 (actual)
Steering angle: 3.292142855653095 (pred)        -0.1 (actual)
Steering angle: 3.421739932181975 (pred)        -0.1 (actual)
Steering angle: 3.1201589057955856 (pred)       -0.1 (actual)
Steering angle: 3.7528559771999683 (pred)       0.0 (actual)
Steering angle: 2.6848026480989726 (pred)       0.0 (actual)
Steering angle: 2.0377130874529037 (pred)       0.1 (actual)
Steering angle: 0.7701844571676556 (pred)       0.0 (actual)
Steering angle: 0.16035053687539108 (pred)      0.4 (actual)
Steering angle: -0.27745882595031407 (pred)     0.71 (actual)
Steering angle: -0.7341866388381909 (pred)      1.51 (actual)
Steering angle: -1.0513808373369946 (pred)      1.51 (actual)
Steering angle: 0.7838663932922489 (pred)       1.51 (actual)
Steering angle: 1.5399586760982873 (pred)       1.51 (actual)
Steering angle: 3.7125595686441857 (pred)       1.51 (actual)
Steering angle: 4.952597914819749 (pred)        1.51 (actual)
Steering angle: 4.163597513788325 (pred)        1.51 (actual)
Steering angle: 4.131675344041801 (pred)        1.51 (actual)
Steering angle: 4.5621014858181335 (pred)       1.51 (actual)
Steering angle: 5.426269399326017 (pred)        1.51 (actual)
Steering angle: 12.464922772996728 (pred)       1.51 (actual)
Steering angle: 13.173453300321647 (pred)       1.51 (actual)
Steering angle: 13.834578045938446 (pred)       1.51 (actual)
Steering angle: 14.732533624609914 (pred)       1.51 (actual)
Steering angle: 14.794372449807916 (pred)       1.6100000000000003 (actual)
Steering angle: 13.116264980174776 (pred)       1.6100000000000003 (actual)
Steering angle: 12.491504161699124 (pred)       1.51 (actual)
Steering angle: 12.410126726606654 (pred)       1.11 (actual)
Steering angle: 13.712661730574657 (pred)       1.01 (actual)
Steering angle: 16.091423665646044 (pred)       0.71 (actual)
Steering angle: 15.928648304893594 (pred)       0.5 (actual)
Steering angle: 17.097708605874853 (pred)       0.3 (actual)
Steering angle: 13.665238019619967 (pred)       0.3 (actual)
Steering angle: 12.752325180439817 (pred)       0.3 (actual)
Steering angle: 9.062462330407584 (pred)        0.3 (actual)
Steering angle: 7.704759034739741 (pred)        0.3 (actual)
Steering angle: 6.205731441181519 (pred)        0.3 (actual)
Steering angle: 5.380685570578999 (pred)        0.3 (actual)
Steering angle: 4.481526597953139 (pred)        0.3 (actual)
Steering angle: 4.352315213668954 (pred)        0.4 (actual)
Steering angle: 4.539565276651676 (pred)        0.4 (actual)
Steering angle: 4.108580340023872 (pred)        0.2 (actual)
Steering angle: 5.152888943362141 (pred)        0.2 (actual)
Steering angle: 6.023368805436763 (pred)        0.2 (actual)
Steering angle: 6.174512354032683 (pred)        0.2 (actual)
Steering angle: 6.162275643247782 (pred)        0.2 (actual)
Steering angle: 6.917808117346144 (pred)        0.2 (actual)
Steering angle: 5.7637012348921575 (pred)       0.2 (actual)
Steering angle: 5.640356983105013 (pred)        0.0 (actual)
Steering angle: 8.806157774255562 (pred)        0.0 (actual)
Steering angle: 9.272438567193054 (pred)        -0.1 (actual)
Steering angle: 9.093978530785314 (pred)        -0.1 (actual)
Steering angle: 5.839778870075522 (pred)        -0.3 (actual)
Steering angle: 5.612747650932529 (pred)        -0.5 (actual)
Steering angle: 4.813721385973172 (pred)        -0.91 (actual)
Steering angle: 5.605935391009087 (pred)        -1.51 (actual)
Steering angle: 8.658937315564168 (pred)        -2.12 (actual)
Steering angle: 12.316691446308173 (pred)       -2.7200000000000006 (actual)
Steering angle: 12.35226051018466 (pred)        -2.92 (actual)
Steering angle: 9.805756813060574 (pred)        -3.13 (actual)
Steering angle: 5.156419724276215 (pred)        -3.53 (actual)
Steering angle: 8.134223400503572 (pred)        -3.829999999999999 (actual)
Steering angle: 16.146676480936865 (pred)       -4.34 (actual)
Steering angle: 11.803981588713873 (pred)       -5.04 (actual)
Steering angle: 12.792745386174307 (pred)       -5.45 (actual)
Steering angle: 15.267470625310727 (pred)       -5.849999999999999 (actual)
Steering angle: 8.869374590118616 (pred)        -5.849999999999999 (actual)
Steering angle: 17.668761939359403 (pred)       -5.849999999999999 (actual)
Steering angle: 13.552573195486959 (pred)       -5.849999999999999 (actual)
Steering angle: 31.168755484841956 (pred)       -5.849999999999999 (actual)
Steering angle: 42.2073349761068 (pred) -5.849999999999999 (actual)
Steering angle: 47.76795931904885 (pred)        -5.849999999999999 (actual)
Steering angle: 18.706687730918294 (pred)       -5.849999999999999 (actual)
Steering angle: 57.41210446483681 (pred)        -5.75 (actual)
Steering angle: 71.59291589886061 (pred)        -5.45 (actual)
Steering angle: 91.34170437446797 (pred)        -4.84 (actual)
Steering angle: 99.73003727907904 (pred)        -4.03 (actual)
Steering angle: 107.51382331006312 (pred)       -3.53 (actual)
Steering angle: 119.70141478954794 (pred)       -2.92 (actual)
Steering angle: 105.74535756035259 (pred)       -2.62 (actual)
Steering angle: 85.94409274135202 (pred)        -1.71 (actual)
Steering angle: 59.954840458859984 (pred)       -1.21 (actual)
Steering angle: 47.1841728054041 (pred) -1.21 (actual)
Steering angle: 54.75946048178437 (pred)        -1.11 (actual)
Steering angle: 50.93119750860017 (pred)        -0.91 (actual)
Steering angle: 50.366125713281264 (pred)       -0.4 (actual)
Steering angle: 52.21767729915042 (pred)        0.2 (actual)
Steering angle: 51.449817187373824 (pred)       0.71 (actual)
Steering angle: 53.766258768910724 (pred)       1.31 (actual)
Steering angle: 57.372605480866625 (pred)       2.02 (actual)
Steering angle: 68.97206986148916 (pred)        2.42 (actual)
Steering angle: 73.86204817511141 (pred)        2.62 (actual)
Steering angle: 34.51207844204984 (pred)        2.62 (actual)
Steering angle: 36.411089597366825 (pred)       2.7200000000000006 (actual)
Steering angle: 44.29509157894792 (pred)        3.03 (actual)
Steering angle: 54.113010397599346 (pred)       3.3299999999999996 (actual)
Steering angle: 55.074103391184764 (pred)       3.53 (actual)
Steering angle: 55.68180581220831 (pred)        3.7300000000000004 (actual)
Steering angle: 39.60819186482307 (pred)        3.829999999999999 (actual)
Steering angle: 65.65451720801974 (pred)        3.9300000000000006 (actual)
Steering angle: 3.3346998433807404 (pred)       4.03 (actual)
Steering angle: 67.90564510561839 (pred)        4.13 (actual)
Steering angle: 54.52730235189564 (pred)        4.34 (actual)
Steering angle: 78.08867168635285 (pred)        4.74 (actual)
Steering angle: 41.699506996221764 (pred)       5.04 (actual)
Steering angle: 5.061572302366833 (pred)        5.24 (actual)
Steering angle: 5.208178470919749 (pred)        5.340000000000001 (actual)
Steering angle: 6.190533416504595 (pred)        5.24 (actual)
Steering angle: 3.7786156087678484 (pred)       5.45 (actual)
Steering angle: 5.295044389897147 (pred)        5.55 (actual)
Steering angle: 4.322562482757555 (pred)        5.65 (actual)
Steering angle: 4.644021494062797 (pred)        5.75 (actual)
Steering angle: 5.847913625377006 (pred)        5.75 (actual)
Steering angle: 6.958347424504285 (pred)        5.849999999999999 (actual)
Steering angle: 7.094609271559216 (pred)        6.150000000000001 (actual)
Steering angle: 9.004038599794587 (pred)        6.25 (actual)
Steering angle: 8.02005422720587 (pred) 6.55 (actual)
Steering angle: 7.655100144379164 (pred)        6.76 (actual)
Steering angle: 6.938965908960728 (pred)        6.860000000000001 (actual)
Steering angle: 7.375703572416976 (pred)        6.860000000000001 (actual)
Steering angle: 6.060498567538599 (pred)        6.860000000000001 (actual)
Steering angle: 4.251505036614151 (pred)        6.860000000000001 (actual)
Steering angle: 3.8556733760971094 (pred)       6.860000000000001 (actual)
Steering angle: 3.1241584084414513 (pred)       6.860000000000001 (actual)
Steering angle: 2.927756105414323 (pred)        7.06 (actual)
Steering angle: 3.0017571496465916 (pred)       7.36 (actual)
Steering angle: 2.8112936961027892 (pred)       7.559999999999999 (actual)
Steering angle: 3.5437461072220318 (pred)       7.760000000000002 (actual)
Steering angle: 3.875497146389425 (pred)        8.17 (actual)
Steering angle: 5.387924717325566 (pred)        8.469999999999999 (actual)
Steering angle: 5.638345919281267 (pred)        8.87 (actual)
Steering angle: 5.783420417912807 (pred)        9.08 (actual)
Steering angle: 7.567341605054608 (pred)        9.18 (actual)
Steering angle: 8.004933895930755 (pred)        9.380000000000003 (actual)
Steering angle: 6.065950766043562 (pred)        9.68 (actual)
Steering angle: 4.731914075849814 (pred)        9.979999999999999 (actual)
Steering angle: 3.94075320060655 (pred) 0.0 (actual)
Steering angle: 4.271167443687325 (pred)        10.29 (actual)
Steering angle: 6.220645159234242 (pred)        10.59 (actual)
Steering angle: 4.649744338813622 (pred)        10.79 (actual)
Steering angle: 5.549219207688594 (pred)        11.089999999999998 (actual)
Steering angle: 10.402014398356117 (pred)       11.290000000000001 (actual)
Steering angle: 10.05381733088439 (pred)        11.39 (actual)
Steering angle: 8.693146318022178 (pred)        11.6 (actual)
Steering angle: 7.014867666772964 (pred)        11.699999999999998 (actual)
Steering angle: 5.747670780910138 (pred)        11.699999999999998 (actual)
Steering angle: 6.571552958032817 (pred)        11.699999999999998 (actual)
Steering angle: 7.240273727780316 (pred)        11.8 (actual)
Steering angle: 7.055167917310155 (pred)        11.8 (actual)
Steering angle: 6.257429143009346 (pred)        11.8 (actual)
Steering angle: 5.658787394806646 (pred)        11.8 (actual)
Steering angle: 6.350229642601839 (pred)        0.0 (actual)
Steering angle: 5.983475378042011 (pred)        11.6 (actual)
Steering angle: 6.524376841435539 (pred)        11.6 (actual)
Steering angle: 7.534309102681134 (pred)        11.6 (actual)
Steering angle: 8.331165928805365 (pred)        11.5 (actual)
Steering angle: 9.345143369586902 (pred)        11.5 (actual)
Steering angle: 10.096014239576728 (pred)       11.5 (actual)
Steering angle: 11.667697970430963 (pred)       11.5 (actual)
Steering angle: 11.908258086772458 (pred)       11.5 (actual)
Steering angle: 10.783582062565232 (pred)       11.5 (actual)
Steering angle: 10.272859790019407 (pred)       11.5 (actual)
Steering angle: 7.13321776961636 (pred) 11.5 (actual)
Steering angle: 6.863247285595612 (pred)        11.5 (actual)
Steering angle: 6.920266558560526 (pred)        11.5 (actual)
Steering angle: 8.530739787484906 (pred)        11.699999999999998 (actual)
Steering angle: 9.454501528387976 (pred)        12.0 (actual)
Steering angle: 7.505872463845432 (pred)        12.2 (actual)
Steering angle: 7.458969554814955 (pred)        12.300000000000002 (actual)
Steering angle: 5.107113442431539 (pred)        12.4 (actual)
Steering angle: 4.726375219319757 (pred)        12.5 (actual)
Steering angle: 4.028354645580195 (pred)        12.709999999999999 (actual)
Steering angle: 3.2247717906707933 (pred)       12.81 (actual)
Steering angle: 3.0765643696443328 (pred)       13.11 (actual)
Steering angle: 2.07065850491446 (pred) 13.31 (actual)
Steering angle: 3.448345226546467 (pred)        13.41 (actual)
Steering angle: 8.910257541169372 (pred)        13.51 (actual)
Steering angle: 13.576910867047008 (pred)       13.51 (actual)
Steering angle: 13.953689714874299 (pred)       13.610000000000001 (actual)
Steering angle: 13.520716339424373 (pred)       13.610000000000001 (actual)
Steering angle: 15.569566477205806 (pred)       13.610000000000001 (actual)
Steering angle: 14.36932807021073 (pred)        13.610000000000001 (actual)
Steering angle: 11.518846804075228 (pred)       0.0 (actual)
Steering angle: 8.439472238474258 (pred)        13.610000000000001 (actual)
Steering angle: -18.07984370474579 (pred)       13.610000000000001 (actual)
Steering angle: -11.310783020257361 (pred)      13.82 (actual)
Steering angle: 4.8766415154941525 (pred)       14.22 (actual)
Steering angle: 4.475142505513293 (pred)        14.82 (actual)
Steering angle: 3.0675766944702425 (pred)       15.53 (actual)
Steering angle: 2.719061382871876 (pred)        16.03 (actual)
Steering angle: 0.3530462349781709 (pred)       16.24 (actual)
Steering angle: -1.536000474752559 (pred)       16.24 (actual)
Steering angle: -1.3486175432461385 (pred)      16.24 (actual)
Steering angle: -0.7207786573323386 (pred)      16.24 (actual)
Steering angle: -1.2999212826717095 (pred)      16.13 (actual)
Steering angle: -1.7016046010384536 (pred)      15.929999999999998 (actual)
Steering angle: -1.7142086479346543 (pred)      15.63 (actual)
Steering angle: -0.15498458284891303 (pred)     15.13 (actual)
Steering angle: -0.7883126329985156 (pred)      14.72 (actual)
Steering angle: 1.8974656115738582 (pred)       14.62 (actual)
Steering angle: 3.937438424424978 (pred)        14.62 (actual)
Steering angle: 4.747544963765388 (pred)        14.62 (actual)
Steering angle: 4.186739048469974 (pred)        14.62 (actual)
Steering angle: 2.1549737751236826 (pred)       14.62 (actual)
Steering angle: 1.8582556299829307 (pred)       14.62 (actual)
Steering angle: 1.9131127211887111 (pred)       14.62 (actual)
Steering angle: 2.3219516232063957 (pred)       14.62 (actual)
Steering angle: 1.0569298324291012 (pred)       14.72 (actual)
Steering angle: -1.1645207865041403 (pred)      14.82 (actual)
Steering angle: -3.1809853688925456 (pred)      14.920000000000002 (actual)
Steering angle: 2.2132775505393805 (pred)       14.920000000000002 (actual)
Steering angle: 5.029775210459485 (pred)        15.030000000000001 (actual)
Steering angle: 11.567047449048008 (pred)       15.030000000000001 (actual)
Steering angle: 12.652746998756555 (pred)       15.030000000000001 (actual)
Steering angle: 13.077466090594518 (pred)       15.030000000000001 (actual)
Steering angle: 11.15092073518592 (pred)        15.13 (actual)
Steering angle: 11.130900596954966 (pred)       15.13 (actual)
Steering angle: 7.384253261710539 (pred)        15.13 (actual)
Steering angle: 6.933695137355594 (pred)        15.13 (actual)
Steering angle: 7.893974057769312 (pred)        15.13 (actual)
Steering angle: 8.075278014192715 (pred)        15.13 (actual)
Steering angle: 6.389665020435378 (pred)        15.13 (actual)
Steering angle: 5.51335431124368 (pred) 15.13 (actual)
Steering angle: 4.759014985815955 (pred)        0.0 (actual)
Steering angle: 4.481620086167404 (pred)        14.920000000000002 (actual)
Steering angle: 3.1921405619110574 (pred)       14.82 (actual)
Steering angle: 2.7327454534305846 (pred)       14.72 (actual)
Steering angle: 0.07673886953217254 (pred)      14.52 (actual)
Steering angle: 1.9996738429743983 (pred)       14.12 (actual)
Steering angle: 3.530087222985887 (pred)        13.82 (actual)
Steering angle: 5.576602716731644 (pred)        13.51 (actual)
Steering angle: 5.301206501188968 (pred)        13.51 (actual)
Steering angle: 6.235895690990411 (pred)        13.610000000000001 (actual)
Steering angle: 3.8432962195474 (pred)  13.82 (actual)
Steering angle: 3.7674567872113403 (pred)       14.12 (actual)
Steering angle: 2.713311430807783 (pred)        14.420000000000002 (actual)
Steering angle: 2.35447613026035 (pred) 14.52 (actual)
Steering angle: 3.7150457575020703 (pred)       14.62 (actual)
Steering angle: 4.672855137644006 (pred)        14.52 (actual)
Steering angle: 5.1246606252961255 (pred)       14.52 (actual)
Steering angle: 5.089456122766587 (pred)        14.52 (actual)
Steering angle: 6.106892200589088 (pred)        14.32 (actual)
Steering angle: 5.386678634688862 (pred)        14.32 (actual)
Steering angle: 7.131743302529284 (pred)        14.22 (actual)
Steering angle: 7.385175337248491 (pred)        14.12 (actual)
Steering angle: 5.273144242097148 (pred)        13.92 (actual)
Steering angle: 3.324742281344508 (pred)        13.71 (actual)
Steering angle: 3.6310818151482804 (pred)       13.610000000000001 (actual)
Steering angle: 4.357523659797912 (pred)        13.51 (actual)
Steering angle: 7.635013411803802 (pred)        13.51 (actual)
Steering angle: 10.319755015087068 (pred)       13.51 (actual)
Steering angle: 9.720568132411238 (pred)        13.51 (actual)
Steering angle: 8.015582160846805 (pred)        13.51 (actual)
Steering angle: 7.8228555668102 (pred)  13.51 (actual)
Steering angle: 8.096472944960912 (pred)        13.51 (actual)
Steering angle: 7.839166912321837 (pred)        13.51 (actual)
Steering angle: 7.026307379859089 (pred)        13.51 (actual)
Steering angle: 7.046464121873443 (pred)        13.51 (actual)
Steering angle: 7.169285010415435 (pred)        13.51 (actual)
Steering angle: 7.062597882466659 (pred)        13.51 (actual)
Steering angle: 6.3583123177109035 (pred)       13.51 (actual)
Steering angle: 4.485004871787969 (pred)        13.51 (actual)
Steering angle: 5.679499089691063 (pred)        13.51 (actual)
Steering angle: 6.1821506399588735 (pred)       13.51 (actual)
Steering angle: 6.748190614592632 (pred)        13.51 (actual)
Steering angle: 8.46084560793452 (pred) 13.51 (actual)
Steering angle: 12.598832046769413 (pred)       13.51 (actual)
Steering angle: 15.297501259543981 (pred)       13.51 (actual)
Steering angle: 14.58495543476074 (pred)        13.51 (actual)
Steering angle: 13.60948574674609 (pred)        13.51 (actual)
Steering angle: 14.868165813600735 (pred)       13.51 (actual)
Steering angle: 14.143833643630991 (pred)       13.51 (actual)
Steering angle: 12.19258947040998 (pred)        13.51 (actual)
Steering angle: 8.262396169147092 (pred)        13.51 (actual)
Steering angle: 6.955452704956669 (pred)        13.51 (actual)
Steering angle: 4.362624530447442 (pred)        13.51 (actual)
Steering angle: -1.0088099757875977 (pred)      13.51 (actual)
Steering angle: -0.23976063736306005 (pred)     13.51 (actual)
Steering angle: 0.3437162766132128 (pred)       13.51 (actual)
Steering angle: 0.5306037259201166 (pred)       13.51 (actual)
Steering angle: 5.177766626753444 (pred)        13.51 (actual)
Steering angle: 5.8593618761995945 (pred)       13.51 (actual)
Steering angle: 6.2007658936549195 (pred)       13.51 (actual)
Steering angle: 5.926804871611592 (pred)        0.0 (actual)
Steering angle: 4.962573406102552 (pred)        13.31 (actual)
Steering angle: 4.975074359830969 (pred)        13.31 (actual)
Steering angle: 4.574791550409194 (pred)        13.21 (actual)
Steering angle: 5.177463537109024 (pred)        13.01 (actual)
Steering angle: 5.571126612564587 (pred)        12.5 (actual)
Steering angle: 5.3644783854522045 (pred)       12.100000000000001 (actual)
Steering angle: 6.071300084824151 (pred)        11.899999999999999 (actual)
Steering angle: 7.718353672509005 (pred)        11.6 (actual)
Steering angle: 7.869802872070283 (pred)        11.6 (actual)
Steering angle: 8.361669553638643 (pred)        11.6 (actual)
Steering angle: 7.711555072963904 (pred)        11.6 (actual)
Steering angle: 7.041334649806763 (pred)        11.6 (actual)
Steering angle: 6.71088241379873 (pred) 11.6 (actual)
Steering angle: 6.471415127724437 (pred)        11.6 (actual)
Steering angle: 9.113643499179428 (pred)        11.6 (actual)
Steering angle: 7.787227592552122 (pred)        11.699999999999998 (actual)
Steering angle: 8.68520110047016 (pred) 11.899999999999999 (actual)
Steering angle: 10.204642421910258 (pred)       12.2 (actual)
Steering angle: 13.80365521824486 (pred)        12.4 (actual)
Steering angle: 14.531946336612272 (pred)       12.5 (actual)
Steering angle: 15.880848933534553 (pred)       12.5 (actual)
Steering angle: 16.844890861294125 (pred)       12.61 (actual)
Steering angle: 12.928606386502322 (pred)       12.709999999999999 (actual)
Steering angle: 18.28568170066788 (pred)        12.910000000000002 (actual)
Steering angle: 19.56389525477511 (pred)        13.01 (actual)
Steering angle: 20.147017532523073 (pred)       13.31 (actual)
Steering angle: 11.158579084792796 (pred)       13.82 (actual)
Steering angle: 10.4398963350403 (pred) 14.02 (actual)
Steering angle: 9.202523897075157 (pred)        14.02 (actual)
Steering angle: 9.298131177529703 (pred)        14.02 (actual)
Steering angle: 9.335634892488597 (pred)        14.02 (actual)
Steering angle: 8.701731865808883 (pred)        14.02 (actual)
Steering angle: 5.870690171824884 (pred)        14.02 (actual)
Steering angle: 5.751288219849306 (pred)        14.02 (actual)
Steering angle: 2.5025014840567477 (pred)       14.02 (actual)
Steering angle: 2.575299774664859 (pred)        13.92 (actual)
Steering angle: 3.195127275569057 (pred)        13.82 (actual)
Steering angle: 3.1339469232957256 (pred)       13.82 (actual)
Steering angle: 2.1470479809221175 (pred)       13.82 (actual)
Steering angle: 1.001007018269387 (pred)        13.82 (actual)
Steering angle: -2.1921993733173095 (pred)      0.0 (actual)
Steering angle: -1.8742587632082706 (pred)      13.82 (actual)
Steering angle: -3.2220360864647914 (pred)      13.82 (actual)
Steering angle: -4.149322845309821 (pred)       13.82 (actual)
Steering angle: -3.4159453704448652 (pred)      13.82 (actual)
Steering angle: -2.5541129547463024 (pred)      13.92 (actual)
Steering angle: -3.084213327741101 (pred)       0.0 (actual)
Steering angle: -5.944695271481971 (pred)       14.32 (actual)
Steering angle: -4.73685187573291 (pred)        14.32 (actual)
Steering angle: -10.59958359651426 (pred)       14.32 (actual)
Steering angle: -17.026638780013577 (pred)      14.32 (actual)
Steering angle: -3.866161131567664 (pred)       14.32 (actual)
Steering angle: -1.1330649906118813 (pred)      14.32 (actual)
Steering angle: 6.61928701570792 (pred) 14.420000000000002 (actual)
Steering angle: 6.176173797548289 (pred)        14.52 (actual)
Steering angle: 5.253506167572892 (pred)        14.72 (actual)
Steering angle: 2.062806348689884 (pred)        15.13 (actual)
Steering angle: 0.5764742091688644 (pred)       15.230000000000002 (actual)
Steering angle: -1.228302693799306 (pred)       15.230000000000002 (actual)
Steering angle: -1.143806957185607 (pred)       15.030000000000001 (actual)
Steering angle: -3.0726589955429664 (pred)      14.32 (actual)
Steering angle: -5.7215158521440435 (pred)      13.92 (actual)
Steering angle: -2.2562373059846452 (pred)      13.31 (actual)
Steering angle: -2.722155672009303 (pred)       12.81 (actual)
Steering angle: -1.67374607368297 (pred)        11.6 (actual)
Steering angle: -0.34202839279499986 (pred)     9.88 (actual)
Steering angle: -2.5118044151497165 (pred)      8.07 (actual)
Steering angle: -4.03728426414634 (pred)        7.06 (actual)
Steering angle: -3.495632333717758 (pred)       6.050000000000001 (actual)
Steering angle: -1.5965891618890382 (pred)      5.24 (actual)
Steering angle: -1.7709620771304653 (pred)      4.54 (actual)
Steering angle: -1.9453531350618753 (pred)      4.03 (actual)
Steering angle: -2.610800323206235 (pred)       3.3299999999999996 (actual)
Steering angle: -0.46698430242200306 (pred)     2.82 (actual)
Steering angle: -0.5149390072238097 (pred)      2.22 (actual)
Steering angle: 0.5369146606306497 (pred)       1.71 (actual)
Steering angle: 4.134085973931992 (pred)        1.51 (actual)
Steering angle: 10.227042027293315 (pred)       1.21 (actual)
Steering angle: 14.149772493114316 (pred)       1.11 (actual)
Steering angle: 1.6919373220419467 (pred)       1.11 (actual)
Steering angle: 5.038769715822745 (pred)        1.11 (actual)
Steering angle: 4.309572316729837 (pred)        1.11 (actual)
Steering angle: 2.3134932876929812 (pred)       1.11 (actual)
Steering angle: 2.7668938379597097 (pred)       1.11 (actual)
Steering angle: 1.9986042780390567 (pred)       1.11 (actual)
Steering angle: 5.017853115263228 (pred)        1.01 (actual)
Steering angle: 1.9477264123550433 (pred)       0.71 (actual)
Steering angle: 0.6586628893078328 (pred)       0.61 (actual)
Steering angle: 1.0183979605567088 (pred)       0.4 (actual)
Steering angle: 2.1813252852718263 (pred)       0.4 (actual)
Steering angle: 5.905038339387231 (pred)        0.3 (actual)
Steering angle: 9.337772741698812 (pred)        0.2 (actual)
Steering angle: 4.4347850521418035 (pred)       0.1 (actual)
Steering angle: 7.943854929277915 (pred)        0.0 (actual)
Steering angle: 5.821250701291392 (pred)        0.0 (actual)
Steering angle: 4.491440617533413 (pred)        0.0 (actual)
Steering angle: -1.9217923975199165 (pred)      -0.2 (actual)
Steering angle: -2.534495157346145 (pred)       -0.3 (actual)
Steering angle: -1.9811627496631945 (pred)      -0.3 (actual)
Steering angle: -1.0563775476016821 (pred)      -0.3 (actual)
Steering angle: -0.2838501221053006 (pred)      -0.3 (actual)
Steering angle: -0.7414707154228922 (pred)      -0.3 (actual)
Steering angle: -1.695620074665053 (pred)       -0.3 (actual)
Steering angle: -2.485274893196329 (pred)       -0.4 (actual)
Steering angle: -3.461714254629709 (pred)       -0.4 (actual)
Steering angle: -3.4072556622733163 (pred)      -0.4 (actual)
Steering angle: -3.6016804120923145 (pred)      -0.4 (actual)
Steering angle: -3.0454618225982104 (pred)      -0.4 (actual)
Steering angle: -3.2529631830266093 (pred)      -0.4 (actual)
Steering angle: -4.042102108832138 (pred)       -0.4 (actual)
Steering angle: -2.254166904892485 (pred)       -0.4 (actual)
Steering angle: -2.14216738387332 (pred)        -0.4 (actual)
Steering angle: -3.8882725883451106 (pred)      -0.4 (actual)
Steering angle: -4.079310418109428 (pred)       -0.4 (actual)
Steering angle: -4.332900400953193 (pred)       -0.4 (actual)
Steering angle: -3.7137262503317885 (pred)      -0.4 (actual)
Steering angle: -2.9126726998494075 (pred)      -0.5 (actual)
Steering angle: -2.5324053329035325 (pred)      -0.5 (actual)
Steering angle: -2.617405116133637 (pred)       -0.81 (actual)
Steering angle: -3.430029433956843 (pred)       -0.81 (actual)
Steering angle: -5.851154977025001 (pred)       -0.81 (actual)
Steering angle: -6.238646976565457 (pred)       -0.81 (actual)
Steering angle: -5.912222844620438 (pred)       -0.81 (actual)
Steering angle: -4.0022646036112155 (pred)      -0.81 (actual)
Steering angle: -3.4251646317205013 (pred)      -0.81 (actual)
Steering angle: -1.6385386896673755 (pred)      -0.91 (actual)
Steering angle: -1.5109500089195969 (pred)      -0.91 (actual)
Steering angle: -2.1131158145689053 (pred)      -0.91 (actual)
Steering angle: -3.100023935009211 (pred)       -0.91 (actual)
Steering angle: -2.23152995043577 (pred)        -0.91 (actual)
Steering angle: -1.5194137872400062 (pred)      -0.91 (actual)
Steering angle: -1.2377460706570833 (pred)      -0.91 (actual)
Steering angle: -1.0048983051055902 (pred)      -0.91 (actual)
Steering angle: -0.2949397346356097 (pred)      -0.91 (actual)
Steering angle: -1.5718318605818575 (pred)      -0.71 (actual)
Steering angle: -2.689058069395302 (pred)       -0.71 (actual)
Steering angle: -3.608486695600232 (pred)       -0.91 (actual)
Steering angle: -3.3870961454946125 (pred)      -1.11 (actual)
Steering angle: -3.65694518021418 (pred)        -1.11 (actual)
Steering angle: -4.0728571700042355 (pred)      -1.11 (actual)
Steering angle: -6.666975823379772 (pred)       -1.11 (actual)
Steering angle: -6.807309316953678 (pred)       -1.11 (actual)
Steering angle: -8.295501242280498 (pred)       -1.11 (actual)
Steering angle: -7.753128726894479 (pred)       -1.11 (actual)
Steering angle: -8.193336980222739 (pred)       -1.11 (actual)
Steering angle: -7.074525954078441 (pred)       -1.11 (actual)
Steering angle: -6.3540660744812705 (pred)      -1.11 (actual)
Steering angle: -6.010982684263769 (pred)       -1.31 (actual)
Steering angle: -7.239081005996503 (pred)       -1.41 (actual)
Steering angle: -3.627933097940905 (pred)       -1.21 (actual)
Steering angle: -1.8904384141349728 (pred)      -0.91 (actual)
Steering angle: -0.28693224496826886 (pred)     -0.81 (actual)
Steering angle: 0.68085428064291 (pred) -0.81 (actual)
Steering angle: 3.004917819685015 (pred)        -0.81 (actual)
Steering angle: 3.4521353412055893 (pred)       -0.61 (actual)
Steering angle: 3.034786023482069 (pred)        -0.3 (actual)
Steering angle: 2.9711728432037434 (pred)       -0.1 (actual)
Steering angle: 0.29977630898077207 (pred)      -0.1 (actual)
Steering angle: 0.14733649186600448 (pred)      -0.1 (actual)
Steering angle: 0.21603521488886707 (pred)      0.0 (actual)
Steering angle: -1.7540280104655939 (pred)      0.1 (actual)
Steering angle: -3.9800165430503682 (pred)      0.5 (actual)
Steering angle: -3.785998616373809 (pred)       0.81 (actual)
Steering angle: -3.6836362788301207 (pred)      0.91 (actual)
Steering angle: -3.1944867318909567 (pred)      0.91 (actual)
Steering angle: -3.214121818207451 (pred)       0.91 (actual)
Steering angle: -1.7616640552359624 (pred)      0.91 (actual)
Steering angle: -0.15206553075237883 (pred)     0.91 (actual)
Steering angle: -1.5706103239374831 (pred)      1.01 (actual)
Steering angle: -2.9325545267496684 (pred)      1.6100000000000003 (actual)
Steering angle: -3.2795817108826184 (pred)      2.22 (actual)
Steering angle: -0.9754298808183933 (pred)      2.7200000000000006 (actual)
Steering angle: 0.7828496022404161 (pred)       2.7200000000000006 (actual)
Steering angle: 0.5084461653657721 (pred)       2.52 (actual)
Steering angle: -0.43698229628632534 (pred)     2.32 (actual)
Steering angle: 0.3020533232953251 (pred)       2.02 (actual)
Steering angle: -0.9572645658339213 (pred)      1.92 (actual)
Steering angle: -0.7671929410328957 (pred)      1.92 (actual)
Steering angle: -1.1876189921732425 (pred)      1.92 (actual)
Steering angle: -2.576249597846314 (pred)       1.92 (actual)
Steering angle: -2.0523267040689688 (pred)      0.0 (actual)
Steering angle: -1.845698967524097 (pred)       1.71 (actual)
Steering angle: -1.0906491957009847 (pred)      1.51 (actual)
Steering angle: -1.4994986631675415 (pred)      1.41 (actual)
Steering angle: -0.2423552287935922 (pred)      1.31 (actual)
Steering angle: -0.3719707948579986 (pred)      1.31 (actual)
Steering angle: -0.5255247332202716 (pred)      1.31 (actual)
Steering angle: -0.06242450724922493 (pred)     1.31 (actual)
Steering angle: -0.8004014808600565 (pred)      1.31 (actual)
Steering angle: -0.1559604461265786 (pred)      1.31 (actual)
Steering angle: -0.7581672729315471 (pred)      1.31 (actual)
Steering angle: -0.3649870064729399 (pred)      1.21 (actual)
Steering angle: -0.868145698286623 (pred)       1.11 (actual)
Steering angle: -1.0275061245366266 (pred)      1.01 (actual)
Steering angle: -0.01924149666557217 (pred)     1.01 (actual)
Steering angle: 0.6566898717721982 (pred)       1.01 (actual)
Steering angle: -1.249152806736122 (pred)       1.01 (actual)
Steering angle: -1.4610348797434378 (pred)      1.01 (actual)
Steering angle: -2.5710116965265604 (pred)      0.71 (actual)
Steering angle: -2.906279642786276 (pred)       0.2 (actual)
Steering angle: -3.9158806398571255 (pred)      0.0 (actual)
Steering angle: -3.3471280129058134 (pred)      0.0 (actual)
Steering angle: -2.6943664070408717 (pred)      -0.1 (actual)
Steering angle: -0.3917405639671889 (pred)      0.0 (actual)
Steering angle: -1.4891329973284009 (pred)      -0.1 (actual)
Steering angle: -1.6857023198250771 (pred)      -0.1 (actual)
Steering angle: -0.6863771289171 (pred) -0.1 (actual)
Steering angle: 0.07875804420555756 (pred)      -0.1 (actual)
Steering angle: -0.5285333781888093 (pred)      -0.1 (actual)
Steering angle: -0.3173639393718491 (pred)      0.01 (actual)
Steering angle: -1.6902843095410978 (pred)      0.2 (actual)
Steering angle: -3.3765714643138574 (pred)      0.81 (actual)
Steering angle: -4.68448310781913 (pred)        1.31 (actual)
Steering angle: -3.637567933538854 (pred)       1.51 (actual)
Steering angle: -2.775986740735701 (pred)       1.51 (actual)
Steering angle: -2.1663257629676553 (pred)      1.51 (actual)
Steering angle: -4.65748891955877 (pred)        1.6100000000000003 (actual)
Steering angle: -4.878865168955815 (pred)       1.71 (actual)
Steering angle: -2.2919271788320774 (pred)      1.71 (actual)
Steering angle: -3.1403015605447764 (pred)      1.71 (actual)
Steering angle: -0.634949219561489 (pred)       1.71 (actual)
Steering angle: -1.65628576228689 (pred)        1.6100000000000003 (actual)
Steering angle: -0.1925488223551981 (pred)      1.6100000000000003 (actual)
Steering angle: 0.8562191207787229 (pred)       1.6100000000000003 (actual)
Steering angle: 0.4772097359397468 (pred)       1.6100000000000003 (actual)
Steering angle: -0.8204257278766827 (pred)      1.6100000000000003 (actual)
Steering angle: -0.09978562199887483 (pred)     1.6100000000000003 (actual)
Steering angle: -1.82671082818805 (pred)        1.71 (actual)
Steering angle: -1.352499865459056 (pred)       1.71 (actual)
Steering angle: -1.0372076612006893 (pred)      1.71 (actual)
Steering angle: -1.7199822922174306 (pred)      1.71 (actual)
Steering angle: 0.15420594128353157 (pred)      1.71 (actual)
Steering angle: 1.9552908468608325 (pred)       2.02 (actual)
Steering angle: 2.665043764603772 (pred)        2.52 (actual)
Steering angle: 2.7249161356510463 (pred)       0.0 (actual)
Steering angle: 3.0965874960830484 (pred)       3.23 (actual)
Steering angle: 2.7285124436924693 (pred)       3.3299999999999996 (actual)
Steering angle: 2.3906360055000437 (pred)       3.53 (actual)
Steering angle: 2.5868276398799597 (pred)       3.829999999999999 (actual)
Steering angle: 2.7563768407417713 (pred)       4.03 (actual)
Steering angle: 2.300231835089167 (pred)        4.03 (actual)
Steering angle: 2.1639509915706063 (pred)       4.03 (actual)
Steering angle: 3.340701018340243 (pred)        4.03 (actual)
Steering angle: 3.725659444585447 (pred)        4.03 (actual)
Steering angle: 2.0874103976275626 (pred)       4.13 (actual)
Steering angle: 1.418768708664047 (pred)        0.0 (actual)
Steering angle: 1.985219882030182 (pred)        4.13 (actual)
Steering angle: 1.3369864781415473 (pred)       4.13 (actual)
Steering angle: 1.1327533632309994 (pred)       4.24 (actual)
Steering angle: 1.6012190696509547 (pred)       4.24 (actual)
Steering angle: 1.3033769315049129 (pred)       4.24 (actual)
Steering angle: 1.1180212855215166 (pred)       4.24 (actual)
Steering angle: 1.3104077574817947 (pred)       4.24 (actual)
Steering angle: 2.0933836115001503 (pred)       4.24 (actual)
Steering angle: 1.6115686205125224 (pred)       4.24 (actual)
Steering angle: 0.8894238719853284 (pred)       4.24 (actual)
Steering angle: 1.0971091672736415 (pred)       4.24 (actual)
Steering angle: 1.1135394007655188 (pred)       4.24 (actual)
Steering angle: 0.5957373703407102 (pred)       4.24 (actual)
Steering angle: 1.2960986178923237 (pred)       4.44 (actual)
Steering angle: 0.7078982545790168 (pred)       4.44 (actual)
Steering angle: -0.6544599217298949 (pred)      4.44 (actual)
Steering angle: 0.3963969920729922 (pred)       4.44 (actual)
Steering angle: 0.6106575450566328 (pred)       4.44 (actual)
Steering angle: 0.1946883791127046 (pred)       4.44 (actual)
Steering angle: 0.42181180580949235 (pred)      4.44 (actual)
Steering angle: 0.16961567514430015 (pred)      4.44 (actual)
Steering angle: 0.7473734396088113 (pred)       4.34 (actual)
Steering angle: 0.17304441676743332 (pred)      4.34 (actual)
Steering angle: 0.262390654908899 (pred)        4.34 (actual)
Steering angle: 1.0150266218710728 (pred)       4.34 (actual)
Steering angle: 0.2166063894582094 (pred)       4.34 (actual)
Steering angle: -0.1460396096973483 (pred)      0.0 (actual)
Steering angle: 0.14718708147791043 (pred)      3.9300000000000006 (actual)
Steering angle: -0.568639341860625 (pred)       3.7300000000000004 (actual)
Steering angle: 1.3516625269554947 (pred)       3.3299999999999996 (actual)
Steering angle: 1.7582685974448198 (pred)       2.92 (actual)
Steering angle: 0.22839696349230423 (pred)      2.7200000000000006 (actual)
Steering angle: 0.42962885059286615 (pred)      2.7200000000000006 (actual)
Steering angle: 1.158712350945279 (pred)        2.52 (actual)
Steering angle: 2.6366519488844986 (pred)       2.42 (actual)
Steering angle: 2.755892964527758 (pred)        2.32 (actual)
Steering angle: 1.280421092591323 (pred)        1.92 (actual)
Steering angle: 0.07281578629775308 (pred)      1.51 (actual)
Steering angle: 1.2349904094921005 (pred)       1.31 (actual)
Steering angle: 1.0595652182316682 (pred)       1.21 (actual)
Steering angle: 0.6401690315521126 (pred)       1.01 (actual)
Steering angle: 0.606770420366955 (pred)        0.91 (actual)
Steering angle: 1.5010207281353967 (pred)       0.61 (actual)
Steering angle: 1.6455940616365872 (pred)       0.3 (actual)
Steering angle: 1.9540025024286387 (pred)       0.2 (actual)
Steering angle: 2.1002225518500373 (pred)       0.2 (actual)
Steering angle: 1.6305775705811967 (pred)       0.2 (actual)
Steering angle: 1.1435772920747656 (pred)       0.2 (actual)
Steering angle: 1.5889886554466948 (pred)       0.2 (actual)
Steering angle: 0.8663895926179892 (pred)       0.2 (actual)
Steering angle: 2.3423474218417 (pred)  0.1 (actual)
Steering angle: 1.7731822087758369 (pred)       0.0 (actual)
Steering angle: 1.9149227213187645 (pred)       0.0 (actual)
Steering angle: 3.2597711740818194 (pred)       0.0 (actual)
Steering angle: 2.881391287224395 (pred)        0.0 (actual)
Steering angle: 2.276980163607151 (pred)        0.0 (actual)
Steering angle: 2.51657935770979 (pred) 0.0 (actual)
Steering angle: 2.5852630996732033 (pred)       0.0 (actual)
Steering angle: 2.3443379950979355 (pred)       0.0 (actual)
Steering angle: 2.3252459088204573 (pred)       0.0 (actual)
Steering angle: 3.910778915433949 (pred)        0.0 (actual)
Steering angle: 4.030215872129023 (pred)        0.0 (actual)
Steering angle: 3.9628411786087248 (pred)       -0.1 (actual)
Steering angle: 3.064626906522443 (pred)        -0.1 (actual)
Steering angle: 4.740442847689044 (pred)        -0.1 (actual)
Steering angle: 3.852062340460288 (pred)        -0.1 (actual)
Steering angle: 3.441721650598847 (pred)        -0.1 (actual)
Steering angle: 1.2273721872465977 (pred)       -0.1 (actual)
Steering angle: 2.458224569318728 (pred)        -0.1 (actual)
Steering angle: 1.1416146799054447 (pred)       -0.2 (actual)
Steering angle: 1.5705889795963268 (pred)       -0.2 (actual)
Steering angle: 1.2336910727242114 (pred)       -0.2 (actual)
Steering angle: 2.538653675333625 (pred)        -0.1 (actual)
Steering angle: 2.591721043533451 (pred)        0.0 (actual)
Steering angle: 2.8177815220406552 (pred)       -0.3 (actual)
Steering angle: 3.333872536717523 (pred)        -0.3 (actual)
Steering angle: 1.730934073664723 (pred)        -0.3 (actual)
Steering angle: -0.125825691529122 (pred)       -0.3 (actual)
Steering angle: -0.2151370450130104 (pred)      -0.3 (actual)
Steering angle: 2.5027680748777894 (pred)       -0.3 (actual)
Steering angle: 1.9577569720380301 (pred)       -0.3 (actual)
Steering angle: 2.3492670438011576 (pred)       0.0 (actual)
Steering angle: 0.6904366625224676 (pred)       0.0 (actual)
Steering angle: 1.3331970038126595 (pred)       0.0 (actual)
Steering angle: 0.8154621547016403 (pred)       0.0 (actual)
Steering angle: 0.8034697832621259 (pred)       0.0 (actual)
Steering angle: 1.0840023544215045 (pred)       0.0 (actual)
Steering angle: 0.7943784279508688 (pred)       0.0 (actual)
Steering angle: 1.4927985677568765 (pred)       0.0 (actual)
Steering angle: 0.3347483182742654 (pred)       0.0 (actual)
Steering angle: 0.044582348924912425 (pred)     0.0 (actual)
Steering angle: 0.5616035533244244 (pred)       0.0 (actual)
Steering angle: -0.15953091417498955 (pred)     0.0 (actual)
Steering angle: -0.47433684098096307 (pred)     0.0 (actual)
Steering angle: -1.0747491556434297 (pred)      0.0 (actual)
Steering angle: -0.8641997699370597 (pred)      0.3 (actual)
Steering angle: 0.4640481748525438 (pred)       0.4 (actual)
Steering angle: 1.7993328686737 (pred)  0.4 (actual)
Steering angle: -1.147588000499738 (pred)       0.4 (actual)
Steering angle: -0.7591490592638834 (pred)      0.4 (actual)
Steering angle: -1.2032319508422453 (pred)      0.2 (actual)
Steering angle: -1.1662922600984065 (pred)      0.2 (actual)
Steering angle: -1.0653660765494188 (pred)      0.2 (actual)
Steering angle: -0.08039899715365312 (pred)     0.2 (actual)
Steering angle: 1.1544302492225043 (pred)       0.0 (actual)
Steering angle: 1.2133121361184205 (pred)       0.2 (actual)
Steering angle: -0.03730393192567089 (pred)     0.2 (actual)
Steering angle: -0.5844490953550889 (pred)      0.1 (actual)
Steering angle: -0.015256081284869731 (pred)    0.1 (actual)
Steering angle: 0.23970258075511494 (pred)      -0.2 (actual)
Steering angle: 0.2417473686378875 (pred)       -0.2 (actual)
Steering angle: -0.900418929084315 (pred)       -0.4 (actual)
Steering angle: 0.1923353789436352 (pred)       -0.4 (actual)
Steering angle: 0.11245475579538902 (pred)      -0.4 (actual)
Steering angle: -1.140815654494259 (pred)       -0.4 (actual)
Steering angle: -2.544990596779516 (pred)       -0.4 (actual)
Steering angle: -2.5555295786688457 (pred)      -0.4 (actual)
Steering angle: -3.6717760822232166 (pred)      -0.4 (actual)
Steering angle: -3.448634228925723 (pred)       -0.2 (actual)
Steering angle: -4.144922922823864 (pred)       0.0 (actual)
Steering angle: -3.63000691412765 (pred)        0.3 (actual)
Steering angle: -0.47728999066249445 (pred)     0.4 (actual)
Steering angle: 1.3388926345285097 (pred)       0.4 (actual)
Steering angle: 1.8541773667181984 (pred)       0.4 (actual)
Steering angle: 0.24832564122140316 (pred)      0.4 (actual)
Steering angle: -1.2320520407668198 (pred)      0.2 (actual)
Steering angle: -1.4311063781826172 (pred)      0.1 (actual)
Steering angle: 0.6865512987409352 (pred)       0.1 (actual)
Steering angle: 1.1696215504319647 (pred)       0.1 (actual)
Steering angle: 0.6350115450376653 (pred)       0.1 (actual)
Steering angle: -0.10875877635087249 (pred)     0.1 (actual)
Steering angle: 0.031226771111652046 (pred)     0.0 (actual)
Steering angle: -1.9408806418159865 (pred)      0.1 (actual)
Steering angle: -2.370774669167293 (pred)       0.1 (actual)
Steering angle: -0.957524966796028 (pred)       0.1 (actual)
Steering angle: -0.13265246560454974 (pred)     0.1 (actual)
Steering angle: 0.09818991905403061 (pred)      0.1 (actual)
Steering angle: 0.8373099555049541 (pred)       0.1 (actual)
Steering angle: -0.41425598908144506 (pred)     0.0 (actual)
Steering angle: -0.24447087988900365 (pred)     -0.2 (actual)
Steering angle: -1.3052720955561796 (pred)      -0.5 (actual)
Steering angle: -1.987995927040969 (pred)       -0.61 (actual)
Steering angle: -2.2944729184017882 (pred)      -0.61 (actual)
Steering angle: -2.5609807099567505 (pred)      0.0 (actual)
Steering angle: -3.68102501213306 (pred)        -0.61 (actual)
Steering angle: -4.471119524092155 (pred)       -0.61 (actual)
Steering angle: -4.889857931538128 (pred)       -0.61 (actual)
Steering angle: -5.368860378691591 (pred)       -0.4 (actual)
Steering angle: -3.6022131668475756 (pred)      -0.1 (actual)
Steering angle: -3.706597240385588 (pred)       0.1 (actual)
Steering angle: -4.127671145640881 (pred)       0.2 (actual)
Steering angle: -4.457604287271993 (pred)       0.4 (actual)
Steering angle: -5.158570380091123 (pred)       0.61 (actual)
Steering angle: -6.035154296849621 (pred)       0.71 (actual)
Steering angle: -4.652189973423309 (pred)       0.81 (actual)
Steering angle: -5.1824248157673924 (pred)      0.91 (actual)
Steering angle: -4.441815451231863 (pred)       1.01 (actual)
Steering angle: -5.161584201062391 (pred)       1.11 (actual)
Steering angle: -7.164967477086341 (pred)       1.11 (actual)
Steering angle: -7.2150302023815955 (pred)      1.21 (actual)
Steering angle: -6.7205155418493865 (pred)      1.21 (actual)
Steering angle: -5.848031446140189 (pred)       1.21 (actual)
Steering angle: -4.767107906208774 (pred)       1.21 (actual)
Steering angle: -3.6014225724511464 (pred)      1.21 (actual)
Steering angle: -3.9847844419778604 (pred)      1.21 (actual)
Steering angle: -1.8631917223187342 (pred)      1.21 (actual)
Steering angle: -3.4726692377281747 (pred)      1.51 (actual)
Steering angle: -2.879264537071583 (pred)       2.02 (actual)
Steering angle: -3.1516533349453373 (pred)      2.42 (actual)
Steering angle: -2.906564589740712 (pred)       2.7200000000000006 (actual)
Steering angle: -2.893285848220561 (pred)       2.82 (actual)
Steering angle: -2.732016330736686 (pred)       3.03 (actual)
Steering angle: -1.2626613200888206 (pred)      3.829999999999999 (actual)
Steering angle: -1.902514402030967 (pred)       4.64 (actual)
Steering angle: -3.39824941752242 (pred)        5.55 (actual)
Steering angle: -2.978724897991662 (pred)       6.35 (actual)
Steering angle: -0.6960176207654556 (pred)      6.55 (actual)
Steering angle: -0.3540460039179315 (pred)      6.659999999999999 (actual)
Steering angle: -1.3490016346652458 (pred)      6.659999999999999 (actual)
Steering angle: -1.7990946658263958 (pred)      6.659999999999999 (actual)
Steering angle: -0.30396489580885594 (pred)     6.659999999999999 (actual)
Steering angle: -0.24001164681505802 (pred)     6.55 (actual)
Steering angle: -0.5815309503930539 (pred)      6.150000000000001 (actual)
Steering angle: -0.9150005291886459 (pred)      6.050000000000001 (actual)
Steering angle: -0.10002126352524028 (pred)     5.55 (actual)
Steering angle: 0.8774547125168214 (pred)       4.74 (actual)
Steering angle: 0.7601470672954987 (pred)       4.13 (actual)
Steering angle: 1.3728739995880868 (pred)       3.9300000000000006 (actual)
Steering angle: 1.1299148860223303 (pred)       3.7300000000000004 (actual)
Steering angle: 0.7696807307163671 (pred)       3.53 (actual)
Steering angle: -1.0863585562417473 (pred)      3.03 (actual)
Steering angle: -0.9175249244172003 (pred)      2.7200000000000006 (actual)
Steering angle: 0.760694336202746 (pred)        2.42 (actual)
Steering angle: -0.14048838678963366 (pred)     2.22 (actual)
Steering angle: 0.8739885515955986 (pred)       2.02 (actual)
Steering angle: 1.4345064250071082 (pred)       1.82 (actual)
Steering angle: 2.2034335403980996 (pred)       1.71 (actual)
Steering angle: 2.3690541018266846 (pred)       1.6100000000000003 (actual)
Steering angle: 1.9392211192910849 (pred)       1.6100000000000003 (actual)
Steering angle: 2.200784707660604 (pred)        1.6100000000000003 (actual)
Steering angle: 2.015915392490454 (pred)        1.6100000000000003 (actual)
Steering angle: 1.8227845366323503 (pred)       1.51 (actual)
Steering angle: 2.0807106223820147 (pred)       1.41 (actual)
Steering angle: 2.5542107118287984 (pred)       1.31 (actual)
Steering angle: 3.3703596207071422 (pred)       1.31 (actual)
Steering angle: 3.7089280424398545 (pred)       1.31 (actual)
Steering angle: 3.826036758401601 (pred)        1.31 (actual)
Steering angle: 6.424808478149209 (pred)        1.31 (actual)
Steering angle: 4.568055703227092 (pred)        1.31 (actual)
Steering angle: 11.802978404679527 (pred)       1.31 (actual)
Steering angle: 98.25513305989566 (pred)        1.21 (actual)
Steering angle: 106.28703254266962 (pred)       1.21 (actual)
Steering angle: 11.765767534081297 (pred)       0.91 (actual)
Steering angle: 20.902103483004446 (pred)       0.4 (actual)
Steering angle: 4.884674671731734 (pred)        -0.1 (actual)
Steering angle: 4.128055770668517 (pred)        -0.4 (actual)
Steering angle: 15.963615458349475 (pred)       -0.4 (actual)
Steering angle: 7.668756253850958 (pred)        -0.4 (actual)
Steering angle: 8.779041923250611 (pred)        -0.5 (actual)
Steering angle: 4.715709878930782 (pred)        -0.5 (actual)
Steering angle: 4.21670991854799 (pred) -0.61 (actual)
Steering angle: 4.526773612996712 (pred)        -0.61 (actual)
Steering angle: 3.4236054275990346 (pred)       -0.61 (actual)
Steering angle: 3.3942185386950547 (pred)       -0.61 (actual)
Steering angle: 3.0833303123474654 (pred)       -0.61 (actual)
Steering angle: 2.8471464262732438 (pred)       -0.61 (actual)
Steering angle: 1.799325611597707 (pred)        -0.61 (actual)
Steering angle: 1.8508950339351842 (pred)       -0.61 (actual)
Steering angle: 2.957344911785641 (pred)        -0.61 (actual)
Steering angle: 3.558895893687943 (pred)        -0.61 (actual)
Steering angle: 3.48417042251683 (pred) -0.61 (actual)
Steering angle: 3.1288285502864475 (pred)       -0.5 (actual)
Steering angle: 2.677744074478588 (pred)        -0.5 (actual)
Steering angle: 2.2933049560537158 (pred)       -0.5 (actual)
Steering angle: 2.2786567616049775 (pred)       -0.5 (actual)
Steering angle: 3.04608593113362 (pred) -0.5 (actual)
Steering angle: 2.900547193081931 (pred)        -0.5 (actual)
Steering angle: 3.440740664679304 (pred)        -0.5 (actual)
Steering angle: 2.3544349356819185 (pred)       -0.4 (actual)
Steering angle: 3.044395672757454 (pred)        0.0 (actual)
Steering angle: 4.118184439770556 (pred)        0.0 (actual)
Steering angle: 4.701114618448111 (pred)        0.0 (actual)
Steering angle: 5.115373702459023 (pred)        0.0 (actual)
Steering angle: 4.6012179791947965 (pred)       0.1 (actual)
Steering angle: 4.5670952078750595 (pred)       0.1 (actual)
Steering angle: 4.771964597595476 (pred)        0.1 (actual)
Steering angle: 4.70852067794252 (pred) 0.1 (actual)
Steering angle: 4.422877471097532 (pred)        0.1 (actual)
Steering angle: 4.212242121057155 (pred)        0.1 (actual)
Steering angle: 3.570403054892122 (pred)        0.1 (actual)
Steering angle: 3.570249589079208 (pred)        0.1 (actual)
Steering angle: 3.3528613163838044 (pred)       0.1 (actual)
Steering angle: 2.720331371170675 (pred)        0.2 (actual)
Steering angle: 2.30849743120194 (pred) 0.5 (actual)
Steering angle: 2.5341073306673354 (pred)       1.01 (actual)
Steering angle: 2.741267821967468 (pred)        1.11 (actual)
Steering angle: 3.0249292067360942 (pred)       1.21 (actual)
Steering angle: 3.3375465381607547 (pred)       1.21 (actual)
Steering angle: 3.5136057630752346 (pred)       1.21 (actual)
Steering angle: 3.5482971476433756 (pred)       1.21 (actual)
Steering angle: 3.589428760268604 (pred)        1.21 (actual)
Steering angle: 3.295534258019418 (pred)        1.21 (actual)
Steering angle: 3.401923845852475 (pred)        1.21 (actual)
Steering angle: 3.0242263375818177 (pred)       1.21 (actual)
Steering angle: 3.03451302935868 (pred) 1.11 (actual)
Steering angle: 2.9521343312225676 (pred)       0.91 (actual)
Steering angle: 2.6757831698565595 (pred)       0.91 (actual)
Steering angle: 3.381578846749123 (pred)        0.81 (actual)
Steering angle: 2.7467198070290193 (pred)       0.81 (actual)
Steering angle: 2.1593561952498916 (pred)       0.81 (actual)
Steering angle: 2.624301686204646 (pred)        0.81 (actual)
Steering angle: 3.1627374513077986 (pred)       0.81 (actual)
Steering angle: 3.201099208781175 (pred)        0.81 (actual)
Steering angle: 2.6994794439648606 (pred)       0.81 (actual)
Steering angle: 3.5148614506654594 (pred)       0.81 (actual)
Steering angle: 2.8702224338275437 (pred)       0.81 (actual)
Steering angle: 2.5420892604861414 (pred)       0.81 (actual)
Steering angle: 0.8901102526360617 (pred)       0.81 (actual)
Steering angle: 1.1039745746065621 (pred)       0.81 (actual)
Steering angle: 0.26588512376258033 (pred)      0.91 (actual)
Steering angle: -1.8726003079004268 (pred)      1.21 (actual)
Steering angle: -1.5087220865897033 (pred)      1.41 (actual)
Steering angle: 1.3626703372983224 (pred)       1.6100000000000003 (actual)
Steering angle: 1.706169195116432 (pred)        1.6100000000000003 (actual)
Steering angle: 0.802299312953968 (pred)        1.6100000000000003 (actual)
Steering angle: 1.9892981452949143 (pred)       1.71 (actual)
Steering angle: 1.3917798564889763 (pred)       1.6100000000000003 (actual)
Steering angle: -1.2600183570451429 (pred)      1.71 (actual)
Steering angle: -2.36625244360651 (pred)        1.71 (actual)
Steering angle: -0.31421949103270447 (pred)     1.92 (actual)
Steering angle: -0.10596010633845976 (pred)     2.12 (actual)
Steering angle: 0.4321013257115579 (pred)       2.12 (actual)
Steering angle: 0.09793720205474014 (pred)      2.12 (actual)
Steering angle: -0.05782095974863633 (pred)     2.12 (actual)
Steering angle: -3.250368138028828 (pred)       2.12 (actual)
Steering angle: -2.502128171529924 (pred)       2.12 (actual)
Steering angle: -1.1076830471607617 (pred)      2.12 (actual)
Steering angle: -1.4063899512887508 (pred)      2.12 (actual)
Steering angle: -0.8277507322355511 (pred)      2.12 (actual)
Steering angle: -1.5599512801291493 (pred)      2.12 (actual)
Steering angle: -1.9562485674485153 (pred)      2.22 (actual)
Steering angle: -2.4879621457479058 (pred)      2.62 (actual)
Steering angle: -2.4053520749536594 (pred)      2.7200000000000006 (actual)
Steering angle: -2.1497888077699963 (pred)      2.62 (actual)
Steering angle: -2.4811044223778014 (pred)      2.42 (actual)
Steering angle: -2.394321746330912 (pred)       1.92 (actual)
Steering angle: -2.116510845473225 (pred)       1.71 (actual)
Steering angle: -1.8287748259778631 (pred)      1.71 (actual)
Steering angle: -2.579927441270954 (pred)       1.71 (actual)
Steering angle: -3.765648494628579 (pred)       1.71 (actual)
Steering angle: -2.760378691265164 (pred)       1.71 (actual)
Steering angle: -0.9430340801416113 (pred)      1.71 (actual)
Steering angle: -1.4588956431510487 (pred)      1.71 (actual)
Steering angle: -1.9217488550639577 (pred)      1.6100000000000003 (actual)
Steering angle: -1.4396333357528492 (pred)      1.82 (actual)
Steering angle: -3.0389007855701786 (pred)      2.02 (actual)
Steering angle: -2.490075022078967 (pred)       0.0 (actual)
Steering angle: -1.884327102375104 (pred)       2.12 (actual)
Steering angle: -0.20977962872299488 (pred)     2.42 (actual)
Steering angle: 0.3807056729915193 (pred)       2.42 (actual)
Steering angle: 0.11748775144004217 (pred)      2.42 (actual)
Steering angle: -1.3119528743380984 (pred)      2.42 (actual)
Steering angle: -0.29013984587680963 (pred)     2.82 (actual)
Steering angle: -0.8422615758489489 (pred)      3.13 (actual)
Steering angle: -0.825518220872309 (pred)       3.23 (actual)
Steering angle: -1.0565336814572404 (pred)      3.03 (actual)
Steering angle: -0.601440471575965 (pred)       2.52 (actual)
Steering angle: -0.5027200656029214 (pred)      2.32 (actual)
Steering angle: -0.3268842892599213 (pred)      2.32 (actual)
Steering angle: 1.4070318823490262 (pred)       2.32 (actual)
Steering angle: 1.1507312749001193 (pred)       2.32 (actual)
Steering angle: 0.4780447265657809 (pred)       2.32 (actual)
Steering angle: 0.606165948625409 (pred)        1.92 (actual)
Steering angle: 0.44646329254539063 (pred)      1.92 (actual)
Steering angle: 0.29889865635285184 (pred)      1.92 (actual)
Steering angle: 0.22474964247551743 (pred)      1.92 (actual)
Steering angle: -0.1347732260016255 (pred)      1.92 (actual)
Steering angle: -0.17424653006135557 (pred)     1.92 (actual)
Steering angle: 0.7543860695348574 (pred)       1.92 (actual)
Steering angle: 2.308138846270514 (pred)        1.92 (actual)
Steering angle: 1.7165948385542216 (pred)       1.92 (actual)
Steering angle: 1.5374286246193265 (pred)       1.92 (actual)
Steering angle: 1.3686979792408587 (pred)       1.92 (actual)
Steering angle: 0.6075498623451299 (pred)       1.92 (actual)
Steering angle: 1.6287017231586762 (pred)       1.92 (actual)
Steering angle: 1.985785933957647 (pred)        1.92 (actual)
Steering angle: 2.2093555278519124 (pred)       1.92 (actual)
Steering angle: 2.257837491241132 (pred)        1.82 (actual)
Steering angle: 2.587758253154374 (pred)        1.82 (actual)
Steering angle: 3.0294256056440783 (pred)       1.82 (actual)
Steering angle: 2.681060985094275 (pred)        1.82 (actual)
Steering angle: 3.293187447709284 (pred)        1.71 (actual)
Steering angle: 3.3194932809673534 (pred)       1.51 (actual)
Steering angle: 2.9748043694080746 (pred)       1.31 (actual)
Steering angle: 3.1765875808407036 (pred)       1.01 (actual)
Steering angle: 2.8972456503918758 (pred)       1.01 (actual)
Steering angle: 2.258454983030784 (pred)        0.91 (actual)
Steering angle: 1.833776231997605 (pred)        0.81 (actual)
Steering angle: 1.3559273397619331 (pred)       0.5 (actual)
Steering angle: 0.4621613884551807 (pred)       0.2 (actual)
Steering angle: -1.4430837552224691 (pred)      -0.1 (actual)
Steering angle: 0.13164928157020414 (pred)      -0.2 (actual)
Steering angle: -0.08888379297999485 (pred)     -0.3 (actual)
Steering angle: 0.22689005300667017 (pred)      -0.3 (actual)
Steering angle: 0.3518757379895864 (pred)       -0.71 (actual)
Steering angle: -0.14799816644184946 (pred)     -0.91 (actual)
Steering angle: -1.1172913090539716 (pred)      -1.01 (actual)
Steering angle: -4.243304540741904 (pred)       -1.11 (actual)
Steering angle: -3.327462617624877 (pred)       -1.21 (actual)
Steering angle: -3.2358851487806386 (pred)      -1.21 (actual)
Steering angle: -2.777720541567826 (pred)       -1.21 (actual)
Steering angle: -2.6959510109283147 (pred)      -1.21 (actual)
Steering angle: -3.9099819177351733 (pred)      -1.21 (actual)
Steering angle: -3.25514286714549 (pred)        -1.21 (actual)
Steering angle: -2.452489771736856 (pred)       -1.21 (actual)
Steering angle: -3.3220413684145913 (pred)      -1.31 (actual)
Steering angle: -2.90016875791323 (pred)        -1.31 (actual)
Steering angle: -4.4956907027444535 (pred)      -1.31 (actual)
Steering angle: -16.693824152326368 (pred)      -1.41 (actual)
Steering angle: -24.030109849269554 (pred)      -1.41 (actual)
Steering angle: -10.036875046648174 (pred)      -1.41 (actual)
Steering angle: -21.508962375665494 (pred)      -1.41 (actual)
Steering angle: -2.9658169076773957 (pred)      -1.41 (actual)
Steering angle: -2.7478662115925236 (pred)      -1.41 (actual)
Steering angle: -3.0646427013348987 (pred)      -1.41 (actual)
Steering angle: -3.8341629759666236 (pred)      -1.41 (actual)
Steering angle: -4.513476515343167 (pred)       -1.41 (actual)
Steering angle: -3.252715802112608 (pred)       -1.41 (actual)
Steering angle: -1.6111559276762655 (pred)      -1.51 (actual)
Steering angle: -0.6312319958274153 (pred)      -1.6100000000000003 (actual)
Steering angle: -0.12402422913553114 (pred)     -1.6100000000000003 (actual)
Steering angle: -2.0764677942469674 (pred)      -1.71 (actual)
Steering angle: -3.360455846410624 (pred)       -1.71 (actual)
Steering angle: -2.874479776114577 (pred)       -1.71 (actual)
Steering angle: -4.293143577341841 (pred)       -1.71 (actual)
Steering angle: -2.3328284860162296 (pred)      -1.71 (actual)
Steering angle: -1.3757355286852047 (pred)      -1.71 (actual)
Steering angle: -2.162186454887216 (pred)       -1.71 (actual)
Steering angle: -1.5930398113981588 (pred)      -1.71 (actual)
Steering angle: -1.9594397598947921 (pred)      -1.92 (actual)
Steering angle: -1.3141322382918614 (pred)      -2.12 (actual)
Steering angle: -2.6808210746996783 (pred)      -2.12 (actual)
Steering angle: -3.447863271323158 (pred)       -2.12 (actual)
Steering angle: -3.3798565718612217 (pred)      -2.12 (actual)
Steering angle: -3.5442276355585176 (pred)      -2.12 (actual)
Steering angle: -3.272410012254105 (pred)       -2.12 (actual)
Steering angle: -0.8564385406058096 (pred)      -2.12 (actual)
Steering angle: -1.4853062771241956 (pred)      -2.12 (actual)
Steering angle: -2.718374735416878 (pred)       -2.12 (actual)
Steering angle: -3.112428625759012 (pred)       -2.12 (actual)
Steering angle: -3.9935070204347896 (pred)      -2.02 (actual)
Steering angle: -3.5755598477154815 (pred)      -2.02 (actual)
Steering angle: -3.9179023758514493 (pred)      -2.02 (actual)
Steering angle: -3.581640637067497 (pred)       -1.92 (actual)
Steering angle: -3.448961010788826 (pred)       -1.71 (actual)
Steering angle: -3.310593331035415 (pred)       -1.21 (actual)
Steering angle: -3.6139657879750517 (pred)      -0.71 (actual)
Steering angle: -4.034526575268948 (pred)       -0.5 (actual)
Steering angle: -3.8290996713575285 (pred)      -0.3 (actual)
Steering angle: -3.524211979639207 (pred)       0.0 (actual)
Steering angle: -3.0265742151090094 (pred)      0.5 (actual)
Steering angle: -2.427585407919109 (pred)       1.11 (actual)
Steering angle: -2.434022647768434 (pred)       1.71 (actual)
Steering angle: -2.851338027989516 (pred)       2.02 (actual)
Steering angle: -4.023879591013367 (pred)       2.02 (actual)
Steering angle: -4.288477277478253 (pred)       2.12 (actual)
Steering angle: -5.365524685055686 (pred)       2.12 (actual)
Steering angle: -4.792829544849396 (pred)       2.12 (actual)
Steering angle: -4.386662527457656 (pred)       2.12 (actual)
Steering angle: -4.374252073735742 (pred)       2.22 (actual)
Steering angle: -4.628034582536736 (pred)       0.0 (actual)
Steering angle: -2.1220806512979586 (pred)      2.32 (actual)
Steering angle: -0.8025110488182383 (pred)      2.32 (actual)
Steering angle: -0.4384943027334105 (pred)      2.32 (actual)
Steering angle: -1.887148183945731 (pred)       0.0 (actual)
Steering angle: -1.4341162504507714 (pred)      2.22 (actual)
Steering angle: -2.599280355397362 (pred)       2.12 (actual)
Steering angle: -3.1835889516267897 (pred)      2.02 (actual)
Steering angle: -12.915481324238497 (pred)      2.02 (actual)
Steering angle: -1.951572022301172 (pred)       2.02 (actual)
Steering angle: -1.1349379565483457 (pred)      2.02 (actual)
Steering angle: 0.016926062536937847 (pred)     2.02 (actual)
Steering angle: 0.3785814841596454 (pred)       2.02 (actual)
Steering angle: 0.8099991239435408 (pred)       2.02 (actual)
Steering angle: 1.2010840697916878 (pred)       2.02 (actual)
Steering angle: 1.5611523262060136 (pred)       2.02 (actual)
Steering angle: -1.9111641962845536 (pred)      2.02 (actual)
Steering angle: 0.7032966280691323 (pred)       2.02 (actual)
Steering angle: 1.9237959908242575 (pred)       2.02 (actual)
Steering angle: 2.1181325885142797 (pred)       2.02 (actual)
Steering angle: 2.9183398358698143 (pred)       2.02 (actual)
Steering angle: 3.1249306467044855 (pred)       2.02 (actual)
Steering angle: 4.399662511882306 (pred)        2.02 (actual)
Steering angle: 5.914680432061174 (pred)        2.02 (actual)
Steering angle: 2.7955936525218688 (pred)       2.02 (actual)
Steering angle: 3.592712800598911 (pred)        2.02 (actual)
Steering angle: 4.5352584154931606 (pred)       2.02 (actual)
Steering angle: 4.753884659975629 (pred)        2.02 (actual)
Steering angle: 6.219582637931482 (pred)        2.02 (actual)
Steering angle: 4.223731779901587 (pred)        2.02 (actual)
Steering angle: 4.61192003185056 (pred) 2.02 (actual)
Steering angle: 6.61437184082645 (pred) 2.02 (actual)
Steering angle: 4.173380479113899 (pred)        2.02 (actual)
Steering angle: 3.11875423470409 (pred) 2.02 (actual)
Steering angle: 3.161518475984363 (pred)        2.02 (actual)
Steering angle: 3.835629759090884 (pred)        2.02 (actual)
Steering angle: 7.948571174899809 (pred)        2.02 (actual)
Steering angle: 9.157073257016954 (pred)        2.02 (actual)
Steering angle: 9.3978041280877 (pred)  2.12 (actual)
Steering angle: 6.2483607862256845 (pred)       2.12 (actual)
Steering angle: 6.3337197947174495 (pred)       2.22 (actual)
Steering angle: 8.29550978001696 (pred) 2.52 (actual)
Steering angle: 8.799393325656311 (pred)        2.62 (actual)
Steering angle: 9.443342706831467 (pred)        2.7200000000000006 (actual)
Steering angle: 9.058134551794733 (pred)        2.82 (actual)
Steering angle: 9.19337827377651 (pred) 2.82 (actual)
Steering angle: 7.947071948376991 (pred)        0.0 (actual)
Steering angle: 7.844041959841934 (pred)        2.82 (actual)
Steering angle: 9.081908732748255 (pred)        2.92 (actual)
Steering angle: 8.079974623020746 (pred)        3.03 (actual)
Steering angle: 6.088985152132607 (pred)        3.13 (actual)
Steering angle: 6.066087369826962 (pred)        3.23 (actual)
Steering angle: 5.45698134492898 (pred) 3.3299999999999996 (actual)
Steering angle: 5.545826738105213 (pred)        3.4300000000000006 (actual)
Steering angle: 5.832396716243207 (pred)        3.4300000000000006 (actual)
Steering angle: 5.039778022498968 (pred)        3.4300000000000006 (actual)
Steering angle: 6.219596725196645 (pred)        3.4300000000000006 (actual)
Steering angle: 7.741817933628938 (pred)        3.53 (actual)
Steering angle: 4.300226910397967 (pred)        3.53 (actual)
Steering angle: 4.444322984430904 (pred)        3.53 (actual)
Steering angle: 6.294071827245994 (pred)        3.53 (actual)
Steering angle: 5.177922867330707 (pred)        3.53 (actual)
Steering angle: 6.049865670548182 (pred)        3.53 (actual)
Steering angle: 3.6762451603745205 (pred)       3.53 (actual)
Steering angle: 3.8679988793412203 (pred)       3.53 (actual)
Steering angle: 5.224412976803222 (pred)        3.53 (actual)
Steering angle: 4.8789449967917395 (pred)       3.53 (actual)
Steering angle: 4.095975652797437 (pred)        3.23 (actual)
Steering angle: 3.4388239428434693 (pred)       3.23 (actual)
Steering angle: 3.470576425077801 (pred)        3.03 (actual)
Steering angle: 2.748515933337321 (pred)        2.92 (actual)
Steering angle: 2.116272429182509 (pred)        2.92 (actual)
Steering angle: 1.970496768943985 (pred)        2.92 (actual)
Steering angle: 2.098980738081564 (pred)        2.62 (actual)
Steering angle: 2.1313515658791933 (pred)       2.52 (actual)
Steering angle: 1.990284680743158 (pred)        2.42 (actual)
Steering angle: 1.9352209763149846 (pred)       2.02 (actual)
Steering angle: 2.195943811086358 (pred)        2.02 (actual)
Steering angle: 2.588048749637511 (pred)        2.02 (actual)
Steering angle: 2.4467581758061576 (pred)       1.92 (actual)
Steering angle: 2.7806005335200443 (pred)       1.92 (actual)
Steering angle: 2.4444207570061325 (pred)       0.0 (actual)
Steering angle: 2.606132529238766 (pred)        1.92 (actual)
Steering angle: 2.5333829037284907 (pred)       1.92 (actual)
Steering angle: 2.55691909527812 (pred) 1.92 (actual)
Steering angle: 2.181463596602519 (pred)        1.92 (actual)
Steering angle: 2.0281410042179537 (pred)       1.92 (actual)
Steering angle: 1.7307740978277566 (pred)       1.92 (actual)
Steering angle: 0.9624372601914424 (pred)       1.82 (actual)
Steering angle: 0.4026738558789546 (pred)       1.51 (actual)
Steering angle: 1.5908511626559927 (pred)       1.41 (actual)
Steering angle: 1.8604359544320457 (pred)       1.31 (actual)
Steering angle: 2.2451971589649657 (pred)       1.31 (actual)
Steering angle: 2.3552225418705857 (pred)       1.11 (actual)
Steering angle: 2.5219632543230524 (pred)       1.11 (actual)
Steering angle: 2.4002887703445643 (pred)       0.91 (actual)
Steering angle: 2.0450775254820583 (pred)       0.91 (actual)
Steering angle: 2.540112774495069 (pred)        0.71 (actual)
Steering angle: 2.3365396266130736 (pred)       0.61 (actual)
Steering angle: 3.0159026848610995 (pred)       0.61 (actual)
Steering angle: 3.5687781101998937 (pred)       0.61 (actual)
Steering angle: 3.529646248897598 (pred)        0.61 (actual)
Steering angle: 0.9990034249650461 (pred)       0.61 (actual)
Steering angle: 2.326457200181077 (pred)        0.61 (actual)
Steering angle: 3.083177059977963 (pred)        0.61 (actual)
Steering angle: 3.8823175171625057 (pred)       0.61 (actual)
Steering angle: 4.021660206419936 (pred)        0.61 (actual)
Steering angle: 3.4868559675211146 (pred)       0.61 (actual)
Steering angle: 4.062021074886011 (pred)        0.61 (actual)
Steering angle: 4.183428114269811 (pred)        0.61 (actual)
Steering angle: 4.0519529491625885 (pred)       0.61 (actual)
Steering angle: 3.4399502837262865 (pred)       0.61 (actual)
Steering angle: 2.3003385567949484 (pred)       0.61 (actual)
Steering angle: 2.1173255589751605 (pred)       0.61 (actual)
Steering angle: 2.6018199051081377 (pred)       0.61 (actual)
Steering angle: 1.6592985160411002 (pred)       0.61 (actual)
Steering angle: 1.6960771637309149 (pred)       0.61 (actual)
Steering angle: 2.4140562972771944 (pred)       0.61 (actual)
Steering angle: 2.6311218435343156 (pred)       0.61 (actual)
Steering angle: 2.795841460322693 (pred)        0.61 (actual)
Steering angle: 2.540320241491108 (pred)        0.61 (actual)
Steering angle: 2.5809878281395986 (pred)       0.61 (actual)
Steering angle: 2.5603233042491365 (pred)       0.61 (actual)
Steering angle: 2.5245553111130725 (pred)       0.61 (actual)
Steering angle: 2.166362475234444 (pred)        0.61 (actual)
Steering angle: 3.0267588436600117 (pred)       0.61 (actual)
Steering angle: 2.770821410175879 (pred)        0.61 (actual)
Steering angle: 5.034778750913342 (pred)        0.61 (actual)
Steering angle: 4.292475499463649 (pred)        0.61 (actual)
Steering angle: 3.3492925425424724 (pred)       0.61 (actual)
Steering angle: 3.448505949435374 (pred)        0.61 (actual)
Steering angle: 3.9114457126516715 (pred)       0.61 (actual)
Steering angle: 3.863538765813202 (pred)        0.61 (actual)
Steering angle: 4.206169229111368 (pred)        0.61 (actual)
Steering angle: 3.1088940028635306 (pred)       0.61 (actual)
Steering angle: 2.6982510771313164 (pred)       0.61 (actual)
Steering angle: 2.396185107313856 (pred)        0.61 (actual)
Steering angle: 2.140776159716753 (pred)        0.0 (actual)
Steering angle: 1.8929892763465612 (pred)       0.61 (actual)
Steering angle: 2.03990728572377 (pred) 0.61 (actual)
Steering angle: 3.1608845490520214 (pred)       0.61 (actual)
Steering angle: 3.305058316486766 (pred)        0.61 (actual)
Steering angle: 3.104052039072226 (pred)        0.61 (actual)
Steering angle: 3.600595692674752 (pred)        0.61 (actual)
Steering angle: 4.247946934943397 (pred)        0.61 (actual)
Steering angle: 4.669452849663694 (pred)        0.61 (actual)
Steering angle: 4.780695286902045 (pred)        0.61 (actual)
Steering angle: 4.573123703591242 (pred)        0.61 (actual)
Steering angle: 4.169765174608846 (pred)        0.4 (actual)
Steering angle: 4.614612833930838 (pred)        0.3 (actual)
Steering angle: 4.041824205510283 (pred)        0.3 (actual)
Steering angle: 3.5002435651811625 (pred)       0.4 (actual)
Steering angle: 2.870392761669971 (pred)        0.61 (actual)
Steering angle: 3.152239023666666 (pred)        0.81 (actual)
Steering angle: 3.085734965822133 (pred)        0.91 (actual)
Steering angle: 2.4837822834192695 (pred)       0.91 (actual)
Steering angle: 2.6580137924005367 (pred)       0.91 (actual)
Steering angle: 3.120770634613125 (pred)        1.01 (actual)
Steering angle: 3.4037148495188996 (pred)       1.6100000000000003 (actual)
Steering angle: 3.059464350726971 (pred)        2.02 (actual)
Steering angle: 2.6980297363135257 (pred)       2.12 (actual)
Steering angle: 2.1626327650607937 (pred)       2.12 (actual)
Steering angle: 2.707574712235207 (pred)        2.12 (actual)
Steering angle: 2.2818063325859996 (pred)       2.12 (actual)
Steering angle: 2.2748278002449505 (pred)       1.82 (actual)
Steering angle: 2.0009532227833065 (pred)       1.82 (actual)
Steering angle: 2.4298869682259916 (pred)       1.82 (actual)
Steering angle: 2.3523747798735135 (pred)       1.82 (actual)
Steering angle: 2.5820484284516545 (pred)       1.82 (actual)
Steering angle: 3.0130585514020236 (pred)       1.82 (actual)
Steering angle: 3.4509276783829663 (pred)       1.82 (actual)
Steering angle: 2.7323636031672986 (pred)       1.82 (actual)
Steering angle: 1.981463277986675 (pred)        1.82 (actual)
Steering angle: 1.4639560662740876 (pred)       1.92 (actual)
Steering angle: 1.2832381187371302 (pred)       2.02 (actual)
Steering angle: 1.4357552824081627 (pred)       2.52 (actual)
Steering angle: 1.9349648442211091 (pred)       3.3299999999999996 (actual)
Steering angle: 2.0725015887733056 (pred)       4.54 (actual)
Steering angle: 2.7399246225785028 (pred)       4.64 (actual)
Steering angle: 3.204594771532341 (pred)        4.54 (actual)
Steering angle: 5.5155459481936076 (pred)       4.13 (actual)
Steering angle: 5.470220385974581 (pred)        4.03 (actual)
Steering angle: 6.880890091108578 (pred)        4.03 (actual)
Steering angle: 6.8951694553421365 (pred)       4.03 (actual)
Steering angle: 7.6352575910666305 (pred)       4.03 (actual)
Steering angle: 8.820551544157718 (pred)        4.03 (actual)
Steering angle: 8.274378028498587 (pred)        4.03 (actual)
Steering angle: 5.716835465015292 (pred)        3.7300000000000004 (actual)
Steering angle: 5.9210197013845915 (pred)       3.23 (actual)
Steering angle: 7.324294446081582 (pred)        2.7200000000000006 (actual)
Steering angle: 5.9247178219333305 (pred)       2.32 (actual)
Steering angle: 4.572214861544807 (pred)        2.02 (actual)
Steering angle: 4.540902286181707 (pred)        1.92 (actual)
Steering angle: 4.257305147879961 (pred)        1.71 (actual)
Steering angle: 4.405432314183674 (pred)        1.6100000000000003 (actual)
Steering angle: 4.040851757327203 (pred)        1.41 (actual)
Steering angle: 3.6464843186134823 (pred)       1.41 (actual)
Steering angle: 3.1330054244073215 (pred)       1.31 (actual)
Steering angle: 2.6669666762985424 (pred)       1.21 (actual)
Steering angle: 1.971255560272091 (pred)        1.21 (actual)
Steering angle: 1.9047540637484965 (pred)       1.01 (actual)
Steering angle: 2.1709387019783524 (pred)       0.71 (actual)
Steering angle: 2.272091669152126 (pred)        0.4 (actual)
Steering angle: 1.9883997619756462 (pred)       0.4 (actual)
Steering angle: 1.9456058520611659 (pred)       0.3 (actual)
Steering angle: 1.977183737584839 (pred)        0.2 (actual)
Steering angle: 2.125012509999187 (pred)        0.0 (actual)
Steering angle: 2.219927380026623 (pred)        -0.2 (actual)
Steering angle: 2.212478418406489 (pred)        -0.71 (actual)
Steering angle: 2.787446304059101 (pred)        -1.01 (actual)
Steering angle: 5.580449820781654 (pred)        -1.11 (actual)
Steering angle: 10.728468412378753 (pred)       -1.11 (actual)
Steering angle: 9.73487823249606 (pred) -1.11 (actual)
Steering angle: 21.531146830089696 (pred)       -1.11 (actual)
Steering angle: 13.322675004439853 (pred)       -1.11 (actual)
Steering angle: 4.356335633769152 (pred)        -1.11 (actual)
Steering angle: 4.777908996607503 (pred)        -1.11 (actual)
Steering angle: 72.4322505252068 (pred) -1.11 (actual)
Steering angle: 27.431573084239876 (pred)       -1.11 (actual)
Steering angle: 9.821767630248731 (pred)        -1.11 (actual)
Steering angle: 12.432106275355755 (pred)       -1.11 (actual)
Steering angle: 29.837555030701058 (pred)       -1.11 (actual)
Steering angle: 62.52517041713001 (pred)        -1.11 (actual)
Steering angle: 44.26736442601225 (pred)        -1.21 (actual)
Steering angle: 9.610915421702206 (pred)        -1.41 (actual)
Steering angle: 2.1316806956198233 (pred)       -1.51 (actual)
Steering angle: 43.617352398175065 (pred)       -1.51 (actual)
Steering angle: 24.63385759076366 (pred)        -1.51 (actual)
Steering angle: 4.095257629160939 (pred)        -1.51 (actual)
Steering angle: 11.165198391872185 (pred)       -1.51 (actual)
Steering angle: 1.719143139444871 (pred)        -1.51 (actual)
Steering angle: 0.22288842926690217 (pred)      -1.51 (actual)
Steering angle: -0.4809056686935171 (pred)      -1.51 (actual)
Steering angle: -0.7250012617041403 (pred)      -1.51 (actual)
Steering angle: -0.49427896564499046 (pred)     -1.51 (actual)
Steering angle: -3.8566539351298292 (pred)      -1.51 (actual)
Steering angle: -0.024155817773396347 (pred)    -1.21 (actual)
Steering angle: 0.28742740700266833 (pred)      -1.11 (actual)
Steering angle: -0.3244945768240631 (pred)      -0.91 (actual)
Steering angle: -1.5013032204906 (pred) -0.81 (actual)
Steering angle: -1.6881538241285827 (pred)      -0.71 (actual)
Steering angle: -0.6084898671296529 (pred)      -0.71 (actual)
Steering angle: 0.27427937289167315 (pred)      -0.71 (actual)
Steering angle: 0.936503992408256 (pred)        -0.71 (actual)
Steering angle: 1.0315518376810957 (pred)       -0.71 (actual)
Steering angle: 0.9188319451479058 (pred)       -0.71 (actual)
Steering angle: 1.193560616420919 (pred)        -0.71 (actual)
Steering angle: 2.2964129055694835 (pred)       -0.71 (actual)
Steering angle: 2.804031924354596 (pred)        -0.71 (actual)
Steering angle: 2.73175059368929 (pred) -0.71 (actual)
Steering angle: 2.7736693856163623 (pred)       -0.71 (actual)
Steering angle: 2.9721510543589362 (pred)       -0.71 (actual)
Steering angle: 3.0383804105327883 (pred)       -0.71 (actual)
Steering angle: 3.5455676332963093 (pred)       -0.71 (actual)
Steering angle: 3.5258040540460542 (pred)       -0.71 (actual)
Steering angle: 3.6488262197251506 (pred)       -0.71 (actual)
Steering angle: 3.9916428056781994 (pred)       -0.71 (actual)
Steering angle: 4.531491566165898 (pred)        -0.61 (actual)
Steering angle: 4.979414091274865 (pred)        -0.5 (actual)
Steering angle: 5.363518316986995 (pred)        -0.5 (actual)
Steering angle: 5.993801343406601 (pred)        -0.5 (actual)
Steering angle: 5.704500570261072 (pred)        -0.5 (actual)
Steering angle: 5.392847576169853 (pred)        -0.5 (actual)
Steering angle: 3.8999658722041723 (pred)       -0.5 (actual)
Steering angle: 4.054756314930056 (pred)        -0.5 (actual)
Steering angle: 3.573812173061605 (pred)        -0.5 (actual)
Steering angle: 3.462425234633625 (pred)        -0.5 (actual)
Steering angle: 3.214546570596461 (pred)        -0.5 (actual)
Steering angle: 3.121679690102971 (pred)        -0.5 (actual)
Steering angle: 4.951696329849307 (pred)        -0.5 (actual)
Steering angle: 4.89091533019901 (pred) -0.5 (actual)
Steering angle: 3.2513632112135338 (pred)       -0.5 (actual)
Steering angle: 2.5625153680858874 (pred)       -0.5 (actual)
Steering angle: 3.342492022006667 (pred)        -0.5 (actual)
Steering angle: 3.387845972199433 (pred)        -0.5 (actual)
Steering angle: 2.8849212143648226 (pred)       -0.5 (actual)
Steering angle: 3.4568413415437282 (pred)       -0.5 (actual)
Steering angle: 2.150140135625429 (pred)        -0.5 (actual)
Steering angle: 3.997240572589848 (pred)        -0.5 (actual)
Steering angle: 5.188947219537932 (pred)        -0.4 (actual)
Steering angle: 3.6794562030580726 (pred)       -0.4 (actual)
Steering angle: 3.4097860339173947 (pred)       -0.3 (actual)
Steering angle: 4.294392221299484 (pred)        -0.3 (actual)
Steering angle: 3.565439214912815 (pred)        -0.3 (actual)
Steering angle: 2.3204197398416087 (pred)       -0.3 (actual)
Steering angle: 2.1992938054308375 (pred)       -0.3 (actual)
Steering angle: 1.6846370237579666 (pred)       -0.3 (actual)
Steering angle: 2.9272598494824393 (pred)       -0.3 (actual)
Steering angle: 0.8158873339774736 (pred)       -0.1 (actual)
Steering angle: 2.8115073529577637 (pred)       0.0 (actual)
Steering angle: 0.5826434174541197 (pred)       0.0 (actual)
Steering angle: 0.38564979613568295 (pred)      0.0 (actual)
Steering angle: 1.8044691709295497 (pred)       0.0 (actual)
Steering angle: -0.043130933726284716 (pred)    0.0 (actual)
Steering angle: 1.834453487942494 (pred)        0.0 (actual)
Steering angle: 2.2944298028326524 (pred)       0.0 (actual)
Steering angle: 1.5557839042400894 (pred)       0.0 (actual)
Steering angle: -0.80029817424886 (pred)        0.0 (actual)
Steering angle: -1.0510273750474466 (pred)      0.0 (actual)
Steering angle: -1.6393913960965694 (pred)      0.0 (actual)
Steering angle: 3.3692490746367807 (pred)       0.0 (actual)
Steering angle: 5.2621083639457 (pred)  0.3 (actual)
Steering angle: 9.371469479969068 (pred)        0.81 (actual)
Steering angle: 7.085271549190163 (pred)        1.31 (actual)
Steering angle: 4.156981194916698 (pred)        1.51 (actual)
Steering angle: 3.881598639752362 (pred)        1.51 (actual)
Steering angle: 1.1955556719887972 (pred)       1.41 (actual)
Steering angle: 2.9712789245792903 (pred)       1.41 (actual)
Steering angle: 2.965166759045775 (pred)        1.41 (actual)
Steering angle: 2.352534222101951 (pred)        1.41 (actual)
Steering angle: 3.3679302077967335 (pred)       1.41 (actual)
Steering angle: 4.632409745586952 (pred)        1.31 (actual)
Steering angle: 4.667146380158345 (pred)        1.31 (actual)
Steering angle: 4.883833277803353 (pred)        1.11 (actual)
Steering angle: 6.09800868579984 (pred) 0.91 (actual)
Steering angle: 5.484152264334114 (pred)        0.81 (actual)
Steering angle: 7.293262335361275 (pred)        0.81 (actual)
Steering angle: 7.880070353940105 (pred)        0.81 (actual)
Steering angle: 7.834794737479383 (pred)        0.81 (actual)
Steering angle: 7.365582085840663 (pred)        0.81 (actual)
Steering angle: 12.240100266276588 (pred)       0.81 (actual)
Steering angle: 8.881116539075514 (pred)        0.71 (actual)
Steering angle: -2.2052017056194866 (pred)      0.71 (actual)
Steering angle: 3.205790268080505 (pred)        0.5 (actual)
Steering angle: 6.246985783768396 (pred)        0.2 (actual)
Steering angle: 12.27335901866632 (pred)        -0.3 (actual)
Steering angle: 21.19906474019097 (pred)        -0.61 (actual)
Steering angle: 19.164933660070915 (pred)       -0.61 (actual)
Steering angle: 8.256879937618661 (pred)        -0.4 (actual)
Steering angle: 6.197208645757812 (pred)        -0.4 (actual)
Steering angle: 7.4327544350067996 (pred)       -0.2 (actual)
Steering angle: 8.733740693580502 (pred)        0.1 (actual)
Steering angle: 7.79381274868566 (pred) 0.61 (actual)
Steering angle: 7.476570952306077 (pred)        1.01 (actual)
Steering angle: 5.871038084585731 (pred)        1.11 (actual)
Steering angle: 5.779525502538608 (pred)        1.11 (actual)
Steering angle: 5.204553348017765 (pred)        1.11 (actual)
Steering angle: 3.376864522117933 (pred)        1.31 (actual)
Steering angle: -8.243561068737137 (pred)       1.82 (actual)
Steering angle: -8.92187227785298 (pred)        0.0 (actual)
Steering angle: 6.96421925275638 (pred) 3.13 (actual)
Steering angle: 3.2448898994276543 (pred)       3.829999999999999 (actual)
Steering angle: 10.375025759624457 (pred)       4.13 (actual)
Steering angle: 3.5321343587461866 (pred)       4.34 (actual)
Steering angle: 2.3745799383086363 (pred)       4.34 (actual)
Steering angle: 1.8387703809413536 (pred)       4.34 (actual)
Steering angle: 1.3233373055806288 (pred)       4.34 (actual)
Steering angle: 2.3696318931417855 (pred)       4.34 (actual)
Steering angle: 3.2479564409215786 (pred)       4.34 (actual)
Steering angle: 2.264401729920338 (pred)        4.34 (actual)
Steering angle: 2.737713348834711 (pred)        4.13 (actual)
Steering angle: 2.666206817753378 (pred)        4.03 (actual)
Steering angle: 3.6668515158316373 (pred)       4.03 (actual)
Steering angle: 3.144681419350047 (pred)        4.03 (actual)
Steering angle: 3.4278226425246943 (pred)       3.829999999999999 (actual)
Steering angle: 3.3611294738175164 (pred)       0.0 (actual)
Steering angle: 3.520909369732094 (pred)        3.53 (actual)
Steering angle: 3.5278904633940815 (pred)       3.4300000000000006 (actual)
Steering angle: 4.611155904437165 (pred)        3.13 (actual)
Steering angle: 55.027726406720376 (pred)       3.03 (actual)
Steering angle: 56.62455974787225 (pred)        3.03 (actual)
Steering angle: 37.53437567807795 (pred)        3.03 (actual)
Steering angle: 35.55599772460542 (pred)        2.92 (actual)
Steering angle: 38.221998142579814 (pred)       2.7200000000000006 (actual)
Steering angle: 15.059759450008762 (pred)       2.52 (actual)
Steering angle: 10.420912678015895 (pred)       2.42 (actual)
Steering angle: 13.573997791365997 (pred)       2.32 (actual)
Steering angle: 10.196521326987114 (pred)       2.32 (actual)
Steering angle: 6.814548463700245 (pred)        2.32 (actual)
Steering angle: 3.5176389897801275 (pred)       2.12 (actual)
Steering angle: 3.9675326647948777 (pred)       2.12 (actual)
Steering angle: 5.1450278225142805 (pred)       2.02 (actual)
Steering angle: 2.6787363728989435 (pred)       1.82 (actual)
Steering angle: 3.564788852837783 (pred)        1.01 (actual)
Steering angle: 3.152094309033626 (pred)        0.5 (actual)
Steering angle: 2.969000202717445 (pred)        0.2 (actual)
Steering angle: 2.958495585217377 (pred)        0.2 (actual)
Steering angle: 2.5694296539600563 (pred)       0.0 (actual)
Steering angle: 0.8193969839938023 (pred)       -0.1 (actual)
Steering angle: 1.4790132182993807 (pred)       -0.71 (actual)
Steering angle: 1.3255405751964868 (pred)       -1.31 (actual)
Steering angle: 0.47600938355397 (pred) -1.51 (actual)
Steering angle: 0.41634600028704255 (pred)      -1.6100000000000003 (actual)
Steering angle: 0.6879744860483838 (pred)       -1.6100000000000003 (actual)
Steering angle: -0.014032623649791198 (pred)    0.0 (actual)
Steering angle: 0.37426400419140393 (pred)      -1.6100000000000003 (actual)
Steering angle: 2.038351496696888 (pred)        -1.51 (actual)
Steering angle: 2.342160231969759 (pred)        -1.51 (actual)
Steering angle: 2.1143307344675217 (pred)       -1.51 (actual)
Steering angle: 1.7412529953967313 (pred)       0.0 (actual)
Steering angle: 3.061244895666229 (pred)        -1.51 (actual)
Steering angle: 2.9071874176156527 (pred)       -1.31 (actual)
Steering angle: 2.34969072897311 (pred) -1.11 (actual)
Steering angle: 2.052354024825649 (pred)        -0.91 (actual)
Steering angle: 3.3137732109808793 (pred)       -0.91 (actual)
Steering angle: 2.9257360769672918 (pred)       -0.91 (actual)
Steering angle: 2.003784336194277 (pred)        -0.91 (actual)
Steering angle: 2.2133198123348703 (pred)       -0.91 (actual)
Steering angle: 3.1770285549289925 (pred)       -0.81 (actual)
Steering angle: 3.530984112201274 (pred)        -0.81 (actual)
Steering angle: 3.3351578929419543 (pred)       -0.71 (actual)
Steering angle: 3.1161982498506244 (pred)       -0.81 (actual)
Steering angle: 3.154021489596628 (pred)        -0.81 (actual)
Steering angle: 3.5771480801409212 (pred)       -0.81 (actual)
Steering angle: 4.4098851706356985 (pred)       -0.81 (actual)
Steering angle: 4.247970840605492 (pred)        -0.91 (actual)
Steering angle: 4.887510054010936 (pred)        -0.91 (actual)
Steering angle: 4.866897396869484 (pred)        -0.91 (actual)
Steering angle: 3.9729118656530855 (pred)       -0.91 (actual)
Steering angle: 3.989599298455896 (pred)        -0.91 (actual)
Steering angle: 3.2707652173246013 (pred)       -0.91 (actual)
Steering angle: 3.0365110731343203 (pred)       -0.91 (actual)
Steering angle: 2.228420079929299 (pred)        -0.91 (actual)
Steering angle: 2.3213448035873223 (pred)       -1.01 (actual)
Steering angle: 2.3581983699145956 (pred)       -0.81 (actual)
Steering angle: 1.7132125075328901 (pred)       -0.81 (actual)
Steering angle: 1.5142433340383066 (pred)       -0.81 (actual)
Steering angle: 1.049383967500118 (pred)        -0.81 (actual)
Steering angle: 0.8543998358602666 (pred)       -0.81 (actual)
Steering angle: -0.3626929433658883 (pred)      -0.71 (actual)
Steering angle: -0.45173014212783735 (pred)     -0.5 (actual)
Steering angle: 0.7435632079081491 (pred)       -0.3 (actual)
Steering angle: 1.2804817105202069 (pred)       -0.3 (actual)
Steering angle: 2.000700505784016 (pred)        -0.2 (actual)
Steering angle: 1.9648968675982206 (pred)       0.2 (actual)
Steering angle: 1.9938498260464932 (pred)       0.81 (actual)
Steering angle: 2.212758669605871 (pred)        0.91 (actual)
Steering angle: 2.66647063381007 (pred) 0.91 (actual)
Steering angle: 2.8423247396060383 (pred)       0.91 (actual)
Steering angle: 1.9483063381042598 (pred)       0.91 (actual)
Steering angle: 1.3333020179711486 (pred)       0.0 (actual)
Steering angle: 0.8605859595358882 (pred)       1.51 (actual)
Steering angle: 0.715192629808326 (pred)        1.51 (actual)
Steering angle: 0.9453825979990379 (pred)       1.51 (actual)
Steering angle: 0.027294289697017204 (pred)     1.51 (actual)
Steering angle: -0.8586599529116504 (pred)      1.51 (actual)
Steering angle: -2.7418624753120824 (pred)      1.51 (actual)
Steering angle: -3.155984528652772 (pred)       0.0 (actual)
Steering angle: -1.1934299890530424 (pred)      1.51 (actual)
Steering angle: -0.8184100750195884 (pred)      1.6100000000000003 (actual)
Steering angle: -0.3921111017296621 (pred)      1.71 (actual)
Steering angle: 0.7961618543761826 (pred)       1.92 (actual)
Steering angle: 1.5158132103303517 (pred)       2.02 (actual)
Steering angle: 2.190482647958109 (pred)        2.02 (actual)
Steering angle: 1.3268688335466428 (pred)       2.02 (actual)
Steering angle: 1.0057084295741772 (pred)       2.02 (actual)
Steering angle: 1.2372287905491606 (pred)       2.02 (actual)
Steering angle: 1.8335145503750288 (pred)       2.02 (actual)
Steering angle: 2.491559521006387 (pred)        2.02 (actual)
Steering angle: 2.1214507797904365 (pred)       2.02 (actual)
Steering angle: 1.1219576089175596 (pred)       2.02 (actual)
Steering angle: 1.2629575795440697 (pred)       2.02 (actual)
Steering angle: 2.6635236206266213 (pred)       2.12 (actual)
Steering angle: 3.3850206217605745 (pred)       2.32 (actual)
Steering angle: 3.1305796400349095 (pred)       2.62 (actual)
Steering angle: 2.0932222482810086 (pred)       2.7200000000000006 (actual)
Steering angle: 1.6502944057243194 (pred)       2.82 (actual)
Steering angle: -0.23543715429886844 (pred)     2.62 (actual)
Steering angle: -0.2195177442517141 (pred)      2.22 (actual)
Steering angle: -1.0289266971622835 (pred)      2.22 (actual)
Steering angle: -0.779286964897167 (pred)       2.02 (actual)
Steering angle: -0.8191101694095148 (pred)      1.6100000000000003 (actual)
Steering angle: -1.7302072988483512 (pred)      0.91 (actual)
Steering angle: -1.9278746809758127 (pred)      0.4 (actual)
Steering angle: -6.760694983415633 (pred)       0.1 (actual)
Steering angle: -2.587547797950573 (pred)       0.1 (actual)
Steering angle: 0.8163560023484129 (pred)       0.1 (actual)
Steering angle: 1.2761194607963902 (pred)       0.1 (actual)
Steering angle: 0.7064998267073096 (pred)       0.1 (actual)
Steering angle: -0.28146214389716134 (pred)     0.0 (actual)
Steering angle: -0.024264247026470297 (pred)    0.0 (actual)
Steering angle: -0.24356417227668448 (pred)     -0.61 (actual)
Steering angle: -0.20776217493711557 (pred)     -0.61 (actual)
Steering angle: -1.0755507423755541 (pred)      -0.71 (actual)
Steering angle: -1.7317232806789769 (pred)      -0.81 (actual)
Steering angle: -0.7131069141513862 (pred)      -1.01 (actual)
Steering angle: -0.5494879183147324 (pred)      -1.21 (actual)
Steering angle: -2.0616375325681657 (pred)      -1.31 (actual)
Steering angle: -2.450874431998148 (pred)       -1.31 (actual)
Steering angle: -3.077463179850424 (pred)       -1.31 (actual)
Steering angle: -4.4484791545408555 (pred)      -1.31 (actual)
Steering angle: -2.815756584395158 (pred)       -1.31 (actual)
Steering angle: -1.4843014922642632 (pred)      -1.31 (actual)
Steering angle: -1.40118790846214 (pred)        -1.31 (actual)
Steering angle: -3.1142279537184874 (pred)      -1.31 (actual)
Steering angle: -2.766880604468193 (pred)       -1.31 (actual)
Steering angle: -1.830369248262238 (pred)       -1.31 (actual)
Steering angle: -1.4862255778977969 (pred)      -1.31 (actual)
Steering angle: -1.5967035675576358 (pred)      -1.31 (actual)
Steering angle: -1.8288258389532266 (pred)      -1.31 (actual)
Steering angle: -1.565331654926121 (pred)       -1.31 (actual)
Steering angle: -1.5370632094987307 (pred)      -1.31 (actual)
Steering angle: -1.640941528873045 (pred)       -1.31 (actual)
Steering angle: -2.1905693059832037 (pred)      -1.11 (actual)
Steering angle: -2.2781323311427673 (pred)      -0.91 (actual)
Steering angle: -2.1896935476655615 (pred)      -0.91 (actual)
Steering angle: -2.437619596140092 (pred)       -0.91 (actual)
Steering angle: -2.720555913639639 (pred)       -0.81 (actual)
Steering angle: -2.052197784248385 (pred)       -0.61 (actual)
Steering angle: -1.350049961981137 (pred)       -0.4 (actual)
Steering angle: -1.863379339077498 (pred)       -0.3 (actual)
Steering angle: -1.883521353496454 (pred)       -0.1 (actual)
Steering angle: -0.9259229621668484 (pred)      0.2 (actual)
Steering angle: -0.35689501989504663 (pred)     0.91 (actual)
Steering angle: 0.496099157697946 (pred)        1.31 (actual)
Steering angle: 0.8104362560504217 (pred)       1.71 (actual)
Steering angle: 0.7404436790873045 (pred)       2.02 (actual)
Steering angle: 0.9000587433273026 (pred)       2.52 (actual)
Steering angle: 0.5726946599586143 (pred)       2.82 (actual)
Steering angle: 1.358767417796189 (pred)        2.92 (actual)
Steering angle: 1.2416422666917526 (pred)       2.92 (actual)
Steering angle: 1.2857854591324276 (pred)       3.03 (actual)
Steering angle: 1.7044589797812841 (pred)       3.13 (actual)
Steering angle: 1.07595713863117 (pred) 3.3299999999999996 (actual)
Steering angle: 1.2026530923100867 (pred)       3.3299999999999996 (actual)
Steering angle: 1.0168168784855567 (pred)       3.4300000000000006 (actual)
Steering angle: 2.353899406162307 (pred)        3.3299999999999996 (actual)
Steering angle: 3.0500066731606195 (pred)       3.4300000000000006 (actual)
Steering angle: 2.3389227223031734 (pred)       3.3299999999999996 (actual)
Steering angle: 2.3865724698307096 (pred)       3.4300000000000006 (actual)
Steering angle: 2.2594709736698233 (pred)       3.4300000000000006 (actual)
Steering angle: 3.0357872865257107 (pred)       3.4300000000000006 (actual)
Steering angle: 3.3269247402277387 (pred)       3.4300000000000006 (actual)
Steering angle: 3.1075286053597626 (pred)       3.3299999999999996 (actual)
Steering angle: 2.9350078453221724 (pred)       2.92 (actual)
Steering angle: 2.943179526333858 (pred)        2.62 (actual)
Steering angle: 3.0331883995465208 (pred)       2.42 (actual)
Steering angle: 2.6529763144442406 (pred)       2.32 (actual)
Steering angle: 2.74924505603122 (pred) 1.71 (actual)
Steering angle: 2.455204558488525 (pred)        1.01 (actual)
Steering angle: 2.5823854555985126 (pred)       0.71 (actual)
Steering angle: 2.621973018584495 (pred)        0.71 (actual)
Steering angle: 2.7098440425869437 (pred)       0.81 (actual)
Steering angle: 2.1783285397734833 (pred)       0.81 (actual)
Steering angle: 1.9680842180630895 (pred)       0.71 (actual)
Steering angle: 2.039326079314084 (pred)        0.4 (actual)
Steering angle: 2.184434515448063 (pred)        0.0 (actual)
Steering angle: 2.868006250885286 (pred)        0.0 (actual)
Steering angle: 2.7716564008019127 (pred)       0.0 (actual)
Steering angle: 2.9245010933879887 (pred)       0.0 (actual)
Steering angle: 2.783822461817586 (pred)        0.0 (actual)
Steering angle: 2.76376369032914 (pred) 0.0 (actual)
Steering angle: 2.228890722651795 (pred)        0.0 (actual)
Steering angle: 1.8407099412222256 (pred)       0.0 (actual)
Steering angle: 1.8820182849922282 (pred)       0.0 (actual)
Steering angle: 1.785381780407126 (pred)        0.0 (actual)
Steering angle: 2.01420229566925 (pred) 0.0 (actual)
Steering angle: 2.278176300485549 (pred)        0.0 (actual)
Steering angle: 2.703664855822198 (pred)        0.0 (actual)
Steering angle: 2.927207342403195 (pred)        0.1 (actual)
Steering angle: 2.9515712675028647 (pred)       0.5 (actual)
Steering angle: 3.246216877117341 (pred)        0.5 (actual)
Steering angle: 3.3632726591130195 (pred)       0.5 (actual)
Steering angle: 3.7157287764190716 (pred)       0.5 (actual)
Steering angle: 3.201904103886179 (pred)        0.5 (actual)
Steering angle: 2.7056283217651647 (pred)       0.5 (actual)
Steering angle: 2.3253528439696507 (pred)       0.5 (actual)
Steering angle: 2.181630509350361 (pred)        0.61 (actual)
Steering angle: 1.8212024940658462 (pred)       0.71 (actual)
Steering angle: 1.6441288793379136 (pred)       1.01 (actual)
Steering angle: 1.784023319814234 (pred)        1.21 (actual)
Steering angle: 1.4489652951497907 (pred)       1.31 (actual)
Steering angle: 1.1355338905534293 (pred)       1.31 (actual)
Steering angle: 0.6688327208168644 (pred)       1.31 (actual)
Steering angle: 0.5585274602378327 (pred)       0.0 (actual)
Steering angle: 0.7971043671207915 (pred)       1.31 (actual)
Steering angle: -1.0063487598088658 (pred)      1.31 (actual)
Steering angle: -0.32371510816546184 (pred)     1.31 (actual)
Steering angle: -0.6612352025822831 (pred)      0.0 (actual)
Steering angle: -0.35924372451545833 (pred)     1.31 (actual)
Steering angle: -0.27944809186565384 (pred)     1.31 (actual)
Steering angle: 0.9868695939045184 (pred)       0.0 (actual)
Steering angle: 1.1837833073457513 (pred)       1.21 (actual)
Steering angle: -8.586691843392005 (pred)       1.11 (actual)
Steering angle: -16.46353066408105 (pred)       1.11 (actual)
Steering angle: 0.90456720178804 (pred) 1.11 (actual)
Steering angle: 2.122212986213128 (pred)        1.11 (actual)
Steering angle: 1.9933740606821195 (pred)       0.91 (actual)
Steering angle: 2.296031268749609 (pred)        0.5 (actual)
Steering angle: 1.3542686710106777 (pred)       0.4 (actual)
Steering angle: 1.9836073170558244 (pred)       0.1 (actual)
Steering angle: 1.5327532534107469 (pred)       0.0 (actual)
Steering angle: 1.2375044527151942 (pred)       0.0 (actual)
Steering angle: 1.0340070772443035 (pred)       0.0 (actual)
Steering angle: 0.8172242367857978 (pred)       0.0 (actual)
Steering angle: 1.0671853614678752 (pred)       0.0 (actual)
Steering angle: 1.47579758658248 (pred) 0.0 (actual)
Steering angle: 0.9020785583309223 (pred)       -0.1 (actual)
Steering angle: -0.8841000596924207 (pred)      -0.4 (actual)
Steering angle: -1.7160182211778845 (pred)      -0.4 (actual)
Steering angle: 0.02319959128959456 (pred)      -0.4 (actual)
Steering angle: 0.7789309412866801 (pred)       -0.3 (actual)
Steering angle: -1.0557841749175372 (pred)      -0.3 (actual)
Steering angle: 0.42248284521501966 (pred)      -0.3 (actual)
Steering angle: 1.2997327054175936 (pred)       -0.3 (actual)
Steering angle: 0.7954618133471092 (pred)       -0.2 (actual)
Steering angle: 0.7406477309887586 (pred)       -0.1 (actual)
Steering angle: -0.230918984162905 (pred)       0.0 (actual)
Steering angle: -2.0415785476363077 (pred)      0.1 (actual)
Steering angle: -2.875571752608133 (pred)       0.1 (actual)
Steering angle: -2.1304277827939493 (pred)      0.1 (actual)
Steering angle: -2.6432155472334693 (pred)      0.1 (actual)
Steering angle: -3.012717682273758 (pred)       0.1 (actual)
Steering angle: -2.5457261227757617 (pred)      0.2 (actual)
Steering angle: -0.4170153588257038 (pred)      0.2 (actual)
Steering angle: -1.578261309746661 (pred)       0.0 (actual)
Steering angle: 0.11325644924921927 (pred)      -0.2 (actual)
Steering angle: -3.204314520332959 (pred)       -0.2 (actual)
Steering angle: -5.340879654982987 (pred)       -0.2 (actual)
Steering angle: -1.5304928876822959 (pred)      -0.1 (actual)
Steering angle: -0.7324825600011257 (pred)      0.0 (actual)
Steering angle: 1.1791794396800455 (pred)       0.1 (actual)
Steering angle: 2.001328456300834 (pred)        0.1 (actual)
Steering angle: 1.6296795074270458 (pred)       0.1 (actual)
Steering angle: -0.07493655336493542 (pred)     0.1 (actual)
Steering angle: 1.823026368017651 (pred)        -0.1 (actual)
Steering angle: 1.5717994171832999 (pred)       -0.5 (actual)
Steering angle: 0.8625870982409962 (pred)       -0.5 (actual)
Steering angle: 1.636859210183493 (pred)        -0.5 (actual)
Steering angle: 1.33795785910757 (pred) -0.5 (actual)
Steering angle: 0.9912713306594743 (pred)       -0.5 (actual)
Steering angle: 1.6039348168979752 (pred)       -0.5 (actual)
Steering angle: 3.03921646837588 (pred) -0.5 (actual)
Steering angle: 1.418992290637659 (pred)        -0.5 (actual)
Steering angle: 0.9432166809802034 (pred)       -0.5 (actual)
Steering angle: 1.8261466972512892 (pred)       -0.2 (actual)
Steering angle: 5.1210824599446845 (pred)       0.1 (actual)
Steering angle: 6.492503336786851 (pred)        0.4 (actual)
Steering angle: 6.179323795416134 (pred)        0.4 (actual)
Steering angle: 3.923097161602067 (pred)        0.4 (actual)
Steering angle: -1.6245583596534172 (pred)      0.1 (actual)
Steering angle: 1.9121742105080692 (pred)       0.0 (actual)
Steering angle: 0.818334089165072 (pred)        0.0 (actual)
Steering angle: -0.42984653619223384 (pred)     0.0 (actual)
Steering angle: 1.2138978248397492 (pred)       0.0 (actual)
Steering angle: 0.5579947054825718 (pred)       0.0 (actual)
Steering angle: 1.7369820994530636 (pred)       0.0 (actual)
Steering angle: 0.7981356723246105 (pred)       0.0 (actual)
Steering angle: 2.4194120193601307 (pred)       -0.1 (actual)
Steering angle: 0.9527168337854564 (pred)       -0.2 (actual)
Steering angle: 1.080670396045302 (pred)        -0.2 (actual)
Steering angle: 0.8063562852383969 (pred)       0.0 (actual)
Steering angle: -0.04315483938837976 (pred)     0.0 (actual)
Steering angle: -0.8073278262869783 (pred)      0.71 (actual)
Steering angle: -0.5400052678692275 (pred)      0.71 (actual)
Steering angle: -0.772696152513222 (pred)       0.71 (actual)
Steering angle: -0.4036932349321526 (pred)      0.71 (actual)
Steering angle: 0.15291332798310667 (pred)      0.71 (actual)
Steering angle: 1.5002584149909997 (pred)       0.5 (actual)
Steering angle: -0.163519744650277 (pred)       0.4 (actual)
Steering angle: 1.6207572526585994 (pred)       0.4 (actual)
Steering angle: -0.499909496120314 (pred)       0.4 (actual)
Steering angle: -1.462923106883829 (pred)       0.4 (actual)
Steering angle: -0.07870511023948996 (pred)     0.4 (actual)
Steering angle: -1.0101545625587383 (pred)      0.5 (actual)
Steering angle: -0.7641032942896699 (pred)      0.5 (actual)
Steering angle: -1.955919010821062 (pred)       0.71 (actual)
Steering angle: -0.03804244612967852 (pred)     1.11 (actual)
Steering angle: -1.6896459002971131 (pred)      1.31 (actual)
Steering angle: 0.7771278780675024 (pred)       0.0 (actual)
Steering angle: -0.7543809468929799 (pred)      1.41 (actual)
Steering angle: 0.04855922656915235 (pred)      1.51 (actual)
Steering angle: 0.44092750426437466 (pred)      1.51 (actual)
Steering angle: 0.9702726611082105 (pred)       1.51 (actual)
Steering angle: 1.6264827654520684 (pred)       1.92 (actual)
Steering angle: 2.568539594933839 (pred)        2.22 (actual)
Steering angle: 2.2957190010384925 (pred)       2.22 (actual)
Steering angle: 0.9045108527273873 (pred)       2.22 (actual)
Steering angle: 2.108327638517315 (pred)        2.22 (actual)
Steering angle: 3.119511105041492 (pred)        2.22 (actual)
Steering angle: -0.663535215424432 (pred)       2.52 (actual)
Steering angle: -0.07580740248411205 (pred)     2.52 (actual)
Steering angle: 2.141381698675357 (pred)        2.52 (actual)
Steering angle: 0.8953247819022491 (pred)       2.32 (actual)
Steering angle: -0.33483540318618304 (pred)     2.12 (actual)
Steering angle: -3.655301665945146 (pred)       2.12 (actual)
Steering angle: -18.704870900599072 (pred)      2.12 (actual)
Steering angle: 6.211307009978365 (pred)        1.92 (actual)
Steering angle: 8.306694214782857 (pred)        1.82 (actual)
Steering angle: 5.969070082195632 (pred)        1.71 (actual)
Steering angle: 6.397713117711768 (pred)        1.41 (actual)
Steering angle: 1.4959791947542809 (pred)       1.31 (actual)
Steering angle: 1.6224858241271414 (pred)       1.31 (actual)
Steering angle: 1.1793587321457581 (pred)       1.31 (actual)
Steering angle: -1.0870568363626754 (pred)      1.31 (actual)
Steering angle: 0.8129094782210539 (pred)       1.01 (actual)
Steering angle: 0.4616619308721235 (pred)       0.71 (actual)
Steering angle: 1.3833858741641478 (pred)       0.4 (actual)
Steering angle: -1.1482649362795099 (pred)      0.4 (actual)
Steering angle: 0.9481067762608152 (pred)       0.4 (actual)
Steering angle: 1.3971355785719124 (pred)       0.2 (actual)
Steering angle: 2.1362048421713107 (pred)       0.0 (actual)
Steering angle: 1.8925822397607106 (pred)       -0.2 (actual)
Steering angle: 2.3776202262629385 (pred)       -0.3 (actual)
Steering angle: 1.8607488624733968 (pred)       -0.3 (actual)
Steering angle: 1.676796393477615 (pred)        -0.3 (actual)
Steering angle: -1.367428631272294 (pred)       -0.5 (actual)
Steering angle: -3.3845856240878094 (pred)      -0.91 (actual)
Steering angle: -4.058025414221553 (pred)       -0.91 (actual)
Steering angle: -3.80455709412238 (pred)        -0.91 (actual)
Steering angle: -14.77243046709925 (pred)       -0.91 (actual)
Steering angle: -2.7771847986048033 (pred)      -0.91 (actual)
Steering angle: 0.34749334454380343 (pred)      -0.91 (actual)
Steering angle: -0.6298685726752044 (pred)      -0.91 (actual)
Steering angle: 0.44371163344437464 (pred)      -0.81 (actual)
Steering angle: 0.2540228460824136 (pred)       -0.5 (actual)
Steering angle: 0.2970305996148534 (pred)       -0.1 (actual)
Steering angle: 1.6758693020194917 (pred)       -0.1 (actual)
Steering angle: 2.3367118754462046 (pred)       -0.1 (actual)
Steering angle: 1.285584075273618 (pred)        -0.1 (actual)
Steering angle: 1.4336997156331064 (pred)       0.0 (actual)
Steering angle: 0.45392860926693523 (pred)      0.0 (actual)
Steering angle: -0.20247306053880018 (pred)     0.91 (actual)
Steering angle: -3.156663705588365 (pred)       1.21 (actual)
Steering angle: -0.9673299167929928 (pred)      1.51 (actual)
Steering angle: -1.628087112855081 (pred)       1.6100000000000003 (actual)
Steering angle: 1.8161174182287716 (pred)       1.6100000000000003 (actual)
Steering angle: 0.704014598344777 (pred)        1.6100000000000003 (actual)
Steering angle: 0.313194989337629 (pred)        1.82 (actual)
Steering angle: -0.2507520659240502 (pred)      2.02 (actual)
Steering angle: 1.804259996386218 (pred)        2.02 (actual)
Steering angle: 1.1731046267435539 (pred)       2.12 (actual)
Steering angle: 1.4022386903772641 (pred)       2.12 (actual)
Steering angle: 1.5167786148808506 (pred)       2.22 (actual)
Steering angle: 2.07067899548197 (pred) 2.42 (actual)
Steering angle: 2.8557906709981298 (pred)       2.42 (actual)
Steering angle: 2.569360925181533 (pred)        2.42 (actual)
Steering angle: 1.977338057171399 (pred)        2.42 (actual)
Steering angle: 2.0734695546447433 (pred)       2.32 (actual)
Steering angle: 2.7213623028485237 (pred)       2.32 (actual)
Steering angle: 2.6521810242927573 (pred)       2.22 (actual)
Steering angle: 2.871001502279748 (pred)        2.22 (actual)
Steering angle: 2.537030651632101 (pred)        2.12 (actual)
Steering angle: 1.7900844723723854 (pred)       1.92 (actual)
Steering angle: 1.0212971624159677 (pred)       1.92 (actual)
Steering angle: 1.4272700530248914 (pred)       1.92 (actual)
Steering angle: 1.3721304694639074 (pred)       1.92 (actual)
Steering angle: 1.4528715230248033 (pred)       1.92 (actual)
Steering angle: 1.850268150635424 (pred)        1.82 (actual)
Steering angle: 1.9698686049837553 (pred)       1.71 (actual)
Steering angle: 1.9489993888616044 (pred)       1.51 (actual)
Steering angle: 1.9442227387542383 (pred)       1.01 (actual)
Steering angle: 1.4614370071308223 (pred)       0.81 (actual)
Steering angle: 1.1959619615227073 (pred)       0.61 (actual)
Steering angle: 1.3565539028965758 (pred)       0.61 (actual)
Steering angle: 1.6458237267474287 (pred)       0.61 (actual)
Steering angle: 1.610744942387301 (pred)        0.61 (actual)
Steering angle: 1.7674244660272218 (pred)       0.5 (actual)
Steering angle: 1.9647807543823306 (pred)       0.61 (actual)
Steering angle: 1.9976476246684318 (pred)       0.4 (actual)
Steering angle: 1.9017163371151333 (pred)       0.3 (actual)
Steering angle: 1.3340276188487565 (pred)       0.2 (actual)
Steering angle: 1.2301210182224103 (pred)       0.2 (actual)
Steering angle: 1.585048383347538 (pred)        0.2 (actual)
Steering angle: 1.8523088830933767 (pred)       0.2 (actual)
Steering angle: 1.7705113913669503 (pred)       0.2 (actual)
Steering angle: 1.8172845268031976 (pred)       0.2 (actual)
Steering angle: 2.2312001803649055 (pred)       0.0 (actual)
Steering angle: 2.1148619951189014 (pred)       0.0 (actual)
Steering angle: 1.8838393841796828 (pred)       0.0 (actual)
Steering angle: 2.1903229922862604 (pred)       0.0 (actual)
Steering angle: 1.7686433346289518 (pred)       0.0 (actual)
Steering angle: 1.0179002105209443 (pred)       -0.1 (actual)
Steering angle: -0.4426862512952265 (pred)      -0.3 (actual)
Steering angle: -0.6308948085979988 (pred)      -0.3 (actual)
Steering angle: 0.36316932238007027 (pred)      -0.3 (actual)
Steering angle: 0.6203808529486748 (pred)       -0.3 (actual)
Steering angle: 1.4256550334513007 (pred)       -0.3 (actual)
Steering angle: -2.6573107098028483 (pred)      -0.3 (actual)
Steering angle: -0.01667590685858613 (pred)     -0.3 (actual)
Steering angle: 1.5063029189630495 (pred)       -0.3 (actual)
Steering angle: 1.391266738527579 (pred)        -0.3 (actual)
Steering angle: -0.6590547714114623 (pred)      -0.3 (actual)
Steering angle: -1.647606406120802 (pred)       -0.4 (actual)
Steering angle: -1.528429743666129 (pred)       -0.5 (actual)
Steering angle: -0.3010023279367893 (pred)      0.0 (actual)
Steering angle: 0.0012610236755136043 (pred)    0.0 (actual)
Steering angle: -0.10725442718617717 (pred)     -0.5 (actual)
Steering angle: -0.8259212020333397 (pred)      -0.5 (actual)
Steering angle: -0.18657670238009463 (pred)     -0.5 (actual)
Steering angle: 1.1990540095043132 (pred)       -0.5 (actual)
Steering angle: -0.12477213484964754 (pred)     -0.5 (actual)
Steering angle: -2.214545404404064 (pred)       -0.61 (actual)
Steering angle: -2.061792705928372 (pred)       -0.71 (actual)
Steering angle: -3.5982768434515324 (pred)      -0.71 (actual)
Steering angle: -2.4941063277931557 (pred)      -0.71 (actual)
Steering angle: -0.3176439771278196 (pred)      -0.71 (actual)
Steering angle: -0.2544548555474169 (pred)      -0.71 (actual)
Steering angle: 1.29870999131109 (pred) -0.71 (actual)
Steering angle: 1.6404263831992378 (pred)       -0.61 (actual)
Steering angle: 1.3012274496287686 (pred)       -0.61 (actual)
Steering angle: 0.19837666792429826 (pred)      -0.61 (actual)
Steering angle: 1.3766906879519487 (pred)       -0.61 (actual)
Steering angle: 0.4157987580602217 (pred)       -0.61 (actual)
Steering angle: -4.027211869554687 (pred)       -0.61 (actual)
Steering angle: -32.592706492817044 (pred)      -0.4 (actual)
Steering angle: -5.716796191427564 (pred)       -0.4 (actual)
Steering angle: -2.018498057770365 (pred)       -0.4 (actual)
Steering angle: 0.9744268035057535 (pred)       -0.3 (actual)
Steering angle: -0.19843813962682835 (pred)     -0.3 (actual)
Steering angle: 0.0006539906130287209 (pred)    -0.3 (actual)
Steering angle: 0.3205962997161312 (pred)       -0.3 (actual)
Steering angle: 1.2640767700725999 (pred)       -0.3 (actual)
Steering angle: 1.4667755470191277 (pred)       -0.3 (actual)
Steering angle: 0.07823468096040533 (pred)      -0.4 (actual)
Steering angle: -1.023648241594333 (pred)       -0.4 (actual)
Steering angle: -2.718663310909311 (pred)       -0.4 (actual)
Steering angle: -3.206419072370969 (pred)       -0.4 (actual)
Steering angle: -2.9756679614512582 (pred)      -0.4 (actual)
Steering angle: -2.344941826509247 (pred)       -0.4 (actual)
Steering angle: -1.5371169972384446 (pred)      -0.4 (actual)
Steering angle: -0.4964133463997666 (pred)      -0.4 (actual)
Steering angle: -0.6967629117977804 (pred)      -0.4 (actual)
Steering angle: -0.5385154862173714 (pred)      -0.1 (actual)
Steering angle: -2.647780888363388 (pred)       -0.1 (actual)
Steering angle: -2.9904265061437747 (pred)      0.2 (actual)
Steering angle: -2.7058526507907175 (pred)      0.5 (actual)
Steering angle: -2.0273992883627727 (pred)      0.5 (actual)
Steering angle: -3.477942357210836 (pred)       0.61 (actual)
Steering angle: -2.933102222543739 (pred)       1.11 (actual)
Steering angle: -2.550510883732767 (pred)       1.6100000000000003 (actual)
Steering angle: -1.7388377764731913 (pred)      1.71 (actual)
Steering angle: -2.746117896608412 (pred)       1.71 (actual)
Steering angle: -2.8222755730711118 (pred)      1.71 (actual)
Steering angle: -2.5801084412839597 (pred)      1.71 (actual)
Steering angle: -2.5121286356918806 (pred)      1.71 (actual)
Steering angle: -2.765837079629062 (pred)       1.82 (actual)
Steering angle: -3.581851092271298 (pred)       1.92 (actual)
Steering angle: -2.7758580343585284 (pred)      1.92 (actual)
Steering angle: -1.0384404036241708 (pred)      1.41 (actual)
Steering angle: -1.008081706867345 (pred)       2.02 (actual)
Steering angle: -0.7727584246285455 (pred)      2.62 (actual)
Steering angle: -1.1847138138984599 (pred)      2.62 (actual)
Steering angle: -1.2104301164537925 (pred)      2.42 (actual)
Steering angle: -1.312693843141339 (pred)       2.22 (actual)
Steering angle: -1.686129099926497 (pred)       1.71 (actual)
Steering angle: -1.441046117693984 (pred)       0.91 (actual)
Steering angle: -1.6901426898375258 (pred)      0.1 (actual)
Steering angle: -1.968681646172054 (pred)       -0.3 (actual)
Steering angle: -1.4573130669760157 (pred)      -0.4 (actual)
Steering angle: -1.2795042464169546 (pred)      -0.4 (actual)
Steering angle: -1.278284310598167 (pred)       -0.4 (actual)
Steering angle: -0.4224888216305434 (pred)      -0.4 (actual)
Steering angle: 0.8970399064358627 (pred)       -0.4 (actual)
Steering angle: 1.365588108734387 (pred)        -0.3 (actual)
Steering angle: 1.063992461474306 (pred)        -0.2 (actual)
Steering angle: 1.065984208669305 (pred)        0.0 (actual)
Steering angle: 0.8209157939496311 (pred)       0.2 (actual)
Steering angle: 0.45779695093639544 (pred)      0.2 (actual)
Steering angle: 0.6361701158756288 (pred)       0.4 (actual)
Steering angle: 0.32800185228243817 (pred)      0.4 (actual)
Steering angle: 0.8847070927549056 (pred)       0.4 (actual)
Steering angle: 0.8154049518673414 (pred)       0.4 (actual)
Steering angle: 0.3918259413318141 (pred)       0.4 (actual)
Steering angle: 0.3904812478389678 (pred)       0.4 (actual)
Steering angle: 0.7719823977449556 (pred)       0.0 (actual)
Steering angle: 0.7916575580619707 (pred)       1.21 (actual)
Steering angle: 1.2685908847837435 (pred)       1.31 (actual)
Steering angle: 1.1667361156727516 (pred)       1.31 (actual)
Steering angle: 0.7808032135320568 (pred)       1.31 (actual)
Steering angle: 0.7278177542414185 (pred)       1.31 (actual)
Steering angle: 0.9022698036276827 (pred)       1.11 (actual)
Steering angle: 1.4460023804321802 (pred)       0.0 (actual)
Steering angle: 1.944806933371686 (pred)        1.01 (actual)
Steering angle: 2.0227609495860994 (pred)       1.01 (actual)
Steering angle: 1.8177425763644115 (pred)       0.91 (actual)
Steering angle: 1.6970818418691416 (pred)       0.81 (actual)
Steering angle: 1.6129694496226097 (pred)       0.81 (actual)
Steering angle: 0.3561932179578278 (pred)       0.81 (actual)
Steering angle: 0.1515387524126416 (pred)       0.61 (actual)
Steering angle: 0.45956938502601374 (pred)      0.5 (actual)
Steering angle: 0.6380030611724251 (pred)       0.5 (actual)
Steering angle: 0.2771856183835136 (pred)       0.4 (actual)
Steering angle: 0.005732236260933201 (pred)     0.0 (actual)
Steering angle: -0.45147827890219316 (pred)     -0.3 (actual)
Steering angle: -2.100790524768206 (pred)       -0.61 (actual)
Steering angle: -1.1815091745172546 (pred)      -0.81 (actual)
Steering angle: -1.005384849362248 (pred)       -0.81 (actual)
Steering angle: 0.32116659383140084 (pred)      0.0 (actual)
Steering angle: 0.5226228099575153 (pred)       -0.81 (actual)
Steering angle: 0.7619228631188492 (pred)       -0.91 (actual)
Steering angle: 0.40994875439695866 (pred)      -0.91 (actual)
Steering angle: 0.47114719599942 (pred) -0.91 (actual)
Steering angle: 0.630471336869458 (pred)        -1.01 (actual)
Steering angle: 0.9585298583776661 (pred)       -1.21 (actual)
Steering angle: 0.5640470001391436 (pred)       -1.6100000000000003 (actual)
Steering angle: 0.4939553854330611 (pred)       -2.22 (actual)
Steering angle: -0.11283895393620223 (pred)     -2.92 (actual)
Steering angle: -0.06779645103143996 (pred)     -3.13 (actual)
Steering angle: 0.8108349149823683 (pred)       -3.23 (actual)
Steering angle: 1.0434046704903006 (pred)       -3.23 (actual)
Steering angle: 1.4526419646356674 (pred)       -3.23 (actual)
Steering angle: 1.6623710339505482 (pred)       -3.23 (actual)
Steering angle: 2.2985409363827656 (pred)       -3.23 (actual)
Steering angle: 2.9824021010860675 (pred)       -3.23 (actual)
Steering angle: 3.044366217566658 (pred)        -3.23 (actual)
Steering angle: 2.526021027020275 (pred)        -3.23 (actual)
Steering angle: 2.6835098213551363 (pred)       -3.23 (actual)
Steering angle: 2.878061996890837 (pred)        -3.23 (actual)
Steering angle: 1.9931951951032298 (pred)       -3.23 (actual)
Steering angle: 0.22253752829829276 (pred)      -3.23 (actual)
Steering angle: -25.05775962122216 (pred)       -3.23 (actual)
Steering angle: 1.37970493581004 (pred) -3.23 (actual)
Steering angle: 4.287953914233101 (pred)        -3.23 (actual)
Steering angle: 4.603594885025961 (pred)        -3.23 (actual)
Steering angle: 4.7256256060583475 (pred)       -3.23 (actual)
Steering angle: 4.582816168910313 (pred)        -3.23 (actual)
Steering angle: 4.965766946426356 (pred)        -3.23 (actual)
Steering angle: 5.306187843528023 (pred)        -3.4300000000000006 (actual)
Steering angle: 4.692155117804346 (pred)        -3.4300000000000006 (actual)
Steering angle: 4.305326500387028 (pred)        -3.4300000000000006 (actual)
Steering angle: 3.721579687216834 (pred)        -3.4300000000000006 (actual)
Steering angle: 3.4531769450540164 (pred)       -3.4300000000000006 (actual)
Steering angle: 3.2362563268733466 (pred)       -3.63 (actual)
Steering angle: 3.313664354840982 (pred)        -3.7300000000000004 (actual)
Steering angle: 3.575746183813776 (pred)        -3.7300000000000004 (actual)
Steering angle: 3.9623566620644772 (pred)       -3.7300000000000004 (actual)
Steering angle: 3.716641460446915 (pred)        -3.829999999999999 (actual)
Steering angle: 3.667189610195553 (pred)        -3.9300000000000006 (actual)
Steering angle: 4.3044599201360825 (pred)       -4.03 (actual)
Steering angle: 5.507647688192135 (pred)        -4.03 (actual)
Steering angle: 6.086768328860114 (pred)        -4.03 (actual)
Steering angle: 5.6994598906536025 (pred)       -4.03 (actual)
Steering angle: 4.281723074162756 (pred)        -4.03 (actual)
Steering angle: 3.358791201243845 (pred)        -4.03 (actual)
Steering angle: 3.152677436434016 (pred)        -4.03 (actual)
Steering angle: 3.3889667635535496 (pred)       -3.829999999999999 (actual)
Steering angle: 5.281322112967769 (pred)        -3.53 (actual)
Steering angle: 6.487513029824511 (pred)        -3.03 (actual)
Steering angle: 4.548018916410037 (pred)        -2.82 (actual)
Steering angle: 5.347709417266177 (pred)        -2.7200000000000006 (actual)
Steering angle: 6.682941817451501 (pred)        -2.52 (actual)
Steering angle: 5.862378258491801 (pred)        -2.52 (actual)
Steering angle: 4.432091823174702 (pred)        -2.52 (actual)
Steering angle: 4.19095156764058 (pred) -2.52 (actual)
Steering angle: 3.5659843493859467 (pred)       -2.82 (actual)
Steering angle: 3.818436465402669 (pred)        -3.13 (actual)
Steering angle: 4.039209523718638 (pred)        -3.3299999999999996 (actual)
Steering angle: 5.965573452227408 (pred)        -3.4300000000000006 (actual)
Steering angle: 5.793582458737317 (pred)        -3.4300000000000006 (actual)
Steering angle: 5.821254116385978 (pred)        -3.53 (actual)
Steering angle: 5.641936037463755 (pred)        -3.53 (actual)
Steering angle: 7.627706816939181 (pred)        -3.63 (actual)
Steering angle: 8.188356064770508 (pred)        -3.829999999999999 (actual)
Steering angle: 13.169734262318574 (pred)       -4.13 (actual)
Steering angle: 13.735476269949793 (pred)       -4.34 (actual)
Steering angle: 11.470557366643238 (pred)       -4.74 (actual)
Steering angle: 11.30226235926777 (pred)        -5.340000000000001 (actual)
Steering angle: 11.810210721236924 (pred)       -6.25 (actual)
Steering angle: 10.89375472142483 (pred)        -7.87 (actual)
Steering angle: 10.714833647248115 (pred)       -9.28 (actual)
Steering angle: 11.187573237819501 (pred)       -10.08 (actual)
Steering angle: 10.622769527425513 (pred)       -10.99 (actual)
Steering angle: 10.33929020988695 (pred)        -12.2 (actual)
Steering angle: 10.533540789882114 (pred)       -13.71 (actual)
Steering angle: 10.609200502865637 (pred)       0.0 (actual)
Steering angle: 10.728844072783104 (pred)       -15.43 (actual)
Steering angle: 11.111461024803463 (pred)       -15.53 (actual)
Steering angle: 11.057057714290666 (pred)       -15.929999999999998 (actual)
Steering angle: 11.422864716989977 (pred)       -16.64 (actual)
Steering angle: 11.549470810992625 (pred)       -17.140000000000004 (actual)
Steering angle: 11.674855154907489 (pred)       -18.149999999999995 (actual)
Steering angle: 11.71837285143058 (pred)        0.0 (actual)
Steering angle: 12.134204159611064 (pred)       -20.17 (actual)
Steering angle: 12.103805548936275 (pred)       -20.469999999999995 (actual)
Steering angle: 11.905807756407714 (pred)       -20.469999999999995 (actual)
Steering angle: 11.984149172414115 (pred)       -20.469999999999995 (actual)
Steering angle: 11.699398585916283 (pred)       -20.469999999999995 (actual)
Steering angle: 11.976600959607605 (pred)       -20.469999999999995 (actual)
Steering angle: 11.095576566114953 (pred)       -20.370000000000005 (actual)
Steering angle: 10.656945232711319 (pred)       -19.76 (actual)
Steering angle: 11.600554649568798 (pred)       -18.35 (actual)
Steering angle: 11.099304141854487 (pred)       -17.239999999999995 (actual)
Steering angle: 12.790894404909233 (pred)       -15.83 (actual)
Steering angle: 13.683807596425938 (pred)       -14.32 (actual)
Steering angle: 7.131307024196048 (pred)        -12.910000000000002 (actual)
Steering angle: 56.90547518315111 (pred)        -11.699999999999998 (actual)
Steering angle: 73.25825262229311 (pred)        -9.88 (actual)
Steering angle: 88.47021088512456 (pred)        -7.659999999999998 (actual)
Steering angle: 87.59507923733834 (pred)        -5.04 (actual)
Steering angle: 94.53009132054328 (pred)        -3.23 (actual)
Steering angle: 92.18376424629298 (pred)        -1.01 (actual)
Steering angle: 87.12704735465239 (pred)        0.61 (actual)
Steering angle: 86.76372227194273 (pred)        2.52 (actual)
Steering angle: 103.12132182463876 (pred)       3.829999999999999 (actual)
Steering angle: 109.28149675782993 (pred)       5.04 (actual)
Steering angle: 117.33617492148589 (pred)       5.849999999999999 (actual)
Steering angle: 111.12501945632974 (pred)       6.35 (actual)
Steering angle: 101.75339885842529 (pred)       7.87 (actual)
Steering angle: 72.72588035762564 (pred)        9.08 (actual)
Steering angle: 64.94315300596291 (pred)        10.89 (actual)
Steering angle: 67.13616282391392 (pred)        12.300000000000002 (actual)
Steering angle: 55.37011012943478 (pred)        14.12 (actual)
Steering angle: 4.511177302913811 (pred)        15.83 (actual)
Steering angle: 1.401889603677653 (pred)        17.239999999999995 (actual)
Steering angle: 1.3649760597517306 (pred)       18.25 (actual)
Steering angle: 1.1066885075845845 (pred)       18.96 (actual)
Steering angle: 0.7343761765876587 (pred)       20.57 (actual)
Steering angle: -1.6084704893936868 (pred)      21.479999999999997 (actual)
Steering angle: -1.8577519035316423 (pred)      22.08 (actual)
Steering angle: 0.2606310274239745 (pred)       22.179999999999996 (actual)
Steering angle: 0.08669216270017362 (pred)      22.179999999999996 (actual)
Steering angle: -1.2740279288064853 (pred)      22.179999999999996 (actual)
Steering angle: -2.340223233009826 (pred)       0.0 (actual)
Steering angle: -1.44051773852866 (pred)        22.39 (actual)
Steering angle: -0.4191907473959264 (pred)      22.39 (actual)
Steering angle: -0.15224994585996918 (pred)     22.29 (actual)
Steering angle: 1.0040206257972435 (pred)       22.39 (actual)
Steering angle: 2.1510101309709593 (pred)       22.59 (actual)
Steering angle: 5.7389161859414735 (pred)       22.59 (actual)
Steering angle: 8.79190914587327 (pred) 22.59 (actual)
Steering angle: 5.035114710843143 (pred)        22.59 (actual)
Steering angle: 1.7047245033852685 (pred)       22.59 (actual)
Steering angle: 3.731312279897279 (pred)        21.88 (actual)
Steering angle: 9.720842193751684 (pred)        21.18 (actual)
Steering angle: 67.58047345961242 (pred)        19.97 (actual)
Steering angle: 66.77400570355233 (pred)        18.760000000000005 (actual)
Steering angle: 25.810314986616046 (pred)       17.239999999999995 (actual)
Steering angle: -1.5598326055923202 (pred)      15.63 (actual)
Steering angle: -5.8591014752374875 (pred)      14.920000000000002 (actual)
Steering angle: -3.788963772247241 (pred)       14.62 (actual)
Steering angle: -6.354937777374094 (pred)       14.12 (actual)
Steering angle: -11.247802699694319 (pred)      13.21 (actual)
Steering angle: -6.95086537915536 (pred)        12.100000000000001 (actual)
Steering angle: -0.05433842038062939 (pred)     11.290000000000001 (actual)
Steering angle: 6.30343430905079 (pred) 10.49 (actual)
Steering angle: 3.1874072408162384 (pred)       9.88 (actual)
Steering angle: -2.4710328815597946 (pred)      9.48 (actual)
Steering angle: -3.199642884384082 (pred)       8.87 (actual)
Steering angle: -3.696909043934748 (pred)       8.17 (actual)
Steering angle: -4.807400045896325 (pred)       0.0 (actual)
Steering angle: -3.193818654012765 (pred)       5.24 (actual)
Steering angle: -8.8623061981013 (pred) 3.03 (actual)
Steering angle: 12.714824880575508 (pred)       1.51 (actual)
Steering angle: 4.357508718759102 (pred)        0.4 (actual)
Steering angle: -18.6424105281866 (pred)        -0.3 (actual)
Steering angle: -24.89055488279296 (pred)       -0.91 (actual)
Steering angle: -30.684669242511887 (pred)      -1.41 (actual)
Steering angle: -33.70943559192496 (pred)       -1.92 (actual)
Steering angle: -12.28671289226734 (pred)       -2.52 (actual)
Steering angle: -3.6372012377577887 (pred)      -3.53 (actual)
Steering angle: -3.853358795742121 (pred)       -4.24 (actual)
Steering angle: -1.697137764042971 (pred)       -4.74 (actual)
Steering angle: -1.629087628846782 (pred)       -4.74 (actual)
Steering angle: -5.259827080762916 (pred)       -4.74 (actual)
Steering angle: -1.992059676153715 (pred)       -4.74 (actual)
Steering angle: -1.4214107112123724 (pred)      -4.74 (actual)
Steering angle: -3.7050685586719743 (pred)      -4.74 (actual)
Steering angle: -1.7184970462380702 (pred)      -4.74 (actual)
Steering angle: -2.7118583080618626 (pred)      -4.74 (actual)
Steering angle: -1.731032684520865 (pred)       -4.74 (actual)
Steering angle: -2.9893411463959776 (pred)      -4.54 (actual)
Steering angle: -1.6928450968713238 (pred)      -4.24 (actual)
Steering angle: -1.275294822175817 (pred)       -4.03 (actual)
Steering angle: -2.03804584573153 (pred)        -4.03 (actual)
Steering angle: -2.9169669678466414 (pred)      -3.63 (actual)
Steering angle: -1.3423747503447467 (pred)      -3.3299999999999996 (actual)
Steering angle: -1.4616068013647205 (pred)      -3.03 (actual)
Steering angle: -1.645732799854103 (pred)       -2.32 (actual)
Steering angle: -4.254194850486666 (pred)       0.0 (actual)
Steering angle: -5.111708025308842 (pred)       -1.11 (actual)
Steering angle: -4.50434327176239 (pred)        0.0 (actual)
Steering angle: -0.31196897038161175 (pred)     1.21 (actual)
Steering angle: 0.4248546017238801 (pred)       2.02 (actual)
Steering angle: -0.8716468105664892 (pred)      2.12 (actual)
Steering angle: -2.528570395127982 (pred)       2.12 (actual)
Steering angle: -2.8062009363028984 (pred)      2.12 (actual)
Steering angle: -2.6369556788591524 (pred)      1.82 (actual)
Steering angle: -0.9548195715544683 (pred)      1.01 (actual)
Steering angle: 0.6232776535695537 (pred)       0.0 (actual)
Steering angle: 2.4197667623101484 (pred)       1.01 (actual)
Steering angle: 3.452488590051726 (pred)        1.01 (actual)
Steering angle: 0.076180501567524 (pred)        1.01 (actual)
Steering angle: -4.557544042094443 (pred)       1.01 (actual)
Steering angle: -2.53649384145202 (pred)        1.01 (actual)
Steering angle: -1.6919590932699262 (pred)      1.01 (actual)
Steering angle: 0.1881698306637869 (pred)       1.01 (actual)
Steering angle: 1.2510804141859466 (pred)       1.01 (actual)
Steering angle: 1.3366278932101217 (pred)       1.01 (actual)
Steering angle: 0.9763143903159099 (pred)       1.01 (actual)
Steering angle: 1.6059412916883722 (pred)       1.01 (actual)
Steering angle: 2.3804816486383507 (pred)       1.01 (actual)
Steering angle: 2.75569382182477 (pred) 1.01 (actual)
Steering angle: 1.0190398916169843 (pred)       1.01 (actual)
Steering angle: 2.036977348013246 (pred)        1.01 (actual)
Steering angle: -0.2302948756274951 (pred)      1.01 (actual)
Steering angle: 1.6653492098720855 (pred)       0.91 (actual)
Steering angle: 3.4221838944780254 (pred)       0.5 (actual)
Steering angle: 2.3655768952089136 (pred)       0.0 (actual)
Steering angle: 1.0687468067451635 (pred)       -1.11 (actual)
Steering angle: -2.5672945795141926 (pred)      -2.02 (actual)
Steering angle: 0.16921696285150065 (pred)      -3.63 (actual)
Steering angle: 0.8783596592209952 (pred)       -4.54 (actual)
Steering angle: -4.0292190913970245 (pred)      -5.340000000000001 (actual)
Steering angle: -1.9233159565916524 (pred)      -7.559999999999999 (actual)
Steering angle: -0.5996868205065643 (pred)      -9.88 (actual)
Steering angle: -1.1408754186494965 (pred)      -13.82 (actual)
Steering angle: -3.361154446696669 (pred)       -16.24 (actual)
Steering angle: -4.7383536635766665 (pred)      -19.16 (actual)
Steering angle: -0.7738282030072987 (pred)      -23.189999999999998 (actual)
Steering angle: -0.6572806831354043 (pred)      -26.520000000000003 (actual)
Steering angle: 1.3603142421997854 (pred)       -32.57 (actual)
Steering angle: 0.6017938805046603 (pred)       -36.1 (actual)
Steering angle: -2.1449000998715597 (pred)      -40.74000000000001 (actual)
Steering angle: -2.789948928059676 (pred)       -43.25999999999999 (actual)
Steering angle: -2.0050013905270085 (pred)      -46.29 (actual)
Steering angle: -2.1544913930135503 (pred)      -51.73 (actual)
Steering angle: -1.8024297191320662 (pred)      -56.37 (actual)
Steering angle: -1.3037790588922973 (pred)      -61.92 (actual)
Steering angle: 0.29848030726618857 (pred)      -67.26 (actual)
Steering angle: 0.7572673955083978 (pred)       -76.94 (actual)
Steering angle: 0.47460748722682483 (pred)      -86.02 (actual)
Steering angle: 0.4401881629671472 (pred)       -95.29000000000002 (actual)
Steering angle: 0.5437404742107254 (pred)       -103.46 (actual)
Steering angle: 0.4600235926058196 (pred)       -109.92 (actual)
Steering angle: 0.3654292612216982 (pred)       -113.94999999999999 (actual)
Steering angle: 0.26396330596529444 (pred)      -118.69 (actual)
Steering angle: 1.2174354359429926 (pred)       -121.71 (actual)
Steering angle: 1.611686441275705 (pred)        -124.63999999999997 (actual)
Steering angle: 1.342673464399229 (pred)        -127.76000000000002 (actual)
Steering angle: 1.784156508503049 (pred)        -130.79 (actual)
Steering angle: 2.1398374355926997 (pred)       -133.82 (actual)
Steering angle: 2.18142688433573 (pred) -134.82 (actual)
Steering angle: 2.1718927940280386 (pred)       -135.13 (actual)
Steering angle: 2.240252742336111 (pred)        -135.53 (actual)
Steering angle: 2.158288551305254 (pred)        -137.64999999999998 (actual)
Steering angle: 2.095518472502602 (pred)        -140.87 (actual)
Steering angle: 1.7459169473827922 (pred)       -144.71 (actual)
Steering angle: 0.7512417279174185 (pred)       -147.93 (actual)
Steering angle: 0.7919034448720912 (pred)       -150.45 (actual)
Steering angle: -2.0163087686979644 (pred)      -152.67 (actual)
Steering angle: -1.366130254999757 (pred)       -154.18 (actual)
Steering angle: -3.1547168882314995 (pred)      -154.89 (actual)
Steering angle: -2.7799979827692023 (pred)      -155.39 (actual)
Steering angle: -2.7524413711193745 (pred)      -155.39 (actual)
Steering angle: -1.761266303438515 (pred)       -155.39 (actual)
Steering angle: 1.5673017376148466 (pred)       -155.39 (actual)
Steering angle: 1.7026165362526733 (pred)       -155.29 (actual)
Steering angle: 1.803211135461798 (pred)        0.0 (actual)
Steering angle: 1.5842843626558485 (pred)       -152.47 (actual)
Steering angle: 1.3241781659004808 (pred)       -150.25000000000003 (actual)
Steering angle: 1.5693359600487469 (pred)       -148.24 (actual)
Steering angle: 1.5830542882750116 (pred)       -146.52 (actual)
Steering angle: 1.4506675063570047 (pred)       -144.4 (actual)
Steering angle: 0.13971230654519096 (pred)      -144.2 (actual)
Steering angle: -2.5159951630923425 (pred)      -142.99 (actual)
Steering angle: 1.1870589166613015 (pred)       -141.48 (actual)
Steering angle: 2.554975266129017 (pred)        -140.26999999999998 (actual)
Steering angle: 4.840617390264213 (pred)        -138.86 (actual)
Steering angle: 4.073569217225209 (pred)        -137.85 (actual)
Steering angle: 2.478847258300524 (pred)        -137.34 (actual)
Steering angle: 2.258439188218328 (pred)        -136.93999999999997 (actual)
Steering angle: 1.4828784650393734 (pred)       -136.74 (actual)
Steering angle: 0.4893681129926042 (pred)       -135.93 (actual)
Steering angle: -0.8479584872252685 (pred)      -135.13 (actual)
Steering angle: -1.4478880462516326 (pred)      -134.72 (actual)
Steering angle: -0.3116590505480224 (pred)      -134.62 (actual)
Steering angle: 0.3718939552298359 (pred)       -134.72 (actual)
Steering angle: 0.4816253998773072 (pred)       -134.82 (actual)
Steering angle: 0.9195550914262809 (pred)       -134.82 (actual)
Steering angle: 1.3478202253822453 (pred)       -134.72 (actual)
Steering angle: 1.8672593134128883 (pred)       -134.72 (actual)
Steering angle: 1.6165541249981028 (pred)       0.0 (actual)
Steering angle: 1.5025281722295596 (pred)       -134.72 (actual)
Steering angle: 1.9603735748203797 (pred)       -134.72 (actual)
Steering angle: 2.1754141834320033 (pred)       -134.72 (actual)
Steering angle: 1.7455495045497866 (pred)       -135.13 (actual)
Steering angle: 1.7871012805306765 (pred)       -135.93 (actual)
Steering angle: 2.1179584186904448 (pred)       -138.35 (actual)
Steering angle: 2.0389549012213766 (pred)       -140.57 (actual)
Steering angle: 2.0872434848797203 (pred)       -143.5 (actual)
Steering angle: 1.623585271140102 (pred)        -144.4 (actual)
Steering angle: 1.60455070786204 (pred) -144.4 (actual)
Steering angle: -1.069684143487042 (pred)       -144.3 (actual)
Steering angle: -1.8646939370493139 (pred)      -144.3 (actual)
Steering angle: -2.7189388663536387 (pred)      -145.11 (actual)
Steering angle: -1.4642368510819987 (pred)      -146.52 (actual)
Steering angle: -1.4891355586493398 (pred)      -147.62999999999997 (actual)
Steering angle: 1.0177849510787003 (pred)       -148.13 (actual)
Steering angle: 0.560434737202706 (pred)        -148.13 (actual)
Steering angle: 2.9254618021834333 (pred)       -148.43999999999997 (actual)
Steering angle: 3.7750549457761564 (pred)       -148.94 (actual)
Steering angle: 5.643965884307718 (pred)        -149.14 (actual)
Steering angle: 6.2924517917522325 (pred)       -149.14 (actual)
Steering angle: 5.9078596344012695 (pred)       -149.04 (actual)
Steering angle: 5.410588565652137 (pred)        -148.94 (actual)
Steering angle: 4.555644395731533 (pred)        -148.84 (actual)
Steering angle: 2.267500928256231 (pred)        -147.83 (actual)
Steering angle: 0.13465967410667404 (pred)      -146.41999999999996 (actual)
Steering angle: -6.196669487700205 (pred)       -143.8 (actual)
Steering angle: -21.96323654981575 (pred)       -140.17 (actual)
Steering angle: -43.65983617481254 (pred)       -136.02999999999997 (actual)
Steering angle: -56.17928947059536 (pred)       -131.6 (actual)
Steering angle: -59.46924815981793 (pred)       -127.97000000000001 (actual)
Steering angle: -65.9628114565866 (pred)        -122.22 (actual)
Steering angle: -60.97986743817131 (pred)       -117.98000000000002 (actual)
Steering angle: -51.95908633717373 (pred)       -112.13 (actual)
Steering angle: -46.51262177601928 (pred)       -106.08000000000001 (actual)
Steering angle: -66.60482874800029 (pred)       -100.24 (actual)
Steering angle: -66.63264127830058 (pred)       -93.58 (actual)
Steering angle: -59.76461969047513 (pred)       -89.55 (actual)
Steering angle: -53.91160860954318 (pred)       -84.71 (actual)
Steering angle: -47.50314946983287 (pred)       -78.66 (actual)
Steering angle: -43.26375008974892 (pred)       -74.52 (actual)
Steering angle: -40.8052064225299 (pred)        -68.37 (actual)
Steering angle: -30.44664056503153 (pred)       -64.33999999999999 (actual)
Steering angle: -28.865537149538202 (pred)      -59.089999999999996 (actual)
Steering angle: -26.589077787855267 (pred)      -55.56 (actual)
Steering angle: -17.512850918722815 (pred)      -50.62 (actual)
Steering angle: -14.395791638149944 (pred)      -43.76 (actual)
Steering angle: -15.667721418220767 (pred)      -39.53 (actual)
Steering angle: -17.565609007419287 (pred)      -36.71 (actual)
Steering angle: -19.200240615438002 (pred)      -32.67 (actual)
Steering angle: -15.312249345509331 (pred)      -29.450000000000003 (actual)
Steering angle: -16.94255744378343 (pred)       -25.210000000000004 (actual)
Steering angle: -14.23017662625006 (pred)       -20.469999999999995 (actual)
Steering angle: -8.009374372664908 (pred)       -16.84 (actual)
Steering angle: -8.011081066183765 (pred)       -14.22 (actual)
Steering angle: -11.039376062076796 (pred)      -12.300000000000002 (actual)
Steering angle: -12.165722921309735 (pred)      -10.59 (actual)
Steering angle: -17.0579295841487 (pred)        -9.18 (actual)
Steering angle: -19.453483539294563 (pred)      -7.969999999999999 (actual)
Steering angle: -19.49152940051883 (pred)       -7.06 (actual)
Steering angle: -30.471666378150456 (pred)      -5.05 (actual)
Steering angle: -30.61956387934333 (pred)       -5.04 (actual)
Steering angle: -12.69821812938227 (pred)       -3.63 (actual)
Steering angle: -7.6387606243372 (pred) -2.22 (actual)
Steering angle: -7.030360670244669 (pred)       -2.02 (actual)
Steering angle: -5.808954653238077 (pred)       -2.02 (actual)
Steering angle: -3.9186263759034707 (pred)      -2.02 (actual)
Steering angle: -5.257734481555953 (pred)       -1.82 (actual)
Steering angle: -6.58244198711711 (pred)        -1.82 (actual)
Steering angle: -4.415180701676574 (pred)       -2.02 (actual)
Steering angle: -4.077672453369095 (pred)       -2.82 (actual)
Steering angle: -3.50975929935546 (pred)        -3.4300000000000006 (actual)
Steering angle: -3.549852936670258 (pred)       -3.829999999999999 (actual)
Steering angle: -3.035339695691663 (pred)       -4.44 (actual)
Steering angle: -2.662739429532539 (pred)       -5.340000000000001 (actual)
Steering angle: -1.867264862941589 (pred)       -5.45 (actual)
Steering angle: -2.2505550154820178 (pred)      -5.55 (actual)
Steering angle: 0.34418841343958995 (pred)      0.0 (actual)
Steering angle: 1.2675938906083333 (pred)       -6.25 (actual)
Steering angle: 1.5984176248741917 (pred)       -6.76 (actual)
Steering angle: 1.741374658141322 (pred)        0.0 (actual)
Steering angle: 1.2496812926231518 (pred)       -7.760000000000002 (actual)
Steering angle: 1.1997258226422074 (pred)       -8.17 (actual)
Steering angle: 1.5856536021410246 (pred)       -8.37 (actual)
Steering angle: 1.6944776188046626 (pred)       -8.570000000000002 (actual)
Steering angle: 1.3317167737534708 (pred)       -8.67 (actual)
Steering angle: 0.9637878233781066 (pred)       -8.67 (actual)
Steering angle: 0.5711211551285726 (pred)       -8.469999999999999 (actual)
Steering angle: 0.5698055433005519 (pred)       -7.87 (actual)
Steering angle: -0.011569486680355349 (pred)    -7.26 (actual)
Steering angle: -0.16248155589643504 (pred)     -6.35 (actual)
Steering angle: -0.23161651723189255 (pred)     -5.45 (actual)
Steering angle: -0.4655422787334841 (pred)      -4.44 (actual)
Steering angle: -1.089775891982575 (pred)       -3.3299999999999996 (actual)
Steering angle: -0.9196216857706885 (pred)      -2.7200000000000006 (actual)
Steering angle: -1.12008122788651 (pred)        -2.12 (actual)
Steering angle: -1.2024763611653126 (pred)      -1.6100000000000003 (actual)
Steering angle: -1.668376050891459 (pred)       -1.21 (actual)
Steering angle: -2.1949525798830596 (pred)      -1.21 (actual)
Steering angle: -2.689050385432486 (pred)       -1.21 (actual)
Steering angle: -2.804873318282977 (pred)       -1.21 (actual)
Steering angle: -1.9891380627362423 (pred)      -1.21 (actual)
Steering angle: -1.4877664258858694 (pred)      -1.21 (actual)
Steering angle: -0.6717943548740054 (pred)      -1.21 (actual)
Steering angle: -1.8316802176960574 (pred)      -1.31 (actual)
Steering angle: -1.8631242742006804 (pred)      -1.31 (actual)
Steering angle: -1.4085368718439562 (pred)      -1.31 (actual)
Steering angle: -1.092274674001742 (pred)       -1.31 (actual)
Steering angle: -0.4518735761004076 (pred)      -1.31 (actual)
Steering angle: 2.9358927817065124 (pred)       -1.71 (actual)
Steering angle: 11.581881766151628 (pred)       -2.02 (actual)
Steering angle: 33.862793829359255 (pred)       -2.02 (actual)
Steering angle: 16.64084408248187 (pred)        -2.02 (actual)
Steering angle: 24.52908761153754 (pred)        -2.02 (actual)
Steering angle: 1.7893991055778569 (pred)       -2.02 (actual)
Steering angle: -4.274229929756429 (pred)       -2.22 (actual)
Steering angle: -4.1356069716827895 (pred)      -2.52 (actual)
Steering angle: -3.616531377782038 (pred)       -2.52 (actual)
Steering angle: -3.0805736906871304 (pred)      -2.52 (actual)
Steering angle: 0.12003114313222567 (pred)      -2.52 (actual)
Steering angle: -0.8190350373286446 (pred)      -2.52 (actual)
Steering angle: 2.2857686960782533 (pred)       -2.52 (actual)
Steering angle: 1.1514210172845847 (pred)       -2.52 (actual)
Steering angle: 1.284294983789484 (pred)        -2.52 (actual)
Steering angle: 0.6149971164179711 (pred)       -2.52 (actual)
Steering angle: 0.8840804228985569 (pred)       -2.52 (actual)
Steering angle: 0.9186937405389188 (pred)       -2.52 (actual)
Steering angle: 0.15949505568184696 (pred)      -2.32 (actual)
Steering angle: 0.002326533186035593 (pred)     -2.32 (actual)
Steering angle: -0.4931058806550408 (pred)      -2.32 (actual)
Steering angle: -0.3271993317353881 (pred)      -2.32 (actual)
Steering angle: -0.45778243678440916 (pred)     -2.32 (actual)
Steering angle: -0.31364834314378864 (pred)     -2.32 (actual)
Steering angle: -1.5661186207845534 (pred)      -2.32 (actual)
Steering angle: -1.5599017612576667 (pred)      -2.32 (actual)
Steering angle: -2.1010876379971015 (pred)      -2.12 (actual)
Steering angle: -1.0627964313176133 (pred)      -1.92 (actual)
Steering angle: 0.7554421341744177 (pred)       -1.6100000000000003 (actual)
Steering angle: 1.1679944713056207 (pred)       -1.51 (actual)
Steering angle: 2.117540709934016 (pred)        -1.41 (actual)
Steering angle: 1.286208077087322 (pred)        -1.41 (actual)
Steering angle: 1.2085665420274367 (pred)       -1.41 (actual)
Steering angle: 1.1504444069549786 (pred)       -1.41 (actual)
Steering angle: 0.9627582790824329 (pred)       -1.41 (actual)
Steering angle: 0.8893094663167306 (pred)       -1.41 (actual)
Steering angle: 1.2212752829170093 (pred)       -1.31 (actual)
Steering angle: -0.14522254831788553 (pred)     -1.11 (actual)
Steering angle: -0.620971664311881 (pred)       -1.01 (actual)
Steering angle: -0.7313180661084914 (pred)      -0.71 (actual)
Steering angle: -0.6240186757336471 (pred)      0.0 (actual)
Steering angle: -0.8148944485877359 (pred)      0.4 (actual)
Steering angle: -0.5982994916922584 (pred)      1.11 (actual)
Steering angle: -1.5597190536973689 (pred)      1.41 (actual)
Steering angle: -1.896984296680784 (pred)       1.6100000000000003 (actual)
Steering angle: -1.3124368572738174 (pred)      1.71 (actual)
Steering angle: -1.3023842061977338 (pred)      1.92 (actual)
Steering angle: -2.7210250622582546 (pred)      2.42 (actual)
Steering angle: -2.7519098970245826 (pred)      2.82 (actual)
Steering angle: -4.099838978546725 (pred)       3.53 (actual)
Steering angle: -2.666354947481003 (pred)       4.34 (actual)
Steering angle: -6.286540263025586 (pred)       4.64 (actual)
Steering angle: -12.909871177608977 (pred)      4.74 (actual)
Steering angle: -13.901200564876397 (pred)      4.74 (actual)
Steering angle: -10.945705994025595 (pred)      4.94 (actual)
Steering angle: -13.065135891595354 (pred)      5.24 (actual)
Steering angle: -11.935502857597992 (pred)      5.65 (actual)
Steering angle: -10.45588324656636 (pred)       5.849999999999999 (actual)
Steering angle: -5.914200184385157 (pred)       0.0 (actual)
Steering angle: -7.376714440414138 (pred)       5.24 (actual)
Steering angle: -6.409866158679336 (pred)       3.829999999999999 (actual)
Steering angle: -4.223792824717293 (pred)       3.23 (actual)
Steering angle: -2.542048279351121 (pred)       2.92 (actual)
Steering angle: -1.6241793908761872 (pred)      0.0 (actual)
Steering angle: -1.8151272542425314 (pred)      2.52 (actual)
Steering angle: -2.3958493608274676 (pred)      2.52 (actual)
Steering angle: -4.122237730156136 (pred)       2.42 (actual)
Steering angle: -5.609781214398628 (pred)       2.42 (actual)
Steering angle: -4.219319904584581 (pred)       0.0 (actual)
Steering angle: -2.8665650809704135 (pred)      2.42 (actual)
Steering angle: -0.8409562093046832 (pred)      2.52 (actual)
Steering angle: -0.173800006444366 (pred)       2.52 (actual)
Steering angle: 0.15147386561552648 (pred)      2.22 (actual)
Steering angle: 0.39665995435603774 (pred)      1.82 (actual)
Steering angle: -0.24051366571905397 (pred)     1.41 (actual)
Steering angle: -0.4123392939260367 (pred)      1.31 (actual)
Steering angle: -0.5780160710131419 (pred)      1.31 (actual)
Steering angle: -0.09181223658663781 (pred)     1.31 (actual)
Steering angle: 0.25188929242085734 (pred)      1.31 (actual)
Steering angle: -0.3170958544469261 (pred)      1.31 (actual)
Steering angle: -1.809529487330883 (pred)       1.21 (actual)
Steering angle: -2.5292077371549087 (pred)      1.31 (actual)
Steering angle: -2.123992463935328 (pred)       1.31 (actual)
Steering angle: -2.172615726863002 (pred)       1.31 (actual)
Steering angle: -1.9997925175112274 (pred)      0.0 (actual)
Steering angle: -2.208673576151969 (pred)       1.51 (actual)
Steering angle: -2.2807805235500282 (pred)      1.51 (actual)
Steering angle: -2.495548564925086 (pred)       1.51 (actual)
Steering angle: -2.60201691337701 (pred)        1.51 (actual)
Steering angle: -1.460741288330833 (pred)       1.51 (actual)
Steering angle: -0.9972703711848612 (pred)      1.51 (actual)
Steering angle: -0.7353280808423764 (pred)      1.51 (actual)
Steering angle: -1.077161706524325 (pred)       1.51 (actual)
Steering angle: -1.5123354701040517 (pred)      1.51 (actual)
Steering angle: -1.7923814436459196 (pred)      1.51 (actual)
Steering angle: -2.198872468136412 (pred)       1.51 (actual)
Steering angle: -2.187170646540888 (pred)       1.6100000000000003 (actual)
Steering angle: -2.336850613663721 (pred)       2.12 (actual)
Steering angle: -2.3660432690631783 (pred)      2.22 (actual)
Steering angle: -3.1518520507615024 (pred)      2.22 (actual)
Steering angle: -3.0052599694737503 (pred)      2.22 (actual)
Steering angle: -2.669147000747657 (pred)       2.32 (actual)
Steering angle: -2.8747809447682924 (pred)      2.42 (actual)
Steering angle: -3.06762962843631 (pred)        2.42 (actual)
Steering angle: -3.0322503157527017 (pred)      2.42 (actual)
Steering angle: -3.565668239693422 (pred)       2.42 (actual)
Steering angle: -3.923534293708948 (pred)       2.22 (actual)
Steering angle: -4.748416239771387 (pred)       1.6100000000000003 (actual)
Steering angle: -4.437871443873003 (pred)       1.11 (actual)
Steering angle: -4.223285256284597 (pred)       0.81 (actual)
Steering angle: -4.1855070530984335 (pred)      0.5 (actual)
Steering angle: -4.9958368542473375 (pred)      0.1 (actual)
Steering angle: -5.179407152814716 (pred)       -0.3 (actual)
Steering angle: -5.001796621184997 (pred)       -1.01 (actual)
Steering angle: -4.665607026274153 (pred)       -2.02 (actual)
Steering angle: -4.395253197886239 (pred)       -2.7200000000000006 (actual)
Steering angle: -4.246305128221655 (pred)       -2.82 (actual)
Steering angle: -3.9365099455846795 (pred)      -2.92 (actual)
Steering angle: -4.011311189166897 (pred)       -2.92 (actual)
Steering angle: -4.26476029935903 (pred)        -2.92 (actual)
Steering angle: -4.135217224013275 (pred)       -2.92 (actual)
Steering angle: -3.627058833727143 (pred)       -2.92 (actual)
Steering angle: -3.7525097719864133 (pred)      -2.62 (actual)
Steering angle: -3.964799308466403 (pred)       -2.02 (actual)
Steering angle: -3.5053903261641786 (pred)      -1.71 (actual)
Steering angle: -3.119368097955745 (pred)       -1.51 (actual)
Steering angle: -2.9984165468122206 (pred)      -1.51 (actual)
Steering angle: -2.142606010084082 (pred)       -1.41 (actual)
Steering angle: -1.3397659382469194 (pred)      -1.21 (actual)
Steering angle: -1.6086668573323246 (pred)      -0.91 (actual)
Steering angle: -0.9268143018535351 (pred)      -0.81 (actual)
Steering angle: -0.6817370292322812 (pred)      -0.61 (actual)
Steering angle: -1.3123096450005258 (pred)      -0.5 (actual)
Steering angle: -1.876189358865857 (pred)       -0.3 (actual)
Steering angle: -2.315479165194162 (pred)       0.0 (actual)
Steering angle: -1.9741784543500334 (pred)      0.2 (actual)
Steering angle: -1.799454958305114 (pred)       0.5 (actual)
Steering angle: -0.647379790324942 (pred)       0.71 (actual)
Steering angle: -0.6145762593712218 (pred)      0.71 (actual)
Steering angle: 0.13995221693978765 (pred)      0.71 (actual)
Steering angle: 0.7096740504023672 (pred)       0.81 (actual)
Steering angle: 0.864984334557112 (pred)        1.01 (actual)
Steering angle: 0.9508421603016994 (pred)       1.11 (actual)
Steering angle: 0.8208568835680397 (pred)       1.31 (actual)
Steering angle: 1.07597079900951 (pred) 1.41 (actual)
Steering angle: 1.5179130666133074 (pred)       1.41 (actual)
Steering angle: 1.4851978478711216 (pred)       1.41 (actual)
Steering angle: 1.7100622962216334 (pred)       1.41 (actual)
Steering angle: 1.6887614975213023 (pred)       1.41 (actual)
Steering angle: 1.7851569177730444 (pred)       1.41 (actual)
Steering angle: 1.2907452436869147 (pred)       1.41 (actual)
Steering angle: 1.1068915989906867 (pred)       1.41 (actual)
Steering angle: 1.265521141638646 (pred)        1.41 (actual)
Steering angle: 1.2300083201011052 (pred)       1.41 (actual)
Steering angle: 1.4508613129747039 (pred)       1.01 (actual)
Steering angle: 1.4893968133850928 (pred)       0.71 (actual)
Steering angle: 1.745182061716781 (pred)        0.2 (actual)
Steering angle: 1.9442833566831221 (pred)       0.0 (actual)
Steering angle: 1.6022093403589008 (pred)       0.0 (actual)
Steering angle: 2.469411565405563 (pred)        0.0 (actual)
Steering angle: 1.3113305800716868 (pred)       0.0 (actual)
Steering angle: 1.502861997725244 (pred)        0.0 (actual)
Steering angle: 2.1650438218378083 (pred)       0.0 (actual)
Steering angle: 1.7656575814663042 (pred)       0.0 (actual)
Steering angle: 2.074465908489919 (pred)        0.0 (actual)
Steering angle: 2.613656409496358 (pred)        0.0 (actual)
Steering angle: 2.293719463158971 (pred)        0.0 (actual)
Steering angle: 1.9603923578405973 (pred)       0.0 (actual)
Steering angle: 2.316844776141342 (pred)        0.0 (actual)
Steering angle: 1.9162460704704545 (pred)       0.0 (actual)
Steering angle: 1.9522753183422719 (pred)       0.0 (actual)
Steering angle: 2.1073248813697925 (pred)       0.0 (actual)
Steering angle: 2.799674903994363 (pred)        0.4 (actual)
Steering angle: 2.0443302600981763 (pred)       0.81 (actual)
Steering angle: 2.11958976668502 (pred) 1.01 (actual)
Steering angle: 2.5691549522893746 (pred)       1.11 (actual)
Steering angle: 3.056731207841908 (pred)        1.51 (actual)
Steering angle: 2.859722085195707 (pred)        2.22 (actual)
Steering angle: 2.3050797752959946 (pred)       3.3299999999999996 (actual)
Steering angle: 2.9449577233955884 (pred)       4.34 (actual)
Steering angle: 4.243217455829987 (pred)        5.139999999999999 (actual)
Steering angle: 3.525709498614732 (pred)        5.75 (actual)
Steering angle: 3.3335342289101955 (pred)       6.25 (actual)
Steering angle: 2.2928398628599203 (pred)       6.96 (actual)
Steering angle: 1.8863385930856729 (pred)       7.460000000000001 (actual)
Steering angle: 2.237381715007179 (pred)        8.27 (actual)
Steering angle: 2.3228813827071635 (pred)       9.28 (actual)
Steering angle: 2.2521278799818245 (pred)       9.979999999999999 (actual)
Steering angle: 2.7821909003795997 (pred)       10.59 (actual)
Steering angle: 3.1528084906887157 (pred)       11.19 (actual)
Steering angle: 3.629254312658479 (pred)        11.6 (actual)
Steering angle: 4.0767606231148985 (pred)       11.8 (actual)
Steering angle: 3.1783913911118216 (pred)       12.0 (actual)
Steering angle: 2.455839339194513 (pred)        12.4 (actual)
Steering angle: 2.6489319886819467 (pred)       12.910000000000002 (actual)
Steering angle: 2.6030862648689403 (pred)       13.82 (actual)
Steering angle: 2.608682324233296 (pred)        15.030000000000001 (actual)
Steering angle: 2.883518037377208 (pred)        15.83 (actual)
Steering angle: 3.718603005399178 (pred)        16.24 (actual)
Steering angle: 3.844243908294739 (pred)        16.64 (actual)
Steering angle: 4.238146040371252 (pred)        16.74 (actual)
Steering angle: 3.4300383985801286 (pred)       16.84 (actual)
Steering angle: 3.4828410969496164 (pred)       16.84 (actual)
Steering angle: 4.032598754375711 (pred)        16.84 (actual)
Steering angle: 4.590346452470252 (pred)        16.939999999999998 (actual)
Steering angle: 4.553759690407433 (pred)        17.04 (actual)
Steering angle: 4.3879585558526655 (pred)       17.239999999999995 (actual)
Steering angle: 4.89379553559464 (pred) 17.55 (actual)
Steering angle: 4.142295007540701 (pred)        17.75 (actual)
Steering angle: 5.110402605403723 (pred)        17.850000000000005 (actual)
Steering angle: 5.240320914267006 (pred)        17.850000000000005 (actual)
Steering angle: 5.393939979550232 (pred)        17.850000000000005 (actual)
Steering angle: 3.574175667191496 (pred)        17.850000000000005 (actual)
Steering angle: 4.457417737730287 (pred)        17.850000000000005 (actual)
Steering angle: 3.6783151345798575 (pred)       17.850000000000005 (actual)
Steering angle: 5.477937219076225 (pred)        17.850000000000005 (actual)
Steering angle: 8.359283256297369 (pred)        17.850000000000005 (actual)
Steering angle: 10.590041822243752 (pred)       17.850000000000005 (actual)
Steering angle: 17.67266026982819 (pred)        17.34 (actual)
Steering angle: 17.18525967820337 (pred)        17.04 (actual)
Steering angle: 21.669746736274888 (pred)       16.64 (actual)
Steering angle: 6.7636114741912285 (pred)       16.13 (actual)
Steering angle: 6.361184412256893 (pred)        15.929999999999998 (actual)
Steering angle: 5.182015004417192 (pred)        15.929999999999998 (actual)
Steering angle: 4.998661564355961 (pred)        15.929999999999998 (actual)
Steering angle: 5.13572339731743 (pred) 15.929999999999998 (actual)
Steering angle: 5.154810787839854 (pred)        15.929999999999998 (actual)
Steering angle: 5.982324064280041 (pred)        15.83 (actual)
Steering angle: 6.561307674277797 (pred)        16.03 (actual)
Steering angle: 7.608992098613347 (pred)        16.03 (actual)
Steering angle: 8.154558581209992 (pred)        16.03 (actual)
Steering angle: 8.545090868704749 (pred)        16.03 (actual)
Steering angle: 7.927922659265214 (pred)        16.03 (actual)
Steering angle: 8.220562968028057 (pred)        16.03 (actual)
Steering angle: 8.036760016142075 (pred)        16.03 (actual)
Steering angle: 8.725028787294152 (pred)        16.03 (actual)
Steering angle: 8.924464334643 (pred)   16.03 (actual)
Steering angle: 9.356392691149912 (pred)        16.03 (actual)
Steering angle: 10.660985289605382 (pred)       16.03 (actual)
Steering angle: 11.452441997417072 (pred)       16.03 (actual)
Steering angle: 12.67623089667035 (pred)        16.44 (actual)
Steering angle: 14.350270134879102 (pred)       16.74 (actual)
Steering angle: 13.936783289131224 (pred)       17.239999999999995 (actual)
Steering angle: 13.81282730852654 (pred)        17.65 (actual)
Steering angle: 16.8794721090619 (pred) 18.05 (actual)
Steering angle: 15.152650022720936 (pred)       18.05 (actual)
Steering angle: 19.094411956890532 (pred)       18.05 (actual)
Steering angle: 21.242023214975763 (pred)       18.05 (actual)
Steering angle: 25.250647578477906 (pred)       18.05 (actual)
Steering angle: 28.556995306613924 (pred)       18.05 (actual)
Steering angle: 25.310956441301826 (pred)       18.05 (actual)
Steering angle: 20.79433163563811 (pred)        18.05 (actual)
Steering angle: 16.066321012898957 (pred)       18.149999999999995 (actual)
Steering angle: 14.288582427616486 (pred)       18.05 (actual)
Steering angle: 13.933278548313362 (pred)       17.95 (actual)
Steering angle: 11.63596320399979 (pred)        17.95 (actual)
Steering angle: 13.871969062776035 (pred)       17.95 (actual)
Steering angle: 13.055734989976477 (pred)       17.75 (actual)
Steering angle: 11.575744841182372 (pred)       17.45 (actual)
Steering angle: 10.726723299045815 (pred)       17.140000000000004 (actual)
Steering angle: 11.341416418684867 (pred)       17.04 (actual)
Steering angle: 11.435111246171811 (pred)       17.04 (actual)
Steering angle: 12.598572499580952 (pred)       16.939999999999998 (actual)
Steering angle: 13.00707586855566 (pred)        0.0 (actual)
Steering angle: 13.512817225649254 (pred)       16.84 (actual)
Steering angle: 13.398112736275353 (pred)       16.44 (actual)
Steering angle: 13.938682935494134 (pred)       16.24 (actual)
Steering angle: 11.4617626443132 (pred) 15.929999999999998 (actual)
Steering angle: 10.975734066937909 (pred)       15.83 (actual)
Steering angle: 10.745796602303075 (pred)       15.63 (actual)
Steering angle: 11.068407781143934 (pred)       15.53 (actual)
Steering angle: 11.111886204079298 (pred)       15.53 (actual)
Steering angle: 11.987872479285418 (pred)       15.53 (actual)
Steering angle: 12.793165442808261 (pred)       15.53 (actual)
Steering angle: 13.459278787840109 (pred)       15.53 (actual)
Steering angle: 12.09980476562994 (pred)        15.33 (actual)
Steering angle: 11.8736956220249 (pred) 15.13 (actual)
Steering angle: 12.28463309966507 (pred)        14.920000000000002 (actual)
Steering angle: 12.826096346117833 (pred)       14.920000000000002 (actual)
Steering angle: 13.653184443282186 (pred)       14.920000000000002 (actual)
Steering angle: 15.370920670479741 (pred)       14.920000000000002 (actual)
Steering angle: 15.409398541169008 (pred)       14.82 (actual)
Steering angle: 14.412838082771005 (pred)       14.920000000000002 (actual)
Steering angle: 14.338056049095828 (pred)       15.13 (actual)
Steering angle: 13.822774625279017 (pred)       15.33 (actual)
Steering angle: 13.70951557468822 (pred)        15.53 (actual)
Steering angle: 14.751239805199287 (pred)       15.83 (actual)
Steering angle: 15.935405069530029 (pred)       16.13 (actual)
Steering angle: 21.99750702397629 (pred)        16.54 (actual)
Steering angle: 23.46243062923499 (pred)        16.64 (actual)
Steering angle: 17.375125276751383 (pred)       16.64 (actual)
Steering angle: 15.496252934202182 (pred)       16.64 (actual)
Steering angle: 14.483515172755004 (pred)       16.64 (actual)
Steering angle: 14.898823117690336 (pred)       16.64 (actual)
Steering angle: 14.01889753088041 (pred)        16.64 (actual)
Steering angle: 14.435819961780805 (pred)       16.64 (actual)
Steering angle: 14.518887014919207 (pred)       16.64 (actual)
Steering angle: 14.404203016112815 (pred)       16.64 (actual)
Steering angle: 14.105168796513194 (pred)       16.64 (actual)
Steering angle: 14.050914042614846 (pred)       16.74 (actual)
Steering angle: 14.40162803479572 (pred)        16.84 (actual)
Steering angle: 14.177955561177082 (pred)       17.04 (actual)
Steering angle: 14.124465788465773 (pred)       17.04 (actual)
Steering angle: 14.351364672693597 (pred)       17.239999999999995 (actual)
Steering angle: 14.729892048948411 (pred)       17.75 (actual)
Steering angle: 14.808661205551584 (pred)       18.45 (actual)
Steering angle: 18.652070123220287 (pred)       19.26 (actual)
Steering angle: 15.663850408508662 (pred)       19.36 (actual)
Steering angle: 14.799052836936667 (pred)       19.36 (actual)
Steering angle: 13.298781295175857 (pred)       19.16 (actual)
Steering angle: 13.220181185754642 (pred)       19.060000000000002 (actual)
Steering angle: 13.485131907622254 (pred)       19.16 (actual)
Steering angle: 13.673256661705562 (pred)       19.76 (actual)
Steering angle: 13.84242849461573 (pred)        20.07 (actual)
Steering angle: 13.655701367991336 (pred)       20.07 (actual)
Steering angle: 13.34843420912091 (pred)        20.07 (actual)
Steering angle: 13.233648611250615 (pred)       20.07 (actual)
Steering angle: 12.935191542635861 (pred)       20.07 (actual)
Steering angle: 12.971175540504426 (pred)       20.07 (actual)
Steering angle: 12.915195310067002 (pred)       20.07 (actual)
Steering angle: 12.828740483100272 (pred)       20.07 (actual)
Steering angle: 12.908182413336691 (pred)       20.07 (actual)
Steering angle: 12.957813129166944 (pred)       20.07 (actual)
Steering angle: 13.086102864799999 (pred)       0.0 (actual)
Steering angle: 13.077230449068153 (pred)       19.46 (actual)
Steering angle: 13.098775427031311 (pred)       18.859999999999996 (actual)
Steering angle: 13.12868909427503 (pred)        18.25 (actual)
Steering angle: 13.0304590211792 (pred) 18.149999999999995 (actual)
Steering angle: 13.010740265045373 (pred)       18.149999999999995 (actual)
Steering angle: 12.99110432495523 (pred)        18.149999999999995 (actual)
Steering angle: 13.059255952493618 (pred)       18.05 (actual)
Steering angle: 12.960944770901394 (pred)       17.850000000000005 (actual)
Steering angle: 12.97582348423462 (pred)        17.850000000000005 (actual)
Steering angle: 13.053938650224763 (pred)       17.850000000000005 (actual)
Steering angle: 12.867298608512288 (pred)       17.850000000000005 (actual)
Steering angle: 12.81870778898317 (pred)        17.75 (actual)
Steering angle: 12.82884378971147 (pred)        17.75 (actual)
Steering angle: 12.633851280417714 (pred)       17.55 (actual)
Steering angle: 12.586921904404203 (pred)       16.939999999999998 (actual)
Steering angle: 12.587053385545726 (pred)       16.13 (actual)
Steering angle: 12.623177402292278 (pred)       15.33 (actual)
Steering angle: 12.547613311957134 (pred)       15.33 (actual)
Steering angle: 12.518631965535123 (pred)       14.920000000000002 (actual)
Steering angle: 12.560979138389202 (pred)       14.420000000000002 (actual)
Steering angle: 12.591238583959651 (pred)       14.02 (actual)
Steering angle: 12.634226087048418 (pred)       13.82 (actual)
Steering angle: 12.5807841256613 (pred) 13.71 (actual)
Steering angle: 12.478053811676077 (pred)       13.71 (actual)
Steering angle: 12.504753021141656 (pred)       13.71 (actual)
Steering angle: 12.502507596452016 (pred)       13.71 (actual)
Steering angle: 12.644238290598011 (pred)       0.0 (actual)
Steering angle: 12.693009256366487 (pred)       13.610000000000001 (actual)
Steering angle: 12.438055370122836 (pred)       13.610000000000001 (actual)
Steering angle: 12.314642389557168 (pred)       13.610000000000001 (actual)
Steering angle: 12.192670578906373 (pred)       13.610000000000001 (actual)
Steering angle: 12.16289266167241 (pred)        13.610000000000001 (actual)
Steering angle: 12.21439143424066 (pred)        13.610000000000001 (actual)
Steering angle: 12.058846682498313 (pred)       13.92 (actual)
Steering angle: 12.08602059011121 (pred)        14.22 (actual)
Steering angle: 11.848621143808137 (pred)       14.420000000000002 (actual)
Steering angle: 11.698637873597473 (pred)       14.52 (actual)
Steering angle: 11.560308613658144 (pred)       14.52 (actual)
Steering angle: 11.477678692626622 (pred)       14.52 (actual)
Steering angle: 11.369042826330277 (pred)       14.62 (actual)
Steering angle: 11.198307733873822 (pred)       14.82 (actual)
Steering angle: 11.130495054472997 (pred)       15.030000000000001 (actual)
Steering angle: 10.832702221755026 (pred)       15.33 (actual)
Steering angle: 10.522577482490597 (pred)       15.63 (actual)
Steering angle: 10.614202762659025 (pred)       15.83 (actual)
Steering angle: 10.323524425735268 (pred)       15.83 (actual)
Steering angle: 10.463533912210421 (pred)       15.929999999999998 (actual)
Steering angle: 10.055383151751617 (pred)       15.929999999999998 (actual)
Steering angle: 9.017739959269633 (pred)        16.13 (actual)
Steering angle: 8.695570181403886 (pred)        16.44 (actual)
Steering angle: 8.380428668194083 (pred)        16.84 (actual)
Steering angle: 7.826749628410754 (pred)        17.140000000000004 (actual)
Steering angle: 7.6159776745869765 (pred)       17.239999999999995 (actual)
Steering angle: 7.050531499524186 (pred)        17.34 (actual)
Steering angle: 6.97089064002819 (pred) 17.55 (actual)
Steering angle: 6.139410304340696 (pred)        17.95 (actual)
Steering angle: 5.876152615613601 (pred)        18.66 (actual)
Steering angle: 5.509510622288255 (pred)        19.56 (actual)
Steering angle: 5.475164589160023 (pred)        20.370000000000005 (actual)
Steering angle: 5.265361241537918 (pred)        20.869999999999997 (actual)
Steering angle: 5.286927136955411 (pred)        21.58 (actual)
Steering angle: 4.724390195592222 (pred)        21.88 (actual)
Steering angle: 4.83399466809024 (pred) 22.179999999999996 (actual)
Steering angle: 4.596808238311907 (pred)        22.789999999999996 (actual)
Steering angle: 4.109314585359648 (pred)        23.189999999999998 (actual)
Steering angle: 3.744583764341437 (pred)        23.5 (actual)
Steering angle: 3.243988741344036 (pred)        23.6 (actual)
Steering angle: 3.271213235045472 (pred)        23.7 (actual)
Steering angle: 3.1958559713761328 (pred)       23.9 (actual)
Steering angle: 2.574773850098768 (pred)        24.1 (actual)
Steering angle: 1.9151560149676028 (pred)       24.1 (actual)
Steering angle: 2.079943293317446 (pred)        24.1 (actual)
Steering angle: 2.0562754071828824 (pred)       24.1 (actual)
Steering angle: 2.398559451824082 (pred)        24.1 (actual)
Steering angle: 2.3540588483907445 (pred)       24.200000000000003 (actual)
Steering angle: 2.5271610282814323 (pred)       23.799999999999997 (actual)
Steering angle: 2.5211022236008076 (pred)       23.5 (actual)
Steering angle: 2.366385632295325 (pred)        22.789999999999996 (actual)
Steering angle: 1.5480927910695377 (pred)       22.29 (actual)
Steering angle: 1.4290140991407718 (pred)       21.18 (actual)
Steering angle: 1.0958482503198337 (pred)       20.57 (actual)
Steering angle: 1.509991434558268 (pred)        20.07 (actual)
Steering angle: 2.078700625775327 (pred)        19.97 (actual)
Steering angle: 2.3449102368843358 (pred)       19.76 (actual)
Steering angle: 2.269142948421384 (pred)        19.26 (actual)
Steering angle: 1.8873136025896922 (pred)       18.859999999999996 (actual)
Steering angle: 1.3016158099161073 (pred)       18.55 (actual)
Steering angle: 1.2696118913429548 (pred)       18.35 (actual)
Steering angle: 0.5867115421568028 (pred)       18.05 (actual)
Steering angle: 0.08694828812394248 (pred)      17.45 (actual)
Steering angle: -0.8468947386228919 (pred)      16.939999999999998 (actual)
Steering angle: -1.4201866132470593 (pred)      16.34 (actual)
Steering angle: -0.8890439960735993 (pred)      15.730000000000002 (actual)
Steering angle: 0.7963710289195142 (pred)       15.43 (actual)
Steering angle: 1.8683640965111379 (pred)       15.030000000000001 (actual)
Steering angle: 1.71714840404211 (pred) 14.52 (actual)
Steering angle: 1.743216247896287 (pred)        13.92 (actual)
Steering angle: 1.9310387661088213 (pred)       13.11 (actual)
Steering angle: 2.520332973545535 (pred)        13.01 (actual)
Steering angle: 2.645137605154593 (pred)        13.01 (actual)
Steering angle: 2.328483205043632 (pred)        13.01 (actual)
Steering angle: 1.9606036668180447 (pred)       13.01 (actual)
Steering angle: 1.719278462567802 (pred)        13.01 (actual)
Steering angle: 1.848669886369641 (pred)        13.01 (actual)
Steering angle: 3.768144074996573 (pred)        13.01 (actual)
Steering angle: 5.094726894371721 (pred)        13.01 (actual)
Steering angle: 5.796816553309318 (pred)        13.01 (actual)
Steering angle: 5.902725893466359 (pred)        13.01 (actual)
Steering angle: 6.091870480170114 (pred)        13.01 (actual)
Steering angle: 6.000192266035618 (pred)        13.01 (actual)
Steering angle: 6.736772672734487 (pred)        13.01 (actual)
Steering angle: 7.4957501234954735 (pred)       13.01 (actual)
Steering angle: 8.783285178272482 (pred)        13.01 (actual)
Steering angle: 9.186727377072211 (pred)        13.01 (actual)
Steering angle: 8.869217495767705 (pred)        13.01 (actual)
Steering angle: 8.21464034024401 (pred) 13.01 (actual)
Steering angle: 7.861423083732324 (pred)        13.01 (actual)
Steering angle: 8.063716211475176 (pred)        13.01 (actual)
Steering angle: 8.038962752149404 (pred)        12.910000000000002 (actual)
Steering angle: 8.25566843281463 (pred) 12.81 (actual)
Steering angle: 8.398468905339378 (pred)        12.709999999999999 (actual)
Steering angle: 8.53330623106554 (pred) 12.5 (actual)
Steering angle: 8.301885761607167 (pred)        0.0 (actual)
Steering angle: 8.20486890086266 (pred) 11.5 (actual)
Steering angle: 8.122506210982415 (pred)        11.089999999999998 (actual)
Steering angle: 7.444475039622541 (pred)        10.18 (actual)
Steering angle: 7.215530513738299 (pred)        8.87 (actual)
Steering angle: 7.2798896787400365 (pred)       7.969999999999999 (actual)
Steering angle: 7.220572900893061 (pred)        6.96 (actual)
Steering angle: 6.970670793314281 (pred)        6.659999999999999 (actual)
Steering angle: 6.872710512690666 (pred)        6.150000000000001 (actual)
Steering angle: 6.896497500248881 (pred)        5.65 (actual)
Steering angle: 6.715202935335586 (pred)        0.0 (actual)
Steering angle: 6.6341533493232765 (pred)       4.34 (actual)
Steering angle: 6.606127375611422 (pred)        4.24 (actual)
Steering angle: 6.164723839178409 (pred)        4.24 (actual)
Steering angle: 5.783353396681576 (pred)        3.9300000000000006 (actual)
Steering angle: 5.550572438917903 (pred)        3.23 (actual)
Steering angle: 5.334834510680703 (pred)        2.42 (actual)
Steering angle: 5.285663125072135 (pred)        1.92 (actual)
Steering angle: 5.229577026702575 (pred)        1.71 (actual)
Steering angle: 5.3472867993112825 (pred)       1.6100000000000003 (actual)
Steering angle: 5.509240402929217 (pred)        1.6100000000000003 (actual)
Steering angle: 5.633945569908486 (pred)        1.6100000000000003 (actual)
Steering angle: 5.716835038128469 (pred)        1.6100000000000003 (actual)
Steering angle: 5.748474608798084 (pred)        1.51 (actual)
Steering angle: 5.806878275730393 (pred)        1.31 (actual)
Steering angle: 5.919153352193886 (pred)        1.31 (actual)
Steering angle: 6.1967377895919045 (pred)       1.31 (actual)
Steering angle: 6.050439833325286 (pred)        1.31 (actual)
Steering angle: 6.317279529385228 (pred)        1.31 (actual)
Steering angle: 6.704942283654935 (pred)        1.41 (actual)
Steering angle: 6.694892514064907 (pred)        1.71 (actual)
Steering angle: 6.573815458195384 (pred)        1.82 (actual)
Steering angle: 6.764735040309696 (pred)        1.82 (actual)
Steering angle: 6.89086387484409 (pred) 2.02 (actual)
Steering angle: 7.197868498318292 (pred)        2.52 (actual)
Steering angle: 7.05948416997878 (pred) 2.92 (actual)
Steering angle: 7.149544056166806 (pred)        2.92 (actual)
Steering angle: 7.086057020944715 (pred)        2.92 (actual)
Steering angle: 6.816152277494728 (pred)        2.92 (actual)
Steering angle: 6.4170002912674144 (pred)       3.13 (actual)
Steering angle: 6.523649426288933 (pred)        3.23 (actual)
Steering angle: 6.332468589438867 (pred)        3.3299999999999996 (actual)
Steering angle: 6.260097185653882 (pred)        3.4300000000000006 (actual)
Steering angle: 6.1655012000833205 (pred)       3.4300000000000006 (actual)
Steering angle: 6.118194883004989 (pred)        3.4300000000000006 (actual)
Steering angle: 6.0009320609000945 (pred)       3.4300000000000006 (actual)
Steering angle: 5.998132537114036 (pred)        3.4300000000000006 (actual)
Steering angle: 5.625849234421083 (pred)        3.4300000000000006 (actual)
Steering angle: 5.718298406158144 (pred)        3.4300000000000006 (actual)
Steering angle: 5.479275509266724 (pred)        3.4300000000000006 (actual)
Steering angle: 5.37639877310117 (pred) 3.4300000000000006 (actual)
Steering angle: 5.3935472436729555 (pred)       3.03 (actual)
Steering angle: 5.327659396957605 (pred)        2.02 (actual)
Steering angle: 5.273309447297698 (pred)        1.82 (actual)
Steering angle: 5.040440123961637 (pred)        1.82 (actual)
Steering angle: 5.087830537744124 (pred)        1.82 (actual)
Steering angle: 5.142834051130237 (pred)        1.82 (actual)
Steering angle: 5.213173473637143 (pred)        1.82 (actual)
Steering angle: 5.234927199256811 (pred)        1.82 (actual)
Steering angle: 5.122813912899283 (pred)        0.0 (actual)
Steering angle: 4.991812592165731 (pred)        2.32 (actual)
Steering angle: 4.91564659140998 (pred) 2.32 (actual)
Steering angle: 4.834434361518059 (pred)        2.32 (actual)
Steering angle: 4.921147881899602 (pred)        2.32 (actual)
Steering angle: 4.882798504144096 (pred)        2.32 (actual)
Steering angle: 4.548738647593827 (pred)        2.32 (actual)
Steering angle: 4.350501371557493 (pred)        2.32 (actual)
Steering angle: 3.731722945021126 (pred)        2.32 (actual)
Steering angle: 4.1021962475840255 (pred)       2.32 (actual)
Steering angle: 3.8329010985174636 (pred)       2.22 (actual)
Steering angle: 4.018943071790741 (pred)        1.92 (actual)
Steering angle: 4.053577680411405 (pred)        0.0 (actual)
Steering angle: 3.746532075802183 (pred)        1.31 (actual)
Steering angle: 3.6372076410601357 (pred)       1.21 (actual)
Steering angle: 3.5609071709551 (pred)  1.11 (actual)
Steering angle: 3.562734673444902 (pred)        0.91 (actual)
Steering angle: 3.4296034009073635 (pred)       0.71 (actual)
Steering angle: 3.4726034971574133 (pred)       0.5 (actual)
Steering angle: 3.3495642560053924 (pred)       0.5 (actual)
Steering angle: 3.4095595704577266 (pred)       0.3 (actual)
Steering angle: 3.3195978682390193 (pred)       0.2 (actual)
Steering angle: 3.2228550688349586 (pred)       0.0 (actual)
Steering angle: 2.976608606566016 (pred)        -0.4 (actual)
Steering angle: 3.0222600968745 (pred)  -0.81 (actual)
Steering angle: 2.880573585514698 (pred)        -1.51 (actual)
Steering angle: 2.910507316439102 (pred)        -2.42 (actual)
Steering angle: 2.7597631204662165 (pred)       -3.4300000000000006 (actual)
Steering angle: 2.819165916008052 (pred)        -4.13 (actual)
Steering angle: 2.70299464350989 (pred) -4.94 (actual)
Steering angle: 2.687401748521574 (pred)        -5.139999999999999 (actual)
Steering angle: 2.765956181052714 (pred)        -5.45 (actual)
Steering angle: 2.8285345876717822 (pred)       -5.949999999999999 (actual)
Steering angle: 2.6538522862052947 (pred)       -6.55 (actual)
Steering angle: 2.5876587885245854 (pred)       -7.26 (actual)
Steering angle: 2.3634136462327233 (pred)       -7.559999999999999 (actual)
Steering angle: 2.1472812745709557 (pred)       -7.760000000000002 (actual)
Steering angle: 1.8325132873313872 (pred)       -8.27 (actual)
Steering angle: 1.7443420551705753 (pred)       -8.87 (actual)
Steering angle: 1.3967352654535263 (pred)       -9.68 (actual)
Steering angle: 1.2073363609248942 (pred)       -10.89 (actual)
Steering angle: 1.0707435698603345 (pred)       -11.6 (actual)
Steering angle: 0.6131444809664579 (pred)       -12.4 (actual)
Steering angle: 0.40965166784848955 (pred)      -13.01 (actual)
Steering angle: 0.23696794376617109 (pred)      -13.92 (actual)
Steering angle: -0.14549831720562478 (pred)     -14.72 (actual)
Steering angle: -0.6494595295663579 (pred)      -15.929999999999998 (actual)
Steering angle: -1.0704865839928128 (pred)      -16.939999999999998 (actual)
Steering angle: -1.1902841533317225 (pred)      -17.75 (actual)
Steering angle: -1.306398970047526 (pred)       -18.859999999999996 (actual)
Steering angle: -1.4097448548316964 (pred)      -19.46 (actual)
Steering angle: -1.4088134945053419 (pred)      -19.97 (actual)
Steering angle: -1.2628013389668058 (pred)      -20.07 (actual)
Steering angle: -1.254794756433964 (pred)       -20.07 (actual)
Steering angle: -1.1849716535396277 (pred)      -20.07 (actual)
Steering angle: -1.1909576740169092 (pred)      -20.07 (actual)
Steering angle: -1.5525043462214254 (pred)      -20.07 (actual)
Steering angle: -1.714966585489114 (pred)       -20.07 (actual)
Steering angle: -1.8630491421198103 (pred)      -20.07 (actual)
Steering angle: -1.7671551004418296 (pred)      -20.07 (actual)
Steering angle: -1.519528086186898 (pred)       -20.07 (actual)
Steering angle: -1.455189198309259 (pred)       -20.07 (actual)
Steering angle: -1.0663957275667983 (pred)      -20.07 (actual)
Steering angle: -1.1430796487607067 (pred)      -20.07 (actual)
Steering angle: -1.4772778166416687 (pred)      0.0 (actual)
Steering angle: -1.4191152340427193 (pred)      -20.17 (actual)
Steering angle: -1.1903678231490553 (pred)      -20.17 (actual)
Steering angle: -1.3095011565911812 (pred)      -20.27 (actual)
Steering angle: -0.8984502337777647 (pred)      -20.27 (actual)
Steering angle: -0.8925143725022004 (pred)      -20.27 (actual)
Steering angle: -0.461402383683663 (pred)       -20.27 (actual)
Steering angle: -0.2988218167246892 (pred)      -19.97 (actual)
Steering angle: -0.05326778822822989 (pred)     -19.46 (actual)
Steering angle: 0.23460643254106564 (pred)      -19.16 (actual)
Steering angle: 0.35285498968141055 (pred)      -19.060000000000002 (actual)
Steering angle: 0.25745160104576 (pred) -19.060000000000002 (actual)
Steering angle: 0.20356503703235596 (pred)      -19.060000000000002 (actual)
Steering angle: 0.2845783910255532 (pred)       -18.760000000000005 (actual)
Steering angle: 0.3702103402798543 (pred)       -18.55 (actual)
Steering angle: 0.4762817373471242 (pred)       -18.35 (actual)
Steering angle: 0.49128995747031656 (pred)      -18.05 (actual)
Steering angle: 0.713557706636607 (pred)        -17.55 (actual)
Steering angle: 0.9517496149659591 (pred)       -17.04 (actual)
Steering angle: 1.0238898595362222 (pred)       -16.44 (actual)
Steering angle: 1.2069462930902628 (pred)       -16.13 (actual)
Steering angle: 1.192533633446184 (pred)        -16.13 (actual)
Steering angle: 1.0778010762636618 (pred)       -16.13 (actual)
Steering angle: 0.9178604574601773 (pred)       -16.13 (actual)
Steering angle: 0.9380560461754356 (pred)       -16.13 (actual)
Steering angle: 1.0304164254532868 (pred)       -16.13 (actual)
Steering angle: 1.037952045098515 (pred)        -16.34 (actual)
Steering angle: 1.2119915617310808 (pred)       -16.64 (actual)
Steering angle: 1.2395575648910178 (pred)       -17.04 (actual)
Steering angle: 1.1071468773109159 (pred)       -17.140000000000004 (actual)
Steering angle: 1.0398225564357464 (pred)       -17.239999999999995 (actual)
Steering angle: 1.2934812680580337 (pred)       -17.239999999999995 (actual)
Steering angle: 1.2150783803491034 (pred)       -17.239999999999995 (actual)
Steering angle: 1.3275619910256933 (pred)       -17.239999999999995 (actual)
Steering angle: 1.1837115903594662 (pred)       -17.239999999999995 (actual)
Steering angle: 1.0860836411276542 (pred)       -17.239999999999995 (actual)
Steering angle: 1.1544686690365855 (pred)       -17.239999999999995 (actual)
Steering angle: 0.9522115065085812 (pred)       -17.34 (actual)
Steering angle: 0.6010733489080768 (pred)       -17.34 (actual)
Steering angle: 0.08708062303911149 (pred)      -17.34 (actual)
Steering angle: 0.1348329901568631 (pred)       -17.34 (actual)
Steering angle: 0.6027705975559722 (pred)       -17.34 (actual)
Steering angle: 0.8415819720265327 (pred)       -17.34 (actual)
Steering angle: 0.8234598793329021 (pred)       -17.34 (actual)
Steering angle: 0.5234714609618895 (pred)       -17.34 (actual)
Steering angle: 0.09066988744795318 (pred)      -17.34 (actual)
Steering angle: -0.1283656681267205 (pred)      -17.239999999999995 (actual)
Steering angle: 0.13394165047017645 (pred)      -17.239999999999995 (actual)
Steering angle: 0.20631588238036538 (pred)      -17.239999999999995 (actual)
Steering angle: -0.1866074382313597 (pred)      -17.239999999999995 (actual)
Steering angle: -0.23332406452439575 (pred)     -17.45 (actual)
Steering angle: -0.4125476146957221 (pred)      -17.65 (actual)
Steering angle: -0.42841136937331137 (pred)     -18.05 (actual)
Steering angle: -0.3739105419018558 (pred)      -18.05 (actual)
Steering angle: 0.017225737086772157 (pred)     -18.05 (actual)
Steering angle: 0.22683370394601757 (pred)      -18.149999999999995 (actual)
Steering angle: 0.10035167392633965 (pred)      -18.35 (actual)
Steering angle: -0.17023124594324754 (pred)     -18.45 (actual)
Steering angle: -0.05789011541398271 (pred)     -18.55 (actual)
Steering angle: -0.0746582231562574 (pred)      -18.55 (actual)
Steering angle: 0.03503716289487291 (pred)      -18.55 (actual)
Steering angle: 0.04188186288181863 (pred)      -18.55 (actual)
Steering angle: -0.10036874939926468 (pred)     -18.55 (actual)
Steering angle: -0.32268460337443616 (pred)     -18.859999999999996 (actual)
Steering angle: -0.7000600788978982 (pred)      -19.36 (actual)
Steering angle: -0.5452780671867716 (pred)      -19.66 (actual)
Steering angle: -0.23546532882919474 (pred)     -20.07 (actual)
Steering angle: -0.12453051690775833 (pred)     -20.27 (actual)
Steering angle: -0.3714448702919076 (pred)      -20.57 (actual)
Steering angle: -0.5170383832590895 (pred)      -20.57 (actual)
Steering angle: -0.4718105781225575 (pred)      -20.57 (actual)
Steering angle: -0.13459564108320515 (pred)     -20.57 (actual)
Steering angle: -0.05471066569039508 (pred)     -20.57 (actual)
Steering angle: -0.036674700748383464 (pred)    -20.57 (actual)
Steering angle: -0.2346055787674194 (pred)      -20.469999999999995 (actual)
Steering angle: -0.5144335732252288 (pred)      -20.17 (actual)
Steering angle: -0.6573600840845057 (pred)      -19.76 (actual)
Steering angle: -0.10234694293762962 (pred)     -19.56 (actual)
Steering angle: -0.3066465988317322 (pred)      -19.36 (actual)
Steering angle: -0.7474485716896814 (pred)      -19.26 (actual)
Steering angle: -2.1304755941181392 (pred)      -19.16 (actual)
Steering angle: -3.0522700270968324 (pred)      -19.16 (actual)
Steering angle: -3.3634927192703405 (pred)      -19.16 (actual)
Steering angle: -2.7168729475731213 (pred)      -19.36 (actual)
Steering angle: -2.2438520385852962 (pred)      -19.76 (actual)
Steering angle: -2.0416997834940753 (pred)      -20.370000000000005 (actual)
Steering angle: -2.496849929405385 (pred)       -20.469999999999995 (actual)
Steering angle: -2.2545030782656967 (pred)      -20.370000000000005 (actual)
Steering angle: -2.3914210503677724 (pred)      -20.17 (actual)
Steering angle: -2.4529207139848017 (pred)      -20.17 (actual)
Steering angle: -2.407652781486896 (pred)       -20.17 (actual)
Steering angle: -2.7726683360161326 (pred)      -20.17 (actual)
Steering angle: -2.6248717935569306 (pred)      -20.07 (actual)
Steering angle: -2.2694272550455863 (pred)      -19.97 (actual)
Steering angle: -3.759767274866375 (pred)       -19.46 (actual)
Steering angle: -2.865659867461975 (pred)       -18.45 (actual)
Steering angle: -0.7054898658446468 (pred)      -17.65 (actual)
Steering angle: -0.5624666651199318 (pred)      -16.54 (actual)
Steering angle: -0.947902724359361 (pred)       -15.43 (actual)
Steering angle: -1.0416101450075856 (pred)      -14.52 (actual)
Steering angle: -0.9695990337013181 (pred)      -13.51 (actual)
Steering angle: -0.9347495942869147 (pred)      -12.709999999999999 (actual)
Steering angle: -0.5233322958575505 (pred)      -12.0 (actual)
Steering angle: -0.4385993168918994 (pred)      -11.39 (actual)
Steering angle: -0.06099870525998476 (pred)     -10.79 (actual)
Steering angle: -0.18461814563559348 (pred)     -10.08 (actual)
Steering angle: 0.14355342083946365 (pred)      0.0 (actual)
Steering angle: 0.09376140182103021 (pred)      -8.87 (actual)
Steering angle: -0.033946040174963374 (pred)    -8.37 (actual)
Steering angle: -0.11616098719376719 (pred)     -8.07 (actual)
Steering angle: -0.5004071927952257 (pred)      -7.460000000000001 (actual)
Steering angle: -0.6578245369480665 (pred)      -6.860000000000001 (actual)
Steering angle: -0.69350501828539 (pred)        -5.849999999999999 (actual)
Steering angle: -0.5453993030445393 (pred)      -5.04 (actual)
Steering angle: 0.008322585503660537 (pred)     -4.44 (actual)
Steering angle: 0.30678491016242493 (pred)      -4.13 (actual)
Steering angle: 0.6863831053326237 (pred)       -3.53 (actual)
Steering angle: 0.8748030516541226 (pred)       -3.13 (actual)
Steering angle: 0.7567790903435948 (pred)       -2.82 (actual)
Steering angle: 0.43581774903283815 (pred)      -2.42 (actual)
Steering angle: 0.7412103144607854 (pred)       -2.02 (actual)
Steering angle: 0.619957434580987 (pred)        -1.41 (actual)
Steering angle: 0.4459775220210999 (pred)       -0.91 (actual)
Steering angle: 1.1228360352778466 (pred)       -0.91 (actual)
Steering angle: 1.2760067626750848 (pred)       -0.81 (actual)
Steering angle: 0.609419573269568 (pred)        -0.61 (actual)
Steering angle: 1.0517768815871495 (pred)       -0.3 (actual)
Steering angle: 1.3782050689569874 (pred)       0.0 (actual)
Steering angle: 1.3928289308568078 (pred)       0.2 (actual)
Steering angle: 1.6286180533413435 (pred)       0.4 (actual)
Steering angle: 1.720793163737958 (pred)        0.71 (actual)
Steering angle: 1.8305867470986206 (pred)       1.41 (actual)
Steering angle: 1.820682119028456 (pred)        2.32 (actual)
Steering angle: 1.839765881012883 (pred)        2.7200000000000006 (actual)
Steering angle: 2.0653791955728633 (pred)       3.03 (actual)
Steering angle: 2.0313829961961827 (pred)       3.4300000000000006 (actual)
Steering angle: 2.061722909932791 (pred)        3.9300000000000006 (actual)
Steering angle: 2.1283191753311193 (pred)       4.84 (actual)
Steering angle: 2.0699671617044078 (pred)       5.65 (actual)
Steering angle: 2.3117590599740327 (pred)       6.76 (actual)
Steering angle: 2.565442104145238 (pred)        7.16 (actual)
Steering angle: 2.593009601409056 (pred)        7.16 (actual)
Steering angle: 2.467873278738429 (pred)        7.16 (actual)
Steering angle: 2.1441566764690863 (pred)       7.460000000000001 (actual)
Steering angle: 1.9917079214114595 (pred)       7.87 (actual)
Steering angle: 1.9054705932811131 (pred)       8.570000000000002 (actual)
Steering angle: 2.13183181355521 (pred) 9.18 (actual)
Steering angle: 2.3922598829752144 (pred)       9.48 (actual)
Steering angle: 2.6381627013515407 (pred)       9.48 (actual)
Steering angle: 2.667983520711228 (pred)        8.97 (actual)
Steering angle: 2.650037838997254 (pred)        8.37 (actual)
Steering angle: 2.0507672865040902 (pred)       0.0 (actual)
Steering angle: 1.8341777190547548 (pred)       7.36 (actual)
Steering angle: 1.5310921300602587 (pred)       6.76 (actual)
Steering angle: 1.601277980032546 (pred)        5.949999999999999 (actual)
Steering angle: 2.0251305983412706 (pred)       4.64 (actual)
Steering angle: 2.3319742854831547 (pred)       2.92 (actual)
Steering angle: 2.5200081126731364 (pred)       1.71 (actual)
Steering angle: 2.676455089716159 (pred)        0.81 (actual)
Steering angle: 2.75781886443029 (pred) 0.61 (actual)
Steering angle: 2.2105636175613586 (pred)       0.3 (actual)
Steering angle: 2.1162340093684278 (pred)       0.0 (actual)
Steering angle: 2.2419848356209444 (pred)       -0.3 (actual)
Steering angle: 2.0397136925494825 (pred)       -0.3 (actual)
Steering angle: 1.1741375861338124 (pred)       -0.4 (actual)
Steering angle: 1.3500311789609196 (pred)       -0.5 (actual)
Steering angle: 1.6954566837335017 (pred)       -0.61 (actual)
Steering angle: 2.2233117387603643 (pred)       -0.5 (actual)
Steering angle: 2.3551572281866475 (pred)       0.1 (actual)
Steering angle: 2.1035097938315173 (pred)       0.4 (actual)
Steering angle: 1.3321539058603515 (pred)       0.4 (actual)
Steering angle: 1.0937208598367865 (pred)       0.4 (actual)
Steering angle: 1.0771531687878626 (pred)       0.4 (actual)
Steering angle: 1.3582544065564977 (pred)       0.5 (actual)
Steering angle: 1.9437540170224463 (pred)       0.5 (actual)
Steering angle: 2.254956645515268 (pred)        0.81 (actual)
Steering angle: 2.289909284819162 (pred)        1.41 (actual)
Steering angle: 2.149585396198777 (pred)        2.02 (actual)
Steering angle: 1.8882461368548105 (pred)       0.0 (actual)
Steering angle: 1.073522389635472 (pred)        2.82 (actual)
Steering angle: 0.7760470539922008 (pred)       2.62 (actual)
Steering angle: 0.9233772225971377 (pred)       2.62 (actual)
Steering angle: 1.3922015139485187 (pred)       3.23 (actual)
Steering angle: 2.228962012751257 (pred)        3.7300000000000004 (actual)
Steering angle: 2.2000306120875526 (pred)       4.24 (actual)
Steering angle: 1.899246583399939 (pred)        0.0 (actual)
Steering angle: 1.8602088506421428 (pred)       4.74 (actual)
Steering angle: 2.1145695776450606 (pred)       4.74 (actual)
Steering angle: 2.28399967708322 (pred) 4.94 (actual)
Steering angle: 2.4319385862979344 (pred)       5.139999999999999 (actual)
Steering angle: 2.6405084444446167 (pred)       5.45 (actual)
Steering angle: 2.3683834626275537 (pred)       5.75 (actual)
Steering angle: 2.119803210096583 (pred)        5.75 (actual)
Steering angle: 2.0577110275690544 (pred)       5.75 (actual)
Steering angle: 1.973969706693525 (pred)        5.75 (actual)
Steering angle: 1.8925369897574593 (pred)       5.949999999999999 (actual)
Steering angle: 1.7832713586752977 (pred)       6.150000000000001 (actual)
Steering angle: 1.9952248285037815 (pred)       6.35 (actual)
Steering angle: 1.9479347331247288 (pred)       6.45 (actual)
Steering angle: 2.029034478338756 (pred)        6.45 (actual)
Steering angle: 1.979508990110405 (pred)        6.55 (actual)
Steering angle: 2.189766972199139 (pred)        6.55 (actual)
Steering angle: 2.669839411174767 (pred)        6.659999999999999 (actual)
Steering angle: 2.623438947935109 (pred)        6.55 (actual)
Steering angle: 2.1293221459220533 (pred)       5.45 (actual)
Steering angle: 1.6217986430636147 (pred)       4.03 (actual)
Steering angle: 1.2437695504530941 (pred)       2.52 (actual)
Steering angle: 1.0821208507485776 (pred)       1.31 (actual)
Steering angle: 1.1408848101596054 (pred)       0.71 (actual)
Steering angle: 1.701291372831985 (pred)        0.61 (actual)
Steering angle: 1.8824596859673401 (pred)       0.5 (actual)
Steering angle: 2.0565957857436383 (pred)       0.5 (actual)
Steering angle: 2.0029845637311507 (pred)       0.5 (actual)
Steering angle: 1.7609500870242845 (pred)       0.5 (actual)
Steering angle: 1.9519201485054312 (pred)       0.5 (actual)
Steering angle: 2.0453436894162773 (pred)       0.5 (actual)
Steering angle: 2.1802205021735768 (pred)       0.61 (actual)
Steering angle: 1.8787376597565064 (pred)       0.61 (actual)
Steering angle: 1.8064059564460713 (pred)       0.71 (actual)
Steering angle: 1.7437168794181077 (pred)       0.0 (actual)
Steering angle: 1.8079265273100456 (pred)       0.71 (actual)
Steering angle: 1.9737720580944176 (pred)       1.11 (actual)
Steering angle: 2.179568859438075 (pred)        1.51 (actual)
Steering angle: 1.9778319652257554 (pred)       1.6100000000000003 (actual)
Steering angle: 1.7308184940573617 (pred)       1.92 (actual)
Steering angle: 1.372295247777634 (pred)        2.02 (actual)
Steering angle: 1.0297871942759993 (pred)       2.02 (actual)
Steering angle: 0.9724803063140056 (pred)       2.02 (actual)
Steering angle: 0.9288170413842297 (pred)       2.02 (actual)
Steering angle: 0.9657240752860994 (pred)       2.12 (actual)
Steering angle: 1.095045809814063 (pred)        2.52 (actual)
Steering angle: 0.8993569413900838 (pred)       2.92 (actual)
Steering angle: 1.204315282877633 (pred)        3.03 (actual)
Steering angle: 1.5385255103113482 (pred)       3.13 (actual)
Steering angle: 1.8255874755129944 (pred)       3.13 (actual)
Steering angle: 1.992274186782336 (pred)        0.0 (actual)
Steering angle: 2.0274018496837116 (pred)       3.7300000000000004 (actual)
Steering angle: 1.8921587680321699 (pred)       3.829999999999999 (actual)
Steering angle: 1.9274614545310271 (pred)       3.829999999999999 (actual)
Steering angle: 1.8824216930400821 (pred)       0.0 (actual)
Steering angle: 1.8865155376738585 (pred)       3.829999999999999 (actual)
Steering angle: 2.4842862233139695 (pred)       3.9300000000000006 (actual)
Steering angle: 2.6769398197038186 (pred)       3.829999999999999 (actual)
Steering angle: 2.73826766137454 (pred) 3.9300000000000006 (actual)
Steering angle: 2.3846459295979425 (pred)       4.44 (actual)
Steering angle: 1.8741473457474347 (pred)       4.84 (actual)
Steering angle: 1.845378162076518 (pred)        5.04 (actual)
Steering angle: 1.95449705081323 (pred) 4.94 (actual)
Steering angle: 2.557252067000158 (pred)        4.44 (actual)
Steering angle: 2.6161118625029776 (pred)       4.34 (actual)
Steering angle: 2.4945927653281075 (pred)       4.34 (actual)
Steering angle: 2.4599773666144826 (pred)       4.34 (actual)
Steering angle: 2.3313619163353807 (pred)       4.13 (actual)
Steering angle: 1.81088250511678 (pred) 3.9300000000000006 (actual)
Steering angle: 1.70256146785249 (pred) 3.9300000000000006 (actual)
Steering angle: 1.4554325237984407 (pred)       3.9300000000000006 (actual)
Steering angle: 1.4133095732482084 (pred)       3.9300000000000006 (actual)
Steering angle: 1.4549791699922812 (pred)       3.9300000000000006 (actual)
Steering angle: 1.3168272815279605 (pred)       4.44 (actual)
Steering angle: 1.0997445530762087 (pred)       4.94 (actual)
Steering angle: 1.1019137784679225 (pred)       5.04 (actual)
Steering angle: 0.9205982961002945 (pred)       5.04 (actual)
Steering angle: 0.30989774219623184 (pred)      4.64 (actual)
Steering angle: -0.06318607334168135 (pred)     4.44 (actual)
Steering angle: -0.5007657777266514 (pred)      4.13 (actual)
Steering angle: -0.572608428820343 (pred)       3.3299999999999996 (actual)
Steering angle: -0.4307472673890293 (pred)      2.32 (actual)
Steering angle: -0.28736081265826074 (pred)     0.91 (actual)
Steering angle: -0.9041164093028191 (pred)      -0.1 (actual)
Steering angle: -1.2343023746549275 (pred)      -0.91 (actual)
Steering angle: -1.765354918708708 (pred)       -1.41 (actual)
Steering angle: -1.7696646613532803 (pred)      -1.92 (actual)
Steering angle: -2.0060316818746227 (pred)      -2.32 (actual)
Steering angle: -2.4682542752280687 (pred)      -2.92 (actual)
Steering angle: -2.858426910574343 (pred)       -3.63 (actual)
Steering angle: -3.10001283595181 (pred)        -4.34 (actual)
Steering angle: -3.2842881381075806 (pred)      -5.04 (actual)
Steering angle: -3.450821383564008 (pred)       -5.45 (actual)
Steering angle: -3.241321979359969 (pred)       -6.150000000000001 (actual)
Steering angle: -2.947909645777503 (pred)       -6.96 (actual)
Steering angle: -3.1787066470307 (pred) -8.17 (actual)
Steering angle: -3.35802301840563 (pred)        -9.48 (actual)
Steering angle: -4.117939406734082 (pred)       -10.18 (actual)
Steering angle: -4.4864938530270315 (pred)      -10.99 (actual)
Steering angle: -4.596482950552685 (pred)       -11.290000000000001 (actual)
Steering angle: -4.115503590521326 (pred)       -11.899999999999999 (actual)
Steering angle: -4.323304838942971 (pred)       -12.61 (actual)
Steering angle: -4.49886546004804 (pred)        -13.31 (actual)
Steering angle: -5.178337801322786 (pred)       -14.02 (actual)
Steering angle: -6.184618899570187 (pred)       -14.420000000000002 (actual)
Steering angle: -7.1462173271541864 (pred)      -14.420000000000002 (actual)
Steering angle: -7.463263182481954 (pred)       -14.420000000000002 (actual)
Steering angle: -9.714363759323927 (pred)       -14.420000000000002 (actual)
Steering angle: -10.221989394854798 (pred)      -14.72 (actual)
Steering angle: -9.765973522466188 (pred)       -15.030000000000001 (actual)
Steering angle: -7.381930143619089 (pred)       -15.43 (actual)
Steering angle: -5.919831675355833 (pred)       -15.83 (actual)
Steering angle: -4.5294864787576765 (pred)      -15.929999999999998 (actual)
Steering angle: -4.077817594888958 (pred)       -15.929999999999998 (actual)
Steering angle: -5.205654716021429 (pred)       -15.929999999999998 (actual)
Steering angle: -7.078104973203527 (pred)       -15.730000000000002 (actual)
Steering angle: -15.158474466535663 (pred)      -15.63 (actual)
Steering angle: -22.01269907223769 (pred)       -15.63 (actual)
Steering angle: -30.34579965212546 (pred)       -15.83 (actual)
Steering angle: -27.142171138917266 (pred)      -15.929999999999998 (actual)
Steering angle: -21.927258528362707 (pred)      -16.03 (actual)
Steering angle: -14.2675445911992 (pred)        -16.03 (actual)
Steering angle: -11.481220145711275 (pred)      -15.83 (actual)
Steering angle: -11.869661541546362 (pred)      -15.230000000000002 (actual)
Steering angle: -11.063250988320576 (pred)      -13.92 (actual)
Steering angle: -10.181956802355707 (pred)      -13.01 (actual)
Steering angle: -7.4261445194375195 (pred)      -12.300000000000002 (actual)
Steering angle: -5.703616060763555 (pred)       0.0 (actual)
Steering angle: -5.619291825931048 (pred)       -12.100000000000001 (actual)
Steering angle: -6.3613910254792865 (pred)      -12.100000000000001 (actual)
Steering angle: -6.056296293651749 (pred)       -12.100000000000001 (actual)
Steering angle: -6.087458604853109 (pred)       -12.100000000000001 (actual)
Steering angle: -6.72662471917514 (pred)        -12.100000000000001 (actual)
Steering angle: -6.406124495674638 (pred)       -12.100000000000001 (actual)
Steering angle: -6.001952320407366 (pred)       -12.100000000000001 (actual)
Steering angle: -5.673119266119448 (pred)       -12.100000000000001 (actual)
Steering angle: -5.052551330020538 (pred)       -12.100000000000001 (actual)
Steering angle: -5.028828375485792 (pred)       -12.100000000000001 (actual)
Steering angle: -4.487675902640267 (pred)       -12.100000000000001 (actual)
Steering angle: -4.33051837248015 (pred)        -12.100000000000001 (actual)
Steering angle: -4.822567761608808 (pred)       -12.100000000000001 (actual)
Steering angle: -5.629338607313313 (pred)       -12.100000000000001 (actual)
Steering angle: -7.19432277636541 (pred)        -12.100000000000001 (actual)
Steering angle: -7.899548345905688 (pred)       -12.100000000000001 (actual)
Steering angle: -8.231926695259665 (pred)       -12.100000000000001 (actual)
Steering angle: -7.889770076335169 (pred)       -12.100000000000001 (actual)
Steering angle: -8.242066111082549 (pred)       -12.100000000000001 (actual)
Steering angle: -8.819854011088731 (pred)       -12.100000000000001 (actual)
Steering angle: -8.27196526417428 (pred)        -12.4 (actual)
Steering angle: -6.781667079262157 (pred)       -12.61 (actual)
Steering angle: -5.849277955663717 (pred)       -12.709999999999999 (actual)
Steering angle: -6.048199531277522 (pred)       -12.709999999999999 (actual)
Steering angle: -6.72576710354748 (pred)        -12.709999999999999 (actual)
Steering angle: -6.0861762368364385 (pred)      -12.709999999999999 (actual)
Steering angle: -5.9959396195036385 (pred)      -12.709999999999999 (actual)
Steering angle: -5.547961172220842 (pred)       -12.709999999999999 (actual)
Steering angle: -5.29550628143977 (pred)        -12.709999999999999 (actual)
Steering angle: -4.606963448947247 (pred)       -12.709999999999999 (actual)
Steering angle: -4.559460337043454 (pred)       -12.709999999999999 (actual)
Steering angle: -4.388191636058092 (pred)       -11.899999999999999 (actual)
Steering angle: -4.513349303069875 (pred)       -11.39 (actual)
Steering angle: -3.9225097653334458 (pred)      -10.59 (actual)
Steering angle: -4.278298588067641 (pred)       -9.78 (actual)
Steering angle: -6.984345685806293 (pred)       -8.37 (actual)
Steering angle: -5.599156855144673 (pred)       -7.16 (actual)
Steering angle: -3.7442127996921406 (pred)      0.0 (actual)
Steering angle: -3.992140982600787 (pred)       -3.3299999999999996 (actual)
Steering angle: -4.601901851885445 (pred)       -2.12 (actual)
Steering angle: -4.006764417613785 (pred)       -1.21 (actual)
Steering angle: -3.707484738090866 (pred)       -0.61 (actual)
Steering angle: -3.134111274722629 (pred)       0.0 (actual)
Steering angle: -3.1484796448588086 (pred)      1.31 (actual)
Steering angle: -3.2815695093745036 (pred)      2.12 (actual)
Steering angle: -3.638532270872295 (pred)       3.13 (actual)
Steering angle: -3.5505797114866295 (pred)      3.63 (actual)
Steering angle: -3.2254347459071075 (pred)      4.13 (actual)
Steering angle: -3.0694631073416354 (pred)      4.54 (actual)
Steering angle: -2.744662852871788 (pred)       4.94 (actual)
Steering angle: -2.689224555256321 (pred)       5.139999999999999 (actual)
Steering angle: -2.6667064887798473 (pred)      5.24 (actual)
Steering angle: -2.8978061527906402 (pred)      5.45 (actual)
Steering angle: -2.9894606747064527 (pred)      5.55 (actual)
Steering angle: -3.3638084020760424 (pred)      5.75 (actual)
Steering angle: -3.2124548251631446 (pred)      5.849999999999999 (actual)
Steering angle: -3.439806636310305 (pred)       5.949999999999999 (actual)
Steering angle: -3.632528107705031 (pred)       5.949999999999999 (actual)
Steering angle: -3.512249970524987 (pred)       5.949999999999999 (actual)
Steering angle: -3.659625602576587 (pred)       5.949999999999999 (actual)
Steering angle: -3.6749487050926875 (pred)      6.050000000000001 (actual)
Steering angle: -3.43122535739183 (pred)        0.0 (actual)
Steering angle: -3.0387737867402986 (pred)      6.150000000000001 (actual)
Steering angle: -3.688257328690457 (pred)       6.150000000000001 (actual)
Steering angle: -3.6069341082245234 (pred)      6.25 (actual)
Steering angle: -3.089937880039218 (pred)       6.35 (actual)
Steering angle: -3.0370530059562784 (pred)      6.25 (actual)
Steering angle: -3.189964292886762 (pred)       6.25 (actual)
Steering angle: -2.7976222187053623 (pred)      0.0 (actual)
Steering angle: -2.154407082865983 (pred)       6.25 (actual)
Steering angle: -1.963516315612232 (pred)       6.25 (actual)
Steering angle: -2.1403819297355966 (pred)      6.25 (actual)
Steering angle: -1.9352260989568622 (pred)      6.25 (actual)
Steering angle: -1.9296037860528839 (pred)      6.25 (actual)
Steering angle: -1.8112349001892705 (pred)      6.150000000000001 (actual)
Steering angle: -2.0292632896759515 (pred)      5.55 (actual)
Steering angle: -1.80519167687769 (pred)        5.04 (actual)
Steering angle: -1.7092433138514664 (pred)      4.44 (actual)
Steering angle: -1.4440620730993676 (pred)      4.03 (actual)
Steering angle: -1.1729193578623172 (pred)      3.7300000000000004 (actual)
Steering angle: -1.0665527151960028 (pred)      3.7300000000000004 (actual)
Steering angle: -1.0837095100608403 (pred)      3.7300000000000004 (actual)
Steering angle: -0.9497510375817899 (pred)      3.7300000000000004 (actual)
Steering angle: -0.984077113751041 (pred)       3.7300000000000004 (actual)
Steering angle: -1.1105778734300835 (pred)      3.7300000000000004 (actual)
Steering angle: -1.0254299604723542 (pred)      3.7300000000000004 (actual)
Steering angle: 0.06170819116001984 (pred)      4.13 (actual)
Steering angle: 0.1563805027605344 (pred)       4.74 (actual)
Steering angle: -0.09989661257288755 (pred)     5.24 (actual)
Steering angle: -0.055885458227637276 (pred)    5.340000000000001 (actual)
Steering angle: -0.04934469832370381 (pred)     5.45 (actual)
Steering angle: 0.3977459277536433 (pred)       5.45 (actual)
Steering angle: 0.5879528756775997 (pred)       5.55 (actual)
Steering angle: 0.9504212498940974 (pred)       5.75 (actual)
Steering angle: 1.067780334977607 (pred)        6.150000000000001 (actual)
Steering angle: 1.056370717412512 (pred)        6.55 (actual)
Steering angle: 1.1394556997974858 (pred)       7.06 (actual)
Steering angle: 1.2503052944368558 (pred)       7.26 (actual)
Steering angle: 1.2822462472035974 (pred)       7.87 (actual)
Steering angle: 1.3993533623397567 (pred)       8.77 (actual)
Steering angle: 1.3080456859677339 (pred)       9.48 (actual)
Steering angle: 1.0585433578988108 (pred)       10.49 (actual)
Steering angle: 1.0077727475291078 (pred)       11.290000000000001 (actual)
Steering angle: 1.1981841208804886 (pred)       11.899999999999999 (actual)
Steering angle: 1.1772970822334723 (pred)       12.100000000000001 (actual)
Steering angle: 0.8702304534482107 (pred)       12.2 (actual)
Steering angle: 0.9125042017687122 (pred)       12.2 (actual)
Steering angle: 0.8870257818955662 (pred)       12.2 (actual)
Steering angle: 0.9445067329596896 (pred)       0.0 (actual)
Steering angle: 1.1798546679125246 (pred)       12.300000000000002 (actual)
Steering angle: 1.321429334924668 (pred)        12.300000000000002 (actual)
Steering angle: 1.510503592024313 (pred)        12.300000000000002 (actual)
Steering angle: 1.24472567021519 (pred) 12.300000000000002 (actual)
Steering angle: 1.0800360422261368 (pred)       12.300000000000002 (actual)
Steering angle: 0.7163545623800215 (pred)       12.300000000000002 (actual)
Steering angle: 0.44012839881190957 (pred)      12.4 (actual)
Steering angle: 0.6111125530492321 (pred)       12.4 (actual)
Steering angle: 1.1455159985819914 (pred)       12.4 (actual)
Steering angle: 1.3478492536862179 (pred)       12.4 (actual)
Steering angle: 1.2495831086538327 (pred)       12.4 (actual)
Steering angle: 0.8254225982239287 (pred)       12.4 (actual)
Steering angle: 1.0267352736557673 (pred)       12.4 (actual)
Steering angle: 0.8967137649029947 (pred)       12.0 (actual)
Steering angle: 0.8862676842585477 (pred)       11.699999999999998 (actual)
Steering angle: 0.3094290204644397 (pred)       11.19 (actual)
Steering angle: -0.05357343919358796 (pred)     10.89 (actual)
Steering angle: 0.3800038710543005 (pred)       10.49 (actual)
Steering angle: 0.08166087460281297 (pred)      10.08 (actual)
Steering angle: 0.17298294506490322 (pred)      9.979999999999999 (actual)
Steering angle: 0.0387271725939723 (pred)       9.88 (actual)
Steering angle: 0.34237502489537797 (pred)      9.88 (actual)
Steering angle: 0.23546959769742598 (pred)      9.88 (actual)
Steering angle: -0.2929615410972447 (pred)      9.88 (actual)
Steering angle: -0.5367592738270319 (pred)      9.78 (actual)
Steering angle: -0.5096926748892994 (pred)      9.78 (actual)
Steering angle: -0.2012256972416266 (pred)      9.78 (actual)
Steering angle: -0.24440001667636477 (pred)     9.78 (actual)
Steering angle: 0.13156475797922523 (pred)      9.78 (actual)
Steering angle: -0.20988805797606883 (pred)     9.78 (actual)
Steering angle: -0.19585292636619175 (pred)     9.78 (actual)
Steering angle: -0.19336076109278336 (pred)     9.78 (actual)
Steering angle: -0.2602374377730525 (pred)      9.78 (actual)
Steering angle: -0.7875963702701635 (pred)      9.78 (actual)
Steering angle: -1.148465573086379 (pred)       9.78 (actual)
Steering angle: -3.029326567901113 (pred)       9.68 (actual)
Steering angle: -4.058921022776471 (pred)       9.28 (actual)
Steering angle: -3.047386441840273 (pred)       8.67 (actual)
Steering angle: -2.206855038285453 (pred)       7.659999999999998 (actual)
Steering angle: -2.3292057109917725 (pred)      6.150000000000001 (actual)
Steering angle: -2.2638192428501824 (pred)      4.54 (actual)
Steering angle: -2.7673260608681245 (pred)      3.7300000000000004 (actual)
Steering angle: -2.978008155015634 (pred)       3.63 (actual)
Steering angle: -5.0189621672297084 (pred)      3.63 (actual)
Steering angle: -5.939932068309534 (pred)       3.23 (actual)
Steering angle: -4.22859957034569 (pred)        2.32 (actual)
Steering angle: -4.893824137011789 (pred)       2.12 (actual)
Steering angle: -4.131576306298836 (pred)       2.02 (actual)
Steering angle: -4.804486970215315 (pred)       1.92 (actual)
Steering angle: -4.791048146136491 (pred)       1.71 (actual)
Steering angle: -5.40991280381113 (pred)        1.71 (actual)
Steering angle: -4.990712931709359 (pred)       1.31 (actual)
Steering angle: -3.581959521524372 (pred)       0.81 (actual)
Steering angle: -3.392894976099953 (pred)       -0.1 (actual)
Steering angle: -3.45409517861056 (pred)        -0.91 (actual)
Steering angle: -7.263292319056906 (pred)       -1.11 (actual)
Steering angle: -9.181339211590716 (pred)       -1.11 (actual)
Steering angle: -12.511193889528979 (pred)      -1.11 (actual)
Steering angle: -14.755829692321534 (pred)      -1.21 (actual)
Steering angle: -13.565322597346434 (pred)      -1.6100000000000003 (actual)
Steering angle: -11.703545364516128 (pred)      -1.82 (actual)
Steering angle: -6.9792554873273405 (pred)      -1.92 (actual)
Steering angle: -7.717244620542525 (pred)       -2.22 (actual)
Steering angle: -6.859672535338757 (pred)       -2.32 (actual)
Steering angle: -5.591639378189427 (pred)       -2.42 (actual)
Steering angle: -5.419343160620802 (pred)       -2.52 (actual)
Steering angle: -4.587711280111097 (pred)       -2.62 (actual)
Steering angle: -4.609031288718469 (pred)       -2.82 (actual)
Steering angle: -5.5222933213199346 (pred)      -2.92 (actual)
Steering angle: -4.5991877054640105 (pred)      -3.13 (actual)
Steering angle: -3.8899745861089134 (pred)      -3.3299999999999996 (actual)
Steering angle: -3.2087584121616985 (pred)      -3.53 (actual)
Steering angle: -3.5893860715862913 (pred)      -3.9300000000000006 (actual)
Steering angle: -3.8797412551849417 (pred)      -4.24 (actual)
Steering angle: -3.5704722105574684 (pred)      -4.54 (actual)
Steering angle: -3.605707662381683 (pred)       -4.74 (actual)
Steering angle: -3.8805070901456293 (pred)      -4.84 (actual)
Steering angle: -4.891076693418151 (pred)       -4.84 (actual)
Steering angle: -4.147313062146545 (pred)       -5.04 (actual)
Steering angle: -3.83491771186991 (pred)        -5.139999999999999 (actual)
Steering angle: -3.2799255682186463 (pred)      -5.340000000000001 (actual)
Steering angle: -3.2727760677049353 (pred)      -5.65 (actual)
Steering angle: -4.086249890306162 (pred)       -6.050000000000001 (actual)
Steering angle: -3.949864246072524 (pred)       -6.25 (actual)
Steering angle: -1.2571107241711272 (pred)      -6.55 (actual)
Steering angle: -0.7134211028532068 (pred)      -6.55 (actual)
Steering angle: -0.6041536575020469 (pred)      -6.55 (actual)
Steering angle: -0.6789743244347168 (pred)      -6.659999999999999 (actual)
Steering angle: -0.30251009219606967 (pred)     -6.76 (actual)
Steering angle: -0.6918957083230587 (pred)      -6.96 (actual)
Steering angle: -1.3551556351074274 (pred)      -7.06 (actual)
Steering angle: -1.8769882775553368 (pred)      -7.06 (actual)
Steering angle: -2.507656996219638 (pred)       -7.06 (actual)
Steering angle: -3.2339758974642088 (pred)      -7.06 (actual)
Steering angle: -4.029492298963825 (pred)       -7.06 (actual)
Steering angle: -2.9625234758369805 (pred)      -7.06 (actual)
Steering angle: -3.2267561740680937 (pred)      -7.06 (actual)
Steering angle: -2.8979290961957003 (pred)      -7.06 (actual)
Steering angle: -2.184140176983518 (pred)       -7.06 (actual)
Steering angle: -2.089446007443638 (pred)       -7.06 (actual)
Steering angle: -2.114859433797963 (pred)       -7.06 (actual)
Steering angle: -2.3919091954500167 (pred)      -7.06 (actual)
Steering angle: -3.508351853499614 (pred)       -7.06 (actual)
Steering angle: -4.052151024648519 (pred)       -7.06 (actual)
Steering angle: -3.917597151772914 (pred)       -7.06 (actual)
Steering angle: -4.0814585126033975 (pred)      -7.06 (actual)
Steering angle: -4.082354548045139 (pred)       -7.16 (actual)
Steering angle: -3.375131575059454 (pred)       -7.16 (actual)
Steering angle: -3.080097711879345 (pred)       -7.16 (actual)
Steering angle: -3.1658799786562395 (pred)      -7.16 (actual)
Steering angle: -3.748365554707508 (pred)       -7.16 (actual)
Steering angle: -3.7536218121606564 (pred)      -7.16 (actual)
Steering angle: -3.5275863065326045 (pred)      -7.16 (actual)
Steering angle: -2.545850773728114 (pred)       -7.16 (actual)
Steering angle: -2.270667147823355 (pred)       -7.16 (actual)
Steering angle: -2.210958274429338 (pred)       -7.16 (actual)
Steering angle: -2.109739353241392 (pred)       -7.16 (actual)
Steering angle: -2.5432856108079513 (pred)      -7.16 (actual)
Steering angle: -2.9441598719231665 (pred)      -7.16 (actual)
Steering angle: -2.489517934774788 (pred)       -7.06 (actual)
Steering angle: -2.6486820464470067 (pred)      -7.16 (actual)
Steering angle: -2.1424173261082604 (pred)      -7.06 (actual)
Steering angle: -1.4833266962036553 (pred)      -7.06 (actual)
Steering angle: -1.419372219910241 (pred)       -6.659999999999999 (actual)
Steering angle: -1.4363579398807107 (pred)      -6.25 (actual)
Steering angle: -1.3023201731742649 (pred)      -5.65 (actual)
Steering angle: -1.5646384974470704 (pred)      -4.94 (actual)
Steering angle: -1.212086223884109 (pred)       -3.829999999999999 (actual)
Steering angle: -1.1344830019165992 (pred)      -2.7200000000000006 (actual)
Steering angle: -1.0118312672782706 (pred)      -1.82 (actual)
Steering angle: -0.9909213901862169 (pred)      -1.6100000000000003 (actual)
Steering angle: -1.5313311866812092 (pred)      -1.6100000000000003 (actual)
Steering angle: -1.4540146192154284 (pred)      -1.51 (actual)
Steering angle: -1.1644840742373515 (pred)      -1.11 (actual)
Steering angle: -0.9739905251725189 (pred)      -1.01 (actual)
Steering angle: -0.6629973380272934 (pred)      -1.01 (actual)
Steering angle: -0.6334338247002452 (pred)      -1.01 (actual)
Steering angle: -0.6337548435912359 (pred)      -0.61 (actual)
Steering angle: -0.44318229378369867 (pred)     -0.3 (actual)
Steering angle: -0.30664232996350094 (pred)     -0.3 (actual)
Steering angle: -0.14376003406185656 (pred)     -0.3 (actual)
Steering angle: -0.15711560186995702 (pred)     -0.3 (actual)
Steering angle: -0.14416386899653355 (pred)     0.0 (actual)
Steering angle: -0.6091045307941012 (pred)      0.4 (actual)
Steering angle: -0.7572639804138128 (pred)      0.91 (actual)
Steering angle: -0.550175206099965 (pred)       1.6100000000000003 (actual)
Steering angle: -0.2924108570954125 (pred)      2.02 (actual)
Steering angle: -0.3770669163916215 (pred)      2.22 (actual)
Steering angle: -0.4442324353685881 (pred)      2.22 (actual)
Steering angle: -0.709856757962665 (pred)       2.22 (actual)
Steering angle: -0.5888980031040002 (pred)      2.22 (actual)
Steering angle: -0.7734576652448255 (pred)      2.22 (actual)
Steering angle: -0.7688748217551585 (pred)      2.22 (actual)
Steering angle: -0.8006524903120544 (pred)      2.22 (actual)
Steering angle: -0.7072221192120384 (pred)      2.22 (actual)
Steering angle: -0.629632931148839 (pred)       2.22 (actual)
Steering angle: -0.5542382081607705 (pred)      2.42 (actual)
Steering angle: -0.759903741806317 (pred)       2.7200000000000006 (actual)
Steering angle: -0.4681709944294399 (pred)      3.13 (actual)
Steering angle: -0.10385299964961743 (pred)     3.3299999999999996 (actual)
Steering angle: -0.13433097125286717 (pred)     3.53 (actual)
Steering angle: 0.059806837249817536 (pred)     3.7300000000000004 (actual)
Steering angle: -0.19785586600008478 (pred)     4.34 (actual)
Steering angle: -0.5284830055436806 (pred)      5.139999999999999 (actual)
Steering angle: -0.34501828142374646 (pred)     5.849999999999999 (actual)
Steering angle: -0.10950838961228138 (pred)     6.25 (actual)
Steering angle: -0.1869216269331803 (pred)      0.0 (actual)
Steering angle: -0.21185429868338623 (pred)     6.860000000000001 (actual)
Steering angle: -0.13825918379927074 (pred)     6.860000000000001 (actual)
Steering angle: -0.10255782502825377 (pred)     6.860000000000001 (actual)
Steering angle: -0.3137823856062501 (pred)      6.659999999999999 (actual)
Steering angle: -0.17061629785770702 (pred)     6.55 (actual)
Steering angle: -0.12706622463712558 (pred)     6.55 (actual)
Steering angle: -0.37650171823780293 (pred)     6.55 (actual)
Steering angle: -0.3863977018497994 (pred)      6.55 (actual)
Steering angle: -0.46010726242315225 (pred)     6.25 (actual)
Steering angle: -0.060046747644414235 (pred)    5.45 (actual)
Steering angle: -0.02904879454006423 (pred)     4.94 (actual)
Steering angle: 0.1914466139181005 (pred)       4.44 (actual)
Steering angle: -0.14559137853306622 (pred)     4.24 (actual)
Steering angle: -0.36353217617972716 (pred)     3.829999999999999 (actual)
Steering angle: -0.12884975778414515 (pred)     3.4300000000000006 (actual)
Steering angle: 0.47903254267449397 (pred)      2.92 (actual)
Steering angle: 0.6274362249178865 (pred)       2.32 (actual)
Steering angle: 0.4496785774167477 (pred)       1.92 (actual)
Steering angle: 0.1323519372810692 (pred)       1.51 (actual)
Steering angle: 0.3308696779601973 (pred)       0.81 (actual)
Steering angle: 0.6454417775088037 (pred)       0.1 (actual)
Steering angle: 0.7599319163366433 (pred)       -0.1 (actual)
Steering angle: 0.9680674705016485 (pred)       -0.1 (actual)
Steering angle: 1.1088628556181757 (pred)       -0.1 (actual)
Steering angle: 1.6362458805403668 (pred)       -0.2 (actual)
Steering angle: 2.178858946651217 (pred)        -0.3 (actual)
Steering angle: 2.0118772565870957 (pred)       -0.3 (actual)
Steering angle: 1.7020006452886085 (pred)       -0.2 (actual)
Steering angle: 1.5331886779703352 (pred)       -0.1 (actual)
Steering angle: 1.4899994708576405 (pred)       -0.1 (actual)
Steering angle: 1.4470437708371957 (pred)       -0.1 (actual)
Steering angle: 1.5124660974719282 (pred)       -0.1 (actual)
Steering angle: 1.8150017495165325 (pred)       -0.1 (actual)
Steering angle: 1.9922912622552609 (pred)       -0.1 (actual)
Steering angle: 2.1213786359173286 (pred)       -0.1 (actual)
Steering angle: 2.251430346912837 (pred)        0.1 (actual)
Steering angle: 2.453260942782833 (pred)        0.91 (actual)
Steering angle: 2.77996212427606 (pred) 1.51 (actual)
Steering angle: 2.868368037467885 (pred)        1.92 (actual)
Steering angle: 2.8780120511325316 (pred)       1.92 (actual)
Steering angle: 2.9345536377423667 (pred)       2.12 (actual)
Steering angle: 2.9633236751869294 (pred)       2.92 (actual)
Steering angle: 3.17200793900221 (pred) 3.63 (actual)
Steering angle: 3.4180351948874774 (pred)       4.03 (actual)
Steering angle: 3.5651510663072052 (pred)       4.74 (actual)
Steering angle: 3.6276581828268117 (pred)       5.340000000000001 (actual)
Steering angle: 3.601257367250597 (pred)        6.76 (actual)
Steering angle: 3.6588503761057907 (pred)       8.469999999999999 (actual)
Steering angle: 3.5886928073855353 (pred)       9.48 (actual)
Steering angle: 3.947661936952018 (pred)        10.49 (actual)
Steering angle: 3.7502430029556155 (pred)       10.89 (actual)
Steering angle: 4.815625301204313 (pred)        10.89 (actual)
Steering angle: 5.129539941684453 (pred)        11.290000000000001 (actual)
Steering angle: 4.406206259994001 (pred)        11.8 (actual)
Steering angle: 5.892854135681575 (pred)        12.4 (actual)
Steering angle: 6.140804516705024 (pred)        12.709999999999999 (actual)
Steering angle: 5.71587923853149 (pred) 13.51 (actual)
Steering angle: 5.468548270288396 (pred)        14.420000000000002 (actual)
Steering angle: 6.981001881320748 (pred)        15.43 (actual)
Steering angle: 7.3355488902864705 (pred)       16.64 (actual)
Steering angle: 10.288536781711878 (pred)       18.05 (actual)
Steering angle: 15.085456329213642 (pred)       18.760000000000005 (actual)
Steering angle: 18.349648129792342 (pred)       19.97 (actual)
Steering angle: 18.25809115151561 (pred)        21.18 (actual)
Steering angle: 14.687372413817789 (pred)       22.789999999999996 (actual)
Steering angle: 14.622045069501203 (pred)       24.91 (actual)
Steering angle: 9.23566824379629 (pred) 25.01 (actual)
Steering angle: 8.873524783813044 (pred)        25.01 (actual)
Steering angle: 8.24237603091614 (pred) 25.11 (actual)
Steering angle: 9.043368536582813 (pred)        25.31 (actual)
Steering angle: 9.738888407312503 (pred)        25.41 (actual)
Steering angle: 10.575589995733651 (pred)       25.61 (actual)
Steering angle: 11.2267494953514 (pred) 25.71 (actual)
Steering angle: 12.662118872071458 (pred)       25.71 (actual)
Steering angle: 13.451156839143318 (pred)       25.71 (actual)
Steering angle: 14.590680840832503 (pred)       25.71 (actual)
Steering angle: 15.699686703536427 (pred)       25.71 (actual)
Steering angle: 16.794480650124846 (pred)       25.820000000000004 (actual)
Steering angle: 17.023513968468297 (pred)       25.820000000000004 (actual)
Steering angle: 15.451532270611523 (pred)       25.820000000000004 (actual)
Steering angle: 16.306169935793125 (pred)       25.820000000000004 (actual)
Steering angle: 16.188895587744003 (pred)       25.820000000000004 (actual)
Steering angle: 14.878841399273464 (pred)       25.71 (actual)
Steering angle: 13.656832618072619 (pred)       25.61 (actual)
Steering angle: 14.508855174575752 (pred)       25.11 (actual)
Steering angle: 14.679758460440517 (pred)       24.61 (actual)
Steering angle: 15.039864816503806 (pred)       23.7 (actual)
Steering angle: 14.32864404841955 (pred)        23.189999999999998 (actual)
Steering angle: 13.683723926608605 (pred)       22.69 (actual)
Steering angle: 13.470085854654362 (pred)       22.39 (actual)
Steering angle: 13.377421531958445 (pred)       22.29 (actual)
Steering angle: 14.271515492427916 (pred)       22.29 (actual)
Steering angle: 13.540899548421761 (pred)       22.29 (actual)
Steering angle: 13.218460831857445 (pred)       22.29 (actual)
Steering angle: 13.123397405215561 (pred)       22.29 (actual)
Steering angle: 13.616372284976755 (pred)       22.29 (actual)
Steering angle: 13.360277757141713 (pred)       22.29 (actual)
Steering angle: 13.277696501208027 (pred)       22.29 (actual)
Steering angle: 14.058268448803656 (pred)       22.29 (actual)
Steering angle: 14.259303114191933 (pred)       22.29 (actual)
Steering angle: 14.631405843758705 (pred)       22.29 (actual)
Steering angle: 14.958722169164055 (pred)       22.29 (actual)
Steering angle: 14.651807618809533 (pred)       22.29 (actual)
Steering angle: 14.686228357131812 (pred)       22.08 (actual)
Steering angle: 14.302366603135217 (pred)       22.08 (actual)
Steering angle: 14.238905608009336 (pred)       22.08 (actual)
Steering angle: 15.162198627180613 (pred)       22.08 (actual)
Steering angle: 15.725106960079922 (pred)       22.08 (actual)
Steering angle: 15.570024099880197 (pred)       22.08 (actual)
Steering angle: 15.65344632285544 (pred)        22.08 (actual)
Steering angle: 15.323778704828312 (pred)       22.08 (actual)
Steering angle: 15.342621489201084 (pred)       22.08 (actual)
Steering angle: 16.092665052527696 (pred)       22.08 (actual)
Steering angle: 17.701126790741508 (pred)       22.179999999999996 (actual)
Steering angle: 21.53672880218889 (pred)        22.29 (actual)
Steering angle: 21.334435674446034 (pred)       22.39 (actual)
Steering angle: 21.975546258247405 (pred)       22.49 (actual)
Steering angle: 24.079177928266926 (pred)       22.69 (actual)
Steering angle: 22.682660375093192 (pred)       22.89 (actual)
Steering angle: 23.643582613949363 (pred)       23.09 (actual)
Steering angle: 24.492301920215144 (pred)       23.7 (actual)
Steering angle: 26.00713371773913 (pred)        24.5 (actual)
Steering angle: 24.60244384322348 (pred)        25.41 (actual)
Steering angle: 25.39249523961344 (pred)        25.92 (actual)
Steering angle: 24.09652831630605 (pred)        26.02 (actual)
Steering angle: 21.852833372071665 (pred)       26.02 (actual)
Steering angle: 20.784462012287438 (pred)       25.92 (actual)
Steering angle: 20.651017191378315 (pred)       25.92 (actual)
Steering angle: 19.75072824933164 (pred)        25.92 (actual)
Steering angle: 18.56347403194876 (pred)        25.92 (actual)
Steering angle: 17.881469398039233 (pred)       25.92 (actual)
Steering angle: 17.539299118736395 (pred)       25.92 (actual)
Steering angle: 17.064338009137465 (pred)       25.92 (actual)
Steering angle: 16.8316402943043 (pred) 25.92 (actual)
Steering angle: 16.86654597605765 (pred)        25.92 (actual)
Steering angle: 16.23675813835287 (pred)        25.92 (actual)
Steering angle: 16.078342145838178 (pred)       25.92 (actual)
Steering angle: 15.520018577419242 (pred)       26.02 (actual)
Steering angle: 14.811828705779176 (pred)       26.02 (actual)
Steering angle: 14.390390666063757 (pred)       26.02 (actual)
Steering angle: 14.287177116194757 (pred)       26.02 (actual)
Steering angle: 14.067680449479933 (pred)       26.02 (actual)
Steering angle: 14.171577872039583 (pred)       26.12 (actual)
Steering angle: 13.920932981388564 (pred)       26.22 (actual)
Steering angle: 13.94061075638737 (pred)        26.22 (actual)
Steering angle: 13.601058147083942 (pred)       26.22 (actual)
Steering angle: 13.64419591433445 (pred)        26.22 (actual)
Steering angle: 13.395957811592213 (pred)       26.22 (actual)
Steering angle: 13.371438286245514 (pred)       26.22 (actual)
Steering angle: 13.444424833942623 (pred)       26.22 (actual)
Steering angle: 13.514883357873183 (pred)       26.22 (actual)
Steering angle: 13.376670211149744 (pred)       26.22 (actual)
Steering angle: 13.308512607195832 (pred)       26.22 (actual)
Steering angle: 13.172086408713998 (pred)       26.22 (actual)
Steering angle: 13.112290663851475 (pred)       26.22 (actual)
Steering angle: 13.059145815693253 (pred)       26.22 (actual)
Steering angle: 13.042647493753087 (pred)       26.22 (actual)
Steering angle: 12.994522834634823 (pred)       26.22 (actual)
Steering angle: 12.892436265978873 (pred)       26.22 (actual)
Steering angle: 12.853175484855994 (pred)       26.22 (actual)
Steering angle: 12.81220032625144 (pred)        26.22 (actual)
Steering angle: 12.762896605727704 (pred)       26.22 (actual)
Steering angle: 12.72341128213586 (pred)        26.22 (actual)
Steering angle: 12.642018479117757 (pred)       26.22 (actual)
Steering angle: 12.5807841256613 (pred) 25.92 (actual)
Steering angle: 12.574870889387363 (pred)       24.61 (actual)
Steering angle: 12.63187991706852 (pred)        22.29 (actual)
Steering angle: 12.553891963351667 (pred)       20.07 (actual)
Steering angle: 12.48390472247384 (pred)        18.760000000000005 (actual)
Steering angle: 12.445345743288179 (pred)       18.35 (actual)
Steering angle: 12.413550358928124 (pred)       18.35 (actual)
Steering angle: 12.388042163699064 (pred)       18.149999999999995 (actual)
Steering angle: 12.303484421774307 (pred)       17.850000000000005 (actual)
Steering angle: 12.25434462579065 (pred)        17.45 (actual)
Steering angle: 12.19883909350054 (pred)        17.239999999999995 (actual)
Steering angle: 12.152985472281307 (pred)       17.140000000000004 (actual)
Steering angle: 11.924018748282261 (pred)       0.0 (actual)
Steering angle: 11.802733371643052 (pred)       16.939999999999998 (actual)
Steering angle: 11.689791924848661 (pred)       16.03 (actual)
Steering angle: 11.435720840555234 (pred)       15.230000000000002 (actual)
Steering angle: 11.365583335515666 (pred)       14.02 (actual)
Steering angle: 11.120922544351224 (pred)       13.21 (actual)
Steering angle: 10.783914180513625 (pred)       12.81 (actual)
Steering angle: 10.721246341105111 (pred)       12.81 (actual)
Steering angle: 10.588012402286612 (pred)       12.81 (actual)
Steering angle: 10.463183011241812 (pred)       12.81 (actual)
Steering angle: 10.398519049048362 (pred)       13.01 (actual)
Steering angle: 10.358026272553943 (pred)       13.21 (actual)
Steering angle: 10.294052159466665 (pred)       13.21 (actual)
Steering angle: 10.361840079431747 (pred)       13.21 (actual)
Steering angle: 10.232582164483842 (pred)       13.31 (actual)
Steering angle: 10.255854326533367 (pred)       13.31 (actual)
Steering angle: 10.14980624815881 (pred)        13.31 (actual)
Steering angle: 10.013434691190335 (pred)       13.31 (actual)
Steering angle: 10.063712567444446 (pred)       13.71 (actual)
Steering angle: 9.88299686106331 (pred) 13.71 (actual)
Steering angle: 10.065632704374867 (pred)       13.21 (actual)
Steering angle: 9.924784812179094 (pred)        13.21 (actual)
Steering angle: 9.585976693495198 (pred)        12.910000000000002 (actual)
Steering angle: 9.606036105313878 (pred)        12.300000000000002 (actual)
Steering angle: 9.606635454413547 (pred)        10.99 (actual)
Steering angle: 9.584740429255424 (pred)        10.69 (actual)
Steering angle: 9.383112391183001 (pred)        11.089999999999998 (actual)
Steering angle: 9.450181433737942 (pred)        9.68 (actual)
Steering angle: 9.12015010813751 (pred) 7.26 (actual)
Steering angle: 8.505352828113615 (pred)        4.44 (actual)
Steering angle: 7.976356384443421 (pred)        3.63 (actual)
Steering angle: 7.716284125190492 (pred)        3.53 (actual)
Steering angle: 7.562953208512875 (pred)        3.53 (actual)
Steering angle: 7.246751308434427 (pred)        0.0 (actual)
Steering angle: 7.140748053176299 (pred)        3.23 (actual)
Steering angle: 7.234582472654403 (pred)        2.82 (actual)
Steering angle: 7.361443844977281 (pred)        2.42 (actual)
Steering angle: 7.526125682281813 (pred)        1.82 (actual)
Steering angle: 7.5131116105919995 (pred)       1.01 (actual)
Steering angle: 6.794377634420728 (pred)        0.4 (actual)
Steering angle: 6.496219813468985 (pred)        -0.4 (actual)
Steering angle: 6.013277200938069 (pred)        -0.91 (actual)
Steering angle: 6.022774578978972 (pred)        -1.51 (actual)
Steering angle: 6.037599077685662 (pred)        -1.92 (actual)
Steering angle: 6.009208969513681 (pred)        -2.02 (actual)
Steering angle: 6.047536576041208 (pred)        -2.32 (actual)
Steering angle: 6.227355393206956 (pred)        -2.52 (actual)
Steering angle: 6.144763891989515 (pred)        -2.92 (actual)
Steering angle: 5.92632377016193 (pred) -3.13 (actual)
Steering angle: 5.742683035268736 (pred)        -3.13 (actual)
Steering angle: 5.5825714482925894 (pred)       0.0 (actual)
Steering angle: 5.473924056052019 (pred)        -3.829999999999999 (actual)
Steering angle: 5.208279643096829 (pred)        -4.24 (actual)
Steering angle: 5.322468026301572 (pred)        -4.24 (actual)
Steering angle: 5.2915383684188155 (pred)       -4.24 (actual)
Steering angle: 5.23375539492733 (pred) -4.24 (actual)
Steering angle: 5.218540294777481 (pred)        -4.24 (actual)
Steering angle: 5.127922894398452 (pred)        -4.24 (actual)
Steering angle: 5.137976079083065 (pred)        -4.24 (actual)
Steering angle: 5.111381456889151 (pred)        -4.24 (actual)
Steering angle: 5.239412072220571 (pred)        -4.24 (actual)
Steering angle: 5.262371753115568 (pred)        -4.24 (actual)
Steering angle: 5.187497084999773 (pred)        -4.24 (actual)
Steering angle: 5.288176207799877 (pred)        -4.24 (actual)
Steering angle: 5.597281968217504 (pred)        -4.24 (actual)
Steering angle: 5.666304017988245 (pred)        -4.24 (actual)
Steering angle: 5.385429563844395 (pred)        -4.54 (actual)
Steering angle: 5.144509155024182 (pred)        -4.94 (actual)
Steering angle: 5.118212926719633 (pred)        -5.24 (actual)
Steering angle: 4.849902605554022 (pred)        -5.75 (actual)
Steering angle: 4.347110609521404 (pred)        -6.35 (actual)
Steering angle: 3.462168035322692 (pred)        -7.16 (actual)
Steering angle: 3.2849229188135682 (pred)       -7.969999999999999 (actual)
Steering angle: 3.1373944612792894 (pred)       -8.17 (actual)
Steering angle: 3.0700880696506916 (pred)       -8.17 (actual)
Steering angle: 2.9740272219465744 (pred)       -8.37 (actual)
Steering angle: 2.6364496045303367 (pred)       -9.48 (actual)
Steering angle: 2.6025784829928322 (pred)       -11.5 (actual)
Steering angle: 2.254399344767677 (pred)        -12.61 (actual)
Steering angle: 2.274410091488522 (pred)        -13.41 (actual)
Steering angle: 2.272176619629928 (pred)        -13.92 (actual)
Steering angle: 2.2754734665649283 (pred)       -14.62 (actual)
Steering angle: 2.212882893671401 (pred)        -15.13 (actual)
Steering angle: 2.4930324939895825 (pred)       -15.730000000000002 (actual)
Steering angle: 2.52302406807852 (pred) -16.13 (actual)
Steering angle: 2.5018711856624023 (pred)       -16.34 (actual)
Steering angle: 2.474548081104824 (pred)        -16.34 (actual)
Steering angle: 2.362728279438195 (pred)        -16.24 (actual)
Steering angle: 2.1701329530997024 (pred)       -16.34 (actual)
Steering angle: 1.9893421146376964 (pred)       -16.34 (actual)
Steering angle: 1.8789865347743888 (pred)       -16.64 (actual)
Steering angle: 1.7352596111217509 (pred)       -16.939999999999998 (actual)
Steering angle: 1.6853172679106176 (pred)       -17.65 (actual)
Steering angle: 1.6265643008352852 (pred)       -18.35 (actual)
Steering angle: 1.3996991406664887 (pred)       -18.55 (actual)
Steering angle: 1.4767554138918684 (pred)       -18.96 (actual)
Steering angle: 1.4043830496115306 (pred)       -19.36 (actual)
Steering angle: 1.4556065869005703 (pred)       -19.56 (actual)
Steering angle: 1.7248787908003893 (pred)       -20.17 (actual)
Steering angle: 1.8394493444335351 (pred)       -20.57 (actual)
Steering angle: 1.7618284066628658 (pred)       -20.57 (actual)
Steering angle: 1.6209860639957947 (pred)       -20.57 (actual)
Steering angle: 1.577655237179528 (pred)        -20.469999999999995 (actual)
Steering angle: 1.2107827249696945 (pred)       -20.469999999999995 (actual)
Steering angle: 1.2247975260946202 (pred)       -20.469999999999995 (actual)
Steering angle: 0.5963213515147463 (pred)       -20.469999999999995 (actual)
Steering angle: 0.4010722031990131 (pred)       -20.469999999999995 (actual)
Steering angle: 0.40760861419343597 (pred)      -20.469999999999995 (actual)
Steering angle: 0.6324102034592425 (pred)       -20.469999999999995 (actual)
Steering angle: 0.35836177633888044 (pred)      -20.469999999999995 (actual)
Steering angle: 0.3567541472434151 (pred)       -20.469999999999995 (actual)
Steering angle: 0.6044379641262486 (pred)       -20.469999999999995 (actual)
Steering angle: 0.7055965875504283 (pred)       -20.469999999999995 (actual)
Steering angle: 0.9004462498409951 (pred)       -20.469999999999995 (actual)
Steering angle: 0.7687262651407107 (pred)       -20.469999999999995 (actual)
Steering angle: 0.9077268046094056 (pred)       -20.469999999999995 (actual)
Steering angle: 0.7968781171045348 (pred)       -20.17 (actual)
Steering angle: 0.9080034272707911 (pred)       -19.97 (actual)
Steering angle: 0.7474152745174776 (pred)       -19.56 (actual)
Steering angle: 0.5798277253296349 (pred)       -19.26 (actual)
Steering angle: 0.3678821262269526 (pred)       -19.060000000000002 (actual)
Steering angle: -0.3129900836625286 (pred)      -18.96 (actual)
Steering angle: -0.35713663783693583 (pred)     -18.96 (actual)
Steering angle: -0.42953578926542474 (pred)     -18.760000000000005 (actual)
Steering angle: -0.5273141894219621 (pred)      -18.45 (actual)
Steering angle: -0.4502651199117225 (pred)      -17.55 (actual)
Steering angle: -1.3687790877372525 (pred)      -16.939999999999998 (actual)
Steering angle: -1.1971725058313862 (pred)      -16.54 (actual)
Steering angle: -1.839775272522992 (pred)       -16.44 (actual)
Steering angle: -1.8331004701565967 (pred)      -16.44 (actual)
Steering angle: -1.785430018618139 (pred)       -16.44 (actual)
Steering angle: -1.5780854323755331 (pred)      -16.24 (actual)
Steering angle: -1.4618475655329637 (pred)      -15.929999999999998 (actual)
Steering angle: -1.314130530744569 (pred)       -15.53 (actual)
Steering angle: -1.7920170957423818 (pred)      -15.53 (actual)
Steering angle: -1.9180146625786647 (pred)      -15.43 (actual)
Steering angle: -2.1552493305680103 (pred)      -15.43 (actual)
Steering angle: -2.0712666051940025 (pred)      -15.43 (actual)
Steering angle: -2.318370683090605 (pred)       -15.43 (actual)
Steering angle: -2.2279797461712447 (pred)      -15.63 (actual)
Steering angle: -2.527352700465016 (pred)       -16.13 (actual)
Steering angle: -2.686777213099341 (pred)       0.0 (actual)
Steering angle: -3.3503396959196 (pred) -17.55 (actual)
Steering angle: -3.485931330662224 (pred)       -18.149999999999995 (actual)
Steering angle: -3.2606563239095707 (pred)      -18.66 (actual)
Steering angle: -2.8817714299403887 (pred)      -19.16 (actual)
Steering angle: -2.778976656044874 (pred)       -19.76 (actual)
Steering angle: -2.695479087545349 (pred)       -19.87 (actual)
Steering angle: -2.5297351558248806 (pred)      -19.87 (actual)
Steering angle: -2.554027577381677 (pred)       -19.87 (actual)
Steering angle: -2.902955475094595 (pred)       -19.87 (actual)
Steering angle: -3.8734579080353533 (pred)      -19.87 (actual)
Steering angle: -3.8887396025296104 (pred)      -19.87 (actual)
Steering angle: -3.7135324437140893 (pred)      -19.87 (actual)
Steering angle: -3.836221424227736 (pred)       -19.87 (actual)
Steering angle: -4.499584764345007 (pred)       -19.87 (actual)
Steering angle: -4.525837023306774 (pred)       -19.87 (actual)
Steering angle: -4.8731892817555345 (pred)      -19.97 (actual)
Steering angle: -6.328081900444427 (pred)       -20.07 (actual)
Steering angle: -6.585805001509695 (pred)       -20.07 (actual)
Steering angle: -6.385204053133712 (pred)       -20.17 (actual)
Steering angle: -4.614450616938051 (pred)       -20.869999999999997 (actual)
Steering angle: -4.597019120402531 (pred)       -21.18 (actual)
Steering angle: -4.499913894085637 (pred)       0.0 (actual)
Steering angle: -4.857519120252233 (pred)       -21.18 (actual)
Steering angle: -4.965425863854679 (pred)       -21.18 (actual)
Steering angle: -5.687323498272137 (pred)       -21.18 (actual)
Steering angle: -6.076582809260333 (pred)       -21.18 (actual)
Steering angle: -7.382451799316948 (pred)       -21.18 (actual)
Steering angle: -5.74839350030169 (pred)        -21.18 (actual)
Steering angle: -6.363888313394573 (pred)       -21.18 (actual)
Steering angle: -6.753869916887498 (pred)       -21.18 (actual)
Steering angle: -6.933739960472022 (pred)       -21.18 (actual)
Steering angle: -6.552763534512935 (pred)       -21.18 (actual)
Steering angle: -6.2314863769943445 (pred)      -21.18 (actual)
Steering angle: -5.0663905739394535 (pred)      -21.18 (actual)
Steering angle: -5.1262153471059495 (pred)      -21.18 (actual)
Steering angle: -5.2174436225288705 (pred)      -21.18 (actual)
Steering angle: -6.625192994905865 (pred)       -20.77 (actual)
Steering angle: -8.696686917333183 (pred)       -20.17 (actual)
Steering angle: -9.781129712234447 (pred)       -19.46 (actual)
Steering angle: -10.04320577823513 (pred)       -18.859999999999996 (actual)
Steering angle: -10.750742513035812 (pred)      -18.55 (actual)
Steering angle: -9.881822068526068 (pred)       -18.35 (actual)
Steering angle: -8.07592175952199 (pred)        -18.05 (actual)
Steering angle: -7.4998721426595765 (pred)      0.0 (actual)
Steering angle: -8.40421736329959 (pred)        -16.74 (actual)
Steering angle: -9.624531403812627 (pred)       -16.13 (actual)
Steering angle: -10.768042528429808 (pred)      -15.929999999999998 (actual)
Steering angle: -10.359603192478568 (pred)      -15.929999999999998 (actual)
Steering angle: -9.523792943744109 (pred)       -15.929999999999998 (actual)
Steering angle: -9.95287908778265 (pred)        -15.929999999999998 (actual)
Steering angle: -9.830749329007297 (pred)       -15.929999999999998 (actual)
Steering angle: -10.038217178820082 (pred)      -15.83 (actual)
Steering angle: -12.487706576520598 (pred)      -15.83 (actual)
Steering angle: -12.240611676690692 (pred)      -15.83 (actual)
Steering angle: -16.61351478806536 (pred)       -16.24 (actual)
Steering angle: -15.591877290129652 (pred)      -16.84 (actual)
Steering angle: -16.147946896122487 (pred)      -17.45 (actual)
Steering angle: -19.51076662831617 (pred)       -17.850000000000005 (actual)
Steering angle: -21.71663940002161 (pred)       -18.149999999999995 (actual)
Steering angle: -22.790678109269653 (pred)      -18.149999999999995 (actual)
Steering angle: -27.607880757285415 (pred)      -18.149999999999995 (actual)
Steering angle: -28.294956806653676 (pred)      -18.25 (actual)
Steering angle: -27.396947440242496 (pred)      -18.35 (actual)
Steering angle: -27.978008708408407 (pred)      -18.45 (actual)
Steering angle: -27.841169283481786 (pred)      -18.55 (actual)
Steering angle: -27.816227140180192 (pred)      -18.760000000000005 (actual)
Steering angle: -31.01540407759683 (pred)       -18.96 (actual)
Steering angle: -31.539067851072538 (pred)      -19.060000000000002 (actual)
Steering angle: -33.53450078690259 (pred)       -19.16 (actual)
Steering angle: -32.69138906594539 (pred)       -19.16 (actual)
Steering angle: -30.93027259978179 (pred)       -19.26 (actual)
Steering angle: -30.388840089180295 (pred)      -19.26 (actual)
Steering angle: -28.107425425254515 (pred)      -19.36 (actual)
Steering angle: -26.065420844568727 (pred)      -19.36 (actual)
Steering angle: -24.473168852802647 (pred)      -19.36 (actual)
Steering angle: -26.747500610559126 (pred)      -19.36 (actual)
Steering angle: -29.693864926036913 (pred)      -19.36 (actual)
Steering angle: -28.23238544366719 (pred)       -19.36 (actual)
Steering angle: -22.481769143677486 (pred)      0.0 (actual)
Steering angle: -22.334361708557562 (pred)      -19.76 (actual)
Steering angle: -21.71171483363003 (pred)       -19.97 (actual)
Steering angle: -15.262972945742273 (pred)      -19.97 (actual)
Steering angle: -13.498513955753602 (pred)      -19.97 (actual)
Steering angle: -12.47290811791012 (pred)       -19.97 (actual)
Steering angle: -13.819267323140217 (pred)      -19.97 (actual)
Steering angle: -17.756883332483614 (pred)      -19.97 (actual)
Steering angle: -17.675324043604494 (pred)      -19.97 (actual)
Steering angle: -16.05314387044271 (pred)       -19.97 (actual)
Steering angle: -13.747968685941746 (pred)      -19.97 (actual)
Steering angle: -13.572402088421153 (pred)      -19.97 (actual)
Steering angle: -10.977764340668696 (pred)      -19.97 (actual)
Steering angle: -15.028270570387711 (pred)      -19.97 (actual)
Steering angle: -13.342665260593188 (pred)      -19.76 (actual)
Steering angle: -12.304551638832121 (pred)      -19.66 (actual)
Steering angle: -11.579333251817568 (pred)      -19.36 (actual)
Steering angle: -11.72619683312483 (pred)       -18.859999999999996 (actual)
Steering angle: -9.442789461508696 (pred)       -18.25 (actual)
Steering angle: -10.108971108432243 (pred)      -17.239999999999995 (actual)
Steering angle: -8.800372604028562 (pred)       -16.34 (actual)
Steering angle: -9.154943091769557 (pred)       -14.72 (actual)
Steering angle: -10.623213489721564 (pred)      -12.910000000000002 (actual)
Steering angle: -10.92812764842292 (pred)       -11.290000000000001 (actual)
Steering angle: -9.899277470723682 (pred)       -9.979999999999999 (actual)
Steering angle: -8.567667205232581 (pred)       -8.87 (actual)
Steering angle: -8.525772532411015 (pred)       -8.17 (actual)
Steering angle: -8.861880165051819 (pred)       -7.559999999999999 (actual)
Steering angle: -9.04866022564228 (pred)        -7.06 (actual)
Steering angle: -8.864701033179035 (pred)       -6.35 (actual)
Steering angle: -8.472970047484939 (pred)       -5.949999999999999 (actual)
Steering angle: -8.290986487239119 (pred)       -5.949999999999999 (actual)
Steering angle: -7.480192660113477 (pred)       -5.849999999999999 (actual)
Steering angle: -6.625237391135471 (pred)       -5.55 (actual)
Steering angle: -6.277572224645359 (pred)       -4.84 (actual)
Steering angle: -6.399841575411873 (pred)       -4.54 (actual)
Steering angle: -5.643657245134598 (pred)       -4.54 (actual)
Steering angle: -5.510892881821537 (pred)       -4.54 (actual)
Steering angle: -5.0750597915434925 (pred)      -4.24 (actual)
Steering angle: -4.60448793225994 (pred)        -3.4300000000000006 (actual)
Steering angle: -5.249172839431342 (pred)       -2.82 (actual)
Steering angle: -5.279588098692232 (pred)       -2.32 (actual)
Steering angle: -5.967039381578022 (pred)       -1.71 (actual)
Steering angle: -5.3759057188204595 (pred)      -1.21 (actual)
Steering angle: -5.198731892410798 (pred)       -0.71 (actual)
Steering angle: -4.331377695655103 (pred)       -0.1 (actual)
Steering angle: -4.5048469982136785 (pred)      0.0 (actual)
Steering angle: -4.536489983977878 (pred)       0.5 (actual)
Steering angle: -5.649644759715761 (pred)       0.81 (actual)
Steering angle: -5.429757918444602 (pred)       1.01 (actual)
Steering angle: -5.628566795937101 (pred)       1.01 (actual)
Steering angle: -5.534822449578677 (pred)       1.01 (actual)
Steering angle: -6.1448492693541406 (pred)      1.01 (actual)
Steering angle: -5.430839222767579 (pred)       1.31 (actual)
Steering angle: -5.152375398513922 (pred)       1.51 (actual)
Steering angle: -4.397084542357449 (pred)       2.02 (actual)
Steering angle: -4.481480494176242 (pred)       2.32 (actual)
Steering angle: -4.6859020796192 (pred) 2.7200000000000006 (actual)
Steering angle: -4.1658258630050415 (pred)      3.3299999999999996 (actual)
Steering angle: -3.908033179387604 (pred)       3.829999999999999 (actual)
Steering angle: -4.086723734679831 (pred)       4.13 (actual)
Steering angle: -3.3862464272731803 (pred)      4.34 (actual)
Steering angle: -3.3574514169494645 (pred)      4.64 (actual)
Steering angle: -3.233767790137935 (pred)       5.04 (actual)
Steering angle: -3.36880788710508 (pred)        5.45 (actual)
Steering angle: -3.3487632028817966 (pred)      5.849999999999999 (actual)
Steering angle: -3.1133953109699806 (pred)      5.949999999999999 (actual)
Steering angle: -2.727754292694598 (pred)       5.949999999999999 (actual)
Steering angle: -2.5741503818935927 (pred)      5.949999999999999 (actual)
Steering angle: -2.2228871998147652 (pred)      5.949999999999999 (actual)
Steering angle: -2.3181239425068383 (pred)      6.050000000000001 (actual)
Steering angle: -2.6113200579133906 (pred)      6.25 (actual)
Steering angle: -2.7880383960827766 (pred)      6.25 (actual)
Steering angle: -3.5815450144191168 (pred)      6.25 (actual)
Steering angle: -4.478181939693949 (pred)       6.25 (actual)
Steering angle: -4.9852052379173895 (pred)      6.150000000000001 (actual)
Steering angle: -4.966883682355654 (pred)       6.050000000000001 (actual)
Steering angle: -4.736756679971353 (pred)       6.050000000000001 (actual)
Steering angle: -4.530860627441318 (pred)       5.949999999999999 (actual)
Steering angle: -3.7806851560863626 (pred)      5.949999999999999 (actual)
Steering angle: -3.511496942168993 (pred)       5.849999999999999 (actual)
Steering angle: -3.965352980675997 (pred)       5.65 (actual)
Steering angle: -3.4516267055558347 (pred)      5.340000000000001 (actual)
Steering angle: -2.9008359820177754 (pred)      5.139999999999999 (actual)
Steering angle: -2.870652949188666 (pred)       4.84 (actual)
Steering angle: -2.7754048939957805 (pred)      4.84 (actual)
Steering angle: -2.5976581854694842 (pred)      4.84 (actual)
Steering angle: -2.2504858598166715 (pred)      5.340000000000001 (actual)
Steering angle: -2.197042831212495 (pred)       5.75 (actual)
Steering angle: -2.090364454443593 (pred)       5.849999999999999 (actual)
Steering angle: -2.168203424659174 (pred)       5.849999999999999 (actual)
Steering angle: -1.9696376592124443 (pred)      6.050000000000001 (actual)
Steering angle: -2.3482087913666287 (pred)      6.55 (actual)
Steering angle: -3.134637626175543 (pred)       7.06 (actual)
Steering angle: -2.808330674663473 (pred)       7.659999999999998 (actual)
Steering angle: -2.0145429513541044 (pred)      7.87 (actual)
Steering angle: -1.5784772077574567 (pred)      7.969999999999999 (actual)
Steering angle: -1.5489123070482336 (pred)      8.07 (actual)
Steering angle: -1.515756861269699 (pred)       8.27 (actual)
Steering angle: -1.182453341448303 (pred)       8.87 (actual)
Steering angle: -1.1008321539798274 (pred)      9.68 (actual)
Steering angle: -1.1989729010079193 (pred)      10.389999999999999 (actual)
Steering angle: -1.3214182358672668 (pred)      10.89 (actual)
Steering angle: -1.0036339730571975 (pred)      11.089999999999998 (actual)
Steering angle: -0.962100019601173 (pred)       11.089999999999998 (actual)
Steering angle: -0.825043576085846 (pred)       11.089999999999998 (actual)
Steering angle: -0.5518895302207854 (pred)      11.290000000000001 (actual)
Steering angle: -0.36173757065573275 (pred)     11.39 (actual)
Steering angle: -0.33348988260011697 (pred)     12.0 (actual)
Steering angle: -0.2083862834725255 (pred)      12.81 (actual)
Steering angle: -0.20026180013522177 (pred)     13.21 (actual)
Steering angle: -0.4612188223497189 (pred)      13.31 (actual)
Steering angle: -0.45046917181317664 (pred)     13.41 (actual)
Steering angle: -0.009477741247038944 (pred)    13.82 (actual)
Steering angle: 0.2633417587508233 (pred)       14.420000000000002 (actual)
Steering angle: 0.2938631260676864 (pred)       15.030000000000001 (actual)
Steering angle: 0.43648710757149944 (pred)      15.730000000000002 (actual)
Steering angle: 0.38849368947092056 (pred)      16.24 (actual)
Steering angle: 0.01638477004521434 (pred)      16.34 (actual)
Steering angle: 0.1554473281651814 (pred)       16.34 (actual)
Steering angle: -0.25289930664437293 (pred)     0.0 (actual)
Steering angle: 0.3315458400076021 (pred)       16.34 (actual)
Steering angle: 0.56575534784444 (pred) 16.34 (actual)
Steering angle: 0.22574770386798554 (pred)      16.34 (actual)
Steering angle: 0.4989490007682809 (pred)       16.44 (actual)
Steering angle: 0.5254111813253202 (pred)       16.44 (actual)
Steering angle: 0.6682325179435495 (pred)       16.64 (actual)
Steering angle: 0.7568115337421524 (pred)       16.64 (actual)
Steering angle: 0.6020363522201958 (pred)       16.64 (actual)
Steering angle: 0.3452291635143706 (pred)       16.74 (actual)
Steering angle: 0.5052958473328095 (pred)       17.239999999999995 (actual)
Steering angle: 0.5106454862785162 (pred)       17.34 (actual)
Steering angle: 0.25568855846625044 (pred)      17.34 (actual)
Steering angle: 0.5508718320344534 (pred)       17.34 (actual)
Steering angle: 0.860581690667657 (pred)        17.34 (actual)
Steering angle: 0.7904443990715001 (pred)       17.140000000000004 (actual)
Steering angle: 0.7009880774905208 (pred)       17.04 (actual)
Steering angle: 1.0023473361722963 (pred)       17.04 (actual)
Steering angle: 0.72019296861101 (pred) 16.939999999999998 (actual)
Steering angle: 1.2333351558354302 (pred)       16.84 (actual)
Steering angle: 1.3550813568002036 (pred)       16.64 (actual)
Steering angle: 1.4428115081510207 (pred)       16.24 (actual)
Steering angle: 1.2594353363664588 (pred)       15.929999999999998 (actual)
Steering angle: 0.792577872691777 (pred)        15.63 (actual)
Steering angle: 1.1373752668649824 (pred)       15.33 (actual)
Steering angle: 1.3609322675979656 (pred)       14.82 (actual)
Steering angle: 1.5160760658916914 (pred)       14.22 (actual)
Steering angle: 1.6411659646203032 (pred)       13.610000000000001 (actual)
Steering angle: 1.6237069338846928 (pred)       13.31 (actual)
Steering angle: 1.0103816663486411 (pred)       13.21 (actual)
Steering angle: 0.1532531298943148 (pred)       13.21 (actual)
Steering angle: 0.4588957576191212 (pred)       13.21 (actual)
Steering angle: 0.267970892780373 (pred)        13.21 (actual)
Steering angle: -0.22953160198774616 (pred)     13.11 (actual)
Steering angle: -0.2162059696181174 (pred)      13.01 (actual)
Steering angle: -0.3289700315972875 (pred)      13.01 (actual)
Steering angle: 0.44842865279863536 (pred)      13.01 (actual)
Steering angle: 1.7709467092048328 (pred)       12.709999999999999 (actual)
Steering angle: 2.8219453761134243 (pred)       12.100000000000001 (actual)
Steering angle: 2.7440144117874596 (pred)       11.39 (actual)
Steering angle: 2.532911407232348 (pred)        10.49 (actual)
Steering angle: 2.334812229083295 (pred)        9.979999999999999 (actual)
Steering angle: 2.328960677955298 (pred)        9.88 (actual)
Steering angle: 2.3640445849573033 (pred)       9.88 (actual)
Steering angle: 2.070441646408312 (pred)        9.68 (actual)
Steering angle: 1.9384516557924008 (pred)       9.68 (actual)
Steering angle: 1.9373705649128345 (pred)       9.68 (actual)
Steering angle: 2.3552024781898986 (pred)       9.68 (actual)
Steering angle: 2.553609868625249 (pred)        9.48 (actual)
Steering angle: 2.797385083075116 (pred)        9.48 (actual)
Steering angle: 2.8391719669738427 (pred)       9.380000000000003 (actual)
Steering angle: 2.9239416582062825 (pred)       9.380000000000003 (actual)
Steering angle: 2.8902082076692355 (pred)       9.48 (actual)
Steering angle: 3.1095898283852255 (pred)       9.380000000000003 (actual)
Steering angle: 3.403638009890737 (pred)        9.380000000000003 (actual)
Steering angle: 3.9363289455716743 (pred)       9.380000000000003 (actual)
Steering angle: 3.9422759059046397 (pred)       9.380000000000003 (actual)
Steering angle: 3.8565147700254903 (pred)       9.380000000000003 (actual)
Steering angle: 4.760526592056643 (pred)        9.380000000000003 (actual)
Steering angle: 4.903022267389681 (pred)        9.380000000000003 (actual)
Steering angle: 4.464053693395777 (pred)        9.380000000000003 (actual)
Steering angle: 4.997514519462222 (pred)        9.380000000000003 (actual)
Steering angle: 4.465793684086838 (pred)        9.380000000000003 (actual)
Steering angle: 5.189990957820474 (pred)        9.380000000000003 (actual)
Steering angle: 7.402683673412172 (pred)        9.380000000000003 (actual)
Steering angle: 7.521695450831413 (pred)        9.380000000000003 (actual)
Steering angle: 7.088868924448644 (pred)        9.380000000000003 (actual)
Steering angle: 7.144100395398306 (pred)        9.380000000000003 (actual)
Steering angle: 6.9850146174581305 (pred)       9.380000000000003 (actual)
Steering angle: 7.08859657065549 (pred) 9.380000000000003 (actual)
Steering angle: 6.4531465061287685 (pred)       9.380000000000003 (actual)
Steering angle: 5.700084852962659 (pred)        9.380000000000003 (actual)
Steering angle: 5.374167862563514 (pred)        9.380000000000003 (actual)
Steering angle: 4.971078272279688 (pred)        9.380000000000003 (actual)
Steering angle: 5.441894310826068 (pred)        9.78 (actual)
Steering angle: 5.591955274438541 (pred)        9.979999999999999 (actual)
Steering angle: 5.958895234766429 (pred)        9.979999999999999 (actual)
Steering angle: 6.9033584252701585 (pred)       9.979999999999999 (actual)
Steering angle: 7.019344855773907 (pred)        9.979999999999999 (actual)
Steering angle: 7.664313215795865 (pred)        9.979999999999999 (actual)
Steering angle: 8.075459014205721 (pred)        9.979999999999999 (actual)
Steering angle: 7.699521133419988 (pred)        9.979999999999999 (actual)
Steering angle: 7.3728664825904815 (pred)       9.979999999999999 (actual)
Steering angle: 7.62634504797341 (pred) 9.979999999999999 (actual)
Steering angle: 7.244720180929995 (pred)        9.979999999999999 (actual)
Steering angle: 6.851200966333826 (pred)        9.979999999999999 (actual)
Steering angle: 8.762859497559559 (pred)        9.979999999999999 (actual)
Steering angle: 9.625487630296428 (pred)        9.979999999999999 (actual)
Steering angle: 11.300775085576 (pred)  9.979999999999999 (actual)
Steering angle: 16.22609450551119 (pred)        9.979999999999999 (actual)
Steering angle: 19.490469013650184 (pred)       9.979999999999999 (actual)
Steering angle: 19.10323656129819 (pred)        9.979999999999999 (actual)
Steering angle: 18.064520175342867 (pred)       9.979999999999999 (actual)
Steering angle: 14.757610664147615 (pred)       9.979999999999999 (actual)
Steering angle: 13.784184910242091 (pred)       9.979999999999999 (actual)
Steering angle: 12.096613359740253 (pred)       9.979999999999999 (actual)
Steering angle: 8.757867483049926 (pred)        9.979999999999999 (actual)
Steering angle: 6.424683827196856 (pred)        9.979999999999999 (actual)
Steering angle: 6.066574874578972 (pred)        9.979999999999999 (actual)
Steering angle: 6.312369050258813 (pred)        9.979999999999999 (actual)
Steering angle: 7.072290347785731 (pred)        9.979999999999999 (actual)
Steering angle: 7.5937112578927355 (pred)       9.979999999999999 (actual)
Steering angle: 6.993571563827687 (pred)        9.979999999999999 (actual)
Steering angle: 4.545339347821276 (pred)        9.979999999999999 (actual)
Steering angle: 3.5040264227642917 (pred)       9.979999999999999 (actual)
Steering angle: 3.5587492580641995 (pred)       9.979999999999999 (actual)
Steering angle: 4.495834136717024 (pred)        9.979999999999999 (actual)
Steering angle: 5.239561482608664 (pred)        9.979999999999999 (actual)
Steering angle: 4.7759884327902595 (pred)       9.979999999999999 (actual)
Steering angle: 3.995208164424946 (pred)        9.979999999999999 (actual)
Steering angle: 3.6966533387276956 (pred)       9.979999999999999 (actual)
Steering angle: 3.6717491883533597 (pred)       9.979999999999999 (actual)
Steering angle: 3.7644997421875477 (pred)       9.979999999999999 (actual)
Steering angle: 4.106451455436944 (pred)        9.979999999999999 (actual)
Steering angle: 4.699243146615527 (pred)        9.979999999999999 (actual)
Steering angle: 4.0558145673645845 (pred)       9.979999999999999 (actual)
Steering angle: 3.4752766624438274 (pred)       9.979999999999999 (actual)
Steering angle: 3.03761863099692 (pred) 9.979999999999999 (actual)
Steering angle: 5.329138986686559 (pred)        9.979999999999999 (actual)
Steering angle: 8.429997912321804 (pred)        9.979999999999999 (actual)
Steering angle: 16.48581927889009 (pred)        9.979999999999999 (actual)
Steering angle: 33.311355091623696 (pred)       9.979999999999999 (actual)
Steering angle: 40.354663239213764 (pred)       9.979999999999999 (actual)
Steering angle: 33.447665176889636 (pred)       9.979999999999999 (actual)
Steering angle: 17.60049249105783 (pred)        9.979999999999999 (actual)
Steering angle: 14.692489933053421 (pred)       9.979999999999999 (actual)
Steering angle: 15.15053266407823 (pred)        9.979999999999999 (actual)
Steering angle: 8.811382015196976 (pred)        9.979999999999999 (actual)
Steering angle: 4.659934127281635 (pred)        9.979999999999999 (actual)
Steering angle: 1.7356637662215453 (pred)       9.979999999999999 (actual)
Steering angle: 1.4296850585050198 (pred)       9.979999999999999 (actual)
Steering angle: 1.3284916438047554 (pred)       0.0 (actual)
Steering angle: 0.8608591671026887 (pred)       9.979999999999999 (actual)
Steering angle: 0.8845397531202402 (pred)       9.979999999999999 (actual)
Steering angle: 0.9132734518239848 (pred)       10.08 (actual)
Steering angle: 1.0181665878985746 (pred)       10.29 (actual)
Steering angle: 1.6466213647764394 (pred)       10.49 (actual)
Steering angle: 2.0072905711160205 (pred)       10.59 (actual)
Steering angle: 2.1578102246199418 (pred)       10.59 (actual)
Steering angle: 2.1980268053397998 (pred)       10.69 (actual)
Steering angle: 2.029818455989427 (pred)        10.89 (actual)
Steering angle: 2.0273314133578957 (pred)       11.19 (actual)
Steering angle: 1.9223053020379022 (pred)       11.39 (actual)
Steering angle: 1.8647677884697147 (pred)       11.6 (actual)
Steering angle: 1.6847275237644694 (pred)       12.0 (actual)
Steering angle: 1.5516344575976009 (pred)       12.2 (actual)
Steering angle: 1.433027048721566 (pred)        12.61 (actual)
Steering angle: 1.362086462845992 (pred)        12.61 (actual)
Steering angle: 1.334273505658877 (pred)        12.709999999999999 (actual)
Steering angle: 1.4694064505100521 (pred)       12.709999999999999 (actual)
Steering angle: 1.5949749960890938 (pred)       12.709999999999999 (actual)
Steering angle: 1.6165438797143477 (pred)       0.0 (actual)
Steering angle: 1.4584372734247173 (pred)       12.709999999999999 (actual)
Steering angle: 1.5104685873048167 (pred)       12.709999999999999 (actual)
Steering angle: 1.9979906282308133 (pred)       12.709999999999999 (actual)
Steering angle: 2.1546664166110316 (pred)       12.709999999999999 (actual)
Steering angle: 2.2338645944714455 (pred)       12.709999999999999 (actual)
Steering angle: 2.0541420402843116 (pred)       12.709999999999999 (actual)
Steering angle: 1.842069789197293 (pred)        12.709999999999999 (actual)
Steering angle: 1.8027962014697196 (pred)       12.5 (actual)
Steering angle: 1.73754633711153 (pred) 12.0 (actual)
Steering angle: 1.7362578859576305 (pred)       11.39 (actual)
Steering angle: 1.7411356015203716 (pred)       10.69 (actual)
Steering angle: 1.8356261460456207 (pred)       10.29 (actual)
Steering angle: 1.834555513893221 (pred)        9.88 (actual)
Steering angle: 1.875232705495232 (pred)        9.58 (actual)
Steering angle: 2.075959158597213 (pred)        9.380000000000003 (actual)
Steering angle: 2.1708396642353875 (pred)       9.18 (actual)
Steering angle: 2.4183608105581835 (pred)       9.18 (actual)
Steering angle: 2.389429196451067 (pred)        9.18 (actual)
Steering angle: 2.208268674000234 (pred)        9.18 (actual)
Steering angle: 2.3283207746074326 (pred)       9.18 (actual)
Steering angle: 2.6280708834094355 (pred)       9.18 (actual)
Steering angle: 2.996272507743071 (pred)        9.18 (actual)
Steering angle: 3.4761391872699527 (pred)       9.18 (actual)
Steering angle: 3.5406601423776554 (pred)       9.18 (actual)
Steering angle: 3.3541880806300792 (pred)       9.18 (actual)
Steering angle: 3.1946158651549523 (pred)       9.18 (actual)
Steering angle: 3.0871037784204858 (pred)       9.28 (actual)
Steering angle: 2.9968304488208966 (pred)       9.28 (actual)
Steering angle: 2.9752195168435644 (pred)       9.28 (actual)
Steering angle: 3.020636005955918 (pred)        9.28 (actual)
Steering angle: 2.904459610815879 (pred)        9.28 (actual)
Steering angle: 2.774618995354406 (pred)        9.28 (actual)
Steering angle: 2.852759561110525 (pred)        9.28 (actual)
Steering angle: 2.6617624990378155 (pred)       9.28 (actual)
Steering angle: 3.0931149852203315 (pred)       9.28 (actual)
Steering angle: 3.287625539290778 (pred)        9.28 (actual)
Steering angle: 3.589598234337385 (pred)        9.28 (actual)
Steering angle: 3.7888736991275613 (pred)       9.28 (actual)
Steering angle: 3.8860685716773125 (pred)       9.28 (actual)
Steering angle: 4.041218026221444 (pred)        9.28 (actual)
Steering angle: 3.5716939606452542 (pred)       9.28 (actual)
Steering angle: 3.566665020425421 (pred)        9.28 (actual)
Steering angle: 3.514638402300376 (pred)        9.28 (actual)
Steering angle: 3.5806242195416345 (pred)       9.28 (actual)
Steering angle: 3.5611408914907616 (pred)       9.28 (actual)
Steering angle: 3.598557308094326 (pred)        9.28 (actual)
Steering angle: 3.6568282132246437 (pred)       9.28 (actual)
Steering angle: 3.676955500048202 (pred)        9.28 (actual)
Steering angle: 3.6348956220260864 (pred)       9.28 (actual)
Steering angle: 3.5759692321788594 (pred)       9.28 (actual)
Steering angle: 3.560118710992787 (pred)        9.380000000000003 (actual)
Steering angle: 3.5549783533121175 (pred)       9.380000000000003 (actual)
Steering angle: 3.525450591756506 (pred)        9.380000000000003 (actual)
Steering angle: 3.5870650879289565 (pred)       9.380000000000003 (actual)
Steering angle: 3.8708692663399185 (pred)       9.380000000000003 (actual)
Steering angle: 3.9169487106885863 (pred)       9.380000000000003 (actual)
Steering angle: 4.436446068770586 (pred)        9.380000000000003 (actual)
Steering angle: 4.589528537317143 (pred)        9.380000000000003 (actual)
Steering angle: 4.623113858126565 (pred)        9.380000000000003 (actual)
Steering angle: 4.730560844620505 (pred)        9.380000000000003 (actual)
Steering angle: 4.703286191717352 (pred)        9.380000000000003 (actual)
Steering angle: 4.92665685635204 (pred) 9.380000000000003 (actual)
Steering angle: 5.214472063353092 (pred)        9.380000000000003 (actual)
Steering angle: 5.48966508076796 (pred) 9.380000000000003 (actual)
Steering angle: 5.613797365630595 (pred)        9.380000000000003 (actual)
Steering angle: 5.931335421465427 (pred)        9.380000000000003 (actual)
Steering angle: 5.931664551206056 (pred)        9.58 (actual)
Steering angle: 6.36442875211265 (pred) 9.979999999999999 (actual)
Steering angle: 6.781558650009083 (pred)        10.08 (actual)
Steering angle: 10.4770568329934 (pred) 9.979999999999999 (actual)
Steering angle: 14.327069689815861 (pred)       10.29 (actual)
Steering angle: 17.15065281722621 (pred)        10.389999999999999 (actual)
Steering angle: 28.050770713636553 (pred)       10.18 (actual)
Steering angle: 29.741662589848662 (pred)       10.18 (actual)
Steering angle: 23.54561208804199 (pred)        9.979999999999999 (actual)
Steering angle: 20.69776812869976 (pred)        9.979999999999999 (actual)
Steering angle: 19.513514071909807 (pred)       9.88 (actual)
Steering angle: 18.67104097364 (pred)   9.88 (actual)
Steering angle: 20.80408856086747 (pred)        9.88 (actual)
Steering angle: 21.339269740831114 (pred)       9.78 (actual)
Steering angle: 21.35948027058518 (pred)        9.78 (actual)
Steering angle: 20.74968610412832 (pred)        0.0 (actual)
Steering angle: 19.8172696597732 (pred) 9.78 (actual)
Steering angle: 23.640131660871212 (pred)       9.78 (actual)
Steering angle: 19.838945265104233 (pred)       9.78 (actual)
Steering angle: 22.93886589350225 (pred)        9.78 (actual)
Steering angle: 20.61497599067545 (pred)        9.78 (actual)
Steering angle: 22.851000632471912 (pred)       9.78 (actual)
Steering angle: 17.546221515460203 (pred)       9.78 (actual)
Steering angle: 7.812301216995238 (pred)        9.78 (actual)
Steering angle: 2.5234876671684345 (pred)       9.78 (actual)
Steering angle: -3.7736816508661604 (pred)      9.78 (actual)
Steering angle: -1.9132450561038803 (pred)      9.78 (actual)
Steering angle: -0.627448177748934 (pred)       9.78 (actual)
Steering angle: 1.092013419265989 (pred)        9.78 (actual)
Steering angle: 3.468828110093689 (pred)        9.78 (actual)
Steering angle: 3.2357656204701635 (pred)       9.78 (actual)
Steering angle: 6.4837376427607865 (pred)       9.78 (actual)
Steering angle: 5.866173282349389 (pred)        9.78 (actual)
Steering angle: 6.658601157683691 (pred)        9.78 (actual)
Steering angle: 8.097832152605744 (pred)        9.78 (actual)
Steering angle: 7.752017967380706 (pred)        9.78 (actual)
Steering angle: 7.352096731098119 (pred)        9.78 (actual)
Steering angle: 7.597406390233712 (pred)        9.78 (actual)
Steering angle: 8.260429928439775 (pred)        0.0 (actual)
Steering angle: 8.870438392081844 (pred)        9.78 (actual)
Steering angle: 10.233013320175198 (pred)       9.78 (actual)
Steering angle: 11.240348401988896 (pred)       9.78 (actual)
Steering angle: 12.21995376954599 (pred)        9.78 (actual)
Steering angle: 12.703197337287207 (pred)       9.78 (actual)
Steering angle: 14.644924495673452 (pred)       9.78 (actual)
Steering angle: 14.062889925550817 (pred)       9.78 (actual)
Steering angle: 13.875244992256702 (pred)       9.78 (actual)
Steering angle: 13.28933941242196 (pred)        9.78 (actual)
Steering angle: 13.854073967150601 (pred)       9.78 (actual)
Steering angle: 13.661982580706809 (pred)       9.78 (actual)
Steering angle: 13.314969697282434 (pred)       9.78 (actual)
Steering angle: 13.038020040590403 (pred)       9.88 (actual)
Steering angle: 12.644513205712105 (pred)       9.78 (actual)
Steering angle: 12.263627706646343 (pred)       9.78 (actual)
Steering angle: 11.402830064607038 (pred)       9.78 (actual)
Steering angle: 10.720308897641527 (pred)       9.78 (actual)
Steering angle: 11.066288714953938 (pred)       9.78 (actual)
Steering angle: 10.7802753972333 (pred) 9.78 (actual)
Steering angle: 10.79024747342152 (pred)        9.78 (actual)
Steering angle: 10.692413551297548 (pred)       9.78 (actual)
Steering angle: 10.440867075676088 (pred)       9.78 (actual)
Steering angle: 10.460635350681397 (pred)       9.78 (actual)
Steering angle: 10.117077689203402 (pred)       9.78 (actual)
Steering angle: 10.347972234095684 (pred)       9.78 (actual)
Steering angle: 9.940414846321023 (pred)        9.78 (actual)
Steering angle: 8.940063632933663 (pred)        9.78 (actual)
Steering angle: 7.789052960607807 (pred)        9.78 (actual)
Steering angle: 7.540821688054741 (pred)        9.78 (actual)
Steering angle: 6.987417136498682 (pred)        9.78 (actual)
Steering angle: 6.119333390162266 (pred)        9.78 (actual)
Steering angle: 6.309899083100206 (pred)        9.78 (actual)
Steering angle: 5.385095311461888 (pred)        9.78 (actual)
Steering angle: 3.242893349755895 (pred)        9.88 (actual)
Steering angle: 1.233764497257789 (pred)        9.78 (actual)
Steering angle: -1.6203663310503218 (pred)      9.78 (actual)
Steering angle: -5.891813812493617 (pred)       9.78 (actual)
Steering angle: -7.48646021245061 (pred)        9.78 (actual)
Steering angle: -6.821307789657618 (pred)       9.78 (actual)
Steering angle: -4.733255354248075 (pred)       9.78 (actual)
Steering angle: -3.7724056861518376 (pred)      9.78 (actual)
Steering angle: -3.4244984748330136 (pred)      9.78 (actual)
Steering angle: -1.9848892581856712 (pred)      9.88 (actual)
Steering angle: -1.4509073100298957 (pred)      9.78 (actual)
Steering angle: -0.4763841901846744 (pred)      9.78 (actual)
Steering angle: 0.9543482885017374 (pred)       9.78 (actual)
Steering angle: 1.419447351991111 (pred)        9.78 (actual)
Steering angle: 2.0772504912371685 (pred)       9.78 (actual)
Steering angle: 2.4637271404688197 (pred)       9.78 (actual)
Steering angle: 2.6925877830923177 (pred)       9.78 (actual)
Steering angle: 2.9796339534815086 (pred)       9.78 (actual)
Steering angle: 3.6432109504537538 (pred)       9.78 (actual)
Steering angle: 3.9348950327327947 (pred)       9.78 (actual)
Steering angle: 4.566627339916914 (pred)        9.78 (actual)
Steering angle: 6.778215699297185 (pred)        9.78 (actual)
Steering angle: 7.278544985247191 (pred)        9.78 (actual)
Steering angle: 8.142543424686293 (pred)        9.78 (actual)
Steering angle: 8.553650803282068 (pred)        9.78 (actual)
Steering angle: 9.034942644467955 (pred)        9.78 (actual)
Steering angle: 9.312088669098625 (pred)        0.0 (actual)
Steering angle: 9.308735046216148 (pred)        9.78 (actual)
Steering angle: 8.939498434779845 (pred)        9.78 (actual)
Steering angle: 7.653813507494262 (pred)        9.78 (actual)
Steering angle: 7.360970000603612 (pred)        9.78 (actual)
Steering angle: 6.21629518250659 (pred) 9.78 (actual)
Steering angle: 5.705621575058601 (pred)        9.78 (actual)
Steering angle: 6.175103165395889 (pred)        9.78 (actual)
Steering angle: 5.859147152127562 (pred)        9.78 (actual)
Steering angle: 6.412144026767535 (pred)        9.78 (actual)
Steering angle: 5.61947666792546 (pred) 9.78 (actual)
Steering angle: 5.745422368012734 (pred)        9.78 (actual)
Steering angle: 3.1400097834011698 (pred)       9.78 (actual)
Steering angle: 2.5590027298617968 (pred)       9.78 (actual)
Steering angle: 1.8798268614857119 (pred)       9.78 (actual)
Steering angle: -1.0701399518924346 (pred)      9.78 (actual)
Steering angle: -0.6855609746721363 (pred)      9.78 (actual)
Steering angle: -3.1157976165671206 (pred)      9.78 (actual)
Steering angle: -4.890597726402604 (pred)       9.78 (actual)
Steering angle: -6.039298941015349 (pred)       9.78 (actual)
Steering angle: -7.321132922269513 (pred)       9.78 (actual)
Steering angle: -5.442283631608759 (pred)       9.78 (actual)
Steering angle: -1.5353833031280248 (pred)      9.78 (actual)
Steering angle: -0.8625589237106699 (pred)      9.78 (actual)
Steering angle: -0.9625132460459588 (pred)      9.78 (actual)
Steering angle: 1.2571013326610185 (pred)       9.78 (actual)
Steering angle: 1.8970171669661646 (pred)       9.78 (actual)
Steering angle: 2.1985119622142824 (pred)       9.78 (actual)
Steering angle: 3.0108270005341335 (pred)       9.78 (actual)
Steering angle: 3.5095635717470564 (pred)       9.88 (actual)
Steering angle: 3.9001391882543617 (pred)       9.78 (actual)
Steering angle: 4.385209404711735 (pred)        9.78 (actual)
Steering angle: 5.378994671872597 (pred)        9.78 (actual)
Steering angle: 5.8515481397891 (pred)  9.88 (actual)
Steering angle: 6.274951993325013 (pred)        9.78 (actual)
Steering angle: 6.819725320204292 (pred)        9.78 (actual)
Steering angle: 6.869924649282947 (pred)        9.78 (actual)
Steering angle: 7.179816308341949 (pred)        9.88 (actual)
Steering angle: 6.921691506776119 (pred)        0.0 (actual)
Steering angle: 7.391620474504044 (pred)        9.78 (actual)
Steering angle: 7.225939722033399 (pred)        9.78 (actual)
Steering angle: 7.270500729952208 (pred)        9.78 (actual)
Steering angle: 7.387935587446822 (pred)        9.78 (actual)
Steering angle: 7.449795756985981 (pred)        9.78 (actual)
Steering angle: 7.643220737865219 (pred)        9.88 (actual)
Steering angle: 7.905050063282133 (pred)        9.78 (actual)
Steering angle: 8.182885937018973 (pred)        9.78 (actual)
Steering angle: 8.204426646113902 (pred)        9.78 (actual)
Steering angle: 7.639067129076205 (pred)        9.88 (actual)
Steering angle: 7.9061206954345336 (pred)       9.78 (actual)
Steering angle: 7.451478544842743 (pred)        9.78 (actual)
Steering angle: 7.853809984128699 (pred)        9.78 (actual)
Steering angle: 7.8944666851631995 (pred)       9.78 (actual)
Steering angle: 8.027455590945225 (pred)        9.78 (actual)
Steering angle: 8.351324378367012 (pred)        9.78 (actual)
Steering angle: 8.336167334825108 (pred)        9.78 (actual)
Steering angle: 8.60091229724397 (pred) 9.78 (actual)
Steering angle: 8.625600015998982 (pred)        9.78 (actual)
Steering angle: 8.680127977464133 (pred)        9.78 (actual)
Steering angle: 9.042384989342331 (pred)        9.78 (actual)
Steering angle: 9.89918014052801 (pred) 9.78 (actual)
Steering angle: 10.005894162346642 (pred)       9.78 (actual)
Steering angle: 10.080286021465483 (pred)       9.78 (actual)
Steering angle: 11.910366907678698 (pred)       9.78 (actual)
Steering angle: 12.452329611714516 (pred)       9.78 (actual)
Steering angle: 12.792654032394157 (pred)       9.78 (actual)
Steering angle: 16.747541882601226 (pred)       9.78 (actual)
Steering angle: 18.987859298291042 (pred)       9.78 (actual)
Steering angle: 18.64635325488499 (pred)        9.78 (actual)
Steering angle: 17.672516835855618 (pred)       9.78 (actual)
Steering angle: 19.775800166227466 (pred)       9.78 (actual)
Steering angle: 18.62003653601293 (pred)        9.78 (actual)
Steering angle: 15.608887876257569 (pred)       9.88 (actual)
Steering angle: 15.30650515641735 (pred)        9.78 (actual)
Steering angle: 14.288483389873521 (pred)       9.78 (actual)
Steering angle: 14.116511179403647 (pred)       9.78 (actual)
Steering angle: 16.20901390994428 (pred)        9.78 (actual)
Steering angle: 13.774105258574446 (pred)       9.78 (actual)
Steering angle: 9.668349628659197 (pred)        9.78 (actual)
Steering angle: 7.827360076567824 (pred)        9.78 (actual)
Steering angle: 3.852848665988486 (pred)        9.78 (actual)
Steering angle: 1.7958080641751504 (pred)       9.78 (actual)
Steering angle: -1.009760972907816 (pred)       9.78 (actual)
Steering angle: 4.255499416618139 (pred)        9.88 (actual)
Steering angle: 1.3620019392550131 (pred)       9.78 (actual)
Steering angle: -1.3987626576982564 (pred)      9.88 (actual)
Steering angle: -7.017312874495828 (pred)       9.88 (actual)
Steering angle: -10.96994377406903 (pred)       9.78 (actual)
Steering angle: -10.733356266503543 (pred)      9.78 (actual)
Steering angle: -18.00368197285827 (pred)       9.78 (actual)
Steering angle: -19.742395418544227 (pred)      9.78 (actual)
Steering angle: -21.41660285016129 (pred)       9.78 (actual)
Steering angle: -23.5075952551217 (pred)        9.88 (actual)
Steering angle: -22.822032092654595 (pred)      9.78 (actual)
Steering angle: -23.06316167601814 (pred)       9.78 (actual)
Steering angle: -20.986333375849043 (pred)      9.78 (actual)
Steering angle: -17.27237703351959 (pred)       9.78 (actual)
Steering angle: -15.17302959965696 (pred)       9.78 (actual)
Steering angle: -9.40757983633728 (pred)        9.78 (actual)
Steering angle: -5.268585944599811 (pred)       9.78 (actual)
Steering angle: -3.432405059127538 (pred)       9.78 (actual)
Steering angle: -0.8330242252441827 (pred)      9.88 (actual)
Steering angle: -0.1838856078471096 (pred)      9.78 (actual)
Steering angle: 0.2928548193914633 (pred)       9.78 (actual)
Steering angle: 1.8376401980771282 (pred)       9.78 (actual)
Steering angle: 2.2677476688399976 (pred)       9.78 (actual)
Steering angle: 2.412620463447611 (pred)        9.78 (actual)
Steering angle: 2.392768518624969 (pred)        9.78 (actual)
Steering angle: 2.593969669874266 (pred)        9.78 (actual)
Steering angle: 4.169558988273277 (pred)        9.78 (actual)
Steering angle: 5.005912237046753 (pred)        9.78 (actual)
Steering angle: 5.335754451784539 (pred)        9.78 (actual)
Steering angle: 4.858332339650287 (pred)        9.78 (actual)
Steering angle: 6.33037129447685 (pred) 9.78 (actual)
Steering angle: 7.388528106357321 (pred)        9.78 (actual)
Steering angle: 7.346701735427455 (pred)        9.78 (actual)
Steering angle: 7.105281015250538 (pred)        9.78 (actual)
Steering angle: 7.061698431930333 (pred)        9.78 (actual)
Steering angle: 6.664342358567909 (pred)        9.78 (actual)
Steering angle: 7.629241048181496 (pred)        9.78 (actual)
Steering angle: 6.12329447299405 (pred) 9.78 (actual)
Steering angle: 2.7763101075042185 (pred)       9.78 (actual)
Steering angle: 2.123097709154056 (pred)        9.78 (actual)
Steering angle: 0.4414261080737856 (pred)       9.78 (actual)
Steering angle: -3.470687629095225 (pred)       9.88 (actual)
Steering angle: -4.626281785240981 (pred)       9.88 (actual)
Steering angle: -7.631256807760296 (pred)       9.78 (actual)
Steering angle: -10.802023573324266 (pred)      9.78 (actual)
Steering angle: -13.235330545333731 (pred)      9.78 (actual)
Steering angle: -14.131351472922793 (pred)      9.78 (actual)
Steering angle: -13.866242802930625 (pred)      9.78 (actual)
Steering angle: -20.857715791135824 (pred)      9.78 (actual)
Steering angle: -20.562065930269945 (pred)      9.78 (actual)
Steering angle: -21.26423840525123 (pred)       9.78 (actual)
Steering angle: -20.105093831397536 (pred)      9.78 (actual)
Steering angle: -19.569919481623064 (pred)      9.78 (actual)
Steering angle: -15.423035013846938 (pred)      0.0 (actual)
Steering angle: -11.511126982765822 (pred)      9.78 (actual)
Steering angle: -10.258372105016164 (pred)      9.78 (actual)
Steering angle: -5.957971451681184 (pred)       9.78 (actual)
Steering angle: -1.7585741416884721 (pred)      0.0 (actual)
Steering angle: -1.4506162799382296 (pred)      9.78 (actual)
Steering angle: 0.6714904114559398 (pred)       9.78 (actual)
Steering angle: 1.9877331782013352 (pred)       9.78 (actual)
Steering angle: 1.79509921860535 (pred) 9.78 (actual)
Steering angle: 1.2669228245223796 (pred)       9.88 (actual)
Steering angle: 1.972044233677816 (pred)        9.88 (actual)
Steering angle: 2.7320897552702634 (pred)       9.78 (actual)
Steering angle: 3.9163088073407204 (pred)       9.78 (actual)
Steering angle: 3.410521773357052 (pred)        9.78 (actual)
Steering angle: 5.677872650894954 (pred)        9.78 (actual)
Steering angle: 7.603299989713787 (pred)        9.78 (actual)
Steering angle: 7.344854169256966 (pred)        9.78 (actual)
Steering angle: 7.097887335474 (pred)   9.78 (actual)
Steering angle: 7.7779342664126725 (pred)       9.78 (actual)
Steering angle: 7.7358782303719655 (pred)       9.78 (actual)
Steering angle: 7.655928304816028 (pred)        9.78 (actual)
Steering angle: 7.9227556211581 (pred)  9.78 (actual)
Steering angle: 9.670696652412742 (pred)        9.78 (actual)
Steering angle: 13.096350709875958 (pred)       9.78 (actual)
Steering angle: 9.443469919104759 (pred)        9.78 (actual)
Steering angle: 6.389660751567146 (pred)        9.78 (actual)
Steering angle: 8.62285598749993 (pred) 9.78 (actual)
Steering angle: 6.832859347091403 (pred)        9.78 (actual)
Steering angle: 8.062742055744803 (pred)        9.78 (actual)
Steering angle: 14.320788477100388 (pred)       9.78 (actual)
Steering angle: 17.506929144712412 (pred)       9.78 (actual)
Steering angle: 27.207841700239644 (pred)       9.78 (actual)
Steering angle: 29.254745234107624 (pred)       9.88 (actual)
Steering angle: 30.454993886386454 (pred)       9.88 (actual)
Steering angle: 19.030824603265007 (pred)       9.78 (actual)
Steering angle: 28.81543771197616 (pred)        9.78 (actual)
Steering angle: 19.24801778868224 (pred)        9.78 (actual)
Steering angle: 11.874835409842646 (pred)       9.88 (actual)
Steering angle: 4.476134590490237 (pred)        9.88 (actual)
Steering angle: 1.9242250120814988 (pred)       9.78 (actual)
Steering angle: -2.6581708867514466 (pred)      9.78 (actual)
Steering angle: -5.347275700253881 (pred)       9.78 (actual)
Steering angle: -4.674964812323894 (pred)       9.88 (actual)
Steering angle: -5.571212843702858 (pred)       9.78 (actual)
Steering angle: -3.8131341041726237 (pred)      9.78 (actual)
Steering angle: -1.8929478683247178 (pred)      9.78 (actual)
Steering angle: -0.9503734385699073 (pred)      9.88 (actual)
Steering angle: 0.3907074978552245 (pred)       9.78 (actual)
Steering angle: 2.2103843250956454 (pred)       9.78 (actual)
Steering angle: 4.1210279328993975 (pred)       9.88 (actual)
Steering angle: 3.01843476405247 (pred) 9.78 (actual)
Steering angle: 3.878591648970264 (pred)        9.78 (actual)
Steering angle: 1.5732659868641485 (pred)       9.88 (actual)
Steering angle: 1.3427528653483305 (pred)       9.78 (actual)
Steering angle: 1.5032631646172763 (pred)       9.88 (actual)
Steering angle: -1.675344764835576 (pred)       9.88 (actual)
Steering angle: -2.1022013857186366 (pred)      0.0 (actual)
Steering angle: -3.578306437535473 (pred)       9.88 (actual)
Steering angle: -7.82053244871875 (pred)        9.88 (actual)
Steering angle: -8.74914533147982 (pred)        9.78 (actual)
Steering angle: -8.871783939348337 (pred)       9.78 (actual)
Steering angle: -10.437599683931882 (pred)      9.88 (actual)
Steering angle: -12.778930474804309 (pred)      9.88 (actual)
Steering angle: -12.257788748679628 (pred)      9.78 (actual)
Steering angle: -12.238398695399608 (pred)      9.78 (actual)
Steering angle: -12.017228632338133 (pred)      9.78 (actual)
Steering angle: -12.123555894695015 (pred)      9.88 (actual)
Steering angle: -9.27854817140563 (pred)        9.78 (actual)
Steering angle: -7.895476699386715 (pred)       9.78 (actual)
Steering angle: -5.705677070345606 (pred)       9.78 (actual)
Steering angle: -5.650266733817055 (pred)       9.78 (actual)
Steering angle: -3.9143506774830423 (pred)      9.88 (actual)
Steering angle: 0.6920399960692752 (pred)       9.78 (actual)
Steering angle: 2.5114750719656747 (pred)       9.88 (actual)
Steering angle: 3.4634218019222125 (pred)       9.88 (actual)
Steering angle: 6.073177533072259 (pred)        9.88 (actual)
Steering angle: 6.996728818771525 (pred)        9.78 (actual)
Steering angle: 6.543143639953795 (pred)        9.78 (actual)
Steering angle: 9.078071873982001 (pred)        9.78 (actual)
Steering angle: 10.625575881400742 (pred)       9.78 (actual)
Steering angle: 12.479346424976502 (pred)       9.78 (actual)
Steering angle: 17.75398733227553 (pred)        9.78 (actual)
Steering angle: 18.716306344816967 (pred)       9.78 (actual)
Steering angle: 23.24700134017091 (pred)        9.78 (actual)
Steering angle: 21.351891930417295 (pred)       9.88 (actual)
Steering angle: 21.61093197733191 (pred)        9.78 (actual)
Steering angle: 22.095981276334946 (pred)       9.78 (actual)
Steering angle: 17.44357060242408 (pred)        9.88 (actual)
Steering angle: 16.276359575160605 (pred)       9.78 (actual)
Steering angle: 13.774814744474481 (pred)       9.88 (actual)
Steering angle: 12.726918584274662 (pred)       9.88 (actual)
Steering angle: 12.938418807018692 (pred)       9.78 (actual)
Steering angle: 10.969171962692819 (pred)       9.78 (actual)
Steering angle: 9.46167066569555 (pred) 9.78 (actual)
Steering angle: 8.34159221257339 (pred) 9.78 (actual)
Steering angle: 6.607611234208607 (pred)        9.78 (actual)
Steering angle: 5.9646577799918035 (pred)       9.78 (actual)
Steering angle: 5.25374906617525 (pred) 9.78 (actual)
Steering angle: 1.5804132462220382 (pred)       9.88 (actual)
Steering angle: -0.5151362289360938 (pred)      9.78 (actual)
Steering angle: -1.4198826698289937 (pred)      9.78 (actual)
Steering angle: -2.396084148580187 (pred)       9.78 (actual)
Steering angle: -2.513016133397159 (pred)       9.78 (actual)
Steering angle: -5.225836644358347 (pred)       9.78 (actual)
Steering angle: -2.6802605723009143 (pred)      9.88 (actual)
Steering angle: -1.9264757728564297 (pred)      9.88 (actual)
Steering angle: -5.067068043327755 (pred)       9.78 (actual)
Steering angle: -6.655187770645977 (pred)       9.78 (actual)
Steering angle: -6.192471055794762 (pred)       9.78 (actual)
Steering angle: -5.406051612495957 (pred)       9.78 (actual)
Steering angle: 2.368992416680743 (pred)        0.0 (actual)
Steering angle: -3.4164555001985004 (pred)      9.78 (actual)
Steering angle: -4.078669234101094 (pred)       9.78 (actual)
Steering angle: 0.8477185768306718 (pred)       9.78 (actual)
Steering angle: 1.8861196001454092 (pred)       9.78 (actual)
Steering angle: 0.8790161577941098 (pred)       9.78 (actual)
Steering angle: 2.976823970968283 (pred)        9.78 (actual)
Steering angle: 5.654229524196132 (pred)        9.88 (actual)
Steering angle: 6.513105321757726 (pred)        9.78 (actual)
Steering angle: 7.689039354364957 (pred)        9.78 (actual)
Steering angle: 8.764619125044483 (pred)        9.88 (actual)
Steering angle: 10.004751813207957 (pred)       9.78 (actual)
Steering angle: 8.785282154831064 (pred)        9.78 (actual)
Steering angle: 9.189311749899414 (pred)        9.78 (actual)
Steering angle: 10.296006447342934 (pred)       9.88 (actual)
Steering angle: 12.016782108721143 (pred)       9.78 (actual)
Steering angle: 12.764336068095284 (pred)       9.78 (actual)
Steering angle: 11.187854129349118 (pred)       9.78 (actual)
Steering angle: 11.552352297048726 (pred)       9.78 (actual)
Steering angle: 10.010787992886955 (pred)       9.88 (actual)
Steering angle: 9.289732606171526 (pred)        9.78 (actual)
Steering angle: 10.208854087307218 (pred)       9.78 (actual)
Steering angle: 8.260673253928957 (pred)        9.78 (actual)
Steering angle: 4.031346695323483 (pred)        9.88 (actual)
Steering angle: 2.327600403093408 (pred)        9.78 (actual)
Steering angle: 0.6561392411312188 (pred)       9.78 (actual)
Steering angle: -4.32792076616143 (pred)        9.78 (actual)
Steering angle: -5.076860400163437 (pred)       9.78 (actual)
Steering angle: -5.495270104755602 (pred)       9.88 (actual)
Steering angle: -8.477501877999243 (pred)       9.88 (actual)
Steering angle: -9.951206545209642 (pred)       9.78 (actual)
Steering angle: -11.663164432369365 (pred)      9.88 (actual)
Steering angle: -12.55195304340103 (pred)       9.78 (actual)
Steering angle: -10.506112457722635 (pred)      9.78 (actual)
Steering angle: -11.71265342177434 (pred)       9.78 (actual)
Steering angle: -12.038417586690805 (pred)      9.78 (actual)
Steering angle: -8.710761375891641 (pred)       9.78 (actual)
Steering angle: -6.381370609462043 (pred)       9.78 (actual)
Steering angle: -4.5739318003474185 (pred)      9.78 (actual)
Steering angle: -4.336802573403386 (pred)       9.78 (actual)
Steering angle: -3.562667652213671 (pred)       9.78 (actual)
Steering angle: -2.969304786465745 (pred)       9.78 (actual)
Steering angle: -1.7630237964893238 (pred)      9.78 (actual)
Steering angle: -1.1229752003821856 (pred)      9.88 (actual)
Steering angle: -0.4149048570525963 (pred)      9.78 (actual)
Steering angle: -0.27743235896728025 (pred)     9.78 (actual)
Steering angle: -0.25037725929334576 (pred)     9.78 (actual)
Steering angle: 0.4292164779217266 (pred)       9.78 (actual)
Steering angle: 0.9313278829561499 (pred)       9.78 (actual)
Steering angle: 0.9421256649819996 (pred)       9.78 (actual)
Steering angle: 1.2294031013076185 (pred)       0.0 (actual)
Steering angle: 1.7903730478648185 (pred)       9.88 (actual)
Steering angle: 1.9273876031106263 (pred)       9.78 (actual)
Steering angle: 2.259511101031197 (pred)        9.78 (actual)
Steering angle: 2.552792807245786 (pred)        9.78 (actual)
Steering angle: 2.756983873804256 (pred)        9.88 (actual)
Steering angle: 3.113763714298338 (pred)        9.78 (actual)
Steering angle: 3.16589235837411 (pred) 9.78 (actual)
Steering angle: 3.2738917364171747 (pred)       9.78 (actual)
Steering angle: 3.2897525028870023 (pred)       9.78 (actual)
Steering angle: 3.3827026263110014 (pred)       9.78 (actual)
Steering angle: 3.4267535044761757 (pred)       9.78 (actual)
Steering angle: 3.3974302217088415 (pred)       9.78 (actual)
Steering angle: 3.3736054546667793 (pred)       9.78 (actual)
Steering angle: 3.3844923493169565 (pred)       9.78 (actual)
Steering angle: 3.442874031577875 (pred)        9.78 (actual)
Steering angle: 3.4314560897197293 (pred)       9.78 (actual)
Steering angle: 3.4048668036111045 (pred)       9.78 (actual)
Steering angle: 3.422393282464769 (pred)        9.78 (actual)
Steering angle: 3.4030185971103815 (pred)       9.78 (actual)
Steering angle: 3.449658757301225 (pred)        9.78 (actual)
Steering angle: 3.459172570484818 (pred)        0.0 (actual)
Steering angle: 3.4655116263648247 (pred)       9.78 (actual)
Steering angle: 3.514392728933667 (pred)        0.0 (actual)
Steering angle: 3.4616378418883698 (pred)       9.78 (actual)
Steering angle: 3.4614771189994626 (pred)       9.78 (actual)
Steering angle: 3.478217912655164 (pred)        9.78 (actual)
Steering angle: 3.4548326255975095 (pred)       9.78 (actual)
Steering angle: 3.4790977263976264 (pred)       9.78 (actual)
Steering angle: 3.4602385068821633 (pred)       9.78 (actual)
Steering angle: 3.4475113031374907 (pred)       9.78 (actual)
Steering angle: 3.4507054837915296 (pred)       9.78 (actual)
Steering angle: 3.426538140073909 (pred)        9.78 (actual)
Steering angle: 3.4606069102105206 (pred)       9.78 (actual)
Steering angle: 3.4586357603047375 (pred)       9.78 (actual)
Steering angle: 3.418107765647409 (pred)        9.78 (actual)
Steering angle: 3.466157933015037 (pred)        9.78 (actual)
Steering angle: 3.4225770572421244 (pred)       9.78 (actual)
Steering angle: 3.4232995631902647 (pred)       9.78 (actual)
Steering angle: 3.445886358445262 (pred)        9.78 (actual)
Steering angle: 3.4250726376101177 (pred)       9.78 (actual)
Steering angle: 3.374514296713214 (pred)        9.88 (actual)
Steering angle: 3.4377571526724777 (pred)       9.78 (actual)
Steering angle: 3.412864741685778 (pred)        9.78 (actual)
Steering angle: 3.4121979444680552 (pred)       9.78 (actual)
Steering angle: 3.3864812150258996 (pred)       9.78 (actual)
Steering angle: 3.3850152856752858 (pred)       9.78 (actual)
Steering angle: 3.4296860035076384 (pred)       9.78 (actual)
Steering angle: 3.434061166557855 (pred)        9.78 (actual)
Steering angle: 3.41669989290474 (pred) 9.78 (actual)
Steering angle: 3.3992590048591125 (pred)       9.78 (actual)
Steering angle: 3.3929278463853336 (pred)       9.78 (actual)
Steering angle: 3.416669583940298 (pred)        9.88 (actual)
Steering angle: 3.3894666480234297 (pred)       9.78 (actual)
Steering angle: 3.416345790284957 (pred)        9.78 (actual)
Steering angle: 3.418127402441273 (pred)        9.78 (actual)
Steering angle: 3.418261658347146 (pred)        9.78 (actual)
Steering angle: 3.4418234631061626 (pred)       9.78 (actual)
Steering angle: 3.4375208708158778 (pred)       9.78 (actual)
Steering angle: 3.4702142116083783 (pred)       9.78 (actual)
Steering angle: 3.506748253148542 (pred)        9.78 (actual)
Steering angle: 3.443595683752369 (pred)        9.78 (actual)
Steering angle: 3.4490995355629304 (pred)       9.78 (actual)
Steering angle: 3.4403137778561783 (pred)       9.78 (actual)
Steering angle: 3.463031200479052 (pred)        9.78 (actual)
Steering angle: 3.4726933568336813 (pred)       9.78 (actual)
Steering angle: 3.4863358059271357 (pred)       9.88 (actual)
Steering angle: 3.5077172862370376 (pred)       9.78 (actual)
Steering angle: 3.4919756211908624 (pred)       9.78 (actual)
Steering angle: 3.5206585737235074 (pred)       9.78 (actual)
Steering angle: 3.487017757627079 (pred)        9.78 (actual)
Steering angle: 3.529224911603173 (pred)        9.78 (actual)
Steering angle: 3.518889981615297 (pred)        9.78 (actual)
Steering angle: 3.5771826579735944 (pred)       9.78 (actual)
Steering angle: 3.531997541519375 (pred)        9.78 (actual)
Steering angle: 3.47756178760802 (pred) 9.78 (actual)
Steering angle: 3.516793326983515 (pred)        9.78 (actual)
Steering angle: 3.503017902644657 (pred)        9.78 (actual)
Steering angle: 3.5485359908209144 (pred)       9.78 (actual)
Steering angle: 3.4883786728192043 (pred)       9.78 (actual)
Steering angle: 3.480875283129122 (pred)        9.78 (actual)
Steering angle: 3.5179538188121824 (pred)       9.78 (actual)
Steering angle: 3.5321851582781387 (pred)       9.78 (actual)
Steering angle: 3.520426560735139 (pred)        9.78 (actual)
Steering angle: 3.500326808111672 (pred)        9.78 (actual)
Steering angle: 3.5031769179862713 (pred)       9.78 (actual)
Steering angle: 3.55799003984927 (pred) 9.78 (actual)
Steering angle: 3.5188438778383997 (pred)       9.78 (actual)
Steering angle: 3.543910885535758 (pred)        9.78 (actual)
Steering angle: 3.5359833837869004 (pred)       9.78 (actual)
Steering angle: 3.5154725391527637 (pred)       9.78 (actual)
Steering angle: 3.6101617994941777 (pred)       9.78 (actual)
Steering angle: 3.636050777769465 (pred)        9.78 (actual)
Steering angle: 3.717032061890075 (pred)        9.380000000000003 (actual)
Steering angle: 3.8988572471245146 (pred)       9.08 (actual)
Steering angle: 3.935721058735543 (pred)        8.97 (actual)
Steering angle: 4.895635417802312 (pred)        8.97 (actual)
Steering angle: 5.271233069790013 (pred)        9.08 (actual)
Steering angle: 5.589952321464434 (pred)        9.08 (actual)
Steering angle: 5.9426859152055185 (pred)       8.97 (actual)
Steering angle: 6.076524325765565 (pred)        8.97 (actual)
Steering angle: 5.903448612857911 (pred)        8.97 (actual)
Steering angle: 6.135688705016684 (pred)        8.87 (actual)
Steering angle: 6.098473138663401 (pred)        8.87 (actual)
Steering angle: 5.986628791004442 (pred)        0.0 (actual)
Steering angle: 6.047877658612885 (pred)        8.87 (actual)
Steering angle: 5.914851613677247 (pred)        8.87 (actual)
Steering angle: 6.053205633052318 (pred)        8.87 (actual)
Steering angle: 6.224808159533365 (pred)        8.87 (actual)
Steering angle: 6.429708285105047 (pred)        8.87 (actual)
Steering angle: 6.606627260081302 (pred)        8.87 (actual)
Steering angle: 6.658031263774817 (pred)        8.77 (actual)
Steering angle: 6.496026433738108 (pred)        8.77 (actual)
Steering angle: 6.651702666621977 (pred)        8.77 (actual)
Steering angle: 6.325980336614179 (pred)        8.570000000000002 (actual)
Steering angle: 6.462331403015143 (pred)        7.760000000000002 (actual)
Steering angle: 6.771471314378621 (pred)        7.26 (actual)
Steering angle: 7.189916450577105 (pred)        6.659999999999999 (actual)
Steering angle: 7.3938693142882705 (pred)       6.35 (actual)
Steering angle: 7.196489653879596 (pred)        6.35 (actual)
Steering angle: 7.09998505732284 (pred) 6.35 (actual)
Steering angle: 6.976538779584968 (pred)        6.659999999999999 (actual)
Steering angle: 6.529026492713025 (pred)        7.460000000000001 (actual)
Steering angle: 6.601583592266071 (pred)        8.469999999999999 (actual)
Steering angle: 6.410388668150842 (pred)        9.48 (actual)
Steering angle: 6.029635930887073 (pred)        10.59 (actual)
Steering angle: 5.904449662458141 (pred)        11.089999999999998 (actual)
Steering angle: 5.90800861790254 (pred) 11.19 (actual)
Steering angle: 5.682427533297706 (pred)        11.290000000000001 (actual)
Steering angle: 5.7339835087002555 (pred)       11.39 (actual)
Steering angle: 5.371294487357054 (pred)        11.899999999999999 (actual)
Steering angle: 5.163378406379989 (pred)        12.300000000000002 (actual)
Steering angle: 5.197462757885645 (pred)        12.81 (actual)
Steering angle: 5.190195863495575 (pred)        13.11 (actual)
Steering angle: 5.697088534351138 (pred)        13.11 (actual)
Steering angle: 6.2849859681025855 (pred)       13.21 (actual)
Steering angle: 6.58243387626747 (pred) 13.41 (actual)
Steering angle: 7.072048729843841 (pred)        13.41 (actual)
Steering angle: 7.409664126743925 (pred)        14.12 (actual)
Steering angle: 7.382251162510079 (pred)        14.420000000000002 (actual)
Steering angle: 6.874581130749602 (pred)        14.52 (actual)
Steering angle: 6.668931818803335 (pred)        14.52 (actual)
Steering angle: 5.998467216383366 (pred)        14.52 (actual)
Steering angle: 5.7164282149860295 (pred)       14.72 (actual)
Steering angle: 5.216673091813129 (pred)        15.030000000000001 (actual)
Steering angle: 4.946286820026657 (pred)        15.33 (actual)
Steering angle: 4.546696847918816 (pred)        15.63 (actual)
Steering angle: 4.498349780765704 (pred)        15.929999999999998 (actual)
Steering angle: 3.742452745320393 (pred)        16.03 (actual)
Steering angle: 3.4844944296155824 (pred)       16.03 (actual)
Steering angle: 3.48826341337696 (pred) 16.03 (actual)
Steering angle: 3.5349539462129327 (pred)       16.03 (actual)
Steering angle: 3.77081638650934 (pred) 16.03 (actual)
Steering angle: 3.8156155972754537 (pred)       15.83 (actual)
Steering angle: 3.6681607777181644 (pred)       15.730000000000002 (actual)
Steering angle: 3.7529772130577363 (pred)       15.63 (actual)
Steering angle: 3.836533905382264 (pred)        15.230000000000002 (actual)
Steering angle: 3.804887077636656 (pred)        14.32 (actual)
Steering angle: 3.535868337788068 (pred)        13.41 (actual)
Steering angle: 3.398663070854029 (pred)        13.31 (actual)
Steering angle: 3.0251136218436847 (pred)       13.82 (actual)
Steering angle: 2.756788146195853 (pred)        15.13 (actual)
Steering angle: 2.5774783915666815 (pred)       16.24 (actual)
Steering angle: 2.5884241965984502 (pred)       17.239999999999995 (actual)
Steering angle: 2.982157708379828 (pred)        17.239999999999995 (actual)
Steering angle: 3.1174477475819136 (pred)       16.939999999999998 (actual)
Steering angle: 3.073565062825051 (pred)        16.34 (actual)
Steering angle: 2.89032218645101 (pred) 15.83 (actual)
Steering angle: 3.0216773963609334 (pred)       15.33 (actual)
Steering angle: 3.0548339093565255 (pred)       14.52 (actual)
Steering angle: 3.122091422443876 (pred)        13.92 (actual)
Steering angle: 2.989930677098714 (pred)        13.71 (actual)
Steering angle: 3.1769658025659933 (pred)       13.71 (actual)
Steering angle: 3.156275452022732 (pred)        13.71 (actual)
Steering angle: 3.0764213625585857 (pred)       13.51 (actual)
Steering angle: 2.6939815685698236 (pred)       13.01 (actual)
Steering angle: 2.744141197173928 (pred)        12.61 (actual)
Steering angle: 2.551514921540759 (pred)        12.300000000000002 (actual)
Steering angle: 2.66712206310216 (pred) 12.300000000000002 (actual)
Steering angle: 2.8865538430198674 (pred)       12.300000000000002 (actual)
Steering angle: 3.321677233954465 (pred)        12.0 (actual)
Steering angle: 3.1829556650246826 (pred)       11.39 (actual)
Steering angle: 3.251886147571863 (pred)        10.69 (actual)
Steering angle: 3.357999539630358 (pred)        10.49 (actual)
Steering angle: 3.4562413521138247 (pred)       10.49 (actual)
Steering angle: 3.5790718456093376 (pred)       10.49 (actual)
Steering angle: 3.705576553991494 (pred)        10.49 (actual)
Steering angle: 3.719601920565292 (pred)        10.08 (actual)
Steering angle: 3.656630137738713 (pred)        9.48 (actual)
Steering angle: 3.9643813862665627 (pred)       8.67 (actual)
Steering angle: 3.8074163820636766 (pred)       8.37 (actual)
Steering angle: 3.615500019217366 (pred)        8.27 (actual)
Steering angle: 3.457065243682458 (pred)        7.969999999999999 (actual)
Steering angle: 3.416048036725827 (pred)        7.659999999999998 (actual)
Steering angle: 3.4873003567039884 (pred)       7.26 (actual)
Steering angle: 3.64353410377886 (pred) 0.0 (actual)
Steering angle: 3.94916585922989 (pred) 7.36 (actual)
Steering angle: 3.551324628992984 (pred)        7.659999999999998 (actual)
Steering angle: 3.3015339388750395 (pred)       7.760000000000002 (actual)
Steering angle: 3.399375971848649 (pred)        8.07 (actual)
Steering angle: 3.425367616404898 (pred)        8.27 (actual)
Steering angle: 3.244871970181083 (pred)        8.469999999999999 (actual)
Steering angle: 3.302149296230575 (pred)        8.570000000000002 (actual)
Steering angle: 3.421075696285191 (pred)        8.570000000000002 (actual)
Steering angle: 3.4778719208850206 (pred)       8.570000000000002 (actual)
Steering angle: 3.6002593058581285 (pred)       8.77 (actual)
Steering angle: 3.2862174531046975 (pred)       9.08 (actual)
Steering angle: 3.4633204163017197 (pred)       9.28 (actual)
Steering angle: 3.763580654857358 (pred)        9.28 (actual)
Steering angle: 3.8901171663078373 (pred)       9.28 (actual)
Steering angle: 3.5817482125469247 (pred)       9.380000000000003 (actual)
Steering angle: 4.364776466922819 (pred)        9.380000000000003 (actual)
Steering angle: 5.934154582045349 (pred)        9.380000000000003 (actual)
Steering angle: 4.447905845537398 (pred)        9.380000000000003 (actual)
Steering angle: 4.431447650958606 (pred)        9.48 (actual)
Steering angle: 4.652137893230888 (pred)        10.389999999999999 (actual)
Steering angle: 4.221992216097349 (pred)        11.5 (actual)
Steering angle: 3.8009469122592052 (pred)       11.8 (actual)
Steering angle: 3.5456700861338595 (pred)       11.6 (actual)
Steering angle: 3.4266783723953056 (pred)       11.39 (actual)
Steering angle: 3.353745398994498 (pred)        11.39 (actual)
Steering angle: 3.4148597972536563 (pred)       11.290000000000001 (actual)
Steering angle: 3.512728937540534 (pred)        10.69 (actual)
Steering angle: 3.519767234036821 (pred)        10.08 (actual)
Steering angle: 3.4723168426556845 (pred)       9.88 (actual)
Steering angle: 3.4728090431627487 (pred)       9.68 (actual)
Steering angle: 3.6657253883922314 (pred)       9.58 (actual)
Steering angle: 3.674468030529848 (pred)        9.58 (actual)
Steering angle: 4.0859395435857495 (pred)       9.58 (actual)
Steering angle: 4.723730655450492 (pred)        9.58 (actual)
Steering angle: 5.226915387360386 (pred)        9.58 (actual)
Steering angle: 4.9352287437604065 (pred)       9.58 (actual)
Steering angle: 4.400985434147172 (pred)        9.68 (actual)
Steering angle: 3.3189741865904323 (pred)       9.88 (actual)
Steering angle: 2.943314849456789 (pred)        9.979999999999999 (actual)
Steering angle: 2.8402803786100885 (pred)       10.08 (actual)
Steering angle: 2.6766015118964916 (pred)       10.08 (actual)
Steering angle: 2.649408180933144 (pred)        10.08 (actual)
Steering angle: 2.5512850429865055 (pred)       10.08 (actual)
Steering angle: 3.4263912910067535 (pred)       10.08 (actual)
Steering angle: 3.447016968196311 (pred)        10.08 (actual)
Steering angle: 4.496593995262188 (pred)        10.08 (actual)
Steering angle: 4.83511866109553 (pred) 10.18 (actual)
Steering angle: 4.803272050316699 (pred)        10.18 (actual)
Steering angle: 3.6355833366981423 (pred)       10.29 (actual)
Steering angle: 3.3730522093440083 (pred)       10.389999999999999 (actual)
Steering angle: 3.2468712946171925 (pred)       10.49 (actual)
Steering angle: 3.503538064238636 (pred)        10.18 (actual)
Steering angle: 4.14868763771701 (pred) 9.68 (actual)
Steering angle: 4.659533707441542 (pred)        9.68 (actual)
Steering angle: 5.126207663143133 (pred)        9.68 (actual)
Steering angle: 7.000311252991198 (pred)        9.68 (actual)
Steering angle: 7.6060884144424445 (pred)       9.68 (actual)
Steering angle: 7.949191868340634 (pred)        10.08 (actual)
Steering angle: 8.25474379595574 (pred) 11.290000000000001 (actual)
Steering angle: 8.169329719063791 (pred)        13.01 (actual)
Steering angle: 7.9042005585041135 (pred)       13.71 (actual)
Steering angle: 7.0557817805618095 (pred)       13.82 (actual)
Steering angle: 6.641671253165344 (pred)        13.82 (actual)
Steering angle: 6.989200669645702 (pred)        13.82 (actual)
Steering angle: 7.402144088467741 (pred)        13.82 (actual)
Steering angle: 7.716070681778929 (pred)        13.610000000000001 (actual)
Steering angle: 7.438203218417177 (pred)        13.41 (actual)
Steering angle: 7.6427912897211545 (pred)       13.41 (actual)
Steering angle: 7.3823032427025 (pred)  13.41 (actual)
Steering angle: 7.223116292585244 (pred)        13.41 (actual)
Steering angle: 6.957467183875 (pred)   13.41 (actual)
Steering angle: 7.119187707287508 (pred)        13.41 (actual)
Steering angle: 6.722304197638284 (pred)        13.41 (actual)
Steering angle: 5.779083247789849 (pred)        13.41 (actual)
Steering angle: 4.960310479053163 (pred)        13.41 (actual)
Steering angle: 4.382563560182001 (pred)        13.41 (actual)
Steering angle: 4.0079767761914615 (pred)       13.41 (actual)
Steering angle: 3.5719165821235146 (pred)       13.41 (actual)
Steering angle: 5.281696919598473 (pred)        13.41 (actual)
Steering angle: 5.7538606398454615 (pred)       13.41 (actual)
Steering angle: 6.355593048647592 (pred)        13.41 (actual)
Steering angle: 7.337703814969609 (pred)        13.41 (actual)
Steering angle: 8.152159477264025 (pred)        13.41 (actual)
Steering angle: 8.017924915732118 (pred)        13.41 (actual)
Steering angle: 7.359507486347583 (pred)        13.41 (actual)
Steering angle: 7.049057886210755 (pred)        13.41 (actual)
Steering angle: 6.939302295777351 (pred)        13.41 (actual)
Steering angle: 7.202419111852813 (pred)        13.41 (actual)
Steering angle: 8.449945479792826 (pred)        13.41 (actual)
Steering angle: 8.518449715847115 (pred)        13.41 (actual)
Steering angle: 8.984067980435116 (pred)        13.41 (actual)
Steering angle: 8.966785040514045 (pred)        13.31 (actual)
Steering angle: 9.191504240622988 (pred)        12.910000000000002 (actual)
Steering angle: 8.670721099429734 (pred)        12.4 (actual)
Steering angle: 8.794901622503382 (pred)        12.2 (actual)
Steering angle: 8.212942184461616 (pred)        12.100000000000001 (actual)
Steering angle: 8.508085757555268 (pred)        11.899999999999999 (actual)
Steering angle: 8.397200197701048 (pred)        11.6 (actual)
Steering angle: 8.010108618000684 (pred)        11.290000000000001 (actual)
Steering angle: 8.38381388070147 (pred) 11.290000000000001 (actual)
Steering angle: 9.069310448824167 (pred)        11.19 (actual)
Steering angle: 8.763942936316653 (pred)        10.69 (actual)
Steering angle: 9.287880771132807 (pred)        9.88 (actual)
Steering angle: 9.225326483619245 (pred)        9.58 (actual)
Steering angle: 9.370663517647008 (pred)        9.58 (actual)
Steering angle: 9.515033226133568 (pred)        9.58 (actual)
Steering angle: 9.15980960155319 (pred) 9.58 (actual)
Steering angle: 9.742945539679491 (pred)        9.58 (actual)
Steering angle: 9.472541765533272 (pred)        9.58 (actual)
Steering angle: 8.937678189366036 (pred)        9.58 (actual)
Steering angle: 10.033528253954868 (pred)       9.78 (actual)
Steering angle: 10.357238239478452 (pred)       9.979999999999999 (actual)
Steering angle: 10.697348362972884 (pred)       10.18 (actual)
Steering angle: 10.72467253474752 (pred)        10.18 (actual)
Steering angle: 10.69180737200871 (pred)        10.18 (actual)
Steering angle: 10.755551819985147 (pred)       10.389999999999999 (actual)
Steering angle: 11.163368754948268 (pred)       11.089999999999998 (actual)
Steering angle: 11.19367088920103 (pred)        11.5 (actual)
Steering angle: 11.1760028973655 (pred) 11.8 (actual)
Steering angle: 11.336167418307713 (pred)       12.0 (actual)
Steering angle: 11.481536895734033 (pred)       12.300000000000002 (actual)
Steering angle: 11.446043817712061 (pred)       12.61 (actual)
Steering angle: 11.51964593620812 (pred)        0.0 (actual)
Steering angle: 11.653295662792344 (pred)       12.910000000000002 (actual)
Steering angle: 11.491100868119343 (pred)       12.910000000000002 (actual)
Steering angle: 11.617850396094562 (pred)       13.01 (actual)
Steering angle: 11.603590668654869 (pred)       13.11 (actual)
Steering angle: 11.731149574046734 (pred)       13.11 (actual)
Steering angle: 11.837551968484485 (pred)       13.11 (actual)
Steering angle: 11.780565992691777 (pred)       13.41 (actual)
Steering angle: 11.78635970065524 (pred)        13.71 (actual)
Steering angle: 11.811598103412082 (pred)       14.420000000000002 (actual)
Steering angle: 11.679010471243796 (pred)       14.52 (actual)
Steering angle: 11.491423594557627 (pred)       14.52 (actual)
Steering angle: 11.494426316471493 (pred)       14.72 (actual)
Steering angle: 11.50997268079609 (pred)        14.920000000000002 (actual)
Steering angle: 11.449608322685162 (pred)       15.030000000000001 (actual)
Steering angle: 11.539585819716326 (pred)       15.030000000000001 (actual)
Steering angle: 11.59117253097014 (pred)        15.030000000000001 (actual)
Steering angle: 11.23576705260311 (pred)        15.030000000000001 (actual)
Steering angle: 11.51450963395227 (pred)        15.030000000000001 (actual)
Steering angle: 11.515801393479048 (pred)       15.030000000000001 (actual)
Steering angle: 11.392309865737925 (pred)       14.72 (actual)
Steering angle: 11.412199376601002 (pred)       14.22 (actual)
Steering angle: 11.358858160504141 (pred)       14.02 (actual)
Steering angle: 11.453631304106299 (pred)       13.92 (actual)
Steering angle: 11.188730101110172 (pred)       13.610000000000001 (actual)
Steering angle: 11.448639289596667 (pred)       13.610000000000001 (actual)
Steering angle: 11.475072121684615 (pred)       13.610000000000001 (actual)
Steering angle: 11.468948003320053 (pred)       13.71 (actual)
Steering angle: 11.477262051087251 (pred)       13.71 (actual)
Steering angle: 11.50594286918578 (pred)        13.71 (actual)
Steering angle: 11.649553572900823 (pred)       13.41 (actual)
Steering angle: 11.523621106305066 (pred)       13.01 (actual)
Steering angle: 11.690513363579743 (pred)       12.4 (actual)
Steering angle: 11.759089316620317 (pred)       11.699999999999998 (actual)
Steering angle: 11.978996648458986 (pred)       11.19 (actual)
Steering angle: 12.179276577943979 (pred)       11.19 (actual)
Steering angle: 12.2022311361971 (pred) 11.19 (actual)
Steering angle: 12.339512815872478 (pred)       11.19 (actual)
Steering angle: 12.278610580364413 (pred)       11.089999999999998 (actual)
Steering angle: 12.136185768244014 (pred)       11.089999999999998 (actual)
Steering angle: 12.001876074631237 (pred)       11.089999999999998 (actual)
Steering angle: 12.151790189176554 (pred)       10.89 (actual)
Steering angle: 12.279183462481047 (pred)       10.08 (actual)
Steering angle: 12.350851783668345 (pred)       9.68 (actual)
Steering angle: 12.33653997603623 (pred)        0.0 (actual)
Steering angle: 12.466399801404743 (pred)       9.48 (actual)
Steering angle: 12.53047209846134 (pred)        0.0 (actual)
Steering angle: 12.473922401001866 (pred)       9.48 (actual)
Steering angle: 12.364407147849882 (pred)       9.48 (actual)
Steering angle: 12.386374743767934 (pred)       9.48 (actual)
Steering angle: 12.29762753456102 (pred)        9.48 (actual)
Steering angle: 12.393690730142664 (pred)       9.48 (actual)
Steering angle: 12.425692727725114 (pred)       9.380000000000003 (actual)
Steering angle: 12.450607550270027 (pred)       9.08 (actual)
Steering angle: 12.520927762869894 (pred)       9.08 (actual)
Steering angle: 12.460306418891445 (pred)       8.97 (actual)
Steering angle: 12.580974517184414 (pred)       8.97 (actual)
Steering angle: 12.637032441023647 (pred)       9.08 (actual)
Steering angle: 12.561756926180937 (pred)       8.97 (actual)
Steering angle: 12.60279355648802 (pred)        8.97 (actual)
Steering angle: 12.574388507277229 (pred)       8.97 (actual)
Steering angle: 12.509101290322016 (pred)       8.97 (actual)
Steering angle: 12.272212400659402 (pred)       0.0 (actual)
Steering angle: 12.238887053925264 (pred)       8.97 (actual)
Steering angle: 12.253603550265703 (pred)       9.08 (actual)
Steering angle: 12.207165094098787 (pred)       9.08 (actual)
Steering angle: 12.22155459513271 (pred)        8.570000000000002 (actual)
Steering angle: 12.295146468345013 (pred)       8.17 (actual)
Steering angle: 12.39239128665307 (pred)        7.969999999999999 (actual)
Steering angle: 12.541471264345999 (pred)       7.559999999999999 (actual)
Steering angle: 12.578128889621459 (pred)       7.460000000000001 (actual)
Steering angle: 12.583562305106202 (pred)       7.16 (actual)
Steering angle: 12.419057198946446 (pred)       6.860000000000001 (actual)
Steering angle: 12.280766358821198 (pred)       6.35 (actual)
Steering angle: 12.02063433541303 (pred)        5.849999999999999 (actual)
Steering angle: 11.944656164859456 (pred)       5.04 (actual)
Steering angle: 12.298659746899338 (pred)       4.34 (actual)
Steering angle: 12.289445821708991 (pred)       4.03 (actual)
Steering angle: 12.450298484210084 (pred)       4.03 (actual)
Steering angle: 12.386141663562508 (pred)       0.0 (actual)
Steering angle: 12.325477630901748 (pred)       4.03 (actual)
Steering angle: 12.103170341343464 (pred)       3.9300000000000006 (actual)
Steering angle: 12.154416396912424 (pred)       3.9300000000000006 (actual)
Steering angle: 12.280154203116835 (pred)       3.9300000000000006 (actual)
Steering angle: 12.26517047562512 (pred)        3.9300000000000006 (actual)
Steering angle: 12.232227619484503 (pred)       3.9300000000000006 (actual)
Steering angle: 12.20336494759932 (pred)        4.03 (actual)
Steering angle: 12.131847744347409 (pred)       4.03 (actual)
Steering angle: 12.09453442091163 (pred)        4.03 (actual)
Steering angle: 12.275122915019475 (pred)       3.9300000000000006 (actual)
Steering angle: 12.227894718229775 (pred)       3.829999999999999 (actual)
Steering angle: 12.220631665821113 (pred)       3.63 (actual)
Steering angle: 12.100587676063554 (pred)       3.63 (actual)
Steering angle: 12.046872507109635 (pred)       3.63 (actual)
Steering angle: 12.138341546700799 (pred)       3.53 (actual)
Steering angle: 12.029129383193235 (pred)       3.23 (actual)
Steering angle: 11.868492725424643 (pred)       3.03 (actual)
Steering angle: 11.880829754612979 (pred)       2.92 (actual)
Steering angle: 11.857766767106785 (pred)       2.92 (actual)
Steering angle: 11.841273567808496 (pred)       2.7200000000000006 (actual)
Steering angle: 11.944877292233834 (pred)       2.7200000000000006 (actual)
Steering angle: 12.079661683993928 (pred)       2.62 (actual)
Steering angle: 11.80554228693922 (pred)        2.42 (actual)
Steering angle: 11.461134266909559 (pred)       2.22 (actual)
Steering angle: 11.482242966539483 (pred)       2.12 (actual)
Steering angle: 11.391970063826717 (pred)       1.82 (actual)
Steering angle: 11.471701423329215 (pred)       1.6100000000000003 (actual)
Steering angle: 11.769908336265617 (pred)       1.6100000000000003 (actual)
Steering angle: 11.743268037181629 (pred)       1.41 (actual)
Steering angle: 11.740248239794838 (pred)       0.91 (actual)
Steering angle: 11.767519477603406 (pred)       -0.5 (actual)
Steering angle: 11.800887513019857 (pred)       -1.6100000000000003 (actual)
Steering angle: 11.728900734262508 (pred)       -2.52 (actual)
Steering angle: 11.681429211983627 (pred)       -2.62 (actual)
Steering angle: 11.610268032342201 (pred)       -2.62 (actual)
Steering angle: 11.646064200008594 (pred)       -2.62 (actual)
Steering angle: 11.591063247943419 (pred)       -2.62 (actual)
Steering angle: 11.643153685648521 (pred)       -2.62 (actual)
Steering angle: 11.65951028116341 (pred)        -2.62 (actual)
Steering angle: 11.809420980614142 (pred)       -3.03 (actual)
Steering angle: 11.700764623750286 (pred)       -1.82 (actual)
Steering angle: 11.699963784070102 (pred)       -1.21 (actual)
Steering angle: 11.68891509931396 (pred)        -1.21 (actual)
Steering angle: 11.685920061362909 (pred)       -1.21 (actual)
Steering angle: 11.776894766012894 (pred)       -1.71 (actual)
Steering angle: 11.642621784666906 (pred)       -1.71 (actual)
Steering angle: 11.67968153732975 (pred)        -1.51 (actual)
Steering angle: 11.77023362402484 (pred)        -1.51 (actual)
Steering angle: 11.757768528789565 (pred)       -1.41 (actual)
Steering angle: 11.722346313980234 (pred)       -1.01 (actual)
Steering angle: 11.656558785668317 (pred)       -0.5 (actual)
Steering angle: 11.84827195038682 (pred)        -0.5 (actual)
Steering angle: 11.80975395233618 (pred)        -0.61 (actual)
Steering angle: 11.789093483870538 (pred)       -1.11 (actual)
Steering angle: 11.808194961658124 (pred)       -1.11 (actual)
Steering angle: 11.806135659623365 (pred)       -1.11 (actual)
Steering angle: 11.93923640975305 (pred)        -1.11 (actual)
Steering angle: 11.95136767949264 (pred)        -1.21 (actual)
Steering angle: 11.981263417489785 (pred)       -1.21 (actual)
Steering angle: 11.968378265620556 (pred)       0.0 (actual)
Steering angle: 11.789583549943485 (pred)       -2.32 (actual)
Steering angle: 11.747469457294834 (pred)       -2.32 (actual)
Steering angle: 11.682837084726295 (pred)       -1.92 (actual)
Steering angle: 11.915138648587599 (pred)       -0.61 (actual)
Steering angle: 11.8109449665727 (pred) 0.5 (actual)
Steering angle: 11.88696070316671 (pred)        1.92 (actual)
Steering angle: 11.985160894184924 (pred)       2.22 (actual)
Steering angle: 12.042057223744775 (pred)       2.22 (actual)
Steering angle: 12.043975653127903 (pred)       2.22 (actual)
Steering angle: 12.031688996584696 (pred)       2.22 (actual)
Steering angle: 12.067264036876708 (pred)       2.22 (actual)
Steering angle: 12.084304505082244 (pred)       2.22 (actual)
Steering angle: 12.024482293236687 (pred)       2.52 (actual)
Steering angle: 11.950396938856851 (pred)       3.23 (actual)
Steering angle: 11.913472936203762 (pred)       3.829999999999999 (actual)
Steering angle: 11.825308854397237 (pred)       4.24 (actual)
Steering angle: 11.78458299769739 (pred)        4.54 (actual)
Steering angle: 11.633303699091716 (pred)       5.04 (actual)
Steering angle: 11.837485374140078 (pred)       6.150000000000001 (actual)
Steering angle: 11.754037537955448 (pred)       0.0 (actual)
Steering angle: 11.780231313422446 (pred)       7.26 (actual)
Steering angle: 11.687201575605933 (pred)       7.26 (actual)
Steering angle: 11.728234790818432 (pred)       7.26 (actual)
Steering angle: 11.761969095129125 (pred)       7.36 (actual)
Steering angle: 11.862080031567647 (pred)       7.460000000000001 (actual)
Steering angle: 11.731293008019305 (pred)       7.87 (actual)
Steering angle: 11.644730605573148 (pred)       8.27 (actual)
Steering angle: 11.72461820565291 (pred)        9.18 (actual)
Steering angle: 11.89610803401265 (pred)        10.08 (actual)
Steering angle: 11.866365121498184 (pred)       11.8 (actual)
Steering angle: 11.884401089775249 (pred)       12.709999999999999 (actual)
Steering angle: 11.983072563846193 (pred)       13.01 (actual)
Steering angle: 11.753093264302693 (pred)       13.01 (actual)
Steering angle: 11.467897861735164 (pred)       13.01 (actual)
Steering angle: 11.19136143148792 (pred)        13.01 (actual)
Steering angle: 11.11356899193606 (pred)        12.709999999999999 (actual)
Steering angle: 11.029438136834427 (pred)       12.61 (actual)
Steering angle: 11.010483508113994 (pred)       12.4 (actual)
Steering angle: 10.900525146439605 (pred)       11.8 (actual)
Steering angle: 10.93789908780427 (pred)        11.290000000000001 (actual)
Steering angle: 10.609904012350148 (pred)       10.89 (actual)
Steering angle: 10.7618714525147 (pred) 10.79 (actual)
Steering angle: 10.572356754935296 (pred)       10.79 (actual)
Steering angle: 10.548006276770554 (pred)       10.79 (actual)
Steering angle: 10.166100518197522 (pred)       10.79 (actual)
Steering angle: 10.351554668315355 (pred)       10.79 (actual)
Steering angle: 10.110865632153276 (pred)       10.79 (actual)
Steering angle: 10.349876149326825 (pred)       10.79 (actual)
Steering angle: 10.489223107452485 (pred)       10.79 (actual)
Steering angle: 10.379037641988194 (pred)       10.79 (actual)
Steering angle: 10.508378372979786 (pred)       10.79 (actual)
Steering angle: 10.44587275056406 (pred)        0.0 (actual)
Steering angle: 10.691341211597857 (pred)       11.6 (actual)
Steering angle: 10.572366146445404 (pred)       12.100000000000001 (actual)
Steering angle: 11.070681380363903 (pred)       12.300000000000002 (actual)
Steering angle: 10.792903563235008 (pred)       12.4 (actual)
Steering angle: 10.91800103920473 (pred)        12.4 (actual)
Steering angle: 10.511143745819995 (pred)       0.0 (actual)
Steering angle: 10.663874459624296 (pred)       12.4 (actual)
Steering angle: 10.963311660384948 (pred)       12.4 (actual)
Steering angle: 11.222197174269589 (pred)       12.4 (actual)
Steering angle: 11.501403354708662 (pred)       12.4 (actual)
Steering angle: 11.345614423703488 (pred)       12.4 (actual)
Steering angle: 11.239832722706561 (pred)       12.4 (actual)
Steering angle: 11.227493985970932 (pred)       12.300000000000002 (actual)
Steering angle: 10.959713004465998 (pred)       12.300000000000002 (actual)
Steering angle: 11.222152778039982 (pred)       12.300000000000002 (actual)
Steering angle: 11.425400424719344 (pred)       12.300000000000002 (actual)
Steering angle: 11.621578825607743 (pred)       12.300000000000002 (actual)
Steering angle: 11.442414425941847 (pred)       12.300000000000002 (actual)
Steering angle: 11.44770013858579 (pred)        12.300000000000002 (actual)
Steering angle: 11.439628562534127 (pred)       12.0 (actual)
Steering angle: 11.137126314383433 (pred)       11.899999999999999 (actual)
Steering angle: 11.250966784827328 (pred)       12.100000000000001 (actual)
Steering angle: 10.97233775537312 (pred)        12.5 (actual)
Steering angle: 10.74039733776418 (pred)        12.61 (actual)
Steering angle: 10.719029090945796 (pred)       12.61 (actual)
Steering angle: 10.533270997409899 (pred)       12.61 (actual)
Steering angle: 10.411091719763064 (pred)       12.61 (actual)
Steering angle: 9.709504933503109 (pred)        12.61 (actual)
Steering angle: 8.966766257493827 (pred)        12.61 (actual)
Steering angle: 8.737884910859407 (pred)        12.61 (actual)
Steering angle: 8.439793257365249 (pred)        12.61 (actual)
Steering angle: 8.937389613873602 (pred)        12.61 (actual)
Steering angle: 9.10214316816442 (pred) 12.61 (actual)
Steering angle: 10.014915134692936 (pred)       12.61 (actual)
Steering angle: 9.927801194471302 (pred)        12.61 (actual)
Steering angle: 8.727919664860359 (pred)        12.4 (actual)
Steering angle: 8.443443139702975 (pred)        12.4 (actual)
Steering angle: 7.8859639534201795 (pred)       12.4 (actual)
Steering angle: 7.060612858739124 (pred)        12.61 (actual)
Steering angle: 6.898817203245747 (pred)        13.01 (actual)
Steering angle: 7.024150747628657 (pred)        13.31 (actual)
Steering angle: 8.060111579140703 (pred)        13.610000000000001 (actual)
Steering angle: 9.15333628976731 (pred) 13.92 (actual)
Steering angle: 9.591013104234435 (pred)        13.92 (actual)
Steering angle: 8.30330387963359 (pred) 13.92 (actual)
Steering angle: 7.009540119220354 (pred)        14.02 (actual)
Steering angle: 8.115174002908406 (pred)        14.02 (actual)
Steering angle: 8.2660844712989 (pred)  14.02 (actual)
Steering angle: 8.322244847975682 (pred)        14.02 (actual)
Steering angle: 10.129834775025694 (pred)       14.12 (actual)
Steering angle: 9.855989439311433 (pred)        14.12 (actual)
Steering angle: 8.677757901822138 (pred)        14.12 (actual)
Steering angle: 8.572305757452666 (pred)        14.12 (actual)
Steering angle: 8.39252151811959 (pred) 14.12 (actual)
Steering angle: 8.078611146507681 (pred)        14.12 (actual)
Steering angle: 8.155735081294527 (pred)        14.12 (actual)
Steering angle: 8.837128413273339 (pred)        14.12 (actual)
Steering angle: 9.324223353932798 (pred)        14.12 (actual)
Steering angle: 8.865580420034673 (pred)        14.12 (actual)
Steering angle: 8.83250437520524 (pred) 14.12 (actual)
Steering angle: 8.999867915532647 (pred)        14.12 (actual)
Steering angle: 10.185896113959512 (pred)       14.12 (actual)
Steering angle: 10.33982552596315 (pred)        14.12 (actual)
Steering angle: 10.331272421575003 (pred)       14.12 (actual)
Steering angle: 10.56182118814055 (pred)        14.12 (actual)
Steering angle: 10.303974716783399 (pred)       14.32 (actual)
Steering angle: 10.283776993634026 (pred)       14.72 (actual)
Steering angle: 10.439363580285038 (pred)       15.83 (actual)
Steering angle: 10.435355113015888 (pred)       16.24 (actual)
Steering angle: 10.022386507871284 (pred)       16.64 (actual)
Steering angle: 10.208621860875438 (pred)       16.64 (actual)
Steering angle: 9.8906406965182 (pred)  16.64 (actual)
Steering angle: 9.934781647803055 (pred)        16.64 (actual)
Steering angle: 9.882312988372663 (pred)        16.64 (actual)
Steering angle: 9.368074875951573 (pred)        16.64 (actual)
Steering angle: 9.214918129097791 (pred)        16.64 (actual)
Steering angle: 8.59141491920307 (pred) 16.64 (actual)
Steering angle: 8.173424417471214 (pred)        16.64 (actual)
Steering angle: 8.252130394824563 (pred)        16.64 (actual)
Steering angle: 7.959485817193489 (pred)        16.64 (actual)
Steering angle: 8.209205217211972 (pred)        16.74 (actual)
Steering angle: 7.968131982909079 (pred)        16.84 (actual)
Steering angle: 8.422680218399782 (pred)        16.939999999999998 (actual)
Steering angle: 8.468842905678958 (pred)        17.239999999999995 (actual)
Steering angle: 9.48242078039405 (pred) 17.45 (actual)
Steering angle: 9.887747257631053 (pred)        17.75 (actual)
Steering angle: 10.373645207638468 (pred)       17.95 (actual)
Steering angle: 9.976656683830756 (pred)        18.149999999999995 (actual)
Steering angle: 10.19255640217392 (pred)        18.45 (actual)
Steering angle: 10.27692460634921 (pred)        18.760000000000005 (actual)
Steering angle: 10.571846198294837 (pred)       19.26 (actual)
Steering angle: 10.573504226715858 (pred)       19.66 (actual)
Steering angle: 10.791593020688012 (pred)       19.87 (actual)
Steering angle: 10.933340790306932 (pred)       20.17 (actual)
Steering angle: 11.854962974452494 (pred)       20.57 (actual)
Steering angle: 12.000482716040555 (pred)       20.869999999999997 (actual)
Steering angle: 12.108277615295341 (pred)       21.079999999999995 (actual)
Steering angle: 11.850967313788036 (pred)       21.38 (actual)
Steering angle: 11.868339046168318 (pred)       21.78 (actual)
Steering angle: 12.118796106617161 (pred)       22.08 (actual)
Steering angle: 12.13590658426169 (pred)        22.69 (actual)
Steering angle: 12.413482057036424 (pred)       23.09 (actual)
Steering angle: 12.466183796672242 (pred)       23.39 (actual)
Steering angle: 12.640356181828505 (pred)       23.5 (actual)
Steering angle: 12.69461691214238 (pred)        23.5 (actual)
Steering angle: 12.632010544436396 (pred)       23.5 (actual)
Steering angle: 12.578120351884996 (pred)       23.5 (actual)
Steering angle: 12.416705906324669 (pred)       23.5 (actual)
Steering angle: 12.341767632072228 (pred)       23.5 (actual)
Steering angle: 12.606297443532236 (pred)       23.5 (actual)
Steering angle: 13.137971321357076 (pred)       23.5 (actual)
Steering angle: 13.243226244014267 (pred)       23.5 (actual)
Steering angle: 12.363262237390257 (pred)       23.5 (actual)
Steering angle: 12.45672227712448 (pred)        23.39 (actual)
Steering angle: 12.435147417083703 (pred)       23.39 (actual)
Steering angle: 12.167258860099341 (pred)       23.39 (actual)
Steering angle: 12.337495348746385 (pred)       23.39 (actual)
Steering angle: 12.530692372062074 (pred)       23.6 (actual)
Steering angle: 12.561657888437972 (pred)       23.799999999999997 (actual)
Steering angle: 12.317891852054801 (pred)       23.799999999999997 (actual)
Steering angle: 12.140922504433417 (pred)       23.6 (actual)
Steering angle: 12.048270134568549 (pred)       23.09 (actual)
Steering angle: 11.944622013913605 (pred)       21.88 (actual)
Steering angle: 11.93538930570304 (pred)        21.28 (actual)
Steering angle: 11.663862819212 (pred)  21.18 (actual)
Steering angle: 11.368306873447208 (pred)       21.079999999999995 (actual)
Steering angle: 11.31176485995055 (pred)        21.079999999999995 (actual)
Steering angle: 11.258589275941063 (pred)       20.869999999999997 (actual)
Steering angle: 11.616007098792306 (pred)       20.469999999999995 (actual)
Steering angle: 11.554703589670503 (pred)       19.87 (actual)
Steering angle: 10.96666613704107 (pred)        19.36 (actual)
Steering angle: 10.904094774054585 (pred)       18.66 (actual)
Steering angle: 10.834859707759103 (pred)       17.850000000000005 (actual)
Steering angle: 10.896661820690317 (pred)       17.55 (actual)
Steering angle: 11.052440506411736 (pred)       17.65 (actual)
Steering angle: 10.540074719596877 (pred)       17.55 (actual)
Steering angle: 10.294079480223344 (pred)       17.75 (actual)
Steering angle: 10.342702743151019 (pred)       17.75 (actual)
Steering angle: 10.17641922648612 (pred)        17.75 (actual)
Steering angle: 9.541010143094418 (pred)        17.75 (actual)
Steering angle: 9.084139643285912 (pred)        17.75 (actual)
Steering angle: 8.307097195943888 (pred)        17.75 (actual)
Steering angle: 8.732186825544325 (pred)        17.75 (actual)
Steering angle: 8.414918562181708 (pred)        17.75 (actual)
Steering angle: 8.474404387210642 (pred)        17.75 (actual)
Steering angle: 8.32324547068909 (pred) 17.75 (actual)
Steering angle: 8.357612421271655 (pred)        17.75 (actual)
Steering angle: 7.2955086138245635 (pred)       17.850000000000005 (actual)
Steering angle: 7.411196650438947 (pred)        17.850000000000005 (actual)
Steering angle: 6.609100642334493 (pred)        17.850000000000005 (actual)
Steering angle: 6.014533528858529 (pred)        17.850000000000005 (actual)
Steering angle: 4.820340693052561 (pred)        18.25 (actual)
Steering angle: 2.9378099304291703 (pred)       18.35 (actual)
Steering angle: 2.560263966980722 (pred)        18.05 (actual)
Steering angle: 1.73672009766537 (pred) 17.95 (actual)
Steering angle: 1.8937365417304428 (pred)       17.95 (actual)
Steering angle: 2.568062975795819 (pred)        17.850000000000005 (actual)
Steering angle: 3.0980845881717505 (pred)       17.95 (actual)
Steering angle: 2.6184913296550807 (pred)       17.95 (actual)
Steering angle: 2.303734868359737 (pred)        17.95 (actual)
Steering angle: 1.4236481317740806 (pred)       17.95 (actual)
Steering angle: 1.1315163519392866 (pred)       17.850000000000005 (actual)
Steering angle: 0.26199365016339204 (pred)      17.65 (actual)
Steering angle: 0.5411646924808372 (pred)       17.239999999999995 (actual)
Steering angle: 0.6669954532909839 (pred)       16.64 (actual)
Steering angle: 1.2667563386613605 (pred)       15.83 (actual)
Steering angle: 1.055410222060479 (pred)        14.72 (actual)
Steering angle: 1.0864874760623313 (pred)       14.02 (actual)
Steering angle: 0.9760539893538033 (pred)       13.21 (actual)
Steering angle: 1.067248540717698 (pred)        11.899999999999999 (actual)
Steering angle: 0.37929609270155795 (pred)      11.089999999999998 (actual)
Steering angle: 0.26962121055815086 (pred)      10.49 (actual)
Steering angle: -0.26026305098244007 (pred)     9.88 (actual)
Steering angle: 1.0025855390196003 (pred)       9.18 (actual)
Steering angle: 2.04630141000396 (pred) 8.27 (actual)
Steering angle: 2.338776727009664 (pred)        7.659999999999998 (actual)
Steering angle: 3.7478912834470157 (pred)       7.26 (actual)
Steering angle: 4.764769420191691 (pred)        6.659999999999999 (actual)
Steering angle: 5.663324347962827 (pred)        6.150000000000001 (actual)
Steering angle: 5.111777607861011 (pred)        5.949999999999999 (actual)
Steering angle: 4.639115710691436 (pred)        5.75 (actual)
Steering angle: 3.7912834752441067 (pred)       5.340000000000001 (actual)
Steering angle: 4.03217656330764 (pred) 5.139999999999999 (actual)
Steering angle: 4.372638441544327 (pred)        4.94 (actual)
Steering angle: 4.682863072325367 (pred)        4.64 (actual)
Steering angle: 4.801258425172015 (pred)        4.24 (actual)
Steering angle: 4.835053347411591 (pred)        4.24 (actual)
Steering angle: 4.73659104788398 (pred) 3.829999999999999 (actual)
Steering angle: 4.77537798463319 (pred) 3.63 (actual)
Steering angle: 4.723193631827 (pred)   3.13 (actual)
Steering angle: 4.599558243226483 (pred)        2.62 (actual)
Steering angle: 4.76109008266317 (pred) 2.22 (actual)
Steering angle: 5.190316245579695 (pred)        1.6100000000000003 (actual)
Steering angle: 5.502600605282318 (pred)        1.6100000000000003 (actual)
Steering angle: 6.051897224939437 (pred)        1.6100000000000003 (actual)
Steering angle: 5.628454097815796 (pred)        1.6100000000000003 (actual)
Steering angle: 5.735353815402489 (pred)        1.6100000000000003 (actual)
Steering angle: 5.918183465331744 (pred)        1.6100000000000003 (actual)
Steering angle: 5.264173215509159 (pred)        1.6100000000000003 (actual)
Steering angle: 5.664213980102221 (pred)        1.51 (actual)
Steering angle: 5.819619139853406 (pred)        1.51 (actual)
Steering angle: 6.0685236129265405 (pred)       1.51 (actual)
Steering angle: 5.890843925631476 (pred)        1.51 (actual)
Steering angle: 5.981018644374923 (pred)        1.51 (actual)
Steering angle: 6.426319657503074 (pred)        1.51 (actual)
Steering angle: 6.214198314431396 (pred)        1.6100000000000003 (actual)
Steering angle: 6.195877185756483 (pred)        1.6100000000000003 (actual)
Steering angle: 6.054281387846595 (pred)        1.6100000000000003 (actual)
Steering angle: 5.873097813507313 (pred)        1.51 (actual)
Steering angle: 6.028010772751434 (pred)        1.51 (actual)
Steering angle: 6.484560680555773 (pred)        1.31 (actual)
Steering angle: 6.53522873136622 (pred) 1.21 (actual)
Steering angle: 6.7284325848710775 (pred)       1.21 (actual)
Steering angle: 6.773969882954376 (pred)        1.21 (actual)
Steering angle: 6.796064691145721 (pred)        1.21 (actual)
Steering angle: 6.963018847009751 (pred)        1.21 (actual)
Steering angle: 7.536055923561365 (pred)        1.21 (actual)
Steering angle: 7.586227078109694 (pred)        1.21 (actual)
Steering angle: 7.868852622002005 (pred)        1.21 (actual)
Steering angle: 7.691483708314175 (pred)        1.21 (actual)
Steering angle: 7.1542556060336455 (pred)       1.21 (actual)
Steering angle: 6.78909533687137 (pred) 1.82 (actual)
Steering angle: 7.1612232527607045 (pred)       2.22 (actual)
Steering angle: 6.672831003045766 (pred)        2.22 (actual)
Steering angle: 7.014268317673295 (pred)        2.22 (actual)
Steering angle: 7.143198810427864 (pred)        2.22 (actual)
Steering angle: 7.036516805120965 (pred)        2.22 (actual)
Steering angle: 7.654795347187451 (pred)        2.22 (actual)
Steering angle: 8.25579137621969 (pred) 2.22 (actual)
Steering angle: 8.08109392027098 (pred) 0.0 (actual)
Traceback (most recent call last):
  File "run_dataset.py", line 44, in <module>
    print("Steering angle: " + str(degrees) + " (pred)\t" + str(ys[i]*180/scipy.pi) + " (actual)")
IndexError: list index out of range

